05-Apr-2014 18:59: Error handling query: IO Error: The Network Adapter could not establish the connection
05-Apr-2014 21:35: Error handling query: IO Error: The Network Adapter could not establish the connection
05-Apr-2014 21:35: Error handling query: IO Error: The Network Adapter could not establish the connection
05-Apr-2014 21:47: There was an error handling the animation...
05-Apr-2014 22:06: There was an error handling the animation...
05-Apr-2014 22:06: There was an error handling the animation...
05-Apr-2014 22:06: There was an error handling the animation...
05-Apr-2014 22:06: There was an error handling the animation...
06-Apr-2014 15:51: Error handling query: IO Error: The Network Adapter could not establish the connection
06-Apr-2014 15:53: Index: 3, Size: 3
06-Apr-2014 15:54: Index: 3, Size: 3
06-Apr-2014 15:56: Index: 3, Size: 3
06-Apr-2014 16:05: Index: 3, Size: 3
06-Apr-2014 16:11: Index: 3, Size: 3
06-Apr-2014 16:20: Index: 3, Size: 3
06-Apr-2014 16:21: Index: 3, Size: 3
06-Apr-2014 16:24: Index: 3, Size: 3
06-Apr-2014 16:25: Index: 3, Size: 3
06-Apr-2014 16:33: Index: 3, Size: 3
06-Apr-2014 16:34: Index: 3, Size: 3
06-Apr-2014 16:51: Index: 3, Size: 3
06-Apr-2014 17:10: Index: 3, Size: 3
06-Apr-2014 17:24: Index: 3, Size: 3
06-Apr-2014 17:24: Index: 3, Size: 3
06-Apr-2014 17:26: Index: 3, Size: 3
06-Apr-2014 17:32: Index: 3, Size: 3
06-Apr-2014 17:39: Index: 1, Size: 1
06-Apr-2014 17:39: Index: 2, Size: 1
06-Apr-2014 17:39: Index: 3, Size: 1
06-Apr-2014 17:39: Index: 3, Size: 3
06-Apr-2014 18:17: Error handling operation: ORA-00933: SQL command not properly ended

06-Apr-2014 18:17: Error handling operation: ORA-00933: SQL command not properly ended

06-Apr-2014 18:17: Error handling operation: ORA-00933: SQL command not properly ended

06-Apr-2014 18:17: Error handling operation: ORA-00933: SQL command not properly ended

06-Apr-2014 18:19: Index: 1, Size: 1
06-Apr-2014 18:19: Index: 2, Size: 1
06-Apr-2014 18:19: Index: 3, Size: 1
06-Apr-2014 18:19: Error handling operation: ORA-00933: SQL command not properly ended

06-Apr-2014 18:19: Index: 0, Size: 0
06-Apr-2014 18:19: Index: 1, Size: 0
06-Apr-2014 18:19: Index: 2, Size: 0
06-Apr-2014 18:19: Index: 3, Size: 0
06-Apr-2014 18:19: Error handling operation: ORA-00933: SQL command not properly ended

06-Apr-2014 18:21: Error handling operation: ORA-00933: SQL command not properly ended

06-Apr-2014 18:24: Error handling operation: ORA-00933: SQL command not properly ended

06-Apr-2014 18:24: Error handling operation: ORA-00933: SQL command not properly ended

06-Apr-2014 18:24: Error handling operation: ORA-00933: SQL command not properly ended

06-Apr-2014 18:24: Error handling operation: ORA-00933: SQL command not properly ended

06-Apr-2014 18:24: Error handling operation: ORA-00933: SQL command not properly ended

06-Apr-2014 18:24: Error handling operation: ORA-00933: SQL command not properly ended

06-Apr-2014 18:24: Error handling operation: ORA-00933: SQL command not properly ended

06-Apr-2014 18:24: Error handling operation: ORA-00933: SQL command not properly ended

06-Apr-2014 18:24: Error handling operation: ORA-00933: SQL command not properly ended

06-Apr-2014 18:24: Error handling operation: ORA-00933: SQL command not properly ended

06-Apr-2014 18:24: Error handling operation: ORA-00933: SQL command not properly ended

06-Apr-2014 18:24: Error handling operation: ORA-00933: SQL command not properly ended

06-Apr-2014 18:24: Error handling operation: ORA-00933: SQL command not properly ended

06-Apr-2014 18:24: Error handling operation: ORA-00933: SQL command not properly ended

06-Apr-2014 18:24: Error handling operation: ORA-00933: SQL command not properly ended

06-Apr-2014 18:24: Error handling operation: ORA-00933: SQL command not properly ended

06-Apr-2014 18:24: Error handling operation: ORA-00933: SQL command not properly ended

06-Apr-2014 18:24: Error handling operation: ORA-00933: SQL command not properly ended

06-Apr-2014 18:24: Error handling operation: ORA-00933: SQL command not properly ended

06-Apr-2014 18:24: Error handling operation: ORA-00933: SQL command not properly ended

06-Apr-2014 18:25: Error handling operation: ORA-00933: SQL command not properly ended

06-Apr-2014 18:25: Error handling operation: ORA-00933: SQL command not properly ended

06-Apr-2014 18:25: Error handling operation: ORA-00933: SQL command not properly ended

06-Apr-2014 18:25: Error handling operation: ORA-00933: SQL command not properly ended

06-Apr-2014 18:25: Error handling operation: ORA-00933: SQL command not properly ended

06-Apr-2014 18:25: Error handling operation: ORA-00933: SQL command not properly ended

06-Apr-2014 18:25: Error handling operation: ORA-00933: SQL command not properly ended

06-Apr-2014 18:25: Error handling operation: ORA-00933: SQL command not properly ended

06-Apr-2014 18:25: Error handling operation: ORA-00933: SQL command not properly ended

06-Apr-2014 18:25: Error handling operation: ORA-00933: SQL command not properly ended

06-Apr-2014 18:25: Error handling operation: ORA-00933: SQL command not properly ended

06-Apr-2014 18:25: Error handling operation: ORA-00933: SQL command not properly ended

06-Apr-2014 18:25: Error handling operation: ORA-00933: SQL command not properly ended

06-Apr-2014 18:25: Error handling operation: ORA-00933: SQL command not properly ended

06-Apr-2014 18:25: Error handling operation: ORA-00933: SQL command not properly ended

06-Apr-2014 18:25: Error handling operation: ORA-00933: SQL command not properly ended

06-Apr-2014 18:25: Error handling operation: ORA-00933: SQL command not properly ended

06-Apr-2014 18:25: Error handling operation: ORA-00933: SQL command not properly ended

06-Apr-2014 18:25: Error handling operation: ORA-00933: SQL command not properly ended

06-Apr-2014 18:25: Error handling operation: ORA-00933: SQL command not properly ended

06-Apr-2014 18:25: Index: 0, Size: 0
06-Apr-2014 18:25: Index: 1, Size: 0
06-Apr-2014 18:25: Index: 2, Size: 0
06-Apr-2014 18:25: Index: 3, Size: 0
06-Apr-2014 18:26: Error handling operation: ORA-00933: SQL command not properly ended

06-Apr-2014 18:26: Error handling operation: ORA-00933: SQL command not properly ended

06-Apr-2014 18:26: Error handling operation: ORA-00933: SQL command not properly ended

06-Apr-2014 18:26: Error handling operation: ORA-00933: SQL command not properly ended

06-Apr-2014 18:26: Error handling operation: ORA-00933: SQL command not properly ended

06-Apr-2014 18:26: Error handling operation: ORA-00933: SQL command not properly ended

06-Apr-2014 18:26: Error handling operation: ORA-00933: SQL command not properly ended

06-Apr-2014 18:26: Error handling operation: ORA-00933: SQL command not properly ended

06-Apr-2014 18:26: Error handling operation: ORA-00933: SQL command not properly ended

06-Apr-2014 18:26: Error handling operation: ORA-00933: SQL command not properly ended

06-Apr-2014 18:26: Error handling operation: ORA-00933: SQL command not properly ended

06-Apr-2014 18:26: Error handling operation: ORA-00933: SQL command not properly ended

06-Apr-2014 18:26: Error handling operation: ORA-00933: SQL command not properly ended

06-Apr-2014 18:26: Error handling operation: ORA-00933: SQL command not properly ended

06-Apr-2014 18:26: Error handling operation: ORA-00933: SQL command not properly ended

06-Apr-2014 18:26: Error handling operation: ORA-00933: SQL command not properly ended

06-Apr-2014 18:26: Error handling operation: ORA-00933: SQL command not properly ended

06-Apr-2014 18:26: Error handling operation: ORA-00933: SQL command not properly ended

06-Apr-2014 18:26: Error handling operation: ORA-00933: SQL command not properly ended

06-Apr-2014 18:26: Error handling operation: ORA-00933: SQL command not properly ended

06-Apr-2014 18:26: Error handling operation: ORA-00933: SQL command not properly ended

06-Apr-2014 18:26: Error handling operation: ORA-00933: SQL command not properly ended

06-Apr-2014 18:26: Error handling operation: ORA-00933: SQL command not properly ended

06-Apr-2014 18:26: Error handling operation: ORA-00933: SQL command not properly ended

06-Apr-2014 18:26: Error handling operation: ORA-00933: SQL command not properly ended

06-Apr-2014 18:26: Error handling operation: ORA-00933: SQL command not properly ended

06-Apr-2014 18:26: Error handling operation: ORA-00933: SQL command not properly ended

06-Apr-2014 18:26: Error handling operation: ORA-00933: SQL command not properly ended

06-Apr-2014 18:26: Error handling operation: ORA-00933: SQL command not properly ended

06-Apr-2014 18:26: Error handling operation: ORA-00933: SQL command not properly ended

06-Apr-2014 18:26: Error handling operation: ORA-00933: SQL command not properly ended

06-Apr-2014 18:26: Error handling operation: ORA-00933: SQL command not properly ended

06-Apr-2014 18:26: Error handling operation: ORA-00933: SQL command not properly ended

06-Apr-2014 18:26: Error handling operation: ORA-00933: SQL command not properly ended

06-Apr-2014 18:26: Error handling operation: ORA-00933: SQL command not properly ended

06-Apr-2014 18:26: Error handling operation: ORA-00933: SQL command not properly ended

06-Apr-2014 18:26: Error handling operation: ORA-00933: SQL command not properly ended

06-Apr-2014 18:26: Error handling operation: ORA-00933: SQL command not properly ended

06-Apr-2014 18:26: Error handling operation: ORA-00933: SQL command not properly ended

06-Apr-2014 18:26: Error handling operation: ORA-00933: SQL command not properly ended

06-Apr-2014 18:26: Error handling operation: ORA-00933: SQL command not properly ended

06-Apr-2014 18:26: Error handling operation: ORA-00933: SQL command not properly ended

06-Apr-2014 18:26: Error handling operation: ORA-00933: SQL command not properly ended

06-Apr-2014 18:26: Error handling operation: ORA-00933: SQL command not properly ended

06-Apr-2014 18:26: Error handling operation: ORA-00933: SQL command not properly ended

06-Apr-2014 18:26: Error handling operation: ORA-00933: SQL command not properly ended

06-Apr-2014 18:26: Error handling operation: ORA-00933: SQL command not properly ended

06-Apr-2014 18:26: Error handling operation: ORA-00933: SQL command not properly ended

06-Apr-2014 18:26: Error handling operation: ORA-00933: SQL command not properly ended

06-Apr-2014 18:26: Error handling operation: ORA-00933: SQL command not properly ended

06-Apr-2014 18:26: Error handling operation: ORA-00933: SQL command not properly ended

06-Apr-2014 18:26: Error handling operation: ORA-00933: SQL command not properly ended

06-Apr-2014 18:26: Error handling operation: ORA-00933: SQL command not properly ended

06-Apr-2014 18:26: Error handling operation: ORA-00933: SQL command not properly ended

06-Apr-2014 18:26: Error handling operation: ORA-00933: SQL command not properly ended

06-Apr-2014 18:27: Error handling operation: ORA-00933: SQL command not properly ended

06-Apr-2014 18:27: Error handling operation: ORA-00933: SQL command not properly ended

06-Apr-2014 18:27: Error handling operation: ORA-00933: SQL command not properly ended

06-Apr-2014 18:27: Error handling operation: ORA-00933: SQL command not properly ended

06-Apr-2014 18:27: Error handling operation: ORA-00933: SQL command not properly ended

06-Apr-2014 18:27: Error handling operation: ORA-00933: SQL command not properly ended

06-Apr-2014 18:27: Error handling operation: ORA-00933: SQL command not properly ended

06-Apr-2014 18:27: Error handling operation: ORA-00933: SQL command not properly ended

06-Apr-2014 18:27: Error handling operation: ORA-00933: SQL command not properly ended

06-Apr-2014 18:27: Error handling operation: ORA-00933: SQL command not properly ended

06-Apr-2014 18:27: Error handling operation: ORA-00933: SQL command not properly ended

06-Apr-2014 18:27: Error handling operation: ORA-00933: SQL command not properly ended

06-Apr-2014 18:27: Error handling operation: ORA-00933: SQL command not properly ended

06-Apr-2014 18:29: Error handling operation: Listener refused the connection with the following error:
ORA-12518, TNS:listener could not hand off client connection
 
06-Apr-2014 18:29: Error handling operation: Listener refused the connection with the following error:
ORA-12518, TNS:listener could not hand off client connection
 
06-Apr-2014 18:29: Error handling operation: Listener refused the connection with the following error:
ORA-12518, TNS:listener could not hand off client connection
 
06-Apr-2014 18:29: Error handling operation: Listener refused the connection with the following error:
ORA-12518, TNS:listener could not hand off client connection
 
06-Apr-2014 18:29: Error handling operation: Listener refused the connection with the following error:
ORA-12518, TNS:listener could not hand off client connection
 
06-Apr-2014 18:29: Error handling operation: Listener refused the connection with the following error:
ORA-12518, TNS:listener could not hand off client connection
 
06-Apr-2014 18:29: Error handling operation: Listener refused the connection with the following error:
ORA-12518, TNS:listener could not hand off client connection
 
06-Apr-2014 18:29: Error handling operation: Listener refused the connection with the following error:
ORA-12518, TNS:listener could not hand off client connection
 
06-Apr-2014 18:29: Error handling operation: Listener refused the connection with the following error:
ORA-12518, TNS:listener could not hand off client connection
 
06-Apr-2014 18:29: Error handling operation: Listener refused the connection with the following error:
ORA-12518, TNS:listener could not hand off client connection
 
06-Apr-2014 18:29: Error handling operation: Listener refused the connection with the following error:
ORA-12518, TNS:listener could not hand off client connection
 
06-Apr-2014 18:29: Error handling operation: Listener refused the connection with the following error:
ORA-12518, TNS:listener could not hand off client connection
 
06-Apr-2014 18:29: Error handling operation: Listener refused the connection with the following error:
ORA-12518, TNS:listener could not hand off client connection
 
06-Apr-2014 18:29: Error handling operation: Listener refused the connection with the following error:
ORA-12518, TNS:listener could not hand off client connection
 
06-Apr-2014 18:29: Error handling operation: Listener refused the connection with the following error:
ORA-12518, TNS:listener could not hand off client connection
 
06-Apr-2014 18:29: Error handling operation: Listener refused the connection with the following error:
ORA-12518, TNS:listener could not hand off client connection
 
06-Apr-2014 18:29: Error handling operation: Listener refused the connection with the following error:
ORA-12518, TNS:listener could not hand off client connection
 
06-Apr-2014 18:29: Error handling operation: Listener refused the connection with the following error:
ORA-12518, TNS:listener could not hand off client connection
 
06-Apr-2014 18:29: Error handling operation: Listener refused the connection with the following error:
ORA-12518, TNS:listener could not hand off client connection
 
06-Apr-2014 18:29: Error handling operation: Listener refused the connection with the following error:
ORA-12518, TNS:listener could not hand off client connection
 
06-Apr-2014 18:29: Error handling operation: Listener refused the connection with the following error:
ORA-12518, TNS:listener could not hand off client connection
 
06-Apr-2014 18:29: Error handling operation: Listener refused the connection with the following error:
ORA-12519, TNS:no appropriate service handler found
 
06-Apr-2014 18:29: Error handling operation: Listener refused the connection with the following error:
ORA-12519, TNS:no appropriate service handler found
 
06-Apr-2014 18:29: Error handling operation: Listener refused the connection with the following error:
ORA-12519, TNS:no appropriate service handler found
 
06-Apr-2014 18:29: Error handling operation: Listener refused the connection with the following error:
ORA-12519, TNS:no appropriate service handler found
 
06-Apr-2014 18:29: Error handling operation: Listener refused the connection with the following error:
ORA-12519, TNS:no appropriate service handler found
 
06-Apr-2014 18:29: Error handling operation: Listener refused the connection with the following error:
ORA-12519, TNS:no appropriate service handler found
 
06-Apr-2014 18:29: Error handling operation: Listener refused the connection with the following error:
ORA-12519, TNS:no appropriate service handler found
 
06-Apr-2014 18:29: Error handling operation: Listener refused the connection with the following error:
ORA-12519, TNS:no appropriate service handler found
 
06-Apr-2014 18:29: Error handling operation: Listener refused the connection with the following error:
ORA-12519, TNS:no appropriate service handler found
 
06-Apr-2014 18:29: Error handling operation: Listener refused the connection with the following error:
ORA-12519, TNS:no appropriate service handler found
 
06-Apr-2014 18:29: Error handling operation: Listener refused the connection with the following error:
ORA-12519, TNS:no appropriate service handler found
 
06-Apr-2014 18:29: Error handling operation: Listener refused the connection with the following error:
ORA-12519, TNS:no appropriate service handler found
 
06-Apr-2014 18:29: Error handling operation: Listener refused the connection with the following error:
ORA-12519, TNS:no appropriate service handler found
 
06-Apr-2014 18:29: Error handling operation: Listener refused the connection with the following error:
ORA-12519, TNS:no appropriate service handler found
 
06-Apr-2014 18:29: Error handling operation: Listener refused the connection with the following error:
ORA-12519, TNS:no appropriate service handler found
 
06-Apr-2014 18:29: Error handling operation: Listener refused the connection with the following error:
ORA-12519, TNS:no appropriate service handler found
 
06-Apr-2014 18:29: Error handling operation: Listener refused the connection with the following error:
ORA-12519, TNS:no appropriate service handler found
 
06-Apr-2014 18:29: Error handling operation: Listener refused the connection with the following error:
ORA-12519, TNS:no appropriate service handler found
 
06-Apr-2014 18:29: Error handling operation: Listener refused the connection with the following error:
ORA-12519, TNS:no appropriate service handler found
 
06-Apr-2014 18:29: Error handling operation: Listener refused the connection with the following error:
ORA-12519, TNS:no appropriate service handler found
 
06-Apr-2014 18:29: Error handling operation: Listener refused the connection with the following error:
ORA-12519, TNS:no appropriate service handler found
 
06-Apr-2014 18:29: Error handling operation: Listener refused the connection with the following error:
ORA-12519, TNS:no appropriate service handler found
 
06-Apr-2014 18:29: Error handling operation: Listener refused the connection with the following error:
ORA-12519, TNS:no appropriate service handler found
 
06-Apr-2014 18:29: Error handling operation: Listener refused the connection with the following error:
ORA-12519, TNS:no appropriate service handler found
 
06-Apr-2014 18:29: Error handling operation: Listener refused the connection with the following error:
ORA-12519, TNS:no appropriate service handler found
 
06-Apr-2014 18:29: Error handling operation: Listener refused the connection with the following error:
ORA-12519, TNS:no appropriate service handler found
 
06-Apr-2014 18:29: Error handling operation: Listener refused the connection with the following error:
ORA-12519, TNS:no appropriate service handler found
 
06-Apr-2014 18:29: Error handling operation: Listener refused the connection with the following error:
ORA-12519, TNS:no appropriate service handler found
 
06-Apr-2014 18:29: Error handling operation: Listener refused the connection with the following error:
ORA-12519, TNS:no appropriate service handler found
 
06-Apr-2014 18:29: Error handling operation: Listener refused the connection with the following error:
ORA-12519, TNS:no appropriate service handler found
 
06-Apr-2014 18:29: Error handling operation: Listener refused the connection with the following error:
ORA-12519, TNS:no appropriate service handler found
 
06-Apr-2014 18:29: Error handling operation: Listener refused the connection with the following error:
ORA-12519, TNS:no appropriate service handler found
 
06-Apr-2014 18:29: Error handling operation: Listener refused the connection with the following error:
ORA-12519, TNS:no appropriate service handler found
 
06-Apr-2014 18:29: Error handling operation: Listener refused the connection with the following error:
ORA-12519, TNS:no appropriate service handler found
 
06-Apr-2014 18:29: Error handling operation: Listener refused the connection with the following error:
ORA-12519, TNS:no appropriate service handler found
 
06-Apr-2014 18:29: Error handling operation: Listener refused the connection with the following error:
ORA-12519, TNS:no appropriate service handler found
 
06-Apr-2014 18:29: Error handling operation: Listener refused the connection with the following error:
ORA-12519, TNS:no appropriate service handler found
 
06-Apr-2014 18:29: Error handling operation: Listener refused the connection with the following error:
ORA-12519, TNS:no appropriate service handler found
 
06-Apr-2014 18:29: Error handling operation: Listener refused the connection with the following error:
ORA-12519, TNS:no appropriate service handler found
 
06-Apr-2014 18:29: Error handling operation: Listener refused the connection with the following error:
ORA-12519, TNS:no appropriate service handler found
 
06-Apr-2014 18:29: Error handling operation: Listener refused the connection with the following error:
ORA-12519, TNS:no appropriate service handler found
 
06-Apr-2014 18:29: Error handling operation: Listener refused the connection with the following error:
ORA-12519, TNS:no appropriate service handler found
 
06-Apr-2014 18:29: Error handling operation: Listener refused the connection with the following error:
ORA-12519, TNS:no appropriate service handler found
 
06-Apr-2014 18:29: Error handling operation: Listener refused the connection with the following error:
ORA-12519, TNS:no appropriate service handler found
 
06-Apr-2014 18:29: Error handling operation: Listener refused the connection with the following error:
ORA-12519, TNS:no appropriate service handler found
 
06-Apr-2014 18:29: Error handling operation: Listener refused the connection with the following error:
ORA-12519, TNS:no appropriate service handler found
 
06-Apr-2014 18:29: Error handling operation: Listener refused the connection with the following error:
ORA-12519, TNS:no appropriate service handler found
 
06-Apr-2014 18:29: Error handling operation: Listener refused the connection with the following error:
ORA-12519, TNS:no appropriate service handler found
 
06-Apr-2014 18:29: Error handling operation: Listener refused the connection with the following error:
ORA-12519, TNS:no appropriate service handler found
 
06-Apr-2014 18:29: Error handling operation: Listener refused the connection with the following error:
ORA-12519, TNS:no appropriate service handler found
 
06-Apr-2014 18:29: Error handling operation: Listener refused the connection with the following error:
ORA-12519, TNS:no appropriate service handler found
 
06-Apr-2014 18:29: Error handling operation: Listener refused the connection with the following error:
ORA-12519, TNS:no appropriate service handler found
 
06-Apr-2014 18:29: Error handling operation: Listener refused the connection with the following error:
ORA-12519, TNS:no appropriate service handler found
 
06-Apr-2014 18:29: Error handling operation: Listener refused the connection with the following error:
ORA-12519, TNS:no appropriate service handler found
 
06-Apr-2014 18:29: Error handling operation: Listener refused the connection with the following error:
ORA-12519, TNS:no appropriate service handler found
 
06-Apr-2014 18:29: Error handling operation: Listener refused the connection with the following error:
ORA-12519, TNS:no appropriate service handler found
 
06-Apr-2014 18:29: Error handling operation: Listener refused the connection with the following error:
ORA-12519, TNS:no appropriate service handler found
 
06-Apr-2014 18:29: Error handling operation: Listener refused the connection with the following error:
ORA-12519, TNS:no appropriate service handler found
 
06-Apr-2014 18:29: Error handling operation: Listener refused the connection with the following error:
ORA-12519, TNS:no appropriate service handler found
 
06-Apr-2014 18:29: Error handling operation: Listener refused the connection with the following error:
ORA-12519, TNS:no appropriate service handler found
 
06-Apr-2014 18:29: Error handling operation: Listener refused the connection with the following error:
ORA-12519, TNS:no appropriate service handler found
 
06-Apr-2014 18:29: Error handling operation: Listener refused the connection with the following error:
ORA-12519, TNS:no appropriate service handler found
 
06-Apr-2014 18:29: Error handling operation: Listener refused the connection with the following error:
ORA-12519, TNS:no appropriate service handler found
 
06-Apr-2014 18:29: Error handling operation: Listener refused the connection with the following error:
ORA-12519, TNS:no appropriate service handler found
 
06-Apr-2014 18:29: Error handling operation: Listener refused the connection with the following error:
ORA-12519, TNS:no appropriate service handler found
 
06-Apr-2014 18:29: Error handling operation: Listener refused the connection with the following error:
ORA-12519, TNS:no appropriate service handler found
 
06-Apr-2014 18:29: Error handling operation: Listener refused the connection with the following error:
ORA-12519, TNS:no appropriate service handler found
 
06-Apr-2014 18:29: Error handling operation: Listener refused the connection with the following error:
ORA-12519, TNS:no appropriate service handler found
 
06-Apr-2014 18:29: Error handling operation: Listener refused the connection with the following error:
ORA-12519, TNS:no appropriate service handler found
 
06-Apr-2014 18:29: Error handling operation: Listener refused the connection with the following error:
ORA-12519, TNS:no appropriate service handler found
 
06-Apr-2014 18:29: Error handling operation: Listener refused the connection with the following error:
ORA-12519, TNS:no appropriate service handler found
 
06-Apr-2014 18:29: Error handling operation: Listener refused the connection with the following error:
ORA-12519, TNS:no appropriate service handler found
 
06-Apr-2014 18:29: Error handling operation: Listener refused the connection with the following error:
ORA-12519, TNS:no appropriate service handler found
 
06-Apr-2014 18:29: Error handling operation: Listener refused the connection with the following error:
ORA-12519, TNS:no appropriate service handler found
 
06-Apr-2014 18:29: Error handling operation: Listener refused the connection with the following error:
ORA-12519, TNS:no appropriate service handler found
 
06-Apr-2014 18:29: Error handling operation: Listener refused the connection with the following error:
ORA-12519, TNS:no appropriate service handler found
 
06-Apr-2014 18:29: Error handling operation: Listener refused the connection with the following error:
ORA-12519, TNS:no appropriate service handler found
 
06-Apr-2014 18:29: Error handling operation: Listener refused the connection with the following error:
ORA-12519, TNS:no appropriate service handler found
 
06-Apr-2014 18:29: Error handling query: Listener refused the connection with the following error:
ORA-12519, TNS:no appropriate service handler found
 
06-Apr-2014 18:29: Error handling operation: Listener refused the connection with the following error:
ORA-12519, TNS:no appropriate service handler found
 
06-Apr-2014 18:29: Error handling operation: Listener refused the connection with the following error:
ORA-12519, TNS:no appropriate service handler found
 
06-Apr-2014 18:29: Error handling operation: Listener refused the connection with the following error:
ORA-12519, TNS:no appropriate service handler found
 
06-Apr-2014 18:29: Error handling operation: Listener refused the connection with the following error:
ORA-12519, TNS:no appropriate service handler found
 
06-Apr-2014 18:29: Error handling operation: Listener refused the connection with the following error:
ORA-12519, TNS:no appropriate service handler found
 
06-Apr-2014 18:29: Error handling operation: Listener refused the connection with the following error:
ORA-12519, TNS:no appropriate service handler found
 
06-Apr-2014 18:29: Error handling operation: Listener refused the connection with the following error:
ORA-12519, TNS:no appropriate service handler found
 
06-Apr-2014 18:29: Error handling operation: Listener refused the connection with the following error:
ORA-12519, TNS:no appropriate service handler found
 
06-Apr-2014 18:29: Error handling query: Listener refused the connection with the following error:
ORA-12519, TNS:no appropriate service handler found
 
06-Apr-2014 18:29: Error handling operation: Listener refused the connection with the following error:
ORA-12518, TNS:listener could not hand off client connection
 
06-Apr-2014 18:29: Error handling operation: Listener refused the connection with the following error:
ORA-12518, TNS:listener could not hand off client connection
 
06-Apr-2014 18:29: Error handling operation: Listener refused the connection with the following error:
ORA-12518, TNS:listener could not hand off client connection
 
06-Apr-2014 18:29: Error handling operation: Listener refused the connection with the following error:
ORA-12518, TNS:listener could not hand off client connection
 
06-Apr-2014 18:29: Error handling operation: Listener refused the connection with the following error:
ORA-12518, TNS:listener could not hand off client connection
 
06-Apr-2014 18:29: Error handling operation: Listener refused the connection with the following error:
ORA-12518, TNS:listener could not hand off client connection
 
06-Apr-2014 18:29: Error handling operation: Listener refused the connection with the following error:
ORA-12518, TNS:listener could not hand off client connection
 
06-Apr-2014 18:29: Error handling operation: Listener refused the connection with the following error:
ORA-12518, TNS:listener could not hand off client connection
 
06-Apr-2014 18:29: Error handling operation: Listener refused the connection with the following error:
ORA-12518, TNS:listener could not hand off client connection
 
06-Apr-2014 18:30: Error handling operation: Listener refused the connection with the following error:
ORA-12518, TNS:listener could not hand off client connection
 
06-Apr-2014 18:30: Error handling operation: Listener refused the connection with the following error:
ORA-12518, TNS:listener could not hand off client connection
 
06-Apr-2014 18:30: Error handling operation: Listener refused the connection with the following error:
ORA-12518, TNS:listener could not hand off client connection
 
06-Apr-2014 18:30: Error handling operation: Listener refused the connection with the following error:
ORA-12518, TNS:listener could not hand off client connection
 
06-Apr-2014 18:30: Error handling operation: Listener refused the connection with the following error:
ORA-12518, TNS:listener could not hand off client connection
 
06-Apr-2014 18:30: Error handling operation: Listener refused the connection with the following error:
ORA-12518, TNS:listener could not hand off client connection
 
06-Apr-2014 18:30: Error handling operation: Listener refused the connection with the following error:
ORA-12518, TNS:listener could not hand off client connection
 
06-Apr-2014 18:30: Error handling operation: Listener refused the connection with the following error:
ORA-12518, TNS:listener could not hand off client connection
 
06-Apr-2014 18:30: Error handling operation: Listener refused the connection with the following error:
ORA-12518, TNS:listener could not hand off client connection
 
06-Apr-2014 18:30: Error handling operation: Listener refused the connection with the following error:
ORA-12518, TNS:listener could not hand off client connection
 
06-Apr-2014 18:30: Error handling operation: Listener refused the connection with the following error:
ORA-12518, TNS:listener could not hand off client connection
 
06-Apr-2014 18:30: Error handling operation: Listener refused the connection with the following error:
ORA-12518, TNS:listener could not hand off client connection
 
06-Apr-2014 18:30: Error handling operation: Listener refused the connection with the following error:
ORA-12519, TNS:no appropriate service handler found
 
06-Apr-2014 18:30: Error handling operation: Listener refused the connection with the following error:
ORA-12519, TNS:no appropriate service handler found
 
06-Apr-2014 18:30: Error handling operation: Listener refused the connection with the following error:
ORA-12519, TNS:no appropriate service handler found
 
06-Apr-2014 18:30: Error handling operation: Listener refused the connection with the following error:
ORA-12519, TNS:no appropriate service handler found
 
06-Apr-2014 18:30: Error handling operation: Listener refused the connection with the following error:
ORA-12519, TNS:no appropriate service handler found
 
06-Apr-2014 18:30: Error handling operation: Listener refused the connection with the following error:
ORA-12519, TNS:no appropriate service handler found
 
06-Apr-2014 18:30: Error handling operation: Listener refused the connection with the following error:
ORA-12519, TNS:no appropriate service handler found
 
06-Apr-2014 18:30: Error handling operation: Listener refused the connection with the following error:
ORA-12519, TNS:no appropriate service handler found
 
06-Apr-2014 18:30: Error handling operation: Listener refused the connection with the following error:
ORA-12519, TNS:no appropriate service handler found
 
06-Apr-2014 18:30: Error handling operation: Listener refused the connection with the following error:
ORA-12519, TNS:no appropriate service handler found
 
06-Apr-2014 18:30: Error handling operation: Listener refused the connection with the following error:
ORA-12519, TNS:no appropriate service handler found
 
06-Apr-2014 18:30: Error handling operation: Listener refused the connection with the following error:
ORA-12519, TNS:no appropriate service handler found
 
06-Apr-2014 18:30: Error handling operation: Listener refused the connection with the following error:
ORA-12519, TNS:no appropriate service handler found
 
06-Apr-2014 18:30: Error handling operation: Listener refused the connection with the following error:
ORA-12519, TNS:no appropriate service handler found
 
06-Apr-2014 18:30: Error handling operation: Listener refused the connection with the following error:
ORA-12519, TNS:no appropriate service handler found
 
06-Apr-2014 18:30: Error handling operation: Listener refused the connection with the following error:
ORA-12519, TNS:no appropriate service handler found
 
06-Apr-2014 18:30: Error handling operation: Listener refused the connection with the following error:
ORA-12519, TNS:no appropriate service handler found
 
06-Apr-2014 18:30: Error handling operation: Listener refused the connection with the following error:
ORA-12519, TNS:no appropriate service handler found
 
06-Apr-2014 18:30: Error handling operation: Listener refused the connection with the following error:
ORA-12519, TNS:no appropriate service handler found
 
06-Apr-2014 18:30: Error handling operation: Listener refused the connection with the following error:
ORA-12519, TNS:no appropriate service handler found
 
06-Apr-2014 18:30: Error handling operation: Listener refused the connection with the following error:
ORA-12519, TNS:no appropriate service handler found
 
06-Apr-2014 18:30: Error handling operation: Listener refused the connection with the following error:
ORA-12519, TNS:no appropriate service handler found
 
06-Apr-2014 18:30: Error handling operation: Listener refused the connection with the following error:
ORA-12519, TNS:no appropriate service handler found
 
06-Apr-2014 18:30: Error handling operation: Listener refused the connection with the following error:
ORA-12519, TNS:no appropriate service handler found
 
06-Apr-2014 18:30: Error handling operation: Listener refused the connection with the following error:
ORA-12519, TNS:no appropriate service handler found
 
06-Apr-2014 18:30: Error handling operation: Listener refused the connection with the following error:
ORA-12519, TNS:no appropriate service handler found
 
06-Apr-2014 18:30: Error handling operation: Listener refused the connection with the following error:
ORA-12519, TNS:no appropriate service handler found
 
06-Apr-2014 18:30: Error handling operation: Listener refused the connection with the following error:
ORA-12519, TNS:no appropriate service handler found
 
06-Apr-2014 18:30: Error handling operation: Listener refused the connection with the following error:
ORA-12519, TNS:no appropriate service handler found
 
06-Apr-2014 18:30: Error handling operation: Listener refused the connection with the following error:
ORA-12519, TNS:no appropriate service handler found
 
06-Apr-2014 18:30: Error handling operation: Listener refused the connection with the following error:
ORA-12519, TNS:no appropriate service handler found
 
06-Apr-2014 18:30: Error handling operation: Listener refused the connection with the following error:
ORA-12519, TNS:no appropriate service handler found
 
06-Apr-2014 18:30: Error handling operation: Listener refused the connection with the following error:
ORA-12519, TNS:no appropriate service handler found
 
06-Apr-2014 18:30: Error handling operation: Listener refused the connection with the following error:
ORA-12519, TNS:no appropriate service handler found
 
06-Apr-2014 18:30: Error handling operation: Listener refused the connection with the following error:
ORA-12519, TNS:no appropriate service handler found
 
06-Apr-2014 18:30: Error handling operation: Listener refused the connection with the following error:
ORA-12519, TNS:no appropriate service handler found
 
06-Apr-2014 18:30: Error handling operation: Listener refused the connection with the following error:
ORA-12519, TNS:no appropriate service handler found
 
06-Apr-2014 18:30: Error handling operation: Listener refused the connection with the following error:
ORA-12519, TNS:no appropriate service handler found
 
06-Apr-2014 18:30: Error handling operation: Listener refused the connection with the following error:
ORA-12519, TNS:no appropriate service handler found
 
06-Apr-2014 18:30: Error handling operation: Listener refused the connection with the following error:
ORA-12519, TNS:no appropriate service handler found
 
06-Apr-2014 18:30: Error handling operation: Listener refused the connection with the following error:
ORA-12519, TNS:no appropriate service handler found
 
06-Apr-2014 18:30: Error handling operation: Listener refused the connection with the following error:
ORA-12519, TNS:no appropriate service handler found
 
06-Apr-2014 18:30: Error handling operation: Listener refused the connection with the following error:
ORA-12519, TNS:no appropriate service handler found
 
06-Apr-2014 18:30: Error handling operation: Listener refused the connection with the following error:
ORA-12519, TNS:no appropriate service handler found
 
06-Apr-2014 18:30: Error handling operation: Listener refused the connection with the following error:
ORA-12519, TNS:no appropriate service handler found
 
06-Apr-2014 18:30: Error handling operation: Listener refused the connection with the following error:
ORA-12519, TNS:no appropriate service handler found
 
06-Apr-2014 18:30: Error handling operation: Listener refused the connection with the following error:
ORA-12519, TNS:no appropriate service handler found
 
06-Apr-2014 18:30: Error handling operation: Listener refused the connection with the following error:
ORA-12519, TNS:no appropriate service handler found
 
06-Apr-2014 18:30: Error handling operation: Listener refused the connection with the following error:
ORA-12519, TNS:no appropriate service handler found
 
06-Apr-2014 18:30: Error handling operation: Listener refused the connection with the following error:
ORA-12519, TNS:no appropriate service handler found
 
06-Apr-2014 18:30: Error handling operation: Listener refused the connection with the following error:
ORA-12519, TNS:no appropriate service handler found
 
06-Apr-2014 18:30: Error handling operation: Listener refused the connection with the following error:
ORA-12519, TNS:no appropriate service handler found
 
06-Apr-2014 18:30: Error handling operation: Listener refused the connection with the following error:
ORA-12519, TNS:no appropriate service handler found
 
06-Apr-2014 18:30: Error handling operation: Listener refused the connection with the following error:
ORA-12519, TNS:no appropriate service handler found
 
06-Apr-2014 18:30: Error handling operation: Listener refused the connection with the following error:
ORA-12519, TNS:no appropriate service handler found
 
06-Apr-2014 18:30: Error handling operation: Listener refused the connection with the following error:
ORA-12519, TNS:no appropriate service handler found
 
06-Apr-2014 18:30: Error handling operation: Listener refused the connection with the following error:
ORA-12519, TNS:no appropriate service handler found
 
06-Apr-2014 18:30: Error handling operation: Listener refused the connection with the following error:
ORA-12519, TNS:no appropriate service handler found
 
06-Apr-2014 18:30: Error handling operation: Listener refused the connection with the following error:
ORA-12519, TNS:no appropriate service handler found
 
06-Apr-2014 18:30: Error handling operation: Listener refused the connection with the following error:
ORA-12519, TNS:no appropriate service handler found
 
06-Apr-2014 18:30: Error handling operation: Listener refused the connection with the following error:
ORA-12519, TNS:no appropriate service handler found
 
06-Apr-2014 18:30: Error handling operation: Listener refused the connection with the following error:
ORA-12519, TNS:no appropriate service handler found
 
06-Apr-2014 18:30: Error handling operation: Listener refused the connection with the following error:
ORA-12519, TNS:no appropriate service handler found
 
06-Apr-2014 18:30: Error handling operation: Listener refused the connection with the following error:
ORA-12519, TNS:no appropriate service handler found
 
06-Apr-2014 18:30: Error handling operation: Listener refused the connection with the following error:
ORA-12519, TNS:no appropriate service handler found
 
06-Apr-2014 18:30: Error handling operation: Listener refused the connection with the following error:
ORA-12519, TNS:no appropriate service handler found
 
06-Apr-2014 18:30: Error handling operation: Listener refused the connection with the following error:
ORA-12519, TNS:no appropriate service handler found
 
06-Apr-2014 18:30: Error handling operation: Listener refused the connection with the following error:
ORA-12519, TNS:no appropriate service handler found
 
06-Apr-2014 18:30: Error handling operation: Listener refused the connection with the following error:
ORA-12519, TNS:no appropriate service handler found
 
06-Apr-2014 18:30: Error handling operation: Listener refused the connection with the following error:
ORA-12519, TNS:no appropriate service handler found
 
06-Apr-2014 18:30: Error handling operation: Listener refused the connection with the following error:
ORA-12519, TNS:no appropriate service handler found
 
06-Apr-2014 18:30: Error handling operation: Listener refused the connection with the following error:
ORA-12519, TNS:no appropriate service handler found
 
06-Apr-2014 18:30: Error handling operation: Listener refused the connection with the following error:
ORA-12519, TNS:no appropriate service handler found
 
06-Apr-2014 18:30: Error handling operation: Listener refused the connection with the following error:
ORA-12519, TNS:no appropriate service handler found
 
06-Apr-2014 18:30: Error handling operation: Listener refused the connection with the following error:
ORA-12519, TNS:no appropriate service handler found
 
06-Apr-2014 18:30: Error handling operation: Listener refused the connection with the following error:
ORA-12519, TNS:no appropriate service handler found
 
06-Apr-2014 18:30: Error handling operation: Listener refused the connection with the following error:
ORA-12519, TNS:no appropriate service handler found
 
06-Apr-2014 18:30: Error handling operation: Listener refused the connection with the following error:
ORA-12519, TNS:no appropriate service handler found
 
06-Apr-2014 18:30: Error handling operation: Listener refused the connection with the following error:
ORA-12519, TNS:no appropriate service handler found
 
06-Apr-2014 18:30: Error handling operation: Listener refused the connection with the following error:
ORA-12519, TNS:no appropriate service handler found
 
06-Apr-2014 18:30: Error handling operation: Listener refused the connection with the following error:
ORA-12519, TNS:no appropriate service handler found
 
06-Apr-2014 18:30: Error handling operation: Listener refused the connection with the following error:
ORA-12519, TNS:no appropriate service handler found
 
06-Apr-2014 18:30: Error handling operation: Listener refused the connection with the following error:
ORA-12519, TNS:no appropriate service handler found
 
06-Apr-2014 18:30: Error handling operation: Listener refused the connection with the following error:
ORA-12519, TNS:no appropriate service handler found
 
06-Apr-2014 18:30: Error handling operation: Listener refused the connection with the following error:
ORA-12519, TNS:no appropriate service handler found
 
06-Apr-2014 18:30: Error handling operation: Listener refused the connection with the following error:
ORA-12519, TNS:no appropriate service handler found
 
06-Apr-2014 18:30: Error handling operation: Listener refused the connection with the following error:
ORA-12519, TNS:no appropriate service handler found
 
06-Apr-2014 18:30: Error handling operation: Listener refused the connection with the following error:
ORA-12519, TNS:no appropriate service handler found
 
06-Apr-2014 18:30: Error handling operation: Listener refused the connection with the following error:
ORA-12519, TNS:no appropriate service handler found
 
06-Apr-2014 18:30: Error handling operation: Listener refused the connection with the following error:
ORA-12519, TNS:no appropriate service handler found
 
06-Apr-2014 18:30: Error handling operation: Listener refused the connection with the following error:
ORA-12519, TNS:no appropriate service handler found
 
06-Apr-2014 18:30: Error handling operation: Listener refused the connection with the following error:
ORA-12519, TNS:no appropriate service handler found
 
06-Apr-2014 18:30: Error handling operation: Listener refused the connection with the following error:
ORA-12519, TNS:no appropriate service handler found
 
06-Apr-2014 18:30: Error handling operation: Listener refused the connection with the following error:
ORA-12519, TNS:no appropriate service handler found
 
06-Apr-2014 18:30: Error handling operation: Listener refused the connection with the following error:
ORA-12519, TNS:no appropriate service handler found
 
06-Apr-2014 18:30: Error handling operation: Listener refused the connection with the following error:
ORA-12519, TNS:no appropriate service handler found
 
06-Apr-2014 18:30: Error handling query: Listener refused the connection with the following error:
ORA-12519, TNS:no appropriate service handler found
 
06-Apr-2014 18:30: Error handling operation: Listener refused the connection with the following error:
ORA-12519, TNS:no appropriate service handler found
 
06-Apr-2014 18:30: Error handling operation: Listener refused the connection with the following error:
ORA-12519, TNS:no appropriate service handler found
 
06-Apr-2014 18:30: Error handling operation: Listener refused the connection with the following error:
ORA-12519, TNS:no appropriate service handler found
 
06-Apr-2014 18:30: Error handling operation: Listener refused the connection with the following error:
ORA-12519, TNS:no appropriate service handler found
 
06-Apr-2014 18:30: Error handling operation: Listener refused the connection with the following error:
ORA-12519, TNS:no appropriate service handler found
 
06-Apr-2014 18:30: Error handling operation: Listener refused the connection with the following error:
ORA-12519, TNS:no appropriate service handler found
 
06-Apr-2014 18:30: Error handling operation: Listener refused the connection with the following error:
ORA-12519, TNS:no appropriate service handler found
 
06-Apr-2014 18:30: Error handling operation: Listener refused the connection with the following error:
ORA-12519, TNS:no appropriate service handler found
 
06-Apr-2014 18:30: Error handling operation: Listener refused the connection with the following error:
ORA-12519, TNS:no appropriate service handler found
 
06-Apr-2014 18:30: Error handling operation: Listener refused the connection with the following error:
ORA-12519, TNS:no appropriate service handler found
 
06-Apr-2014 18:30: Error handling operation: Listener refused the connection with the following error:
ORA-12519, TNS:no appropriate service handler found
 
06-Apr-2014 18:30: Error handling operation: Listener refused the connection with the following error:
ORA-12519, TNS:no appropriate service handler found
 
06-Apr-2014 18:30: Error handling operation: Listener refused the connection with the following error:
ORA-12519, TNS:no appropriate service handler found
 
06-Apr-2014 18:30: Error handling operation: Listener refused the connection with the following error:
ORA-12519, TNS:no appropriate service handler found
 
06-Apr-2014 18:30: Error handling operation: Listener refused the connection with the following error:
ORA-12519, TNS:no appropriate service handler found
 
06-Apr-2014 18:30: Error handling operation: Listener refused the connection with the following error:
ORA-12519, TNS:no appropriate service handler found
 
06-Apr-2014 18:30: Error handling operation: Listener refused the connection with the following error:
ORA-12519, TNS:no appropriate service handler found
 
06-Apr-2014 18:30: Error handling operation: Listener refused the connection with the following error:
ORA-12519, TNS:no appropriate service handler found
 
06-Apr-2014 18:30: Error handling operation: Listener refused the connection with the following error:
ORA-12519, TNS:no appropriate service handler found
 
06-Apr-2014 18:30: Error handling operation: Listener refused the connection with the following error:
ORA-12519, TNS:no appropriate service handler found
 
06-Apr-2014 18:30: Error handling operation: Listener refused the connection with the following error:
ORA-12519, TNS:no appropriate service handler found
 
06-Apr-2014 18:30: Error handling operation: Listener refused the connection with the following error:
ORA-12519, TNS:no appropriate service handler found
 
06-Apr-2014 18:30: Error handling operation: Listener refused the connection with the following error:
ORA-12519, TNS:no appropriate service handler found
 
06-Apr-2014 18:30: Error handling operation: Listener refused the connection with the following error:
ORA-12519, TNS:no appropriate service handler found
 
06-Apr-2014 18:30: Error handling operation: Listener refused the connection with the following error:
ORA-12519, TNS:no appropriate service handler found
 
06-Apr-2014 18:30: Error handling operation: Listener refused the connection with the following error:
ORA-12519, TNS:no appropriate service handler found
 
06-Apr-2014 18:30: Error handling operation: Listener refused the connection with the following error:
ORA-12519, TNS:no appropriate service handler found
 
06-Apr-2014 18:30: Error handling operation: Listener refused the connection with the following error:
ORA-12519, TNS:no appropriate service handler found
 
06-Apr-2014 18:30: Error handling operation: Listener refused the connection with the following error:
ORA-12519, TNS:no appropriate service handler found
 
06-Apr-2014 18:30: Error handling operation: Listener refused the connection with the following error:
ORA-12519, TNS:no appropriate service handler found
 
06-Apr-2014 18:30: Error handling operation: Listener refused the connection with the following error:
ORA-12519, TNS:no appropriate service handler found
 
06-Apr-2014 18:30: Error handling operation: Listener refused the connection with the following error:
ORA-12519, TNS:no appropriate service handler found
 
06-Apr-2014 18:30: Error handling operation: Listener refused the connection with the following error:
ORA-12519, TNS:no appropriate service handler found
 
06-Apr-2014 18:30: Error handling operation: Listener refused the connection with the following error:
ORA-12519, TNS:no appropriate service handler found
 
06-Apr-2014 18:30: Error handling operation: Listener refused the connection with the following error:
ORA-12519, TNS:no appropriate service handler found
 
06-Apr-2014 18:30: Error handling operation: Listener refused the connection with the following error:
ORA-12519, TNS:no appropriate service handler found
 
06-Apr-2014 18:30: Error handling operation: Listener refused the connection with the following error:
ORA-12519, TNS:no appropriate service handler found
 
06-Apr-2014 18:30: Error handling operation: Listener refused the connection with the following error:
ORA-12519, TNS:no appropriate service handler found
 
06-Apr-2014 18:30: Error handling operation: Listener refused the connection with the following error:
ORA-12519, TNS:no appropriate service handler found
 
06-Apr-2014 18:30: Error handling operation: Listener refused the connection with the following error:
ORA-12519, TNS:no appropriate service handler found
 
06-Apr-2014 18:30: Error handling operation: Listener refused the connection with the following error:
ORA-12519, TNS:no appropriate service handler found
 
06-Apr-2014 18:30: Error handling operation: Listener refused the connection with the following error:
ORA-12519, TNS:no appropriate service handler found
 
06-Apr-2014 18:30: Error handling operation: Listener refused the connection with the following error:
ORA-12519, TNS:no appropriate service handler found
 
06-Apr-2014 18:30: Error handling operation: Listener refused the connection with the following error:
ORA-12519, TNS:no appropriate service handler found
 
06-Apr-2014 18:30: Error handling operation: Listener refused the connection with the following error:
ORA-12519, TNS:no appropriate service handler found
 
06-Apr-2014 18:30: Error handling operation: Listener refused the connection with the following error:
ORA-12519, TNS:no appropriate service handler found
 
06-Apr-2014 18:30: Error handling operation: Listener refused the connection with the following error:
ORA-12519, TNS:no appropriate service handler found
 
06-Apr-2014 18:30: Error handling operation: Listener refused the connection with the following error:
ORA-12519, TNS:no appropriate service handler found
 
06-Apr-2014 18:30: Error handling operation: Listener refused the connection with the following error:
ORA-12519, TNS:no appropriate service handler found
 
06-Apr-2014 18:30: Error handling operation: Listener refused the connection with the following error:
ORA-12519, TNS:no appropriate service handler found
 
06-Apr-2014 18:30: Error handling operation: Listener refused the connection with the following error:
ORA-12519, TNS:no appropriate service handler found
 
06-Apr-2014 18:30: Error handling operation: Listener refused the connection with the following error:
ORA-12519, TNS:no appropriate service handler found
 
06-Apr-2014 18:30: Error handling operation: Listener refused the connection with the following error:
ORA-12519, TNS:no appropriate service handler found
 
06-Apr-2014 18:30: Error handling operation: Listener refused the connection with the following error:
ORA-12519, TNS:no appropriate service handler found
 
06-Apr-2014 18:30: Error handling operation: Listener refused the connection with the following error:
ORA-12519, TNS:no appropriate service handler found
 
06-Apr-2014 18:30: Error handling operation: Listener refused the connection with the following error:
ORA-12519, TNS:no appropriate service handler found
 
06-Apr-2014 18:30: Error handling operation: Listener refused the connection with the following error:
ORA-12519, TNS:no appropriate service handler found
 
06-Apr-2014 18:30: Error handling operation: Listener refused the connection with the following error:
ORA-12519, TNS:no appropriate service handler found
 
06-Apr-2014 18:30: Error handling operation: Listener refused the connection with the following error:
ORA-12519, TNS:no appropriate service handler found
 
06-Apr-2014 18:30: Error handling operation: Listener refused the connection with the following error:
ORA-12519, TNS:no appropriate service handler found
 
06-Apr-2014 18:30: Error handling operation: Listener refused the connection with the following error:
ORA-12519, TNS:no appropriate service handler found
 
06-Apr-2014 18:30: Error handling operation: Listener refused the connection with the following error:
ORA-12519, TNS:no appropriate service handler found
 
06-Apr-2014 18:30: Error handling operation: Listener refused the connection with the following error:
ORA-12519, TNS:no appropriate service handler found
 
06-Apr-2014 18:30: Error handling operation: Listener refused the connection with the following error:
ORA-12519, TNS:no appropriate service handler found
 
06-Apr-2014 18:30: Error handling operation: Listener refused the connection with the following error:
ORA-12519, TNS:no appropriate service handler found
 
06-Apr-2014 18:30: Error handling operation: Listener refused the connection with the following error:
ORA-12519, TNS:no appropriate service handler found
 
06-Apr-2014 18:30: Error handling operation: Listener refused the connection with the following error:
ORA-12519, TNS:no appropriate service handler found
 
06-Apr-2014 18:30: Error handling operation: Listener refused the connection with the following error:
ORA-12519, TNS:no appropriate service handler found
 
06-Apr-2014 18:30: Error handling operation: Listener refused the connection with the following error:
ORA-12519, TNS:no appropriate service handler found
 
06-Apr-2014 18:30: Error handling operation: Listener refused the connection with the following error:
ORA-12519, TNS:no appropriate service handler found
 
06-Apr-2014 18:30: Error handling operation: Listener refused the connection with the following error:
ORA-12519, TNS:no appropriate service handler found
 
06-Apr-2014 18:30: Error handling operation: Listener refused the connection with the following error:
ORA-12519, TNS:no appropriate service handler found
 
06-Apr-2014 18:30: Error handling operation: Listener refused the connection with the following error:
ORA-12519, TNS:no appropriate service handler found
 
06-Apr-2014 18:30: Error handling operation: Listener refused the connection with the following error:
ORA-12519, TNS:no appropriate service handler found
 
06-Apr-2014 18:30: Error handling query: Listener refused the connection with the following error:
ORA-12519, TNS:no appropriate service handler found
 
06-Apr-2014 18:30: Error handling query: Listener refused the connection with the following error:
ORA-12519, TNS:no appropriate service handler found
 
06-Apr-2014 18:30: Error handling query: Listener refused the connection with the following error:
ORA-12519, TNS:no appropriate service handler found
 
06-Apr-2014 18:32: Error handling operation: Listener refused the connection with the following error:
ORA-12518, TNS:listener could not hand off client connection
 
06-Apr-2014 18:32: Error handling operation: Listener refused the connection with the following error:
ORA-12518, TNS:listener could not hand off client connection
 
06-Apr-2014 18:32: Error handling operation: Listener refused the connection with the following error:
ORA-12518, TNS:listener could not hand off client connection
 
06-Apr-2014 18:32: Error handling operation: Listener refused the connection with the following error:
ORA-12518, TNS:listener could not hand off client connection
 
06-Apr-2014 18:32: Error handling operation: Listener refused the connection with the following error:
ORA-12518, TNS:listener could not hand off client connection
 
06-Apr-2014 18:32: Error handling operation: Listener refused the connection with the following error:
ORA-12518, TNS:listener could not hand off client connection
 
06-Apr-2014 18:32: Error handling operation: Listener refused the connection with the following error:
ORA-12518, TNS:listener could not hand off client connection
 
06-Apr-2014 18:32: Error handling operation: Listener refused the connection with the following error:
ORA-12518, TNS:listener could not hand off client connection
 
06-Apr-2014 18:32: Error handling operation: Listener refused the connection with the following error:
ORA-12518, TNS:listener could not hand off client connection
 
06-Apr-2014 18:32: Error handling operation: Listener refused the connection with the following error:
ORA-12518, TNS:listener could not hand off client connection
 
06-Apr-2014 18:32: Error handling operation: Listener refused the connection with the following error:
ORA-12519, TNS:no appropriate service handler found
 
06-Apr-2014 18:32: Error handling operation: Listener refused the connection with the following error:
ORA-12519, TNS:no appropriate service handler found
 
06-Apr-2014 18:32: Error handling operation: Listener refused the connection with the following error:
ORA-12519, TNS:no appropriate service handler found
 
06-Apr-2014 18:32: Error handling operation: Listener refused the connection with the following error:
ORA-12519, TNS:no appropriate service handler found
 
06-Apr-2014 18:32: Error handling operation: Listener refused the connection with the following error:
ORA-12519, TNS:no appropriate service handler found
 
06-Apr-2014 18:32: Error handling operation: Listener refused the connection with the following error:
ORA-12519, TNS:no appropriate service handler found
 
06-Apr-2014 18:32: Error handling operation: Listener refused the connection with the following error:
ORA-12519, TNS:no appropriate service handler found
 
06-Apr-2014 18:32: Error handling operation: Listener refused the connection with the following error:
ORA-12519, TNS:no appropriate service handler found
 
06-Apr-2014 18:32: Error handling operation: Listener refused the connection with the following error:
ORA-12519, TNS:no appropriate service handler found
 
06-Apr-2014 18:32: Error handling operation: Listener refused the connection with the following error:
ORA-12519, TNS:no appropriate service handler found
 
06-Apr-2014 18:32: Error handling operation: Listener refused the connection with the following error:
ORA-12519, TNS:no appropriate service handler found
 
06-Apr-2014 18:32: Error handling operation: Listener refused the connection with the following error:
ORA-12519, TNS:no appropriate service handler found
 
06-Apr-2014 18:32: Error handling operation: Listener refused the connection with the following error:
ORA-12519, TNS:no appropriate service handler found
 
06-Apr-2014 18:32: Error handling operation: Listener refused the connection with the following error:
ORA-12519, TNS:no appropriate service handler found
 
06-Apr-2014 18:32: Error handling operation: Listener refused the connection with the following error:
ORA-12519, TNS:no appropriate service handler found
 
06-Apr-2014 18:32: Error handling operation: Listener refused the connection with the following error:
ORA-12519, TNS:no appropriate service handler found
 
06-Apr-2014 18:32: Error handling operation: Listener refused the connection with the following error:
ORA-12519, TNS:no appropriate service handler found
 
06-Apr-2014 18:32: Error handling operation: Listener refused the connection with the following error:
ORA-12519, TNS:no appropriate service handler found
 
06-Apr-2014 18:32: Error handling operation: Listener refused the connection with the following error:
ORA-12519, TNS:no appropriate service handler found
 
06-Apr-2014 18:32: Error handling operation: Listener refused the connection with the following error:
ORA-12519, TNS:no appropriate service handler found
 
06-Apr-2014 18:32: Error handling operation: Listener refused the connection with the following error:
ORA-12519, TNS:no appropriate service handler found
 
06-Apr-2014 18:32: Error handling operation: Listener refused the connection with the following error:
ORA-12519, TNS:no appropriate service handler found
 
06-Apr-2014 18:32: Error handling operation: Listener refused the connection with the following error:
ORA-12519, TNS:no appropriate service handler found
 
06-Apr-2014 18:32: Error handling operation: Listener refused the connection with the following error:
ORA-12519, TNS:no appropriate service handler found
 
06-Apr-2014 18:32: Error handling operation: Listener refused the connection with the following error:
ORA-12519, TNS:no appropriate service handler found
 
06-Apr-2014 18:32: Error handling operation: Listener refused the connection with the following error:
ORA-12519, TNS:no appropriate service handler found
 
06-Apr-2014 18:32: Error handling operation: Listener refused the connection with the following error:
ORA-12519, TNS:no appropriate service handler found
 
06-Apr-2014 18:32: Error handling operation: Listener refused the connection with the following error:
ORA-12519, TNS:no appropriate service handler found
 
06-Apr-2014 18:32: Error handling operation: Listener refused the connection with the following error:
ORA-12519, TNS:no appropriate service handler found
 
06-Apr-2014 18:32: Error handling operation: Listener refused the connection with the following error:
ORA-12519, TNS:no appropriate service handler found
 
06-Apr-2014 18:32: Error handling operation: Listener refused the connection with the following error:
ORA-12519, TNS:no appropriate service handler found
 
06-Apr-2014 18:32: Error handling operation: Listener refused the connection with the following error:
ORA-12519, TNS:no appropriate service handler found
 
06-Apr-2014 18:32: Error handling operation: Listener refused the connection with the following error:
ORA-12519, TNS:no appropriate service handler found
 
06-Apr-2014 18:32: Error handling operation: Listener refused the connection with the following error:
ORA-12519, TNS:no appropriate service handler found
 
06-Apr-2014 18:32: Error handling operation: Listener refused the connection with the following error:
ORA-12519, TNS:no appropriate service handler found
 
06-Apr-2014 18:32: Error handling operation: Listener refused the connection with the following error:
ORA-12519, TNS:no appropriate service handler found
 
06-Apr-2014 18:32: Error handling operation: Listener refused the connection with the following error:
ORA-12519, TNS:no appropriate service handler found
 
06-Apr-2014 18:32: Error handling operation: Listener refused the connection with the following error:
ORA-12519, TNS:no appropriate service handler found
 
06-Apr-2014 18:32: Error handling operation: Listener refused the connection with the following error:
ORA-12519, TNS:no appropriate service handler found
 
06-Apr-2014 18:32: Error handling operation: Listener refused the connection with the following error:
ORA-12519, TNS:no appropriate service handler found
 
06-Apr-2014 18:32: Error handling operation: Listener refused the connection with the following error:
ORA-12519, TNS:no appropriate service handler found
 
06-Apr-2014 18:32: Error handling operation: Listener refused the connection with the following error:
ORA-12519, TNS:no appropriate service handler found
 
06-Apr-2014 18:32: Error handling operation: Listener refused the connection with the following error:
ORA-12519, TNS:no appropriate service handler found
 
06-Apr-2014 18:32: Error handling operation: Listener refused the connection with the following error:
ORA-12519, TNS:no appropriate service handler found
 
06-Apr-2014 18:32: Error handling operation: Listener refused the connection with the following error:
ORA-12519, TNS:no appropriate service handler found
 
06-Apr-2014 18:32: Error handling operation: Listener refused the connection with the following error:
ORA-12519, TNS:no appropriate service handler found
 
06-Apr-2014 18:32: Error handling operation: Listener refused the connection with the following error:
ORA-12519, TNS:no appropriate service handler found
 
06-Apr-2014 18:32: Error handling operation: Listener refused the connection with the following error:
ORA-12519, TNS:no appropriate service handler found
 
06-Apr-2014 18:32: Error handling operation: Listener refused the connection with the following error:
ORA-12519, TNS:no appropriate service handler found
 
06-Apr-2014 18:32: Error handling operation: Listener refused the connection with the following error:
ORA-12519, TNS:no appropriate service handler found
 
06-Apr-2014 18:32: Error handling operation: Listener refused the connection with the following error:
ORA-12519, TNS:no appropriate service handler found
 
06-Apr-2014 18:32: Error handling operation: Listener refused the connection with the following error:
ORA-12519, TNS:no appropriate service handler found
 
06-Apr-2014 18:32: Error handling operation: Listener refused the connection with the following error:
ORA-12519, TNS:no appropriate service handler found
 
06-Apr-2014 18:32: Error handling operation: Listener refused the connection with the following error:
ORA-12519, TNS:no appropriate service handler found
 
06-Apr-2014 18:32: Error handling operation: Listener refused the connection with the following error:
ORA-12519, TNS:no appropriate service handler found
 
06-Apr-2014 18:32: Error handling operation: Listener refused the connection with the following error:
ORA-12519, TNS:no appropriate service handler found
 
06-Apr-2014 18:32: Error handling operation: Listener refused the connection with the following error:
ORA-12519, TNS:no appropriate service handler found
 
06-Apr-2014 18:32: Error handling operation: Listener refused the connection with the following error:
ORA-12519, TNS:no appropriate service handler found
 
06-Apr-2014 18:32: Error handling operation: Listener refused the connection with the following error:
ORA-12519, TNS:no appropriate service handler found
 
06-Apr-2014 18:32: Error handling operation: Listener refused the connection with the following error:
ORA-12519, TNS:no appropriate service handler found
 
06-Apr-2014 18:32: Error handling operation: Listener refused the connection with the following error:
ORA-12519, TNS:no appropriate service handler found
 
06-Apr-2014 18:32: Error handling operation: Listener refused the connection with the following error:
ORA-12519, TNS:no appropriate service handler found
 
06-Apr-2014 18:32: Error handling operation: Listener refused the connection with the following error:
ORA-12519, TNS:no appropriate service handler found
 
06-Apr-2014 18:32: Error handling operation: Listener refused the connection with the following error:
ORA-12519, TNS:no appropriate service handler found
 
06-Apr-2014 18:32: Error handling operation: Listener refused the connection with the following error:
ORA-12519, TNS:no appropriate service handler found
 
06-Apr-2014 18:32: Error handling operation: Listener refused the connection with the following error:
ORA-12519, TNS:no appropriate service handler found
 
06-Apr-2014 18:32: Error handling operation: Listener refused the connection with the following error:
ORA-12519, TNS:no appropriate service handler found
 
06-Apr-2014 18:32: Error handling operation: Listener refused the connection with the following error:
ORA-12519, TNS:no appropriate service handler found
 
06-Apr-2014 18:32: Error handling operation: Listener refused the connection with the following error:
ORA-12519, TNS:no appropriate service handler found
 
06-Apr-2014 18:32: Error handling operation: Listener refused the connection with the following error:
ORA-12519, TNS:no appropriate service handler found
 
06-Apr-2014 18:32: Error handling operation: Listener refused the connection with the following error:
ORA-12519, TNS:no appropriate service handler found
 
06-Apr-2014 18:32: Error handling operation: Listener refused the connection with the following error:
ORA-12519, TNS:no appropriate service handler found
 
06-Apr-2014 18:32: Error handling operation: Listener refused the connection with the following error:
ORA-12519, TNS:no appropriate service handler found
 
06-Apr-2014 18:32: Error handling operation: Listener refused the connection with the following error:
ORA-12519, TNS:no appropriate service handler found
 
06-Apr-2014 18:32: Error handling operation: Listener refused the connection with the following error:
ORA-12519, TNS:no appropriate service handler found
 
06-Apr-2014 18:32: Error handling operation: Listener refused the connection with the following error:
ORA-12519, TNS:no appropriate service handler found
 
06-Apr-2014 18:32: Error handling operation: Listener refused the connection with the following error:
ORA-12519, TNS:no appropriate service handler found
 
06-Apr-2014 18:32: Error handling operation: Listener refused the connection with the following error:
ORA-12519, TNS:no appropriate service handler found
 
06-Apr-2014 18:32: Error handling operation: Listener refused the connection with the following error:
ORA-12519, TNS:no appropriate service handler found
 
06-Apr-2014 18:32: Error handling operation: Listener refused the connection with the following error:
ORA-12519, TNS:no appropriate service handler found
 
06-Apr-2014 18:32: Error handling operation: Listener refused the connection with the following error:
ORA-12519, TNS:no appropriate service handler found
 
06-Apr-2014 18:32: Error handling operation: Listener refused the connection with the following error:
ORA-12519, TNS:no appropriate service handler found
 
06-Apr-2014 18:32: Error handling operation: Listener refused the connection with the following error:
ORA-12519, TNS:no appropriate service handler found
 
06-Apr-2014 18:32: Error handling operation: Listener refused the connection with the following error:
ORA-12519, TNS:no appropriate service handler found
 
06-Apr-2014 18:32: Error handling operation: Listener refused the connection with the following error:
ORA-12519, TNS:no appropriate service handler found
 
06-Apr-2014 18:32: Error handling operation: Listener refused the connection with the following error:
ORA-12519, TNS:no appropriate service handler found
 
06-Apr-2014 18:32: Error handling operation: Listener refused the connection with the following error:
ORA-12519, TNS:no appropriate service handler found
 
06-Apr-2014 18:32: Error handling operation: Listener refused the connection with the following error:
ORA-12519, TNS:no appropriate service handler found
 
06-Apr-2014 18:32: Error handling operation: Listener refused the connection with the following error:
ORA-12519, TNS:no appropriate service handler found
 
06-Apr-2014 18:32: Error handling operation: Listener refused the connection with the following error:
ORA-12519, TNS:no appropriate service handler found
 
06-Apr-2014 18:32: Error handling operation: Listener refused the connection with the following error:
ORA-12519, TNS:no appropriate service handler found
 
06-Apr-2014 18:32: Error handling operation: Listener refused the connection with the following error:
ORA-12519, TNS:no appropriate service handler found
 
06-Apr-2014 18:32: Error handling operation: Listener refused the connection with the following error:
ORA-12519, TNS:no appropriate service handler found
 
06-Apr-2014 18:32: Error handling operation: Listener refused the connection with the following error:
ORA-12519, TNS:no appropriate service handler found
 
06-Apr-2014 18:32: Error handling operation: Listener refused the connection with the following error:
ORA-12519, TNS:no appropriate service handler found
 
06-Apr-2014 18:32: Error handling operation: Listener refused the connection with the following error:
ORA-12519, TNS:no appropriate service handler found
 
06-Apr-2014 18:32: Error handling operation: Listener refused the connection with the following error:
ORA-12519, TNS:no appropriate service handler found
 
06-Apr-2014 18:32: Error handling operation: Listener refused the connection with the following error:
ORA-12519, TNS:no appropriate service handler found
 
06-Apr-2014 18:32: Error handling operation: Listener refused the connection with the following error:
ORA-12519, TNS:no appropriate service handler found
 
06-Apr-2014 18:32: Error handling operation: Listener refused the connection with the following error:
ORA-12519, TNS:no appropriate service handler found
 
06-Apr-2014 18:32: Error handling operation: Listener refused the connection with the following error:
ORA-12519, TNS:no appropriate service handler found
 
06-Apr-2014 18:32: Error handling operation: Listener refused the connection with the following error:
ORA-12519, TNS:no appropriate service handler found
 
06-Apr-2014 18:32: Error handling operation: Listener refused the connection with the following error:
ORA-12519, TNS:no appropriate service handler found
 
06-Apr-2014 18:32: Error handling operation: Listener refused the connection with the following error:
ORA-12519, TNS:no appropriate service handler found
 
06-Apr-2014 18:32: Error handling operation: Listener refused the connection with the following error:
ORA-12519, TNS:no appropriate service handler found
 
06-Apr-2014 18:32: Error handling operation: Listener refused the connection with the following error:
ORA-12519, TNS:no appropriate service handler found
 
06-Apr-2014 18:32: Error handling operation: Listener refused the connection with the following error:
ORA-12519, TNS:no appropriate service handler found
 
06-Apr-2014 18:32: Error handling operation: Listener refused the connection with the following error:
ORA-12519, TNS:no appropriate service handler found
 
06-Apr-2014 18:32: Error handling operation: Listener refused the connection with the following error:
ORA-12519, TNS:no appropriate service handler found
 
06-Apr-2014 18:32: Error handling operation: Listener refused the connection with the following error:
ORA-12519, TNS:no appropriate service handler found
 
06-Apr-2014 18:32: Error handling operation: Listener refused the connection with the following error:
ORA-12519, TNS:no appropriate service handler found
 
06-Apr-2014 18:32: Error handling operation: Listener refused the connection with the following error:
ORA-12519, TNS:no appropriate service handler found
 
06-Apr-2014 18:32: Error handling operation: Listener refused the connection with the following error:
ORA-12519, TNS:no appropriate service handler found
 
06-Apr-2014 18:32: Error handling operation: Listener refused the connection with the following error:
ORA-12519, TNS:no appropriate service handler found
 
06-Apr-2014 18:32: Error handling operation: Listener refused the connection with the following error:
ORA-12519, TNS:no appropriate service handler found
 
06-Apr-2014 18:32: Error handling operation: Listener refused the connection with the following error:
ORA-12519, TNS:no appropriate service handler found
 
06-Apr-2014 18:32: Error handling operation: Listener refused the connection with the following error:
ORA-12519, TNS:no appropriate service handler found
 
06-Apr-2014 18:32: Error handling operation: Listener refused the connection with the following error:
ORA-12519, TNS:no appropriate service handler found
 
06-Apr-2014 18:32: Error handling operation: Listener refused the connection with the following error:
ORA-12519, TNS:no appropriate service handler found
 
06-Apr-2014 18:32: Error handling operation: Listener refused the connection with the following error:
ORA-12519, TNS:no appropriate service handler found
 
06-Apr-2014 18:32: Error handling operation: Listener refused the connection with the following error:
ORA-12519, TNS:no appropriate service handler found
 
06-Apr-2014 18:32: Error handling operation: Listener refused the connection with the following error:
ORA-12519, TNS:no appropriate service handler found
 
06-Apr-2014 18:32: Error handling operation: Listener refused the connection with the following error:
ORA-12519, TNS:no appropriate service handler found
 
06-Apr-2014 18:32: Error handling operation: Listener refused the connection with the following error:
ORA-12519, TNS:no appropriate service handler found
 
06-Apr-2014 18:32: Error handling operation: Listener refused the connection with the following error:
ORA-12519, TNS:no appropriate service handler found
 
06-Apr-2014 18:32: Error handling operation: Listener refused the connection with the following error:
ORA-12519, TNS:no appropriate service handler found
 
06-Apr-2014 18:32: Error handling operation: Listener refused the connection with the following error:
ORA-12519, TNS:no appropriate service handler found
 
06-Apr-2014 18:32: Error handling operation: Listener refused the connection with the following error:
ORA-12519, TNS:no appropriate service handler found
 
06-Apr-2014 18:32: Error handling operation: Listener refused the connection with the following error:
ORA-12519, TNS:no appropriate service handler found
 
06-Apr-2014 18:32: Error handling operation: Listener refused the connection with the following error:
ORA-12519, TNS:no appropriate service handler found
 
06-Apr-2014 18:32: Error handling operation: Listener refused the connection with the following error:
ORA-12519, TNS:no appropriate service handler found
 
06-Apr-2014 18:32: Error handling operation: Listener refused the connection with the following error:
ORA-12519, TNS:no appropriate service handler found
 
06-Apr-2014 18:32: Error handling operation: Listener refused the connection with the following error:
ORA-12519, TNS:no appropriate service handler found
 
06-Apr-2014 18:32: Error handling operation: Listener refused the connection with the following error:
ORA-12519, TNS:no appropriate service handler found
 
06-Apr-2014 18:32: Error handling operation: Listener refused the connection with the following error:
ORA-12519, TNS:no appropriate service handler found
 
06-Apr-2014 18:32: Error handling operation: Listener refused the connection with the following error:
ORA-12519, TNS:no appropriate service handler found
 
06-Apr-2014 18:32: Error handling operation: Listener refused the connection with the following error:
ORA-12519, TNS:no appropriate service handler found
 
06-Apr-2014 18:32: Error handling operation: Listener refused the connection with the following error:
ORA-12519, TNS:no appropriate service handler found
 
06-Apr-2014 18:32: Error handling operation: Listener refused the connection with the following error:
ORA-12519, TNS:no appropriate service handler found
 
06-Apr-2014 18:32: Error handling operation: Listener refused the connection with the following error:
ORA-12519, TNS:no appropriate service handler found
 
06-Apr-2014 18:32: Error handling operation: Listener refused the connection with the following error:
ORA-12519, TNS:no appropriate service handler found
 
06-Apr-2014 18:32: Error handling operation: Listener refused the connection with the following error:
ORA-12519, TNS:no appropriate service handler found
 
06-Apr-2014 18:32: Error handling operation: Listener refused the connection with the following error:
ORA-12519, TNS:no appropriate service handler found
 
06-Apr-2014 18:32: Error handling operation: Listener refused the connection with the following error:
ORA-12519, TNS:no appropriate service handler found
 
06-Apr-2014 18:32: Error handling operation: Listener refused the connection with the following error:
ORA-12519, TNS:no appropriate service handler found
 
06-Apr-2014 18:32: Error handling operation: IO Error: The Network Adapter could not establish the connection
06-Apr-2014 18:32: Error handling operation: Listener refused the connection with the following error:
ORA-12519, TNS:no appropriate service handler found
 
06-Apr-2014 18:32: Error handling operation: IO Error: The Network Adapter could not establish the connection
06-Apr-2014 18:32: Error handling operation: IO Error: The Network Adapter could not establish the connection
06-Apr-2014 18:32: Error handling operation: IO Error: The Network Adapter could not establish the connection
06-Apr-2014 18:32: Error handling operation: IO Error: The Network Adapter could not establish the connection
06-Apr-2014 18:32: Error handling operation: IO Error: The Network Adapter could not establish the connection
06-Apr-2014 18:32: Error handling operation: IO Error: The Network Adapter could not establish the connection
06-Apr-2014 18:32: Error handling operation: IO Error: The Network Adapter could not establish the connection
06-Apr-2014 18:32: Error handling operation: IO Error: The Network Adapter could not establish the connection
06-Apr-2014 18:32: Error handling operation: IO Error: The Network Adapter could not establish the connection
06-Apr-2014 18:32: Error handling operation: IO Error: The Network Adapter could not establish the connection
06-Apr-2014 18:32: Error handling operation: IO Error: The Network Adapter could not establish the connection
06-Apr-2014 18:32: Error handling operation: IO Error: The Network Adapter could not establish the connection
06-Apr-2014 18:32: Error handling operation: IO Error: The Network Adapter could not establish the connection
06-Apr-2014 18:32: Error handling operation: IO Error: The Network Adapter could not establish the connection
06-Apr-2014 18:32: Error handling operation: IO Error: The Network Adapter could not establish the connection
06-Apr-2014 18:32: Error handling operation: Listener refused the connection with the following error:
ORA-12519, TNS:no appropriate service handler found
 
06-Apr-2014 18:32: Error handling operation: IO Error: The Network Adapter could not establish the connection
06-Apr-2014 18:32: Error handling operation: IO Error: The Network Adapter could not establish the connection
06-Apr-2014 18:32: Error handling operation: IO Error: The Network Adapter could not establish the connection
06-Apr-2014 18:32: Error handling operation: IO Error: The Network Adapter could not establish the connection
06-Apr-2014 18:32: Error handling operation: IO Error: The Network Adapter could not establish the connection
06-Apr-2014 18:32: Error handling operation: IO Error: The Network Adapter could not establish the connection
06-Apr-2014 18:32: Error handling operation: IO Error: The Network Adapter could not establish the connection
06-Apr-2014 18:32: Error handling operation: IO Error: The Network Adapter could not establish the connection
06-Apr-2014 18:32: Error handling operation: IO Error: The Network Adapter could not establish the connection
06-Apr-2014 18:32: Error handling operation: IO Error: The Network Adapter could not establish the connection
06-Apr-2014 18:32: Error handling operation: IO Error: The Network Adapter could not establish the connection
06-Apr-2014 18:32: Error handling operation: IO Error: The Network Adapter could not establish the connection
06-Apr-2014 18:32: Error handling operation: IO Error: The Network Adapter could not establish the connection
06-Apr-2014 18:32: Error handling operation: IO Error: The Network Adapter could not establish the connection
06-Apr-2014 18:32: Error handling operation: IO Error: The Network Adapter could not establish the connection
06-Apr-2014 18:32: Error handling operation: IO Error: The Network Adapter could not establish the connection
06-Apr-2014 18:32: Error handling operation: IO Error: The Network Adapter could not establish the connection
06-Apr-2014 18:32: Error handling operation: IO Error: The Network Adapter could not establish the connection
06-Apr-2014 18:32: Error handling operation: IO Error: The Network Adapter could not establish the connection
06-Apr-2014 18:32: Error handling operation: IO Error: The Network Adapter could not establish the connection
06-Apr-2014 18:32: Error handling operation: IO Error: The Network Adapter could not establish the connection
06-Apr-2014 18:32: Error handling operation: IO Error: The Network Adapter could not establish the connection
06-Apr-2014 18:32: Error handling operation: IO Error: The Network Adapter could not establish the connection
06-Apr-2014 18:32: Error handling operation: Listener refused the connection with the following error:
ORA-12519, TNS:no appropriate service handler found
 
06-Apr-2014 18:32: Error handling operation: IO Error: The Network Adapter could not establish the connection
06-Apr-2014 18:32: Error handling operation: IO Error: The Network Adapter could not establish the connection
06-Apr-2014 18:32: Error handling operation: IO Error: The Network Adapter could not establish the connection
06-Apr-2014 18:32: Error handling operation: IO Error: The Network Adapter could not establish the connection
06-Apr-2014 18:32: Error handling operation: IO Error: The Network Adapter could not establish the connection
06-Apr-2014 18:32: Error handling operation: IO Error: The Network Adapter could not establish the connection
06-Apr-2014 18:32: Error handling operation: IO Error: The Network Adapter could not establish the connection
06-Apr-2014 18:32: Error handling operation: IO Error: The Network Adapter could not establish the connection
06-Apr-2014 18:32: Error handling operation: IO Error: The Network Adapter could not establish the connection
06-Apr-2014 18:32: Error handling operation: IO Error: The Network Adapter could not establish the connection
06-Apr-2014 18:32: Error handling operation: IO Error: The Network Adapter could not establish the connection
06-Apr-2014 18:32: Error handling operation: IO Error: The Network Adapter could not establish the connection
06-Apr-2014 18:32: Error handling operation: IO Error: The Network Adapter could not establish the connection
06-Apr-2014 18:32: Error handling operation: IO Error: The Network Adapter could not establish the connection
06-Apr-2014 18:32: Error handling operation: IO Error: The Network Adapter could not establish the connection
06-Apr-2014 18:32: Error handling operation: IO Error: The Network Adapter could not establish the connection
06-Apr-2014 18:32: Error handling operation: IO Error: The Network Adapter could not establish the connection
06-Apr-2014 18:32: Error handling operation: IO Error: The Network Adapter could not establish the connection
06-Apr-2014 18:32: Error handling operation: IO Error: The Network Adapter could not establish the connection
06-Apr-2014 18:32: Error handling operation: IO Error: The Network Adapter could not establish the connection
06-Apr-2014 18:32: Error handling operation: IO Error: The Network Adapter could not establish the connection
06-Apr-2014 18:32: Error handling operation: IO Error: The Network Adapter could not establish the connection
06-Apr-2014 18:32: Error handling operation: IO Error: The Network Adapter could not establish the connection
06-Apr-2014 18:32: Error handling operation: IO Error: The Network Adapter could not establish the connection
06-Apr-2014 18:32: Error handling operation: IO Error: The Network Adapter could not establish the connection
06-Apr-2014 18:32: Error handling operation: IO Error: The Network Adapter could not establish the connection
06-Apr-2014 18:32: Error handling operation: IO Error: The Network Adapter could not establish the connection
06-Apr-2014 18:32: Error handling operation: IO Error: The Network Adapter could not establish the connection
06-Apr-2014 18:32: Error handling operation: IO Error: The Network Adapter could not establish the connection
06-Apr-2014 18:32: Error handling operation: Listener refused the connection with the following error:
ORA-12519, TNS:no appropriate service handler found
 
06-Apr-2014 18:32: Error handling operation: IO Error: The Network Adapter could not establish the connection
06-Apr-2014 18:32: Error handling operation: IO Error: The Network Adapter could not establish the connection
06-Apr-2014 18:32: Error handling operation: Listener refused the connection with the following error:
ORA-12519, TNS:no appropriate service handler found
 
06-Apr-2014 18:32: Error handling operation: IO Error: The Network Adapter could not establish the connection
06-Apr-2014 18:32: Error handling operation: IO Error: The Network Adapter could not establish the connection
06-Apr-2014 18:32: Error handling operation: IO Error: The Network Adapter could not establish the connection
06-Apr-2014 18:32: Error handling operation: IO Error: The Network Adapter could not establish the connection
06-Apr-2014 18:32: Error handling operation: IO Error: The Network Adapter could not establish the connection
06-Apr-2014 18:32: Error handling operation: IO Error: The Network Adapter could not establish the connection
06-Apr-2014 18:32: Error handling operation: IO Error: The Network Adapter could not establish the connection
06-Apr-2014 18:32: Error handling operation: IO Error: The Network Adapter could not establish the connection
06-Apr-2014 18:32: Error handling operation: IO Error: The Network Adapter could not establish the connection
06-Apr-2014 18:32: Error handling operation: IO Error: The Network Adapter could not establish the connection
06-Apr-2014 18:32: Error handling operation: IO Error: The Network Adapter could not establish the connection
06-Apr-2014 18:32: Error handling operation: IO Error: The Network Adapter could not establish the connection
06-Apr-2014 18:32: Error handling operation: IO Error: The Network Adapter could not establish the connection
06-Apr-2014 18:32: Error handling operation: IO Error: The Network Adapter could not establish the connection
06-Apr-2014 18:32: Error handling operation: IO Error: The Network Adapter could not establish the connection
06-Apr-2014 18:32: Error handling operation: IO Error: The Network Adapter could not establish the connection
06-Apr-2014 18:32: Error handling operation: IO Error: The Network Adapter could not establish the connection
06-Apr-2014 18:32: Error handling operation: IO Error: The Network Adapter could not establish the connection
06-Apr-2014 18:32: Error handling operation: IO Error: The Network Adapter could not establish the connection
06-Apr-2014 18:32: Error handling operation: IO Error: The Network Adapter could not establish the connection
06-Apr-2014 18:32: Error handling operation: IO Error: The Network Adapter could not establish the connection
06-Apr-2014 18:32: Error handling operation: IO Error: The Network Adapter could not establish the connection
06-Apr-2014 18:32: Error handling operation: IO Error: The Network Adapter could not establish the connection
06-Apr-2014 18:32: Error handling operation: IO Error: The Network Adapter could not establish the connection
06-Apr-2014 18:32: Error handling operation: IO Error: The Network Adapter could not establish the connection
06-Apr-2014 18:32: Error handling operation: IO Error: The Network Adapter could not establish the connection
06-Apr-2014 18:32: Error handling operation: IO Error: The Network Adapter could not establish the connection
06-Apr-2014 18:32: Error handling operation: IO Error: The Network Adapter could not establish the connection
06-Apr-2014 18:32: Error handling operation: IO Error: The Network Adapter could not establish the connection
06-Apr-2014 18:32: Error handling operation: IO Error: The Network Adapter could not establish the connection
06-Apr-2014 18:32: Error handling operation: IO Error: The Network Adapter could not establish the connection
06-Apr-2014 18:32: Error handling operation: IO Error: The Network Adapter could not establish the connection
06-Apr-2014 18:32: Error handling query: IO Error: The Network Adapter could not establish the connection
06-Apr-2014 18:32: Error handling operation: IO Error: The Network Adapter could not establish the connection
06-Apr-2014 18:32: Error handling operation: IO Error: The Network Adapter could not establish the connection
06-Apr-2014 18:32: Error handling operation: IO Error: The Network Adapter could not establish the connection
06-Apr-2014 18:32: Error handling operation: IO Error: The Network Adapter could not establish the connection
06-Apr-2014 18:32: Error handling operation: IO Error: The Network Adapter could not establish the connection
06-Apr-2014 18:32: Error handling operation: IO Error: The Network Adapter could not establish the connection
06-Apr-2014 18:32: Error handling operation: IO Error: The Network Adapter could not establish the connection
06-Apr-2014 18:32: Error handling operation: IO Error: The Network Adapter could not establish the connection
06-Apr-2014 18:32: Error handling operation: IO Error: The Network Adapter could not establish the connection
06-Apr-2014 18:32: Error handling operation: IO Error: The Network Adapter could not establish the connection
06-Apr-2014 18:32: Error handling operation: IO Error: The Network Adapter could not establish the connection
06-Apr-2014 18:32: Error handling operation: Listener refused the connection with the following error:
ORA-12519, TNS:no appropriate service handler found
 
06-Apr-2014 18:32: Error handling operation: Listener refused the connection with the following error:
ORA-12519, TNS:no appropriate service handler found
 
06-Apr-2014 18:32: Error handling operation: Listener refused the connection with the following error:
ORA-12519, TNS:no appropriate service handler found
 
06-Apr-2014 18:32: Error handling operation: Listener refused the connection with the following error:
ORA-12519, TNS:no appropriate service handler found
 
06-Apr-2014 18:32: Error handling operation: Listener refused the connection with the following error:
ORA-12519, TNS:no appropriate service handler found
 
06-Apr-2014 18:32: Error handling operation: Listener refused the connection with the following error:
ORA-12519, TNS:no appropriate service handler found
 
06-Apr-2014 18:32: Error handling operation: Listener refused the connection with the following error:
ORA-12519, TNS:no appropriate service handler found
 
06-Apr-2014 18:32: Error handling operation: Listener refused the connection with the following error:
ORA-12519, TNS:no appropriate service handler found
 
06-Apr-2014 18:32: Error handling operation: Listener refused the connection with the following error:
ORA-12519, TNS:no appropriate service handler found
 
06-Apr-2014 18:32: Error handling operation: Listener refused the connection with the following error:
ORA-12519, TNS:no appropriate service handler found
 
06-Apr-2014 18:32: Error handling operation: Listener refused the connection with the following error:
ORA-12519, TNS:no appropriate service handler found
 
06-Apr-2014 18:32: Error handling operation: Listener refused the connection with the following error:
ORA-12519, TNS:no appropriate service handler found
 
06-Apr-2014 18:32: Error handling operation: Listener refused the connection with the following error:
ORA-12519, TNS:no appropriate service handler found
 
06-Apr-2014 18:32: Error handling operation: Listener refused the connection with the following error:
ORA-12519, TNS:no appropriate service handler found
 
06-Apr-2014 18:32: Error handling operation: Listener refused the connection with the following error:
ORA-12519, TNS:no appropriate service handler found
 
06-Apr-2014 18:32: Error handling operation: Listener refused the connection with the following error:
ORA-12519, TNS:no appropriate service handler found
 
06-Apr-2014 18:32: Error handling operation: Listener refused the connection with the following error:
ORA-12519, TNS:no appropriate service handler found
 
06-Apr-2014 18:32: Error handling operation: Listener refused the connection with the following error:
ORA-12519, TNS:no appropriate service handler found
 
06-Apr-2014 18:32: Error handling operation: Listener refused the connection with the following error:
ORA-12519, TNS:no appropriate service handler found
 
06-Apr-2014 18:32: Error handling operation: Listener refused the connection with the following error:
ORA-12519, TNS:no appropriate service handler found
 
06-Apr-2014 18:32: Error handling operation: Listener refused the connection with the following error:
ORA-12519, TNS:no appropriate service handler found
 
06-Apr-2014 18:32: Error handling operation: Listener refused the connection with the following error:
ORA-12519, TNS:no appropriate service handler found
 
06-Apr-2014 18:32: Error handling operation: Listener refused the connection with the following error:
ORA-12519, TNS:no appropriate service handler found
 
06-Apr-2014 18:32: Error handling operation: Listener refused the connection with the following error:
ORA-12519, TNS:no appropriate service handler found
 
06-Apr-2014 18:32: Error handling operation: Listener refused the connection with the following error:
ORA-12519, TNS:no appropriate service handler found
 
06-Apr-2014 18:32: Error handling operation: Listener refused the connection with the following error:
ORA-12519, TNS:no appropriate service handler found
 
06-Apr-2014 18:32: Error handling operation: Listener refused the connection with the following error:
ORA-12519, TNS:no appropriate service handler found
 
06-Apr-2014 18:32: Error handling operation: Listener refused the connection with the following error:
ORA-12519, TNS:no appropriate service handler found
 
06-Apr-2014 18:32: Error handling operation: Listener refused the connection with the following error:
ORA-12519, TNS:no appropriate service handler found
 
06-Apr-2014 18:32: Error handling operation: Listener refused the connection with the following error:
ORA-12519, TNS:no appropriate service handler found
 
06-Apr-2014 18:32: Error handling operation: Listener refused the connection with the following error:
ORA-12519, TNS:no appropriate service handler found
 
06-Apr-2014 18:32: Error handling operation: Listener refused the connection with the following error:
ORA-12519, TNS:no appropriate service handler found
 
06-Apr-2014 18:32: Error handling operation: Listener refused the connection with the following error:
ORA-12519, TNS:no appropriate service handler found
 
06-Apr-2014 18:32: Error handling operation: Listener refused the connection with the following error:
ORA-12519, TNS:no appropriate service handler found
 
06-Apr-2014 18:32: Error handling operation: Listener refused the connection with the following error:
ORA-12519, TNS:no appropriate service handler found
 
06-Apr-2014 18:32: Error handling operation: Listener refused the connection with the following error:
ORA-12519, TNS:no appropriate service handler found
 
06-Apr-2014 18:32: Error handling operation: Listener refused the connection with the following error:
ORA-12519, TNS:no appropriate service handler found
 
06-Apr-2014 18:32: Error handling operation: Listener refused the connection with the following error:
ORA-12519, TNS:no appropriate service handler found
 
06-Apr-2014 18:32: Error handling operation: Listener refused the connection with the following error:
ORA-12519, TNS:no appropriate service handler found
 
06-Apr-2014 18:32: Error handling operation: Listener refused the connection with the following error:
ORA-12519, TNS:no appropriate service handler found
 
06-Apr-2014 18:32: Error handling operation: Listener refused the connection with the following error:
ORA-12519, TNS:no appropriate service handler found
 
06-Apr-2014 18:32: Error handling operation: Listener refused the connection with the following error:
ORA-12519, TNS:no appropriate service handler found
 
06-Apr-2014 18:32: Error handling operation: Listener refused the connection with the following error:
ORA-12519, TNS:no appropriate service handler found
 
06-Apr-2014 18:32: Error handling operation: Listener refused the connection with the following error:
ORA-12519, TNS:no appropriate service handler found
 
06-Apr-2014 18:32: Error handling operation: Listener refused the connection with the following error:
ORA-12519, TNS:no appropriate service handler found
 
06-Apr-2014 18:32: Error handling operation: Listener refused the connection with the following error:
ORA-12519, TNS:no appropriate service handler found
 
06-Apr-2014 18:32: Error handling operation: Listener refused the connection with the following error:
ORA-12519, TNS:no appropriate service handler found
 
06-Apr-2014 18:32: Error handling operation: Listener refused the connection with the following error:
ORA-12519, TNS:no appropriate service handler found
 
06-Apr-2014 18:32: Error handling operation: Listener refused the connection with the following error:
ORA-12519, TNS:no appropriate service handler found
 
06-Apr-2014 18:32: Error handling operation: Listener refused the connection with the following error:
ORA-12519, TNS:no appropriate service handler found
 
06-Apr-2014 18:32: Error handling operation: Listener refused the connection with the following error:
ORA-12519, TNS:no appropriate service handler found
 
06-Apr-2014 18:32: Error handling operation: Listener refused the connection with the following error:
ORA-12519, TNS:no appropriate service handler found
 
06-Apr-2014 18:32: Error handling operation: Listener refused the connection with the following error:
ORA-12519, TNS:no appropriate service handler found
 
06-Apr-2014 18:32: Error handling operation: Listener refused the connection with the following error:
ORA-12519, TNS:no appropriate service handler found
 
06-Apr-2014 18:32: Error handling operation: Listener refused the connection with the following error:
ORA-12519, TNS:no appropriate service handler found
 
06-Apr-2014 18:32: Error handling operation: Listener refused the connection with the following error:
ORA-12519, TNS:no appropriate service handler found
 
06-Apr-2014 18:32: Error handling operation: Listener refused the connection with the following error:
ORA-12519, TNS:no appropriate service handler found
 
06-Apr-2014 18:32: Error handling operation: Listener refused the connection with the following error:
ORA-12519, TNS:no appropriate service handler found
 
06-Apr-2014 18:32: Error handling operation: Listener refused the connection with the following error:
ORA-12519, TNS:no appropriate service handler found
 
06-Apr-2014 18:32: Error handling operation: Listener refused the connection with the following error:
ORA-12519, TNS:no appropriate service handler found
 
06-Apr-2014 18:32: Error handling operation: Listener refused the connection with the following error:
ORA-12519, TNS:no appropriate service handler found
 
06-Apr-2014 18:32: Error handling operation: Listener refused the connection with the following error:
ORA-12519, TNS:no appropriate service handler found
 
06-Apr-2014 18:32: Error handling operation: Listener refused the connection with the following error:
ORA-12519, TNS:no appropriate service handler found
 
06-Apr-2014 18:32: Error handling operation: Listener refused the connection with the following error:
ORA-12519, TNS:no appropriate service handler found
 
06-Apr-2014 18:32: Error handling operation: Listener refused the connection with the following error:
ORA-12519, TNS:no appropriate service handler found
 
06-Apr-2014 18:32: Error handling operation: Listener refused the connection with the following error:
ORA-12519, TNS:no appropriate service handler found
 
06-Apr-2014 18:32: Error handling operation: Listener refused the connection with the following error:
ORA-12519, TNS:no appropriate service handler found
 
06-Apr-2014 18:32: Error handling operation: Listener refused the connection with the following error:
ORA-12519, TNS:no appropriate service handler found
 
06-Apr-2014 18:32: Error handling operation: Listener refused the connection with the following error:
ORA-12519, TNS:no appropriate service handler found
 
06-Apr-2014 18:32: Error handling operation: Listener refused the connection with the following error:
ORA-12519, TNS:no appropriate service handler found
 
06-Apr-2014 18:32: Error handling operation: Listener refused the connection with the following error:
ORA-12519, TNS:no appropriate service handler found
 
06-Apr-2014 18:32: Error handling operation: Listener refused the connection with the following error:
ORA-12519, TNS:no appropriate service handler found
 
06-Apr-2014 18:32: Error handling operation: Listener refused the connection with the following error:
ORA-12519, TNS:no appropriate service handler found
 
06-Apr-2014 18:32: Error handling operation: Listener refused the connection with the following error:
ORA-12519, TNS:no appropriate service handler found
 
06-Apr-2014 18:32: Error handling operation: Listener refused the connection with the following error:
ORA-12519, TNS:no appropriate service handler found
 
06-Apr-2014 18:32: Error handling operation: Listener refused the connection with the following error:
ORA-12519, TNS:no appropriate service handler found
 
06-Apr-2014 18:32: Error handling operation: Listener refused the connection with the following error:
ORA-12519, TNS:no appropriate service handler found
 
06-Apr-2014 18:32: Error handling operation: Listener refused the connection with the following error:
ORA-12519, TNS:no appropriate service handler found
 
06-Apr-2014 18:32: Error handling operation: Listener refused the connection with the following error:
ORA-12519, TNS:no appropriate service handler found
 
06-Apr-2014 18:32: Error handling operation: Listener refused the connection with the following error:
ORA-12519, TNS:no appropriate service handler found
 
06-Apr-2014 18:32: Error handling operation: Listener refused the connection with the following error:
ORA-12519, TNS:no appropriate service handler found
 
06-Apr-2014 18:32: Error handling operation: Listener refused the connection with the following error:
ORA-12519, TNS:no appropriate service handler found
 
06-Apr-2014 18:32: Error handling operation: Listener refused the connection with the following error:
ORA-12519, TNS:no appropriate service handler found
 
06-Apr-2014 18:32: Error handling operation: Listener refused the connection with the following error:
ORA-12519, TNS:no appropriate service handler found
 
06-Apr-2014 18:32: Error handling operation: Listener refused the connection with the following error:
ORA-12519, TNS:no appropriate service handler found
 
06-Apr-2014 18:32: Error handling operation: Listener refused the connection with the following error:
ORA-12519, TNS:no appropriate service handler found
 
06-Apr-2014 18:32: Error handling operation: Listener refused the connection with the following error:
ORA-12519, TNS:no appropriate service handler found
 
06-Apr-2014 18:32: Error handling operation: Listener refused the connection with the following error:
ORA-12519, TNS:no appropriate service handler found
 
06-Apr-2014 18:32: Error handling operation: Listener refused the connection with the following error:
ORA-12519, TNS:no appropriate service handler found
 
06-Apr-2014 18:32: Error handling operation: Listener refused the connection with the following error:
ORA-12519, TNS:no appropriate service handler found
 
06-Apr-2014 18:32: Error handling operation: Listener refused the connection with the following error:
ORA-12519, TNS:no appropriate service handler found
 
06-Apr-2014 18:32: Error handling operation: Listener refused the connection with the following error:
ORA-12519, TNS:no appropriate service handler found
 
06-Apr-2014 18:32: Error handling operation: Listener refused the connection with the following error:
ORA-12519, TNS:no appropriate service handler found
 
06-Apr-2014 18:32: Error handling operation: Listener refused the connection with the following error:
ORA-12519, TNS:no appropriate service handler found
 
06-Apr-2014 18:32: Error handling query: Listener refused the connection with the following error:
ORA-12519, TNS:no appropriate service handler found
 
06-Apr-2014 18:32: Error handling query: Listener refused the connection with the following error:
ORA-12519, TNS:no appropriate service handler found
 
06-Apr-2014 18:32: Error handling query: Listener refused the connection with the following error:
ORA-12519, TNS:no appropriate service handler found
 
06-Apr-2014 18:33: Error handling operation: Listener refused the connection with the following error:
ORA-12518, TNS:listener could not hand off client connection
 
06-Apr-2014 18:33: Error handling operation: Listener refused the connection with the following error:
ORA-12518, TNS:listener could not hand off client connection
 
06-Apr-2014 18:33: Error handling operation: Listener refused the connection with the following error:
ORA-12518, TNS:listener could not hand off client connection
 
06-Apr-2014 18:33: Error handling operation: Listener refused the connection with the following error:
ORA-12518, TNS:listener could not hand off client connection
 
06-Apr-2014 18:33: Error handling operation: Listener refused the connection with the following error:
ORA-12518, TNS:listener could not hand off client connection
 
06-Apr-2014 18:33: Error handling operation: Listener refused the connection with the following error:
ORA-12518, TNS:listener could not hand off client connection
 
06-Apr-2014 18:33: Error handling operation: Listener refused the connection with the following error:
ORA-12518, TNS:listener could not hand off client connection
 
06-Apr-2014 18:33: Error handling operation: Listener refused the connection with the following error:
ORA-12518, TNS:listener could not hand off client connection
 
06-Apr-2014 18:33: Error handling operation: Listener refused the connection with the following error:
ORA-12518, TNS:listener could not hand off client connection
 
06-Apr-2014 18:33: Error handling operation: Listener refused the connection with the following error:
ORA-12518, TNS:listener could not hand off client connection
 
06-Apr-2014 18:33: Error handling operation: Listener refused the connection with the following error:
ORA-12518, TNS:listener could not hand off client connection
 
06-Apr-2014 18:33: Error handling operation: Listener refused the connection with the following error:
ORA-12519, TNS:no appropriate service handler found
 
06-Apr-2014 18:33: Error handling operation: Listener refused the connection with the following error:
ORA-12519, TNS:no appropriate service handler found
 
06-Apr-2014 18:33: Error handling operation: Listener refused the connection with the following error:
ORA-12519, TNS:no appropriate service handler found
 
06-Apr-2014 18:33: Error handling operation: Listener refused the connection with the following error:
ORA-12519, TNS:no appropriate service handler found
 
06-Apr-2014 18:33: Error handling operation: Listener refused the connection with the following error:
ORA-12519, TNS:no appropriate service handler found
 
06-Apr-2014 18:33: Error handling operation: Listener refused the connection with the following error:
ORA-12519, TNS:no appropriate service handler found
 
06-Apr-2014 18:33: Error handling operation: Listener refused the connection with the following error:
ORA-12519, TNS:no appropriate service handler found
 
06-Apr-2014 18:33: Error handling operation: Listener refused the connection with the following error:
ORA-12519, TNS:no appropriate service handler found
 
06-Apr-2014 18:33: Error handling operation: Listener refused the connection with the following error:
ORA-12519, TNS:no appropriate service handler found
 
06-Apr-2014 18:33: Error handling operation: Listener refused the connection with the following error:
ORA-12519, TNS:no appropriate service handler found
 
06-Apr-2014 18:33: Error handling operation: Listener refused the connection with the following error:
ORA-12519, TNS:no appropriate service handler found
 
06-Apr-2014 18:33: Error handling operation: Listener refused the connection with the following error:
ORA-12519, TNS:no appropriate service handler found
 
06-Apr-2014 18:33: Error handling operation: Listener refused the connection with the following error:
ORA-12519, TNS:no appropriate service handler found
 
06-Apr-2014 18:33: Error handling operation: Listener refused the connection with the following error:
ORA-12519, TNS:no appropriate service handler found
 
06-Apr-2014 18:33: Error handling operation: Listener refused the connection with the following error:
ORA-12519, TNS:no appropriate service handler found
 
06-Apr-2014 18:33: Error handling operation: Listener refused the connection with the following error:
ORA-12519, TNS:no appropriate service handler found
 
06-Apr-2014 18:33: Error handling operation: Listener refused the connection with the following error:
ORA-12519, TNS:no appropriate service handler found
 
06-Apr-2014 18:33: Error handling operation: Listener refused the connection with the following error:
ORA-12519, TNS:no appropriate service handler found
 
06-Apr-2014 18:33: Error handling operation: Listener refused the connection with the following error:
ORA-12519, TNS:no appropriate service handler found
 
06-Apr-2014 18:33: Error handling operation: Listener refused the connection with the following error:
ORA-12519, TNS:no appropriate service handler found
 
06-Apr-2014 18:33: Error handling operation: Listener refused the connection with the following error:
ORA-12519, TNS:no appropriate service handler found
 
06-Apr-2014 18:33: Error handling operation: Listener refused the connection with the following error:
ORA-12519, TNS:no appropriate service handler found
 
06-Apr-2014 18:33: Error handling operation: Listener refused the connection with the following error:
ORA-12519, TNS:no appropriate service handler found
 
06-Apr-2014 18:33: Error handling operation: Listener refused the connection with the following error:
ORA-12519, TNS:no appropriate service handler found
 
06-Apr-2014 18:33: Error handling operation: Listener refused the connection with the following error:
ORA-12519, TNS:no appropriate service handler found
 
06-Apr-2014 18:33: Error handling operation: Listener refused the connection with the following error:
ORA-12519, TNS:no appropriate service handler found
 
06-Apr-2014 18:33: Error handling operation: Listener refused the connection with the following error:
ORA-12519, TNS:no appropriate service handler found
 
06-Apr-2014 18:33: Error handling operation: Listener refused the connection with the following error:
ORA-12519, TNS:no appropriate service handler found
 
06-Apr-2014 18:33: Error handling operation: Listener refused the connection with the following error:
ORA-12519, TNS:no appropriate service handler found
 
06-Apr-2014 18:33: Error handling operation: Listener refused the connection with the following error:
ORA-12519, TNS:no appropriate service handler found
 
06-Apr-2014 18:33: Error handling operation: Listener refused the connection with the following error:
ORA-12519, TNS:no appropriate service handler found
 
06-Apr-2014 18:33: Error handling operation: Listener refused the connection with the following error:
ORA-12519, TNS:no appropriate service handler found
 
06-Apr-2014 18:33: Error handling operation: Listener refused the connection with the following error:
ORA-12519, TNS:no appropriate service handler found
 
06-Apr-2014 18:33: Error handling operation: Listener refused the connection with the following error:
ORA-12519, TNS:no appropriate service handler found
 
06-Apr-2014 18:33: Error handling operation: Listener refused the connection with the following error:
ORA-12519, TNS:no appropriate service handler found
 
06-Apr-2014 18:33: Error handling operation: Listener refused the connection with the following error:
ORA-12519, TNS:no appropriate service handler found
 
06-Apr-2014 18:33: Error handling operation: Listener refused the connection with the following error:
ORA-12519, TNS:no appropriate service handler found
 
06-Apr-2014 18:33: Error handling operation: Listener refused the connection with the following error:
ORA-12519, TNS:no appropriate service handler found
 
06-Apr-2014 18:33: Error handling operation: Listener refused the connection with the following error:
ORA-12519, TNS:no appropriate service handler found
 
06-Apr-2014 18:33: Error handling operation: Listener refused the connection with the following error:
ORA-12519, TNS:no appropriate service handler found
 
06-Apr-2014 18:33: Error handling operation: Listener refused the connection with the following error:
ORA-12519, TNS:no appropriate service handler found
 
06-Apr-2014 18:33: Error handling operation: Listener refused the connection with the following error:
ORA-12519, TNS:no appropriate service handler found
 
06-Apr-2014 18:33: Error handling operation: Listener refused the connection with the following error:
ORA-12519, TNS:no appropriate service handler found
 
06-Apr-2014 18:33: Error handling operation: Listener refused the connection with the following error:
ORA-12519, TNS:no appropriate service handler found
 
06-Apr-2014 18:33: Error handling operation: Listener refused the connection with the following error:
ORA-12519, TNS:no appropriate service handler found
 
06-Apr-2014 18:33: Error handling operation: Listener refused the connection with the following error:
ORA-12519, TNS:no appropriate service handler found
 
06-Apr-2014 18:33: Error handling operation: Listener refused the connection with the following error:
ORA-12519, TNS:no appropriate service handler found
 
06-Apr-2014 18:33: Error handling operation: Listener refused the connection with the following error:
ORA-12519, TNS:no appropriate service handler found
 
06-Apr-2014 18:33: Error handling operation: Listener refused the connection with the following error:
ORA-12519, TNS:no appropriate service handler found
 
06-Apr-2014 18:33: Error handling operation: Listener refused the connection with the following error:
ORA-12519, TNS:no appropriate service handler found
 
06-Apr-2014 18:33: Error handling operation: Listener refused the connection with the following error:
ORA-12519, TNS:no appropriate service handler found
 
06-Apr-2014 18:33: Error handling operation: Listener refused the connection with the following error:
ORA-12519, TNS:no appropriate service handler found
 
06-Apr-2014 18:33: Error handling operation: Listener refused the connection with the following error:
ORA-12519, TNS:no appropriate service handler found
 
06-Apr-2014 18:33: Error handling operation: Listener refused the connection with the following error:
ORA-12519, TNS:no appropriate service handler found
 
06-Apr-2014 18:33: Error handling operation: Listener refused the connection with the following error:
ORA-12519, TNS:no appropriate service handler found
 
06-Apr-2014 18:33: Error handling operation: Listener refused the connection with the following error:
ORA-12519, TNS:no appropriate service handler found
 
06-Apr-2014 18:33: Error handling operation: Listener refused the connection with the following error:
ORA-12519, TNS:no appropriate service handler found
 
06-Apr-2014 18:33: Error handling operation: Listener refused the connection with the following error:
ORA-12519, TNS:no appropriate service handler found
 
06-Apr-2014 18:33: Error handling operation: Listener refused the connection with the following error:
ORA-12519, TNS:no appropriate service handler found
 
06-Apr-2014 18:33: Error handling operation: Listener refused the connection with the following error:
ORA-12519, TNS:no appropriate service handler found
 
06-Apr-2014 18:33: Error handling operation: Listener refused the connection with the following error:
ORA-12519, TNS:no appropriate service handler found
 
06-Apr-2014 18:33: Error handling operation: Listener refused the connection with the following error:
ORA-12519, TNS:no appropriate service handler found
 
06-Apr-2014 18:33: Error handling operation: Listener refused the connection with the following error:
ORA-12519, TNS:no appropriate service handler found
 
06-Apr-2014 18:33: Error handling operation: Listener refused the connection with the following error:
ORA-12519, TNS:no appropriate service handler found
 
06-Apr-2014 18:33: Error handling operation: Listener refused the connection with the following error:
ORA-12519, TNS:no appropriate service handler found
 
06-Apr-2014 18:33: Error handling operation: Listener refused the connection with the following error:
ORA-12519, TNS:no appropriate service handler found
 
06-Apr-2014 18:33: Error handling operation: Listener refused the connection with the following error:
ORA-12519, TNS:no appropriate service handler found
 
06-Apr-2014 18:33: Error handling operation: Listener refused the connection with the following error:
ORA-12519, TNS:no appropriate service handler found
 
06-Apr-2014 18:33: Error handling operation: Listener refused the connection with the following error:
ORA-12519, TNS:no appropriate service handler found
 
06-Apr-2014 18:33: Error handling operation: Listener refused the connection with the following error:
ORA-12519, TNS:no appropriate service handler found
 
06-Apr-2014 18:33: Error handling operation: Listener refused the connection with the following error:
ORA-12519, TNS:no appropriate service handler found
 
06-Apr-2014 18:33: Error handling operation: Listener refused the connection with the following error:
ORA-12519, TNS:no appropriate service handler found
 
06-Apr-2014 18:33: Error handling operation: Listener refused the connection with the following error:
ORA-12519, TNS:no appropriate service handler found
 
06-Apr-2014 18:33: Error handling operation: Listener refused the connection with the following error:
ORA-12519, TNS:no appropriate service handler found
 
06-Apr-2014 18:33: Error handling operation: Listener refused the connection with the following error:
ORA-12519, TNS:no appropriate service handler found
 
06-Apr-2014 18:33: Error handling operation: Listener refused the connection with the following error:
ORA-12519, TNS:no appropriate service handler found
 
06-Apr-2014 18:33: Error handling operation: Listener refused the connection with the following error:
ORA-12519, TNS:no appropriate service handler found
 
06-Apr-2014 18:33: Error handling operation: Listener refused the connection with the following error:
ORA-12519, TNS:no appropriate service handler found
 
06-Apr-2014 18:33: Error handling operation: Listener refused the connection with the following error:
ORA-12519, TNS:no appropriate service handler found
 
06-Apr-2014 18:33: Error handling operation: Listener refused the connection with the following error:
ORA-12519, TNS:no appropriate service handler found
 
06-Apr-2014 18:33: Error handling operation: Listener refused the connection with the following error:
ORA-12519, TNS:no appropriate service handler found
 
06-Apr-2014 18:33: Error handling operation: Listener refused the connection with the following error:
ORA-12519, TNS:no appropriate service handler found
 
06-Apr-2014 18:33: Error handling operation: Listener refused the connection with the following error:
ORA-12519, TNS:no appropriate service handler found
 
06-Apr-2014 18:33: Error handling operation: Listener refused the connection with the following error:
ORA-12519, TNS:no appropriate service handler found
 
06-Apr-2014 18:33: Error handling operation: Listener refused the connection with the following error:
ORA-12519, TNS:no appropriate service handler found
 
06-Apr-2014 18:33: Error handling operation: Listener refused the connection with the following error:
ORA-12519, TNS:no appropriate service handler found
 
06-Apr-2014 18:33: Error handling operation: Listener refused the connection with the following error:
ORA-12519, TNS:no appropriate service handler found
 
06-Apr-2014 18:33: Error handling operation: Listener refused the connection with the following error:
ORA-12519, TNS:no appropriate service handler found
 
06-Apr-2014 18:33: Error handling operation: Listener refused the connection with the following error:
ORA-12519, TNS:no appropriate service handler found
 
06-Apr-2014 18:33: Error handling operation: Listener refused the connection with the following error:
ORA-12519, TNS:no appropriate service handler found
 
06-Apr-2014 18:33: Error handling operation: Listener refused the connection with the following error:
ORA-12519, TNS:no appropriate service handler found
 
06-Apr-2014 18:33: Error handling operation: Listener refused the connection with the following error:
ORA-12519, TNS:no appropriate service handler found
 
06-Apr-2014 18:33: Error handling operation: Listener refused the connection with the following error:
ORA-12519, TNS:no appropriate service handler found
 
06-Apr-2014 18:33: Error handling operation: Listener refused the connection with the following error:
ORA-12519, TNS:no appropriate service handler found
 
06-Apr-2014 18:33: Error handling operation: Listener refused the connection with the following error:
ORA-12519, TNS:no appropriate service handler found
 
06-Apr-2014 18:33: Error handling operation: Listener refused the connection with the following error:
ORA-12519, TNS:no appropriate service handler found
 
06-Apr-2014 18:33: Error handling operation: Listener refused the connection with the following error:
ORA-12519, TNS:no appropriate service handler found
 
06-Apr-2014 18:33: Error handling operation: Listener refused the connection with the following error:
ORA-12519, TNS:no appropriate service handler found
 
06-Apr-2014 18:33: Error handling operation: Listener refused the connection with the following error:
ORA-12519, TNS:no appropriate service handler found
 
06-Apr-2014 18:33: Error handling operation: IO Error: The Network Adapter could not establish the connection
06-Apr-2014 18:33: Error handling operation: IO Error: The Network Adapter could not establish the connection
06-Apr-2014 18:33: Error handling operation: IO Error: The Network Adapter could not establish the connection
06-Apr-2014 18:33: Error handling operation: IO Error: The Network Adapter could not establish the connection
06-Apr-2014 18:33: Error handling operation: IO Error: The Network Adapter could not establish the connection
06-Apr-2014 18:33: Error handling operation: IO Error: The Network Adapter could not establish the connection
06-Apr-2014 18:33: Error handling operation: IO Error: The Network Adapter could not establish the connection
06-Apr-2014 18:33: Error handling operation: IO Error: The Network Adapter could not establish the connection
06-Apr-2014 18:33: Error handling operation: IO Error: The Network Adapter could not establish the connection
06-Apr-2014 18:33: Error handling operation: IO Error: The Network Adapter could not establish the connection
06-Apr-2014 18:33: Error handling operation: IO Error: The Network Adapter could not establish the connection
06-Apr-2014 18:33: Error handling operation: IO Error: The Network Adapter could not establish the connection
06-Apr-2014 18:33: Error handling operation: IO Error: The Network Adapter could not establish the connection
06-Apr-2014 18:33: Error handling operation: Listener refused the connection with the following error:
ORA-12519, TNS:no appropriate service handler found
 
06-Apr-2014 18:33: Error handling operation: IO Error: The Network Adapter could not establish the connection
06-Apr-2014 18:33: Error handling operation: IO Error: The Network Adapter could not establish the connection
06-Apr-2014 18:33: Error handling operation: IO Error: The Network Adapter could not establish the connection
06-Apr-2014 18:33: Error handling operation: IO Error: The Network Adapter could not establish the connection
06-Apr-2014 18:33: Error handling operation: IO Error: The Network Adapter could not establish the connection
06-Apr-2014 18:33: Error handling operation: IO Error: The Network Adapter could not establish the connection
06-Apr-2014 18:33: Error handling operation: IO Error: The Network Adapter could not establish the connection
06-Apr-2014 18:33: Error handling operation: IO Error: The Network Adapter could not establish the connection
06-Apr-2014 18:33: Error handling operation: IO Error: The Network Adapter could not establish the connection
06-Apr-2014 18:33: Error handling operation: IO Error: The Network Adapter could not establish the connection
06-Apr-2014 18:33: Error handling operation: IO Error: The Network Adapter could not establish the connection
06-Apr-2014 18:33: Error handling operation: IO Error: The Network Adapter could not establish the connection
06-Apr-2014 18:33: Error handling operation: IO Error: The Network Adapter could not establish the connection
06-Apr-2014 18:33: Error handling operation: IO Error: The Network Adapter could not establish the connection
06-Apr-2014 18:33: Error handling operation: IO Error: The Network Adapter could not establish the connection
06-Apr-2014 18:33: Error handling operation: IO Error: The Network Adapter could not establish the connection
06-Apr-2014 18:33: Error handling operation: IO Error: The Network Adapter could not establish the connection
06-Apr-2014 18:33: Error handling operation: IO Error: The Network Adapter could not establish the connection
06-Apr-2014 18:33: Error handling operation: IO Error: The Network Adapter could not establish the connection
06-Apr-2014 18:33: Error handling operation: IO Error: The Network Adapter could not establish the connection
06-Apr-2014 18:33: Error handling operation: IO Error: The Network Adapter could not establish the connection
06-Apr-2014 18:33: Error handling operation: IO Error: The Network Adapter could not establish the connection
06-Apr-2014 18:33: Error handling operation: IO Error: The Network Adapter could not establish the connection
06-Apr-2014 18:33: Error handling operation: IO Error: The Network Adapter could not establish the connection
06-Apr-2014 18:33: Error handling operation: IO Error: The Network Adapter could not establish the connection
06-Apr-2014 18:33: Error handling operation: IO Error: The Network Adapter could not establish the connection
06-Apr-2014 18:33: Error handling operation: IO Error: The Network Adapter could not establish the connection
06-Apr-2014 18:33: Error handling operation: IO Error: The Network Adapter could not establish the connection
06-Apr-2014 18:33: Error handling operation: IO Error: The Network Adapter could not establish the connection
06-Apr-2014 18:33: Error handling operation: IO Error: The Network Adapter could not establish the connection
06-Apr-2014 18:33: Error handling operation: IO Error: The Network Adapter could not establish the connection
06-Apr-2014 18:33: Error handling operation: IO Error: The Network Adapter could not establish the connection
06-Apr-2014 18:33: Error handling operation: IO Error: The Network Adapter could not establish the connection
06-Apr-2014 18:33: Error handling operation: IO Error: The Network Adapter could not establish the connection
06-Apr-2014 18:33: Error handling operation: IO Error: The Network Adapter could not establish the connection
06-Apr-2014 18:33: Error handling operation: IO Error: The Network Adapter could not establish the connection
06-Apr-2014 18:33: Error handling operation: IO Error: The Network Adapter could not establish the connection
06-Apr-2014 18:33: Error handling operation: IO Error: The Network Adapter could not establish the connection
06-Apr-2014 18:33: Error handling operation: IO Error: The Network Adapter could not establish the connection
06-Apr-2014 18:33: Error handling operation: IO Error: The Network Adapter could not establish the connection
06-Apr-2014 18:33: Error handling operation: IO Error: The Network Adapter could not establish the connection
06-Apr-2014 18:33: Error handling operation: IO Error: The Network Adapter could not establish the connection
06-Apr-2014 18:33: Error handling operation: IO Error: The Network Adapter could not establish the connection
06-Apr-2014 18:33: Error handling operation: IO Error: The Network Adapter could not establish the connection
06-Apr-2014 18:33: Error handling operation: IO Error: The Network Adapter could not establish the connection
06-Apr-2014 18:33: Error handling operation: IO Error: The Network Adapter could not establish the connection
06-Apr-2014 18:33: Error handling operation: IO Error: The Network Adapter could not establish the connection
06-Apr-2014 18:33: Error handling operation: IO Error: The Network Adapter could not establish the connection
06-Apr-2014 18:33: Error handling operation: IO Error: The Network Adapter could not establish the connection
06-Apr-2014 18:33: Error handling operation: IO Error: The Network Adapter could not establish the connection
06-Apr-2014 18:33: Error handling operation: IO Error: The Network Adapter could not establish the connection
06-Apr-2014 18:33: Error handling operation: IO Error: The Network Adapter could not establish the connection
06-Apr-2014 18:33: Error handling operation: IO Error: The Network Adapter could not establish the connection
06-Apr-2014 18:33: Error handling operation: IO Error: The Network Adapter could not establish the connection
06-Apr-2014 18:33: Error handling operation: IO Error: The Network Adapter could not establish the connection
06-Apr-2014 18:33: Error handling operation: IO Error: The Network Adapter could not establish the connection
06-Apr-2014 18:33: Error handling operation: IO Error: The Network Adapter could not establish the connection
06-Apr-2014 18:33: Error handling operation: IO Error: The Network Adapter could not establish the connection
06-Apr-2014 18:33: Error handling operation: IO Error: The Network Adapter could not establish the connection
06-Apr-2014 18:33: Error handling operation: IO Error: The Network Adapter could not establish the connection
06-Apr-2014 18:33: Error handling operation: IO Error: The Network Adapter could not establish the connection
06-Apr-2014 18:33: Error handling operation: IO Error: The Network Adapter could not establish the connection
06-Apr-2014 18:33: Error handling operation: IO Error: The Network Adapter could not establish the connection
06-Apr-2014 18:33: Error handling operation: IO Error: The Network Adapter could not establish the connection
06-Apr-2014 18:33: Error handling operation: IO Error: The Network Adapter could not establish the connection
06-Apr-2014 18:33: Error handling operation: IO Error: The Network Adapter could not establish the connection
06-Apr-2014 18:33: Error handling operation: IO Error: The Network Adapter could not establish the connection
06-Apr-2014 18:33: Error handling operation: IO Error: The Network Adapter could not establish the connection
06-Apr-2014 18:33: Error handling operation: IO Error: The Network Adapter could not establish the connection
06-Apr-2014 18:33: Error handling operation: IO Error: The Network Adapter could not establish the connection
06-Apr-2014 18:33: Error handling operation: IO Error: The Network Adapter could not establish the connection
06-Apr-2014 18:33: Error handling operation: IO Error: The Network Adapter could not establish the connection
06-Apr-2014 18:33: Error handling operation: IO Error: The Network Adapter could not establish the connection
06-Apr-2014 18:33: Error handling operation: IO Error: The Network Adapter could not establish the connection
06-Apr-2014 18:33: Error handling operation: IO Error: The Network Adapter could not establish the connection
06-Apr-2014 18:33: Error handling operation: IO Error: The Network Adapter could not establish the connection
06-Apr-2014 18:33: Error handling operation: IO Error: The Network Adapter could not establish the connection
06-Apr-2014 18:33: Error handling operation: IO Error: The Network Adapter could not establish the connection
06-Apr-2014 18:33: Error handling operation: IO Error: The Network Adapter could not establish the connection
06-Apr-2014 18:33: Error handling operation: IO Error: The Network Adapter could not establish the connection
06-Apr-2014 18:33: Error handling operation: IO Error: The Network Adapter could not establish the connection
06-Apr-2014 18:33: Error handling operation: IO Error: The Network Adapter could not establish the connection
06-Apr-2014 18:33: Error handling operation: IO Error: The Network Adapter could not establish the connection
06-Apr-2014 18:33: Error handling operation: IO Error: The Network Adapter could not establish the connection
06-Apr-2014 18:33: Error handling operation: IO Error: The Network Adapter could not establish the connection
06-Apr-2014 18:33: Error handling operation: IO Error: The Network Adapter could not establish the connection
06-Apr-2014 18:33: Error handling operation: IO Error: The Network Adapter could not establish the connection
06-Apr-2014 18:33: Error handling operation: IO Error: The Network Adapter could not establish the connection
06-Apr-2014 18:33: Error handling operation: IO Error: The Network Adapter could not establish the connection
06-Apr-2014 18:33: Error handling operation: IO Error: The Network Adapter could not establish the connection
06-Apr-2014 18:33: Error handling operation: IO Error: The Network Adapter could not establish the connection
06-Apr-2014 18:33: Error handling operation: IO Error: The Network Adapter could not establish the connection
06-Apr-2014 18:33: Error handling operation: IO Error: The Network Adapter could not establish the connection
06-Apr-2014 18:33: Error handling operation: IO Error: The Network Adapter could not establish the connection
06-Apr-2014 18:33: Error handling operation: IO Error: The Network Adapter could not establish the connection
06-Apr-2014 18:33: Error handling operation: IO Error: The Network Adapter could not establish the connection
06-Apr-2014 18:33: Error handling operation: IO Error: The Network Adapter could not establish the connection
06-Apr-2014 18:33: Error handling operation: IO Error: The Network Adapter could not establish the connection
06-Apr-2014 18:33: Error handling operation: IO Error: The Network Adapter could not establish the connection
06-Apr-2014 18:33: Error handling operation: IO Error: The Network Adapter could not establish the connection
06-Apr-2014 18:33: Error handling operation: IO Error: The Network Adapter could not establish the connection
06-Apr-2014 18:33: Error handling operation: IO Error: The Network Adapter could not establish the connection
06-Apr-2014 18:33: Error handling operation: IO Error: The Network Adapter could not establish the connection
06-Apr-2014 18:33: Error handling operation: IO Error: The Network Adapter could not establish the connection
06-Apr-2014 18:33: Error handling operation: IO Error: The Network Adapter could not establish the connection
06-Apr-2014 18:33: Error handling operation: IO Error: The Network Adapter could not establish the connection
06-Apr-2014 18:33: Error handling operation: IO Error: The Network Adapter could not establish the connection
06-Apr-2014 18:33: Error handling operation: IO Error: The Network Adapter could not establish the connection
06-Apr-2014 18:33: Error handling operation: IO Error: The Network Adapter could not establish the connection
06-Apr-2014 18:33: Error handling operation: IO Error: The Network Adapter could not establish the connection
06-Apr-2014 18:33: Error handling operation: IO Error: The Network Adapter could not establish the connection
06-Apr-2014 18:33: Error handling operation: IO Error: The Network Adapter could not establish the connection
06-Apr-2014 18:33: Error handling operation: IO Error: The Network Adapter could not establish the connection
06-Apr-2014 18:33: Error handling operation: IO Error: The Network Adapter could not establish the connection
06-Apr-2014 18:33: Error handling operation: IO Error: The Network Adapter could not establish the connection
06-Apr-2014 18:33: Error handling operation: IO Error: The Network Adapter could not establish the connection
06-Apr-2014 18:33: Error handling operation: IO Error: The Network Adapter could not establish the connection
06-Apr-2014 18:33: Error handling operation: IO Error: The Network Adapter could not establish the connection
06-Apr-2014 18:33: Error handling operation: IO Error: The Network Adapter could not establish the connection
06-Apr-2014 18:33: Error handling operation: IO Error: The Network Adapter could not establish the connection
06-Apr-2014 18:33: Error handling operation: IO Error: The Network Adapter could not establish the connection
06-Apr-2014 18:33: Error handling operation: IO Error: The Network Adapter could not establish the connection
06-Apr-2014 18:33: Error handling operation: IO Error: The Network Adapter could not establish the connection
06-Apr-2014 18:33: Error handling operation: IO Error: The Network Adapter could not establish the connection
06-Apr-2014 18:33: Error handling operation: IO Error: The Network Adapter could not establish the connection
06-Apr-2014 18:33: Error handling operation: IO Error: The Network Adapter could not establish the connection
06-Apr-2014 18:33: Error handling operation: IO Error: The Network Adapter could not establish the connection
06-Apr-2014 18:33: Error handling operation: IO Error: The Network Adapter could not establish the connection
06-Apr-2014 18:33: Error handling operation: IO Error: The Network Adapter could not establish the connection
06-Apr-2014 18:33: Error handling operation: IO Error: The Network Adapter could not establish the connection
06-Apr-2014 18:33: Error handling operation: IO Error: The Network Adapter could not establish the connection
06-Apr-2014 18:33: Error handling operation: IO Error: The Network Adapter could not establish the connection
06-Apr-2014 18:33: Error handling operation: IO Error: The Network Adapter could not establish the connection
06-Apr-2014 18:33: Error handling operation: IO Error: The Network Adapter could not establish the connection
06-Apr-2014 18:33: Error handling operation: IO Error: The Network Adapter could not establish the connection
06-Apr-2014 18:33: Error handling operation: IO Error: The Network Adapter could not establish the connection
06-Apr-2014 18:33: Error handling operation: IO Error: The Network Adapter could not establish the connection
06-Apr-2014 18:33: Error handling operation: IO Error: The Network Adapter could not establish the connection
06-Apr-2014 18:33: Error handling operation: IO Error: The Network Adapter could not establish the connection
06-Apr-2014 18:33: Error handling operation: IO Error: The Network Adapter could not establish the connection
06-Apr-2014 18:33: Error handling operation: IO Error: The Network Adapter could not establish the connection
06-Apr-2014 18:33: Error handling operation: IO Error: The Network Adapter could not establish the connection
06-Apr-2014 18:33: Error handling operation: IO Error: The Network Adapter could not establish the connection
06-Apr-2014 18:33: Error handling operation: IO Error: The Network Adapter could not establish the connection
06-Apr-2014 18:33: Error handling operation: IO Error: The Network Adapter could not establish the connection
06-Apr-2014 18:33: Error handling operation: IO Error: The Network Adapter could not establish the connection
06-Apr-2014 18:33: Error handling operation: IO Error: The Network Adapter could not establish the connection
06-Apr-2014 18:33: Error handling operation: IO Error: The Network Adapter could not establish the connection
06-Apr-2014 18:33: Error handling operation: IO Error: The Network Adapter could not establish the connection
06-Apr-2014 18:33: Error handling operation: IO Error: The Network Adapter could not establish the connection
06-Apr-2014 18:33: Error handling operation: IO Error: The Network Adapter could not establish the connection
06-Apr-2014 18:33: Error handling operation: IO Error: The Network Adapter could not establish the connection
06-Apr-2014 18:33: Error handling operation: IO Error: The Network Adapter could not establish the connection
06-Apr-2014 18:33: Error handling operation: IO Error: The Network Adapter could not establish the connection
06-Apr-2014 18:33: Error handling operation: IO Error: The Network Adapter could not establish the connection
06-Apr-2014 18:33: Error handling operation: IO Error: The Network Adapter could not establish the connection
06-Apr-2014 18:33: Error handling operation: IO Error: The Network Adapter could not establish the connection
06-Apr-2014 18:33: Error handling operation: IO Error: The Network Adapter could not establish the connection
06-Apr-2014 18:33: Error handling operation: IO Error: The Network Adapter could not establish the connection
06-Apr-2014 18:33: Error handling operation: IO Error: The Network Adapter could not establish the connection
06-Apr-2014 18:33: Error handling operation: IO Error: The Network Adapter could not establish the connection
06-Apr-2014 18:33: Error handling operation: IO Error: The Network Adapter could not establish the connection
06-Apr-2014 18:33: Error handling operation: IO Error: The Network Adapter could not establish the connection
06-Apr-2014 18:33: Error handling operation: IO Error: The Network Adapter could not establish the connection
06-Apr-2014 18:33: Error handling operation: IO Error: The Network Adapter could not establish the connection
06-Apr-2014 18:33: Error handling operation: IO Error: The Network Adapter could not establish the connection
06-Apr-2014 18:33: Error handling operation: IO Error: The Network Adapter could not establish the connection
06-Apr-2014 18:33: Error handling operation: IO Error: The Network Adapter could not establish the connection
06-Apr-2014 18:33: Error handling operation: IO Error: The Network Adapter could not establish the connection
06-Apr-2014 18:33: Error handling operation: IO Error: The Network Adapter could not establish the connection
06-Apr-2014 18:33: Error handling operation: IO Error: The Network Adapter could not establish the connection
06-Apr-2014 18:33: Error handling operation: IO Error: The Network Adapter could not establish the connection
06-Apr-2014 18:33: Error handling operation: IO Error: The Network Adapter could not establish the connection
06-Apr-2014 18:33: Error handling operation: IO Error: The Network Adapter could not establish the connection
06-Apr-2014 18:33: Error handling operation: IO Error: The Network Adapter could not establish the connection
06-Apr-2014 18:33: Error handling operation: IO Error: The Network Adapter could not establish the connection
06-Apr-2014 18:33: Error handling operation: IO Error: The Network Adapter could not establish the connection
06-Apr-2014 18:33: Error handling operation: IO Error: The Network Adapter could not establish the connection
06-Apr-2014 18:33: Error handling operation: IO Error: The Network Adapter could not establish the connection
06-Apr-2014 18:33: Error handling operation: IO Error: The Network Adapter could not establish the connection
06-Apr-2014 18:33: Error handling operation: IO Error: The Network Adapter could not establish the connection
06-Apr-2014 18:33: Error handling operation: IO Error: The Network Adapter could not establish the connection
06-Apr-2014 18:33: Error handling operation: IO Error: The Network Adapter could not establish the connection
06-Apr-2014 18:33: Error handling operation: IO Error: The Network Adapter could not establish the connection
06-Apr-2014 18:33: Error handling operation: IO Error: The Network Adapter could not establish the connection
06-Apr-2014 18:33: Error handling operation: IO Error: The Network Adapter could not establish the connection
06-Apr-2014 18:33: Error handling operation: IO Error: The Network Adapter could not establish the connection
06-Apr-2014 18:33: Error handling operation: IO Error: The Network Adapter could not establish the connection
06-Apr-2014 18:33: Error handling operation: IO Error: The Network Adapter could not establish the connection
06-Apr-2014 18:33: Error handling operation: IO Error: The Network Adapter could not establish the connection
06-Apr-2014 18:33: Error handling operation: IO Error: The Network Adapter could not establish the connection
06-Apr-2014 18:33: Error handling operation: IO Error: The Network Adapter could not establish the connection
06-Apr-2014 18:33: Error handling operation: IO Error: The Network Adapter could not establish the connection
06-Apr-2014 18:33: Error handling operation: IO Error: The Network Adapter could not establish the connection
06-Apr-2014 18:33: Error handling query: IO Error: The Network Adapter could not establish the connection
06-Apr-2014 18:33: Error handling operation: IO Error: The Network Adapter could not establish the connection
06-Apr-2014 18:33: Error handling operation: Listener refused the connection with the following error:
ORA-12519, TNS:no appropriate service handler found
 
06-Apr-2014 18:33: Error handling operation: Listener refused the connection with the following error:
ORA-12519, TNS:no appropriate service handler found
 
06-Apr-2014 18:33: Error handling operation: Listener refused the connection with the following error:
ORA-12519, TNS:no appropriate service handler found
 
06-Apr-2014 18:33: Error handling operation: Listener refused the connection with the following error:
ORA-12519, TNS:no appropriate service handler found
 
06-Apr-2014 18:33: Error handling operation: Listener refused the connection with the following error:
ORA-12519, TNS:no appropriate service handler found
 
06-Apr-2014 18:33: Error handling operation: Listener refused the connection with the following error:
ORA-12519, TNS:no appropriate service handler found
 
06-Apr-2014 18:33: Error handling operation: Listener refused the connection with the following error:
ORA-12519, TNS:no appropriate service handler found
 
06-Apr-2014 18:33: Error handling operation: Listener refused the connection with the following error:
ORA-12519, TNS:no appropriate service handler found
 
06-Apr-2014 18:33: Error handling operation: Listener refused the connection with the following error:
ORA-12519, TNS:no appropriate service handler found
 
06-Apr-2014 18:33: Error handling operation: Listener refused the connection with the following error:
ORA-12519, TNS:no appropriate service handler found
 
06-Apr-2014 18:33: Error handling operation: Listener refused the connection with the following error:
ORA-12519, TNS:no appropriate service handler found
 
06-Apr-2014 18:33: Error handling operation: Listener refused the connection with the following error:
ORA-12519, TNS:no appropriate service handler found
 
06-Apr-2014 18:33: Error handling operation: Listener refused the connection with the following error:
ORA-12519, TNS:no appropriate service handler found
 
06-Apr-2014 18:33: Error handling operation: Listener refused the connection with the following error:
ORA-12519, TNS:no appropriate service handler found
 
06-Apr-2014 18:33: Error handling operation: Listener refused the connection with the following error:
ORA-12519, TNS:no appropriate service handler found
 
06-Apr-2014 18:33: Error handling operation: Listener refused the connection with the following error:
ORA-12519, TNS:no appropriate service handler found
 
06-Apr-2014 18:33: Error handling operation: Listener refused the connection with the following error:
ORA-12519, TNS:no appropriate service handler found
 
06-Apr-2014 18:33: Error handling operation: Listener refused the connection with the following error:
ORA-12519, TNS:no appropriate service handler found
 
06-Apr-2014 18:33: Error handling operation: Listener refused the connection with the following error:
ORA-12519, TNS:no appropriate service handler found
 
06-Apr-2014 18:33: Error handling operation: Listener refused the connection with the following error:
ORA-12519, TNS:no appropriate service handler found
 
06-Apr-2014 18:33: Error handling operation: Listener refused the connection with the following error:
ORA-12519, TNS:no appropriate service handler found
 
06-Apr-2014 18:33: Error handling operation: Listener refused the connection with the following error:
ORA-12519, TNS:no appropriate service handler found
 
06-Apr-2014 18:33: Error handling operation: Listener refused the connection with the following error:
ORA-12519, TNS:no appropriate service handler found
 
06-Apr-2014 18:33: Error handling operation: Listener refused the connection with the following error:
ORA-12519, TNS:no appropriate service handler found
 
06-Apr-2014 18:33: Error handling operation: Listener refused the connection with the following error:
ORA-12519, TNS:no appropriate service handler found
 
06-Apr-2014 18:33: Error handling operation: Listener refused the connection with the following error:
ORA-12519, TNS:no appropriate service handler found
 
06-Apr-2014 18:33: Error handling operation: Listener refused the connection with the following error:
ORA-12519, TNS:no appropriate service handler found
 
06-Apr-2014 18:33: Error handling operation: Listener refused the connection with the following error:
ORA-12519, TNS:no appropriate service handler found
 
06-Apr-2014 18:33: Error handling operation: Listener refused the connection with the following error:
ORA-12519, TNS:no appropriate service handler found
 
06-Apr-2014 18:33: Error handling operation: Listener refused the connection with the following error:
ORA-12519, TNS:no appropriate service handler found
 
06-Apr-2014 18:33: Error handling operation: Listener refused the connection with the following error:
ORA-12519, TNS:no appropriate service handler found
 
06-Apr-2014 18:33: Error handling operation: Listener refused the connection with the following error:
ORA-12519, TNS:no appropriate service handler found
 
06-Apr-2014 18:33: Error handling operation: Listener refused the connection with the following error:
ORA-12519, TNS:no appropriate service handler found
 
06-Apr-2014 18:33: Error handling operation: Listener refused the connection with the following error:
ORA-12519, TNS:no appropriate service handler found
 
06-Apr-2014 18:33: Error handling operation: Listener refused the connection with the following error:
ORA-12519, TNS:no appropriate service handler found
 
06-Apr-2014 18:33: Error handling operation: Listener refused the connection with the following error:
ORA-12519, TNS:no appropriate service handler found
 
06-Apr-2014 18:33: Error handling operation: Listener refused the connection with the following error:
ORA-12519, TNS:no appropriate service handler found
 
06-Apr-2014 18:33: Error handling operation: Listener refused the connection with the following error:
ORA-12519, TNS:no appropriate service handler found
 
06-Apr-2014 18:33: Error handling operation: Listener refused the connection with the following error:
ORA-12519, TNS:no appropriate service handler found
 
06-Apr-2014 18:33: Error handling operation: Listener refused the connection with the following error:
ORA-12519, TNS:no appropriate service handler found
 
06-Apr-2014 18:33: Error handling operation: Listener refused the connection with the following error:
ORA-12519, TNS:no appropriate service handler found
 
06-Apr-2014 18:33: Error handling operation: Listener refused the connection with the following error:
ORA-12519, TNS:no appropriate service handler found
 
06-Apr-2014 18:33: Error handling operation: Listener refused the connection with the following error:
ORA-12519, TNS:no appropriate service handler found
 
06-Apr-2014 18:33: Error handling operation: Listener refused the connection with the following error:
ORA-12519, TNS:no appropriate service handler found
 
06-Apr-2014 18:33: Error handling operation: Listener refused the connection with the following error:
ORA-12519, TNS:no appropriate service handler found
 
06-Apr-2014 18:33: Error handling operation: Listener refused the connection with the following error:
ORA-12519, TNS:no appropriate service handler found
 
06-Apr-2014 18:33: Error handling operation: Listener refused the connection with the following error:
ORA-12519, TNS:no appropriate service handler found
 
06-Apr-2014 18:33: Error handling operation: Listener refused the connection with the following error:
ORA-12519, TNS:no appropriate service handler found
 
06-Apr-2014 18:33: Error handling operation: Listener refused the connection with the following error:
ORA-12519, TNS:no appropriate service handler found
 
06-Apr-2014 18:33: Error handling operation: Listener refused the connection with the following error:
ORA-12519, TNS:no appropriate service handler found
 
06-Apr-2014 18:33: Error handling operation: Listener refused the connection with the following error:
ORA-12519, TNS:no appropriate service handler found
 
06-Apr-2014 18:33: Error handling operation: Listener refused the connection with the following error:
ORA-12519, TNS:no appropriate service handler found
 
06-Apr-2014 18:33: Error handling operation: Listener refused the connection with the following error:
ORA-12519, TNS:no appropriate service handler found
 
06-Apr-2014 18:33: Error handling operation: Listener refused the connection with the following error:
ORA-12519, TNS:no appropriate service handler found
 
06-Apr-2014 18:33: Error handling operation: Listener refused the connection with the following error:
ORA-12519, TNS:no appropriate service handler found
 
06-Apr-2014 18:33: Error handling operation: Listener refused the connection with the following error:
ORA-12519, TNS:no appropriate service handler found
 
06-Apr-2014 18:33: Error handling operation: Listener refused the connection with the following error:
ORA-12519, TNS:no appropriate service handler found
 
06-Apr-2014 18:33: Error handling operation: Listener refused the connection with the following error:
ORA-12519, TNS:no appropriate service handler found
 
06-Apr-2014 18:33: Error handling operation: Listener refused the connection with the following error:
ORA-12519, TNS:no appropriate service handler found
 
06-Apr-2014 18:33: Error handling operation: Listener refused the connection with the following error:
ORA-12519, TNS:no appropriate service handler found
 
06-Apr-2014 18:33: Error handling operation: Listener refused the connection with the following error:
ORA-12519, TNS:no appropriate service handler found
 
06-Apr-2014 18:33: Error handling operation: Listener refused the connection with the following error:
ORA-12519, TNS:no appropriate service handler found
 
06-Apr-2014 18:33: Error handling operation: Listener refused the connection with the following error:
ORA-12519, TNS:no appropriate service handler found
 
06-Apr-2014 18:33: Error handling operation: Listener refused the connection with the following error:
ORA-12519, TNS:no appropriate service handler found
 
06-Apr-2014 18:33: Error handling operation: Listener refused the connection with the following error:
ORA-12519, TNS:no appropriate service handler found
 
06-Apr-2014 18:33: Error handling operation: Listener refused the connection with the following error:
ORA-12519, TNS:no appropriate service handler found
 
06-Apr-2014 18:33: Error handling operation: Listener refused the connection with the following error:
ORA-12519, TNS:no appropriate service handler found
 
06-Apr-2014 18:33: Error handling operation: Listener refused the connection with the following error:
ORA-12519, TNS:no appropriate service handler found
 
06-Apr-2014 18:33: Error handling operation: Listener refused the connection with the following error:
ORA-12519, TNS:no appropriate service handler found
 
06-Apr-2014 18:33: Error handling operation: Listener refused the connection with the following error:
ORA-12519, TNS:no appropriate service handler found
 
06-Apr-2014 18:33: Error handling operation: Listener refused the connection with the following error:
ORA-12519, TNS:no appropriate service handler found
 
06-Apr-2014 18:33: Error handling operation: Listener refused the connection with the following error:
ORA-12519, TNS:no appropriate service handler found
 
06-Apr-2014 18:33: Error handling operation: Listener refused the connection with the following error:
ORA-12519, TNS:no appropriate service handler found
 
06-Apr-2014 18:33: Error handling operation: Listener refused the connection with the following error:
ORA-12519, TNS:no appropriate service handler found
 
06-Apr-2014 18:33: Error handling operation: Listener refused the connection with the following error:
ORA-12519, TNS:no appropriate service handler found
 
06-Apr-2014 18:33: Error handling operation: Listener refused the connection with the following error:
ORA-12519, TNS:no appropriate service handler found
 
06-Apr-2014 18:33: Error handling operation: Listener refused the connection with the following error:
ORA-12519, TNS:no appropriate service handler found
 
06-Apr-2014 18:33: Error handling operation: Listener refused the connection with the following error:
ORA-12519, TNS:no appropriate service handler found
 
06-Apr-2014 18:33: Error handling operation: Listener refused the connection with the following error:
ORA-12519, TNS:no appropriate service handler found
 
06-Apr-2014 18:33: Error handling operation: Listener refused the connection with the following error:
ORA-12519, TNS:no appropriate service handler found
 
06-Apr-2014 18:33: Error handling operation: Listener refused the connection with the following error:
ORA-12519, TNS:no appropriate service handler found
 
06-Apr-2014 18:33: Error handling operation: Listener refused the connection with the following error:
ORA-12519, TNS:no appropriate service handler found
 
06-Apr-2014 18:33: Error handling operation: Listener refused the connection with the following error:
ORA-12519, TNS:no appropriate service handler found
 
06-Apr-2014 18:33: Error handling operation: Listener refused the connection with the following error:
ORA-12519, TNS:no appropriate service handler found
 
06-Apr-2014 18:33: Error handling operation: Listener refused the connection with the following error:
ORA-12519, TNS:no appropriate service handler found
 
06-Apr-2014 18:33: Error handling operation: Listener refused the connection with the following error:
ORA-12519, TNS:no appropriate service handler found
 
06-Apr-2014 18:33: Error handling operation: Listener refused the connection with the following error:
ORA-12519, TNS:no appropriate service handler found
 
06-Apr-2014 18:33: Error handling operation: Listener refused the connection with the following error:
ORA-12519, TNS:no appropriate service handler found
 
06-Apr-2014 18:33: Error handling operation: Listener refused the connection with the following error:
ORA-12519, TNS:no appropriate service handler found
 
06-Apr-2014 18:33: Error handling operation: Listener refused the connection with the following error:
ORA-12519, TNS:no appropriate service handler found
 
06-Apr-2014 18:33: Error handling operation: Listener refused the connection with the following error:
ORA-12519, TNS:no appropriate service handler found
 
06-Apr-2014 18:33: Error handling operation: Listener refused the connection with the following error:
ORA-12519, TNS:no appropriate service handler found
 
06-Apr-2014 18:33: Error handling operation: Listener refused the connection with the following error:
ORA-12519, TNS:no appropriate service handler found
 
06-Apr-2014 18:33: Error handling operation: Listener refused the connection with the following error:
ORA-12519, TNS:no appropriate service handler found
 
06-Apr-2014 18:33: Error handling operation: Listener refused the connection with the following error:
ORA-12519, TNS:no appropriate service handler found
 
06-Apr-2014 18:33: Error handling operation: Listener refused the connection with the following error:
ORA-12519, TNS:no appropriate service handler found
 
06-Apr-2014 18:33: Error handling operation: Listener refused the connection with the following error:
ORA-12519, TNS:no appropriate service handler found
 
06-Apr-2014 18:33: Error handling operation: Listener refused the connection with the following error:
ORA-12519, TNS:no appropriate service handler found
 
06-Apr-2014 18:33: Error handling operation: Listener refused the connection with the following error:
ORA-12519, TNS:no appropriate service handler found
 
06-Apr-2014 18:34: Error handling operation: Listener refused the connection with the following error:
ORA-12519, TNS:no appropriate service handler found
 
06-Apr-2014 18:34: Error handling operation: Listener refused the connection with the following error:
ORA-12519, TNS:no appropriate service handler found
 
06-Apr-2014 18:34: Error handling operation: Listener refused the connection with the following error:
ORA-12519, TNS:no appropriate service handler found
 
06-Apr-2014 18:34: Error handling operation: Listener refused the connection with the following error:
ORA-12519, TNS:no appropriate service handler found
 
06-Apr-2014 18:34: Error handling operation: Listener refused the connection with the following error:
ORA-12519, TNS:no appropriate service handler found
 
06-Apr-2014 18:34: Error handling operation: Listener refused the connection with the following error:
ORA-12519, TNS:no appropriate service handler found
 
06-Apr-2014 18:34: Error handling operation: Listener refused the connection with the following error:
ORA-12519, TNS:no appropriate service handler found
 
06-Apr-2014 18:34: Error handling operation: Listener refused the connection with the following error:
ORA-12519, TNS:no appropriate service handler found
 
06-Apr-2014 18:34: Error handling operation: Listener refused the connection with the following error:
ORA-12519, TNS:no appropriate service handler found
 
06-Apr-2014 18:34: Error handling operation: Listener refused the connection with the following error:
ORA-12519, TNS:no appropriate service handler found
 
06-Apr-2014 18:34: Error handling operation: Listener refused the connection with the following error:
ORA-12519, TNS:no appropriate service handler found
 
06-Apr-2014 18:34: Error handling operation: Listener refused the connection with the following error:
ORA-12519, TNS:no appropriate service handler found
 
06-Apr-2014 18:34: Error handling operation: Listener refused the connection with the following error:
ORA-12519, TNS:no appropriate service handler found
 
06-Apr-2014 18:34: Error handling operation: Listener refused the connection with the following error:
ORA-12519, TNS:no appropriate service handler found
 
06-Apr-2014 18:34: Error handling operation: Listener refused the connection with the following error:
ORA-12519, TNS:no appropriate service handler found
 
06-Apr-2014 18:34: Error handling query: Listener refused the connection with the following error:
ORA-12519, TNS:no appropriate service handler found
 
06-Apr-2014 18:34: Error handling query: Listener refused the connection with the following error:
ORA-12519, TNS:no appropriate service handler found
 
06-Apr-2014 18:34: Error handling query: Listener refused the connection with the following error:
ORA-12519, TNS:no appropriate service handler found
 
06-Apr-2014 18:34: Error handling operation: Listener refused the connection with the following error:
ORA-12518, TNS:listener could not hand off client connection
 
06-Apr-2014 18:34: Error handling operation: Listener refused the connection with the following error:
ORA-12518, TNS:listener could not hand off client connection
 
06-Apr-2014 18:34: Error handling operation: Listener refused the connection with the following error:
ORA-12518, TNS:listener could not hand off client connection
 
06-Apr-2014 18:34: Error handling operation: Listener refused the connection with the following error:
ORA-12518, TNS:listener could not hand off client connection
 
06-Apr-2014 18:34: Error handling operation: Listener refused the connection with the following error:
ORA-12519, TNS:no appropriate service handler found
 
06-Apr-2014 18:34: Error handling operation: Listener refused the connection with the following error:
ORA-12519, TNS:no appropriate service handler found
 
06-Apr-2014 18:34: Error handling operation: Listener refused the connection with the following error:
ORA-12519, TNS:no appropriate service handler found
 
06-Apr-2014 18:34: Error handling operation: Listener refused the connection with the following error:
ORA-12519, TNS:no appropriate service handler found
 
06-Apr-2014 18:34: Error handling operation: Listener refused the connection with the following error:
ORA-12519, TNS:no appropriate service handler found
 
06-Apr-2014 18:34: Error handling operation: Listener refused the connection with the following error:
ORA-12519, TNS:no appropriate service handler found
 
06-Apr-2014 18:34: Error handling operation: Listener refused the connection with the following error:
ORA-12519, TNS:no appropriate service handler found
 
06-Apr-2014 18:34: Error handling operation: Listener refused the connection with the following error:
ORA-12519, TNS:no appropriate service handler found
 
06-Apr-2014 18:34: Error handling operation: Listener refused the connection with the following error:
ORA-12519, TNS:no appropriate service handler found
 
06-Apr-2014 18:34: Error handling operation: Listener refused the connection with the following error:
ORA-12519, TNS:no appropriate service handler found
 
06-Apr-2014 18:34: Error handling operation: Listener refused the connection with the following error:
ORA-12519, TNS:no appropriate service handler found
 
06-Apr-2014 18:34: Error handling operation: Listener refused the connection with the following error:
ORA-12519, TNS:no appropriate service handler found
 
06-Apr-2014 18:34: Error handling operation: Listener refused the connection with the following error:
ORA-12519, TNS:no appropriate service handler found
 
06-Apr-2014 18:34: Error handling operation: Listener refused the connection with the following error:
ORA-12519, TNS:no appropriate service handler found
 
06-Apr-2014 18:34: Error handling operation: Listener refused the connection with the following error:
ORA-12519, TNS:no appropriate service handler found
 
06-Apr-2014 18:34: Error handling operation: Listener refused the connection with the following error:
ORA-12519, TNS:no appropriate service handler found
 
06-Apr-2014 18:34: Error handling operation: Listener refused the connection with the following error:
ORA-12519, TNS:no appropriate service handler found
 
06-Apr-2014 18:34: Error handling operation: Listener refused the connection with the following error:
ORA-12519, TNS:no appropriate service handler found
 
06-Apr-2014 18:34: Error handling operation: Listener refused the connection with the following error:
ORA-12519, TNS:no appropriate service handler found
 
06-Apr-2014 18:34: Error handling operation: Listener refused the connection with the following error:
ORA-12519, TNS:no appropriate service handler found
 
06-Apr-2014 18:34: Error handling operation: Listener refused the connection with the following error:
ORA-12519, TNS:no appropriate service handler found
 
06-Apr-2014 18:34: Error handling operation: Listener refused the connection with the following error:
ORA-12519, TNS:no appropriate service handler found
 
06-Apr-2014 18:34: Error handling operation: Listener refused the connection with the following error:
ORA-12519, TNS:no appropriate service handler found
 
06-Apr-2014 18:34: Error handling operation: Listener refused the connection with the following error:
ORA-12519, TNS:no appropriate service handler found
 
06-Apr-2014 18:34: Error handling operation: Listener refused the connection with the following error:
ORA-12519, TNS:no appropriate service handler found
 
06-Apr-2014 18:34: Error handling operation: Listener refused the connection with the following error:
ORA-12519, TNS:no appropriate service handler found
 
06-Apr-2014 18:34: Error handling operation: Listener refused the connection with the following error:
ORA-12519, TNS:no appropriate service handler found
 
06-Apr-2014 18:34: Error handling operation: Listener refused the connection with the following error:
ORA-12519, TNS:no appropriate service handler found
 
06-Apr-2014 18:34: Error handling operation: Listener refused the connection with the following error:
ORA-12519, TNS:no appropriate service handler found
 
06-Apr-2014 18:34: Error handling operation: Listener refused the connection with the following error:
ORA-12519, TNS:no appropriate service handler found
 
06-Apr-2014 18:34: Error handling operation: Listener refused the connection with the following error:
ORA-12519, TNS:no appropriate service handler found
 
06-Apr-2014 18:34: Error handling operation: Listener refused the connection with the following error:
ORA-12519, TNS:no appropriate service handler found
 
06-Apr-2014 18:34: Error handling operation: Listener refused the connection with the following error:
ORA-12519, TNS:no appropriate service handler found
 
06-Apr-2014 18:34: Error handling operation: Listener refused the connection with the following error:
ORA-12519, TNS:no appropriate service handler found
 
06-Apr-2014 18:34: Error handling operation: Listener refused the connection with the following error:
ORA-12519, TNS:no appropriate service handler found
 
06-Apr-2014 18:34: Error handling operation: Listener refused the connection with the following error:
ORA-12519, TNS:no appropriate service handler found
 
06-Apr-2014 18:34: Error handling operation: Listener refused the connection with the following error:
ORA-12519, TNS:no appropriate service handler found
 
06-Apr-2014 18:34: Error handling operation: Listener refused the connection with the following error:
ORA-12519, TNS:no appropriate service handler found
 
06-Apr-2014 18:34: Error handling operation: Listener refused the connection with the following error:
ORA-12519, TNS:no appropriate service handler found
 
06-Apr-2014 18:34: Error handling operation: Listener refused the connection with the following error:
ORA-12519, TNS:no appropriate service handler found
 
06-Apr-2014 18:34: Error handling operation: Listener refused the connection with the following error:
ORA-12519, TNS:no appropriate service handler found
 
06-Apr-2014 18:34: Error handling operation: Listener refused the connection with the following error:
ORA-12519, TNS:no appropriate service handler found
 
06-Apr-2014 18:34: Error handling operation: Listener refused the connection with the following error:
ORA-12519, TNS:no appropriate service handler found
 
06-Apr-2014 18:34: Error handling operation: Listener refused the connection with the following error:
ORA-12519, TNS:no appropriate service handler found
 
06-Apr-2014 18:34: Error handling operation: Listener refused the connection with the following error:
ORA-12519, TNS:no appropriate service handler found
 
06-Apr-2014 18:34: Error handling operation: Listener refused the connection with the following error:
ORA-12519, TNS:no appropriate service handler found
 
06-Apr-2014 18:34: Error handling operation: Listener refused the connection with the following error:
ORA-12519, TNS:no appropriate service handler found
 
06-Apr-2014 18:34: Error handling operation: Listener refused the connection with the following error:
ORA-12519, TNS:no appropriate service handler found
 
06-Apr-2014 18:34: Error handling operation: Listener refused the connection with the following error:
ORA-12519, TNS:no appropriate service handler found
 
06-Apr-2014 18:34: Error handling operation: Listener refused the connection with the following error:
ORA-12519, TNS:no appropriate service handler found
 
06-Apr-2014 18:34: Error handling operation: Listener refused the connection with the following error:
ORA-12519, TNS:no appropriate service handler found
 
06-Apr-2014 18:34: Error handling operation: Listener refused the connection with the following error:
ORA-12519, TNS:no appropriate service handler found
 
06-Apr-2014 18:34: Error handling operation: Listener refused the connection with the following error:
ORA-12519, TNS:no appropriate service handler found
 
06-Apr-2014 18:34: Error handling operation: Listener refused the connection with the following error:
ORA-12519, TNS:no appropriate service handler found
 
06-Apr-2014 18:34: Error handling operation: Listener refused the connection with the following error:
ORA-12519, TNS:no appropriate service handler found
 
06-Apr-2014 18:34: Error handling operation: Listener refused the connection with the following error:
ORA-12519, TNS:no appropriate service handler found
 
06-Apr-2014 18:34: Error handling operation: Listener refused the connection with the following error:
ORA-12519, TNS:no appropriate service handler found
 
06-Apr-2014 18:34: Error handling operation: Listener refused the connection with the following error:
ORA-12519, TNS:no appropriate service handler found
 
06-Apr-2014 18:34: Error handling operation: Listener refused the connection with the following error:
ORA-12519, TNS:no appropriate service handler found
 
06-Apr-2014 18:34: Error handling operation: Listener refused the connection with the following error:
ORA-12519, TNS:no appropriate service handler found
 
06-Apr-2014 18:34: Error handling operation: Listener refused the connection with the following error:
ORA-12519, TNS:no appropriate service handler found
 
06-Apr-2014 18:34: Error handling operation: Listener refused the connection with the following error:
ORA-12519, TNS:no appropriate service handler found
 
06-Apr-2014 18:34: Error handling operation: Listener refused the connection with the following error:
ORA-12519, TNS:no appropriate service handler found
 
06-Apr-2014 18:34: Error handling operation: Listener refused the connection with the following error:
ORA-12519, TNS:no appropriate service handler found
 
06-Apr-2014 18:34: Error handling operation: Listener refused the connection with the following error:
ORA-12519, TNS:no appropriate service handler found
 
06-Apr-2014 18:34: Error handling operation: Listener refused the connection with the following error:
ORA-12519, TNS:no appropriate service handler found
 
06-Apr-2014 18:34: Error handling operation: Listener refused the connection with the following error:
ORA-12519, TNS:no appropriate service handler found
 
06-Apr-2014 18:34: Error handling operation: Listener refused the connection with the following error:
ORA-12519, TNS:no appropriate service handler found
 
06-Apr-2014 18:34: Error handling operation: Listener refused the connection with the following error:
ORA-12519, TNS:no appropriate service handler found
 
06-Apr-2014 18:34: Error handling operation: Listener refused the connection with the following error:
ORA-12519, TNS:no appropriate service handler found
 
06-Apr-2014 18:34: Error handling operation: Listener refused the connection with the following error:
ORA-12519, TNS:no appropriate service handler found
 
06-Apr-2014 18:34: Error handling operation: Listener refused the connection with the following error:
ORA-12519, TNS:no appropriate service handler found
 
06-Apr-2014 18:34: Error handling operation: Listener refused the connection with the following error:
ORA-12519, TNS:no appropriate service handler found
 
06-Apr-2014 18:34: Error handling operation: Listener refused the connection with the following error:
ORA-12519, TNS:no appropriate service handler found
 
06-Apr-2014 18:34: Error handling operation: Listener refused the connection with the following error:
ORA-12519, TNS:no appropriate service handler found
 
06-Apr-2014 18:34: Error handling operation: Listener refused the connection with the following error:
ORA-12519, TNS:no appropriate service handler found
 
06-Apr-2014 18:34: Error handling operation: Listener refused the connection with the following error:
ORA-12519, TNS:no appropriate service handler found
 
06-Apr-2014 18:34: Error handling operation: Listener refused the connection with the following error:
ORA-12519, TNS:no appropriate service handler found
 
06-Apr-2014 18:34: Error handling operation: Listener refused the connection with the following error:
ORA-12519, TNS:no appropriate service handler found
 
06-Apr-2014 18:34: Error handling operation: Listener refused the connection with the following error:
ORA-12519, TNS:no appropriate service handler found
 
06-Apr-2014 18:34: Error handling operation: Listener refused the connection with the following error:
ORA-12519, TNS:no appropriate service handler found
 
06-Apr-2014 18:34: Error handling operation: Listener refused the connection with the following error:
ORA-12519, TNS:no appropriate service handler found
 
06-Apr-2014 18:34: Error handling operation: Listener refused the connection with the following error:
ORA-12519, TNS:no appropriate service handler found
 
06-Apr-2014 18:34: Error handling operation: Listener refused the connection with the following error:
ORA-12519, TNS:no appropriate service handler found
 
06-Apr-2014 18:34: Error handling operation: Listener refused the connection with the following error:
ORA-12519, TNS:no appropriate service handler found
 
06-Apr-2014 18:34: Error handling operation: Listener refused the connection with the following error:
ORA-12519, TNS:no appropriate service handler found
 
06-Apr-2014 18:34: Error handling operation: Listener refused the connection with the following error:
ORA-12519, TNS:no appropriate service handler found
 
06-Apr-2014 18:34: Error handling operation: Listener refused the connection with the following error:
ORA-12519, TNS:no appropriate service handler found
 
06-Apr-2014 18:34: Error handling operation: Listener refused the connection with the following error:
ORA-12519, TNS:no appropriate service handler found
 
06-Apr-2014 18:34: Error handling operation: Listener refused the connection with the following error:
ORA-12519, TNS:no appropriate service handler found
 
06-Apr-2014 18:34: Error handling operation: Listener refused the connection with the following error:
ORA-12519, TNS:no appropriate service handler found
 
06-Apr-2014 18:34: Error handling operation: Listener refused the connection with the following error:
ORA-12519, TNS:no appropriate service handler found
 
06-Apr-2014 18:34: Error handling operation: Listener refused the connection with the following error:
ORA-12519, TNS:no appropriate service handler found
 
06-Apr-2014 18:34: Error handling operation: Listener refused the connection with the following error:
ORA-12519, TNS:no appropriate service handler found
 
06-Apr-2014 18:34: Error handling operation: Listener refused the connection with the following error:
ORA-12519, TNS:no appropriate service handler found
 
06-Apr-2014 18:34: Error handling operation: Listener refused the connection with the following error:
ORA-12519, TNS:no appropriate service handler found
 
06-Apr-2014 18:34: Error handling operation: Listener refused the connection with the following error:
ORA-12519, TNS:no appropriate service handler found
 
06-Apr-2014 18:34: Error handling operation: Listener refused the connection with the following error:
ORA-12519, TNS:no appropriate service handler found
 
06-Apr-2014 18:34: Error handling operation: Listener refused the connection with the following error:
ORA-12519, TNS:no appropriate service handler found
 
06-Apr-2014 18:34: Error handling operation: Listener refused the connection with the following error:
ORA-12519, TNS:no appropriate service handler found
 
06-Apr-2014 18:34: Error handling operation: Listener refused the connection with the following error:
ORA-12519, TNS:no appropriate service handler found
 
06-Apr-2014 18:34: Error handling operation: Listener refused the connection with the following error:
ORA-12519, TNS:no appropriate service handler found
 
06-Apr-2014 18:34: Error handling operation: Listener refused the connection with the following error:
ORA-12519, TNS:no appropriate service handler found
 
06-Apr-2014 18:34: Error handling operation: Listener refused the connection with the following error:
ORA-12519, TNS:no appropriate service handler found
 
06-Apr-2014 18:34: Error handling operation: Listener refused the connection with the following error:
ORA-12519, TNS:no appropriate service handler found
 
06-Apr-2014 18:34: Error handling operation: Listener refused the connection with the following error:
ORA-12519, TNS:no appropriate service handler found
 
06-Apr-2014 18:34: Error handling operation: Listener refused the connection with the following error:
ORA-12519, TNS:no appropriate service handler found
 
06-Apr-2014 18:34: Error handling operation: Listener refused the connection with the following error:
ORA-12519, TNS:no appropriate service handler found
 
06-Apr-2014 18:34: Error handling operation: Listener refused the connection with the following error:
ORA-12519, TNS:no appropriate service handler found
 
06-Apr-2014 18:34: Error handling operation: Listener refused the connection with the following error:
ORA-12519, TNS:no appropriate service handler found
 
06-Apr-2014 18:34: Error handling operation: Listener refused the connection with the following error:
ORA-12519, TNS:no appropriate service handler found
 
06-Apr-2014 18:34: Error handling operation: Listener refused the connection with the following error:
ORA-12518, TNS:listener could not hand off client connection
 
06-Apr-2014 18:34: Error handling operation: Listener refused the connection with the following error:
ORA-12518, TNS:listener could not hand off client connection
 
06-Apr-2014 18:34: Error handling operation: Listener refused the connection with the following error:
ORA-12518, TNS:listener could not hand off client connection
 
06-Apr-2014 18:34: Error handling operation: IO Error: The Network Adapter could not establish the connection
06-Apr-2014 18:34: Error handling operation: IO Error: The Network Adapter could not establish the connection
06-Apr-2014 18:34: Error handling operation: IO Error: The Network Adapter could not establish the connection
06-Apr-2014 18:34: Error handling operation: IO Error: The Network Adapter could not establish the connection
06-Apr-2014 18:34: Error handling operation: IO Error: The Network Adapter could not establish the connection
06-Apr-2014 18:34: Error handling operation: IO Error: The Network Adapter could not establish the connection
06-Apr-2014 18:34: Error handling operation: IO Error: The Network Adapter could not establish the connection
06-Apr-2014 18:34: Error handling operation: IO Error: The Network Adapter could not establish the connection
06-Apr-2014 18:34: Error handling operation: IO Error: The Network Adapter could not establish the connection
06-Apr-2014 18:34: Error handling operation: IO Error: The Network Adapter could not establish the connection
06-Apr-2014 18:34: Error handling operation: IO Error: The Network Adapter could not establish the connection
06-Apr-2014 18:34: Error handling operation: IO Error: The Network Adapter could not establish the connection
06-Apr-2014 18:34: Error handling operation: IO Error: The Network Adapter could not establish the connection
06-Apr-2014 18:34: Error handling operation: IO Error: The Network Adapter could not establish the connection
06-Apr-2014 18:34: Error handling operation: IO Error: The Network Adapter could not establish the connection
06-Apr-2014 18:34: Error handling operation: IO Error: The Network Adapter could not establish the connection
06-Apr-2014 18:34: Error handling operation: IO Error: The Network Adapter could not establish the connection
06-Apr-2014 18:34: Error handling operation: IO Error: The Network Adapter could not establish the connection
06-Apr-2014 18:34: Error handling operation: IO Error: The Network Adapter could not establish the connection
06-Apr-2014 18:34: Error handling operation: IO Error: The Network Adapter could not establish the connection
06-Apr-2014 18:34: Error handling operation: IO Error: The Network Adapter could not establish the connection
06-Apr-2014 18:34: Error handling operation: Listener refused the connection with the following error:
ORA-12518, TNS:listener could not hand off client connection
 
06-Apr-2014 18:34: Error handling operation: IO Error: The Network Adapter could not establish the connection
06-Apr-2014 18:34: Error handling operation: IO Error: The Network Adapter could not establish the connection
06-Apr-2014 18:34: Error handling operation: IO Error: The Network Adapter could not establish the connection
06-Apr-2014 18:34: Error handling operation: IO Error: The Network Adapter could not establish the connection
06-Apr-2014 18:34: Error handling operation: IO Error: The Network Adapter could not establish the connection
06-Apr-2014 18:34: Error handling operation: IO Error: The Network Adapter could not establish the connection
06-Apr-2014 18:34: Error handling operation: IO Error: The Network Adapter could not establish the connection
06-Apr-2014 18:34: Error handling operation: IO Error: The Network Adapter could not establish the connection
06-Apr-2014 18:34: Error handling operation: IO Error: The Network Adapter could not establish the connection
06-Apr-2014 18:34: Error handling operation: IO Error: The Network Adapter could not establish the connection
06-Apr-2014 18:34: Error handling operation: IO Error: The Network Adapter could not establish the connection
06-Apr-2014 18:34: Error handling operation: IO Error: The Network Adapter could not establish the connection
06-Apr-2014 18:34: Error handling operation: IO Error: The Network Adapter could not establish the connection
06-Apr-2014 18:34: Error handling operation: IO Error: The Network Adapter could not establish the connection
06-Apr-2014 18:34: Error handling operation: IO Error: The Network Adapter could not establish the connection
06-Apr-2014 18:34: Error handling operation: IO Error: The Network Adapter could not establish the connection
06-Apr-2014 18:34: Error handling operation: IO Error: The Network Adapter could not establish the connection
06-Apr-2014 18:34: Error handling operation: IO Error: The Network Adapter could not establish the connection
06-Apr-2014 18:34: Error handling operation: IO Error: The Network Adapter could not establish the connection
06-Apr-2014 18:34: Error handling operation: IO Error: The Network Adapter could not establish the connection
06-Apr-2014 18:34: Error handling operation: IO Error: The Network Adapter could not establish the connection
06-Apr-2014 18:34: Error handling operation: IO Error: The Network Adapter could not establish the connection
06-Apr-2014 18:34: Error handling operation: IO Error: The Network Adapter could not establish the connection
06-Apr-2014 18:34: Error handling operation: IO Error: The Network Adapter could not establish the connection
06-Apr-2014 18:34: Error handling operation: IO Error: The Network Adapter could not establish the connection
06-Apr-2014 18:34: Error handling operation: IO Error: The Network Adapter could not establish the connection
06-Apr-2014 18:34: Error handling operation: IO Error: The Network Adapter could not establish the connection
06-Apr-2014 18:34: Error handling operation: IO Error: The Network Adapter could not establish the connection
06-Apr-2014 18:34: Error handling operation: IO Error: The Network Adapter could not establish the connection
06-Apr-2014 18:34: Error handling operation: IO Error: The Network Adapter could not establish the connection
06-Apr-2014 18:34: Error handling operation: IO Error: The Network Adapter could not establish the connection
06-Apr-2014 18:34: Error handling operation: IO Error: The Network Adapter could not establish the connection
06-Apr-2014 18:34: Error handling operation: IO Error: The Network Adapter could not establish the connection
06-Apr-2014 18:34: Error handling operation: IO Error: The Network Adapter could not establish the connection
06-Apr-2014 18:34: Error handling operation: IO Error: The Network Adapter could not establish the connection
06-Apr-2014 18:34: Error handling operation: Listener refused the connection with the following error:
ORA-12518, TNS:listener could not hand off client connection
 
06-Apr-2014 18:34: Error handling operation: IO Error: The Network Adapter could not establish the connection
06-Apr-2014 18:34: Error handling operation: IO Error: The Network Adapter could not establish the connection
06-Apr-2014 18:34: Error handling operation: IO Error: The Network Adapter could not establish the connection
06-Apr-2014 18:34: Error handling operation: IO Error: The Network Adapter could not establish the connection
06-Apr-2014 18:34: Error handling operation: IO Error: The Network Adapter could not establish the connection
06-Apr-2014 18:34: Error handling operation: IO Error: The Network Adapter could not establish the connection
06-Apr-2014 18:34: Error handling operation: IO Error: The Network Adapter could not establish the connection
06-Apr-2014 18:34: Error handling operation: IO Error: The Network Adapter could not establish the connection
06-Apr-2014 18:34: Error handling operation: IO Error: The Network Adapter could not establish the connection
06-Apr-2014 18:34: Error handling operation: IO Error: The Network Adapter could not establish the connection
06-Apr-2014 18:34: Error handling operation: IO Error: The Network Adapter could not establish the connection
06-Apr-2014 18:34: Error handling operation: IO Error: The Network Adapter could not establish the connection
06-Apr-2014 18:34: Error handling operation: IO Error: The Network Adapter could not establish the connection
06-Apr-2014 18:34: Error handling operation: IO Error: The Network Adapter could not establish the connection
06-Apr-2014 18:34: Error handling operation: IO Error: The Network Adapter could not establish the connection
06-Apr-2014 18:34: Error handling operation: IO Error: The Network Adapter could not establish the connection
06-Apr-2014 18:34: Error handling operation: IO Error: The Network Adapter could not establish the connection
06-Apr-2014 18:34: Error handling operation: IO Error: The Network Adapter could not establish the connection
06-Apr-2014 18:34: Error handling operation: IO Error: The Network Adapter could not establish the connection
06-Apr-2014 18:34: Error handling operation: IO Error: The Network Adapter could not establish the connection
06-Apr-2014 18:34: Error handling operation: IO Error: The Network Adapter could not establish the connection
06-Apr-2014 18:34: Error handling operation: IO Error: The Network Adapter could not establish the connection
06-Apr-2014 18:34: Error handling operation: IO Error: The Network Adapter could not establish the connection
06-Apr-2014 18:34: Error handling operation: IO Error: The Network Adapter could not establish the connection
06-Apr-2014 18:34: Error handling operation: IO Error: The Network Adapter could not establish the connection
06-Apr-2014 18:34: Error handling operation: IO Error: The Network Adapter could not establish the connection
06-Apr-2014 18:34: Error handling operation: IO Error: The Network Adapter could not establish the connection
06-Apr-2014 18:34: Error handling operation: IO Error: The Network Adapter could not establish the connection
06-Apr-2014 18:34: Error handling operation: IO Error: The Network Adapter could not establish the connection
06-Apr-2014 18:34: Error handling operation: IO Error: The Network Adapter could not establish the connection
06-Apr-2014 18:34: Error handling operation: IO Error: The Network Adapter could not establish the connection
06-Apr-2014 18:34: Error handling operation: IO Error: The Network Adapter could not establish the connection
06-Apr-2014 18:34: Error handling operation: IO Error: The Network Adapter could not establish the connection
06-Apr-2014 18:34: Error handling operation: IO Error: The Network Adapter could not establish the connection
06-Apr-2014 18:34: Error handling operation: IO Error: The Network Adapter could not establish the connection
06-Apr-2014 18:34: Error handling operation: IO Error: The Network Adapter could not establish the connection
06-Apr-2014 18:34: Error handling operation: IO Error: The Network Adapter could not establish the connection
06-Apr-2014 18:34: Error handling operation: IO Error: The Network Adapter could not establish the connection
06-Apr-2014 18:34: Error handling operation: Listener refused the connection with the following error:
ORA-12518, TNS:listener could not hand off client connection
 
06-Apr-2014 18:34: Error handling operation: IO Error: The Network Adapter could not establish the connection
06-Apr-2014 18:34: Error handling operation: IO Error: The Network Adapter could not establish the connection
06-Apr-2014 18:34: Error handling operation: IO Error: The Network Adapter could not establish the connection
06-Apr-2014 18:34: Error handling operation: IO Error: The Network Adapter could not establish the connection
06-Apr-2014 18:34: Error handling operation: IO Error: The Network Adapter could not establish the connection
06-Apr-2014 18:34: Error handling operation: IO Error: The Network Adapter could not establish the connection
06-Apr-2014 18:34: Error handling operation: IO Error: The Network Adapter could not establish the connection
06-Apr-2014 18:34: Error handling operation: IO Error: The Network Adapter could not establish the connection
06-Apr-2014 18:34: Error handling operation: IO Error: The Network Adapter could not establish the connection
06-Apr-2014 18:34: Error handling operation: IO Error: The Network Adapter could not establish the connection
06-Apr-2014 18:34: Error handling operation: IO Error: The Network Adapter could not establish the connection
06-Apr-2014 18:34: Error handling operation: IO Error: The Network Adapter could not establish the connection
06-Apr-2014 18:34: Error handling operation: IO Error: The Network Adapter could not establish the connection
06-Apr-2014 18:34: Error handling operation: IO Error: The Network Adapter could not establish the connection
06-Apr-2014 18:34: Error handling operation: IO Error: The Network Adapter could not establish the connection
06-Apr-2014 18:34: Error handling operation: IO Error: The Network Adapter could not establish the connection
06-Apr-2014 18:34: Error handling operation: IO Error: The Network Adapter could not establish the connection
06-Apr-2014 18:34: Error handling operation: IO Error: The Network Adapter could not establish the connection
06-Apr-2014 18:34: Error handling operation: IO Error: The Network Adapter could not establish the connection
06-Apr-2014 18:34: Error handling operation: IO Error: The Network Adapter could not establish the connection
06-Apr-2014 18:34: Error handling operation: IO Error: The Network Adapter could not establish the connection
06-Apr-2014 18:34: Error handling operation: IO Error: The Network Adapter could not establish the connection
06-Apr-2014 18:34: Error handling operation: IO Error: The Network Adapter could not establish the connection
06-Apr-2014 18:34: Error handling operation: IO Error: The Network Adapter could not establish the connection
06-Apr-2014 18:34: Error handling operation: IO Error: The Network Adapter could not establish the connection
06-Apr-2014 18:34: Error handling operation: IO Error: The Network Adapter could not establish the connection
06-Apr-2014 18:34: Error handling operation: IO Error: The Network Adapter could not establish the connection
06-Apr-2014 18:34: Error handling operation: IO Error: The Network Adapter could not establish the connection
06-Apr-2014 18:34: Error handling operation: IO Error: The Network Adapter could not establish the connection
06-Apr-2014 18:34: Error handling operation: IO Error: The Network Adapter could not establish the connection
06-Apr-2014 18:34: Error handling operation: IO Error: The Network Adapter could not establish the connection
06-Apr-2014 18:34: Error handling operation: IO Error: The Network Adapter could not establish the connection
06-Apr-2014 18:34: Error handling operation: IO Error: The Network Adapter could not establish the connection
06-Apr-2014 18:34: Error handling operation: IO Error: The Network Adapter could not establish the connection
06-Apr-2014 18:34: Error handling operation: IO Error: The Network Adapter could not establish the connection
06-Apr-2014 18:34: Error handling operation: IO Error: The Network Adapter could not establish the connection
06-Apr-2014 18:34: Error handling operation: IO Error: The Network Adapter could not establish the connection
06-Apr-2014 18:34: Error handling operation: IO Error: The Network Adapter could not establish the connection
06-Apr-2014 18:34: Error handling operation: IO Error: The Network Adapter could not establish the connection
06-Apr-2014 18:34: Error handling operation: IO Error: The Network Adapter could not establish the connection
06-Apr-2014 18:34: Error handling operation: IO Error: The Network Adapter could not establish the connection
06-Apr-2014 18:34: Error handling operation: IO Error: The Network Adapter could not establish the connection
06-Apr-2014 18:34: Error handling operation: IO Error: The Network Adapter could not establish the connection
06-Apr-2014 18:34: Error handling operation: IO Error: The Network Adapter could not establish the connection
06-Apr-2014 18:34: Error handling operation: IO Error: The Network Adapter could not establish the connection
06-Apr-2014 18:34: Error handling operation: IO Error: The Network Adapter could not establish the connection
06-Apr-2014 18:34: Error handling operation: IO Error: The Network Adapter could not establish the connection
06-Apr-2014 18:34: Error handling operation: IO Error: The Network Adapter could not establish the connection
06-Apr-2014 18:34: Error handling operation: IO Error: The Network Adapter could not establish the connection
06-Apr-2014 18:34: Error handling operation: IO Error: The Network Adapter could not establish the connection
06-Apr-2014 18:34: Error handling operation: Listener refused the connection with the following error:
ORA-12518, TNS:listener could not hand off client connection
 
06-Apr-2014 18:34: Error handling operation: IO Error: The Network Adapter could not establish the connection
06-Apr-2014 18:34: Error handling operation: IO Error: The Network Adapter could not establish the connection
06-Apr-2014 18:34: Error handling operation: IO Error: The Network Adapter could not establish the connection
06-Apr-2014 18:34: Error handling operation: IO Error: The Network Adapter could not establish the connection
06-Apr-2014 18:34: Error handling operation: IO Error: The Network Adapter could not establish the connection
06-Apr-2014 18:34: Error handling operation: IO Error: The Network Adapter could not establish the connection
06-Apr-2014 18:34: Error handling operation: IO Error: The Network Adapter could not establish the connection
06-Apr-2014 18:34: Error handling operation: IO Error: The Network Adapter could not establish the connection
06-Apr-2014 18:34: Error handling operation: IO Error: The Network Adapter could not establish the connection
06-Apr-2014 18:34: Error handling operation: IO Error: The Network Adapter could not establish the connection
06-Apr-2014 18:34: Error handling operation: IO Error: The Network Adapter could not establish the connection
06-Apr-2014 18:34: Error handling operation: IO Error: The Network Adapter could not establish the connection
06-Apr-2014 18:34: Error handling operation: IO Error: The Network Adapter could not establish the connection
06-Apr-2014 18:34: Error handling operation: IO Error: The Network Adapter could not establish the connection
06-Apr-2014 18:34: Error handling operation: IO Error: The Network Adapter could not establish the connection
06-Apr-2014 18:34: Error handling operation: IO Error: The Network Adapter could not establish the connection
06-Apr-2014 18:34: Error handling operation: IO Error: The Network Adapter could not establish the connection
06-Apr-2014 18:34: Error handling operation: IO Error: The Network Adapter could not establish the connection
06-Apr-2014 18:34: Error handling operation: IO Error: The Network Adapter could not establish the connection
06-Apr-2014 18:34: Error handling operation: IO Error: The Network Adapter could not establish the connection
06-Apr-2014 18:34: Error handling operation: IO Error: The Network Adapter could not establish the connection
06-Apr-2014 18:34: Error handling operation: IO Error: The Network Adapter could not establish the connection
06-Apr-2014 18:34: Error handling operation: IO Error: The Network Adapter could not establish the connection
06-Apr-2014 18:34: Error handling operation: IO Error: The Network Adapter could not establish the connection
06-Apr-2014 18:34: Error handling operation: IO Error: The Network Adapter could not establish the connection
06-Apr-2014 18:34: Error handling operation: IO Error: The Network Adapter could not establish the connection
06-Apr-2014 18:34: Error handling operation: IO Error: The Network Adapter could not establish the connection
06-Apr-2014 18:34: Error handling operation: IO Error: The Network Adapter could not establish the connection
06-Apr-2014 18:34: Error handling operation: IO Error: The Network Adapter could not establish the connection
06-Apr-2014 18:34: Error handling operation: IO Error: The Network Adapter could not establish the connection
06-Apr-2014 18:34: Error handling operation: Listener refused the connection with the following error:
ORA-12518, TNS:listener could not hand off client connection
 
06-Apr-2014 18:34: Error handling operation: IO Error: The Network Adapter could not establish the connection
06-Apr-2014 18:34: Error handling operation: IO Error: The Network Adapter could not establish the connection
06-Apr-2014 18:34: Error handling operation: IO Error: The Network Adapter could not establish the connection
06-Apr-2014 18:34: Error handling operation: IO Error: The Network Adapter could not establish the connection
06-Apr-2014 18:34: Error handling operation: IO Error: The Network Adapter could not establish the connection
06-Apr-2014 18:34: Error handling operation: IO Error: The Network Adapter could not establish the connection
06-Apr-2014 18:34: Error handling operation: IO Error: The Network Adapter could not establish the connection
06-Apr-2014 18:34: Error handling operation: IO Error: The Network Adapter could not establish the connection
06-Apr-2014 18:34: Error handling operation: IO Error: The Network Adapter could not establish the connection
06-Apr-2014 18:34: Error handling operation: IO Error: The Network Adapter could not establish the connection
06-Apr-2014 18:34: Error handling operation: IO Error: The Network Adapter could not establish the connection
06-Apr-2014 18:34: Error handling operation: IO Error: The Network Adapter could not establish the connection
06-Apr-2014 18:34: Error handling operation: IO Error: The Network Adapter could not establish the connection
06-Apr-2014 18:34: Error handling operation: IO Error: The Network Adapter could not establish the connection
06-Apr-2014 18:34: Error handling operation: IO Error: The Network Adapter could not establish the connection
06-Apr-2014 18:34: Error handling operation: IO Error: The Network Adapter could not establish the connection
06-Apr-2014 18:34: Error handling operation: IO Error: The Network Adapter could not establish the connection
06-Apr-2014 18:34: Error handling operation: IO Error: The Network Adapter could not establish the connection
06-Apr-2014 18:34: Error handling operation: IO Error: The Network Adapter could not establish the connection
06-Apr-2014 18:34: Error handling operation: IO Error: The Network Adapter could not establish the connection
06-Apr-2014 18:34: Error handling operation: IO Error: The Network Adapter could not establish the connection
06-Apr-2014 18:34: Error handling operation: IO Error: The Network Adapter could not establish the connection
06-Apr-2014 18:34: Error handling operation: IO Error: The Network Adapter could not establish the connection
06-Apr-2014 18:34: Error handling operation: IO Error: The Network Adapter could not establish the connection
06-Apr-2014 18:34: Error handling operation: IO Error: The Network Adapter could not establish the connection
06-Apr-2014 18:34: Error handling operation: IO Error: The Network Adapter could not establish the connection
06-Apr-2014 18:34: Error handling operation: IO Error: The Network Adapter could not establish the connection
06-Apr-2014 18:34: Error handling operation: IO Error: The Network Adapter could not establish the connection
06-Apr-2014 18:34: Error handling operation: IO Error: The Network Adapter could not establish the connection
06-Apr-2014 18:34: Error handling operation: IO Error: The Network Adapter could not establish the connection
06-Apr-2014 18:34: Error handling operation: IO Error: The Network Adapter could not establish the connection
06-Apr-2014 18:34: Error handling operation: IO Error: The Network Adapter could not establish the connection
06-Apr-2014 18:34: Error handling operation: IO Error: The Network Adapter could not establish the connection
06-Apr-2014 18:34: Error handling operation: IO Error: The Network Adapter could not establish the connection
06-Apr-2014 18:34: Error handling operation: IO Error: The Network Adapter could not establish the connection
06-Apr-2014 18:34: Error handling operation: IO Error: The Network Adapter could not establish the connection
06-Apr-2014 18:34: Error handling operation: IO Error: The Network Adapter could not establish the connection
06-Apr-2014 18:34: Error handling operation: IO Error: The Network Adapter could not establish the connection
06-Apr-2014 18:34: Error handling operation: IO Error: The Network Adapter could not establish the connection
06-Apr-2014 18:34: Error handling operation: IO Error: The Network Adapter could not establish the connection
06-Apr-2014 18:34: Error handling operation: Listener refused the connection with the following error:
ORA-12518, TNS:listener could not hand off client connection
 
06-Apr-2014 18:34: Error handling operation: IO Error: The Network Adapter could not establish the connection
06-Apr-2014 18:34: Error handling operation: IO Error: The Network Adapter could not establish the connection
06-Apr-2014 18:34: Error handling operation: IO Error: The Network Adapter could not establish the connection
06-Apr-2014 18:34: Error handling operation: IO Error: The Network Adapter could not establish the connection
06-Apr-2014 18:34: Error handling operation: IO Error: The Network Adapter could not establish the connection
06-Apr-2014 18:34: Error handling operation: IO Error: The Network Adapter could not establish the connection
06-Apr-2014 18:34: Error handling operation: IO Error: The Network Adapter could not establish the connection
06-Apr-2014 18:34: Error handling operation: IO Error: The Network Adapter could not establish the connection
06-Apr-2014 18:34: Error handling operation: IO Error: The Network Adapter could not establish the connection
06-Apr-2014 18:34: Error handling operation: IO Error: The Network Adapter could not establish the connection
06-Apr-2014 18:34: Error handling operation: IO Error: The Network Adapter could not establish the connection
06-Apr-2014 18:34: Error handling operation: IO Error: The Network Adapter could not establish the connection
06-Apr-2014 18:34: Error handling operation: IO Error: The Network Adapter could not establish the connection
06-Apr-2014 18:34: Error handling operation: IO Error: The Network Adapter could not establish the connection
06-Apr-2014 18:34: Error handling operation: IO Error: The Network Adapter could not establish the connection
06-Apr-2014 18:34: Error handling operation: IO Error: The Network Adapter could not establish the connection
06-Apr-2014 18:34: Error handling operation: IO Error: The Network Adapter could not establish the connection
06-Apr-2014 18:34: Error handling operation: IO Error: The Network Adapter could not establish the connection
06-Apr-2014 18:34: Error handling operation: IO Error: The Network Adapter could not establish the connection
06-Apr-2014 18:34: Error handling operation: IO Error: The Network Adapter could not establish the connection
06-Apr-2014 18:34: Error handling operation: IO Error: The Network Adapter could not establish the connection
06-Apr-2014 18:34: Error handling operation: IO Error: The Network Adapter could not establish the connection
06-Apr-2014 18:34: Error handling operation: IO Error: The Network Adapter could not establish the connection
06-Apr-2014 18:34: Error handling operation: IO Error: The Network Adapter could not establish the connection
06-Apr-2014 18:34: Error handling operation: IO Error: The Network Adapter could not establish the connection
06-Apr-2014 18:34: Error handling operation: IO Error: The Network Adapter could not establish the connection
06-Apr-2014 18:34: Error handling operation: IO Error: The Network Adapter could not establish the connection
06-Apr-2014 18:34: Error handling operation: IO Error: The Network Adapter could not establish the connection
06-Apr-2014 18:34: Error handling operation: IO Error: The Network Adapter could not establish the connection
06-Apr-2014 18:34: Error handling operation: IO Error: The Network Adapter could not establish the connection
06-Apr-2014 18:34: Error handling operation: IO Error: The Network Adapter could not establish the connection
06-Apr-2014 18:34: Error handling operation: IO Error: The Network Adapter could not establish the connection
06-Apr-2014 18:34: Error handling operation: IO Error: The Network Adapter could not establish the connection
06-Apr-2014 18:34: Error handling operation: IO Error: The Network Adapter could not establish the connection
06-Apr-2014 18:34: Error handling operation: IO Error: The Network Adapter could not establish the connection
06-Apr-2014 18:34: Error handling operation: IO Error: The Network Adapter could not establish the connection
06-Apr-2014 18:34: Error handling operation: IO Error: The Network Adapter could not establish the connection
06-Apr-2014 18:34: Error handling operation: IO Error: The Network Adapter could not establish the connection
06-Apr-2014 18:34: Error handling operation: IO Error: The Network Adapter could not establish the connection
06-Apr-2014 18:34: Error handling operation: IO Error: The Network Adapter could not establish the connection
06-Apr-2014 18:34: Error handling operation: IO Error: The Network Adapter could not establish the connection
06-Apr-2014 18:34: Error handling operation: IO Error: The Network Adapter could not establish the connection
06-Apr-2014 18:34: Error handling operation: IO Error: The Network Adapter could not establish the connection
06-Apr-2014 18:34: Error handling operation: IO Error: The Network Adapter could not establish the connection
06-Apr-2014 18:34: Error handling operation: IO Error: The Network Adapter could not establish the connection
06-Apr-2014 18:34: Error handling operation: IO Error: The Network Adapter could not establish the connection
06-Apr-2014 18:34: Error handling operation: IO Error: The Network Adapter could not establish the connection
06-Apr-2014 18:34: Error handling operation: IO Error: The Network Adapter could not establish the connection
06-Apr-2014 18:34: Error handling operation: IO Error: The Network Adapter could not establish the connection
06-Apr-2014 18:34: Error handling operation: IO Error: The Network Adapter could not establish the connection
06-Apr-2014 18:34: Error handling operation: IO Error: The Network Adapter could not establish the connection
06-Apr-2014 18:34: Error handling operation: IO Error: The Network Adapter could not establish the connection
06-Apr-2014 18:34: Error handling operation: IO Error: The Network Adapter could not establish the connection
06-Apr-2014 18:34: Error handling operation: IO Error: The Network Adapter could not establish the connection
06-Apr-2014 18:34: Error handling operation: IO Error: The Network Adapter could not establish the connection
06-Apr-2014 18:34: Error handling operation: IO Error: The Network Adapter could not establish the connection
06-Apr-2014 18:34: Error handling operation: IO Error: The Network Adapter could not establish the connection
06-Apr-2014 18:34: Error handling operation: IO Error: The Network Adapter could not establish the connection
06-Apr-2014 18:34: Error handling operation: IO Error: The Network Adapter could not establish the connection
06-Apr-2014 18:34: Error handling operation: IO Error: The Network Adapter could not establish the connection
06-Apr-2014 18:34: Error handling operation: IO Error: The Network Adapter could not establish the connection
06-Apr-2014 18:34: Error handling operation: IO Error: The Network Adapter could not establish the connection
06-Apr-2014 18:34: Error handling operation: IO Error: The Network Adapter could not establish the connection
06-Apr-2014 18:34: Error handling operation: IO Error: The Network Adapter could not establish the connection
06-Apr-2014 18:34: Error handling operation: IO Error: The Network Adapter could not establish the connection
06-Apr-2014 18:34: Error handling operation: IO Error: The Network Adapter could not establish the connection
06-Apr-2014 18:34: Error handling operation: IO Error: The Network Adapter could not establish the connection
06-Apr-2014 18:34: Error handling operation: IO Error: The Network Adapter could not establish the connection
06-Apr-2014 18:34: Error handling operation: IO Error: The Network Adapter could not establish the connection
06-Apr-2014 18:34: Error handling operation: IO Error: The Network Adapter could not establish the connection
06-Apr-2014 18:34: Error handling operation: IO Error: The Network Adapter could not establish the connection
06-Apr-2014 18:34: Error handling operation: IO Error: The Network Adapter could not establish the connection
06-Apr-2014 18:34: Error handling operation: IO Error: The Network Adapter could not establish the connection
06-Apr-2014 18:34: Error handling operation: IO Error: The Network Adapter could not establish the connection
06-Apr-2014 18:34: Error handling operation: IO Error: The Network Adapter could not establish the connection
06-Apr-2014 18:34: Error handling operation: IO Error: The Network Adapter could not establish the connection
06-Apr-2014 18:34: Error handling operation: IO Error: The Network Adapter could not establish the connection
06-Apr-2014 18:34: Error handling operation: IO Error: The Network Adapter could not establish the connection
06-Apr-2014 18:34: Error handling operation: IO Error: The Network Adapter could not establish the connection
06-Apr-2014 18:34: Error handling operation: IO Error: The Network Adapter could not establish the connection
06-Apr-2014 18:34: Error handling operation: IO Error: The Network Adapter could not establish the connection
06-Apr-2014 18:34: Error handling query: IO Error: The Network Adapter could not establish the connection
06-Apr-2014 18:34: Error handling operation: IO Error: The Network Adapter could not establish the connection
06-Apr-2014 18:34: Error handling operation: IO Error: The Network Adapter could not establish the connection
06-Apr-2014 18:34: Error handling operation: IO Error: The Network Adapter could not establish the connection
06-Apr-2014 18:34: Error handling operation: IO Error: The Network Adapter could not establish the connection
06-Apr-2014 18:34: Error handling operation: IO Error: The Network Adapter could not establish the connection
06-Apr-2014 18:34: Error handling operation: IO Error: The Network Adapter could not establish the connection
06-Apr-2014 18:34: Error handling operation: IO Error: The Network Adapter could not establish the connection
06-Apr-2014 18:34: Error handling operation: IO Error: The Network Adapter could not establish the connection
06-Apr-2014 18:34: Error handling operation: Listener refused the connection with the following error:
ORA-12519, TNS:no appropriate service handler found
 
06-Apr-2014 18:34: Error handling operation: Listener refused the connection with the following error:
ORA-12519, TNS:no appropriate service handler found
 
06-Apr-2014 18:34: Error handling operation: Listener refused the connection with the following error:
ORA-12519, TNS:no appropriate service handler found
 
06-Apr-2014 18:34: Error handling operation: Listener refused the connection with the following error:
ORA-12519, TNS:no appropriate service handler found
 
06-Apr-2014 18:34: Error handling operation: Listener refused the connection with the following error:
ORA-12519, TNS:no appropriate service handler found
 
06-Apr-2014 18:34: Error handling operation: Listener refused the connection with the following error:
ORA-12519, TNS:no appropriate service handler found
 
06-Apr-2014 18:34: Error handling operation: Listener refused the connection with the following error:
ORA-12519, TNS:no appropriate service handler found
 
06-Apr-2014 18:34: Error handling operation: Listener refused the connection with the following error:
ORA-12519, TNS:no appropriate service handler found
 
06-Apr-2014 18:34: Error handling operation: Listener refused the connection with the following error:
ORA-12519, TNS:no appropriate service handler found
 
06-Apr-2014 18:34: Error handling operation: Listener refused the connection with the following error:
ORA-12519, TNS:no appropriate service handler found
 
06-Apr-2014 18:34: Error handling operation: Listener refused the connection with the following error:
ORA-12519, TNS:no appropriate service handler found
 
06-Apr-2014 18:34: Error handling operation: Listener refused the connection with the following error:
ORA-12519, TNS:no appropriate service handler found
 
06-Apr-2014 18:34: Error handling operation: Listener refused the connection with the following error:
ORA-12519, TNS:no appropriate service handler found
 
06-Apr-2014 18:34: Error handling operation: Listener refused the connection with the following error:
ORA-12519, TNS:no appropriate service handler found
 
06-Apr-2014 18:34: Error handling operation: Listener refused the connection with the following error:
ORA-12519, TNS:no appropriate service handler found
 
06-Apr-2014 18:34: Error handling operation: Listener refused the connection with the following error:
ORA-12519, TNS:no appropriate service handler found
 
06-Apr-2014 18:34: Error handling operation: Listener refused the connection with the following error:
ORA-12519, TNS:no appropriate service handler found
 
06-Apr-2014 18:34: Error handling operation: Listener refused the connection with the following error:
ORA-12519, TNS:no appropriate service handler found
 
06-Apr-2014 18:34: Error handling operation: Listener refused the connection with the following error:
ORA-12519, TNS:no appropriate service handler found
 
06-Apr-2014 18:34: Error handling operation: Listener refused the connection with the following error:
ORA-12519, TNS:no appropriate service handler found
 
06-Apr-2014 18:34: Error handling operation: Listener refused the connection with the following error:
ORA-12519, TNS:no appropriate service handler found
 
06-Apr-2014 18:34: Error handling operation: Listener refused the connection with the following error:
ORA-12519, TNS:no appropriate service handler found
 
06-Apr-2014 18:34: Error handling operation: Listener refused the connection with the following error:
ORA-12519, TNS:no appropriate service handler found
 
06-Apr-2014 18:34: Error handling operation: Listener refused the connection with the following error:
ORA-12519, TNS:no appropriate service handler found
 
06-Apr-2014 18:34: Error handling operation: Listener refused the connection with the following error:
ORA-12519, TNS:no appropriate service handler found
 
06-Apr-2014 18:34: Error handling operation: Listener refused the connection with the following error:
ORA-12519, TNS:no appropriate service handler found
 
06-Apr-2014 18:34: Error handling operation: Listener refused the connection with the following error:
ORA-12519, TNS:no appropriate service handler found
 
06-Apr-2014 18:34: Error handling operation: Listener refused the connection with the following error:
ORA-12519, TNS:no appropriate service handler found
 
06-Apr-2014 18:34: Error handling operation: Listener refused the connection with the following error:
ORA-12519, TNS:no appropriate service handler found
 
06-Apr-2014 18:34: Error handling operation: Listener refused the connection with the following error:
ORA-12519, TNS:no appropriate service handler found
 
06-Apr-2014 18:34: Error handling operation: Listener refused the connection with the following error:
ORA-12519, TNS:no appropriate service handler found
 
06-Apr-2014 18:34: Error handling operation: Listener refused the connection with the following error:
ORA-12519, TNS:no appropriate service handler found
 
06-Apr-2014 18:34: Error handling operation: Listener refused the connection with the following error:
ORA-12519, TNS:no appropriate service handler found
 
06-Apr-2014 18:34: Error handling operation: Listener refused the connection with the following error:
ORA-12519, TNS:no appropriate service handler found
 
06-Apr-2014 18:35: Error handling operation: Listener refused the connection with the following error:
ORA-12519, TNS:no appropriate service handler found
 
06-Apr-2014 18:35: Error handling operation: Listener refused the connection with the following error:
ORA-12519, TNS:no appropriate service handler found
 
06-Apr-2014 18:35: Error handling operation: Listener refused the connection with the following error:
ORA-12519, TNS:no appropriate service handler found
 
06-Apr-2014 18:35: Error handling operation: Listener refused the connection with the following error:
ORA-12519, TNS:no appropriate service handler found
 
06-Apr-2014 18:35: Error handling operation: Listener refused the connection with the following error:
ORA-12519, TNS:no appropriate service handler found
 
06-Apr-2014 18:35: Error handling operation: Listener refused the connection with the following error:
ORA-12519, TNS:no appropriate service handler found
 
06-Apr-2014 18:35: Error handling operation: Listener refused the connection with the following error:
ORA-12519, TNS:no appropriate service handler found
 
06-Apr-2014 18:35: Error handling operation: Listener refused the connection with the following error:
ORA-12519, TNS:no appropriate service handler found
 
06-Apr-2014 18:35: Error handling operation: Listener refused the connection with the following error:
ORA-12519, TNS:no appropriate service handler found
 
06-Apr-2014 18:35: Error handling operation: Listener refused the connection with the following error:
ORA-12519, TNS:no appropriate service handler found
 
06-Apr-2014 18:35: Error handling operation: Listener refused the connection with the following error:
ORA-12519, TNS:no appropriate service handler found
 
06-Apr-2014 18:35: Error handling operation: Listener refused the connection with the following error:
ORA-12519, TNS:no appropriate service handler found
 
06-Apr-2014 18:35: Error handling operation: Listener refused the connection with the following error:
ORA-12519, TNS:no appropriate service handler found
 
06-Apr-2014 18:35: Error handling operation: Listener refused the connection with the following error:
ORA-12519, TNS:no appropriate service handler found
 
06-Apr-2014 18:35: Error handling operation: Listener refused the connection with the following error:
ORA-12519, TNS:no appropriate service handler found
 
06-Apr-2014 18:35: Error handling operation: Listener refused the connection with the following error:
ORA-12519, TNS:no appropriate service handler found
 
06-Apr-2014 18:35: Error handling operation: Listener refused the connection with the following error:
ORA-12519, TNS:no appropriate service handler found
 
06-Apr-2014 18:35: Error handling operation: Listener refused the connection with the following error:
ORA-12519, TNS:no appropriate service handler found
 
06-Apr-2014 18:35: Error handling operation: Listener refused the connection with the following error:
ORA-12519, TNS:no appropriate service handler found
 
06-Apr-2014 18:35: Error handling operation: Listener refused the connection with the following error:
ORA-12519, TNS:no appropriate service handler found
 
06-Apr-2014 18:35: Error handling operation: Listener refused the connection with the following error:
ORA-12519, TNS:no appropriate service handler found
 
06-Apr-2014 18:35: Error handling operation: Listener refused the connection with the following error:
ORA-12519, TNS:no appropriate service handler found
 
06-Apr-2014 18:35: Error handling query: Listener refused the connection with the following error:
ORA-12519, TNS:no appropriate service handler found
 
06-Apr-2014 18:35: Error handling query: Listener refused the connection with the following error:
ORA-12519, TNS:no appropriate service handler found
 
06-Apr-2014 18:35: Error handling query: Listener refused the connection with the following error:
ORA-12519, TNS:no appropriate service handler found
 
06-Apr-2014 18:36: Index: 1, Size: 1
06-Apr-2014 18:36: Index: 2, Size: 1
06-Apr-2014 18:36: Index: 3, Size: 1
06-Apr-2014 18:36: Index: 2, Size: 2
06-Apr-2014 18:36: Index: 3, Size: 2
06-Apr-2014 18:37: Error handling operation: ORA-00933: SQL command not properly ended

06-Apr-2014 18:40: Index: 1, Size: 1
06-Apr-2014 18:40: Index: 2, Size: 1
06-Apr-2014 18:40: Index: 3, Size: 1
06-Apr-2014 18:40: Index: 2, Size: 2
06-Apr-2014 18:40: Index: 3, Size: 2
06-Apr-2014 18:41: Error handling operation: ORA-00933: SQL command not properly ended

06-Apr-2014 18:43: Error handling operation: Listener refused the connection with the following error:
ORA-12518, TNS:listener could not hand off client connection
 
06-Apr-2014 18:43: Error handling operation: Listener refused the connection with the following error:
ORA-12518, TNS:listener could not hand off client connection
 
06-Apr-2014 18:43: Error handling operation: Listener refused the connection with the following error:
ORA-12518, TNS:listener could not hand off client connection
 
06-Apr-2014 18:43: Error handling operation: Listener refused the connection with the following error:
ORA-12518, TNS:listener could not hand off client connection
 
06-Apr-2014 18:43: Error handling operation: Listener refused the connection with the following error:
ORA-12518, TNS:listener could not hand off client connection
 
06-Apr-2014 18:43: Error handling operation: Listener refused the connection with the following error:
ORA-12518, TNS:listener could not hand off client connection
 
06-Apr-2014 18:43: Error handling operation: Listener refused the connection with the following error:
ORA-12518, TNS:listener could not hand off client connection
 
06-Apr-2014 18:43: Error handling operation: Listener refused the connection with the following error:
ORA-12518, TNS:listener could not hand off client connection
 
06-Apr-2014 18:43: Error handling operation: Listener refused the connection with the following error:
ORA-12518, TNS:listener could not hand off client connection
 
06-Apr-2014 18:43: Error handling operation: Listener refused the connection with the following error:
ORA-12518, TNS:listener could not hand off client connection
 
06-Apr-2014 18:43: Error handling operation: Listener refused the connection with the following error:
ORA-12519, TNS:no appropriate service handler found
 
06-Apr-2014 18:43: Error handling operation: Listener refused the connection with the following error:
ORA-12519, TNS:no appropriate service handler found
 
06-Apr-2014 18:43: Error handling operation: Listener refused the connection with the following error:
ORA-12519, TNS:no appropriate service handler found
 
06-Apr-2014 18:43: Error handling operation: Listener refused the connection with the following error:
ORA-12519, TNS:no appropriate service handler found
 
06-Apr-2014 18:43: Error handling operation: Listener refused the connection with the following error:
ORA-12518, TNS:listener could not hand off client connection
 
06-Apr-2014 18:43: Error handling operation: Listener refused the connection with the following error:
ORA-12518, TNS:listener could not hand off client connection
 
06-Apr-2014 18:43: Error handling operation: Listener refused the connection with the following error:
ORA-12518, TNS:listener could not hand off client connection
 
06-Apr-2014 18:43: Error handling operation: Listener refused the connection with the following error:
ORA-12518, TNS:listener could not hand off client connection
 
06-Apr-2014 18:43: Error handling operation: Listener refused the connection with the following error:
ORA-12518, TNS:listener could not hand off client connection
 
06-Apr-2014 18:43: Error handling operation: Listener refused the connection with the following error:
ORA-12518, TNS:listener could not hand off client connection
 
06-Apr-2014 18:43: Error handling operation: Listener refused the connection with the following error:
ORA-12518, TNS:listener could not hand off client connection
 
06-Apr-2014 18:43: Error handling operation: Listener refused the connection with the following error:
ORA-12519, TNS:no appropriate service handler found
 
06-Apr-2014 18:43: Error handling operation: Listener refused the connection with the following error:
ORA-12519, TNS:no appropriate service handler found
 
06-Apr-2014 18:43: Error handling operation: Listener refused the connection with the following error:
ORA-12519, TNS:no appropriate service handler found
 
06-Apr-2014 18:43: Error handling operation: Listener refused the connection with the following error:
ORA-12519, TNS:no appropriate service handler found
 
06-Apr-2014 18:43: Error handling operation: Listener refused the connection with the following error:
ORA-12519, TNS:no appropriate service handler found
 
06-Apr-2014 18:43: Error handling operation: Listener refused the connection with the following error:
ORA-12519, TNS:no appropriate service handler found
 
06-Apr-2014 18:43: Error handling operation: Listener refused the connection with the following error:
ORA-12519, TNS:no appropriate service handler found
 
06-Apr-2014 18:43: Error handling operation: Listener refused the connection with the following error:
ORA-12519, TNS:no appropriate service handler found
 
06-Apr-2014 18:43: Error handling operation: Listener refused the connection with the following error:
ORA-12519, TNS:no appropriate service handler found
 
06-Apr-2014 18:43: Error handling operation: Listener refused the connection with the following error:
ORA-12519, TNS:no appropriate service handler found
 
06-Apr-2014 18:43: Error handling operation: Listener refused the connection with the following error:
ORA-12519, TNS:no appropriate service handler found
 
06-Apr-2014 18:43: Error handling operation: Listener refused the connection with the following error:
ORA-12519, TNS:no appropriate service handler found
 
06-Apr-2014 18:43: Error handling operation: Listener refused the connection with the following error:
ORA-12519, TNS:no appropriate service handler found
 
06-Apr-2014 18:43: Error handling operation: Listener refused the connection with the following error:
ORA-12519, TNS:no appropriate service handler found
 
06-Apr-2014 18:43: Error handling operation: Listener refused the connection with the following error:
ORA-12519, TNS:no appropriate service handler found
 
06-Apr-2014 18:43: Error handling operation: Listener refused the connection with the following error:
ORA-12519, TNS:no appropriate service handler found
 
06-Apr-2014 18:43: Error handling operation: Listener refused the connection with the following error:
ORA-12519, TNS:no appropriate service handler found
 
06-Apr-2014 18:43: Error handling operation: Listener refused the connection with the following error:
ORA-12519, TNS:no appropriate service handler found
 
06-Apr-2014 18:43: Error handling operation: Listener refused the connection with the following error:
ORA-12519, TNS:no appropriate service handler found
 
06-Apr-2014 18:43: Error handling operation: Listener refused the connection with the following error:
ORA-12519, TNS:no appropriate service handler found
 
06-Apr-2014 18:43: Error handling operation: Listener refused the connection with the following error:
ORA-12519, TNS:no appropriate service handler found
 
06-Apr-2014 18:43: Error handling operation: Listener refused the connection with the following error:
ORA-12519, TNS:no appropriate service handler found
 
06-Apr-2014 18:43: Error handling operation: Listener refused the connection with the following error:
ORA-12519, TNS:no appropriate service handler found
 
06-Apr-2014 18:43: Error handling operation: Listener refused the connection with the following error:
ORA-12519, TNS:no appropriate service handler found
 
06-Apr-2014 18:43: Error handling operation: Listener refused the connection with the following error:
ORA-12519, TNS:no appropriate service handler found
 
06-Apr-2014 18:43: Error handling operation: Listener refused the connection with the following error:
ORA-12519, TNS:no appropriate service handler found
 
06-Apr-2014 18:43: Error handling operation: Listener refused the connection with the following error:
ORA-12519, TNS:no appropriate service handler found
 
06-Apr-2014 18:43: Error handling operation: Listener refused the connection with the following error:
ORA-12519, TNS:no appropriate service handler found
 
06-Apr-2014 18:43: Error handling operation: Listener refused the connection with the following error:
ORA-12519, TNS:no appropriate service handler found
 
06-Apr-2014 18:43: Error handling operation: Listener refused the connection with the following error:
ORA-12519, TNS:no appropriate service handler found
 
06-Apr-2014 18:43: Error handling operation: Listener refused the connection with the following error:
ORA-12519, TNS:no appropriate service handler found
 
06-Apr-2014 18:43: Error handling operation: Listener refused the connection with the following error:
ORA-12519, TNS:no appropriate service handler found
 
06-Apr-2014 18:43: Error handling operation: Listener refused the connection with the following error:
ORA-12519, TNS:no appropriate service handler found
 
06-Apr-2014 18:43: Error handling operation: Listener refused the connection with the following error:
ORA-12519, TNS:no appropriate service handler found
 
06-Apr-2014 18:43: Error handling operation: Listener refused the connection with the following error:
ORA-12519, TNS:no appropriate service handler found
 
06-Apr-2014 18:43: Error handling operation: Listener refused the connection with the following error:
ORA-12519, TNS:no appropriate service handler found
 
06-Apr-2014 18:43: Error handling operation: Listener refused the connection with the following error:
ORA-12519, TNS:no appropriate service handler found
 
06-Apr-2014 18:43: Error handling operation: Listener refused the connection with the following error:
ORA-12519, TNS:no appropriate service handler found
 
06-Apr-2014 18:43: Error handling operation: Listener refused the connection with the following error:
ORA-12519, TNS:no appropriate service handler found
 
06-Apr-2014 18:43: Error handling operation: Listener refused the connection with the following error:
ORA-12519, TNS:no appropriate service handler found
 
06-Apr-2014 18:43: Error handling operation: Listener refused the connection with the following error:
ORA-12519, TNS:no appropriate service handler found
 
06-Apr-2014 18:43: Error handling operation: Listener refused the connection with the following error:
ORA-12519, TNS:no appropriate service handler found
 
06-Apr-2014 18:43: Error handling operation: Listener refused the connection with the following error:
ORA-12519, TNS:no appropriate service handler found
 
06-Apr-2014 18:43: Error handling operation: Listener refused the connection with the following error:
ORA-12519, TNS:no appropriate service handler found
 
06-Apr-2014 18:43: Error handling operation: Listener refused the connection with the following error:
ORA-12519, TNS:no appropriate service handler found
 
06-Apr-2014 18:43: Error handling operation: Listener refused the connection with the following error:
ORA-12519, TNS:no appropriate service handler found
 
06-Apr-2014 18:43: Error handling operation: Listener refused the connection with the following error:
ORA-12519, TNS:no appropriate service handler found
 
06-Apr-2014 18:43: Error handling operation: Listener refused the connection with the following error:
ORA-12519, TNS:no appropriate service handler found
 
06-Apr-2014 18:43: Error handling operation: Listener refused the connection with the following error:
ORA-12519, TNS:no appropriate service handler found
 
06-Apr-2014 18:43: Error handling operation: Listener refused the connection with the following error:
ORA-12519, TNS:no appropriate service handler found
 
06-Apr-2014 18:43: Error handling operation: Listener refused the connection with the following error:
ORA-12519, TNS:no appropriate service handler found
 
06-Apr-2014 18:43: Error handling operation: Listener refused the connection with the following error:
ORA-12519, TNS:no appropriate service handler found
 
06-Apr-2014 18:43: Error handling operation: Listener refused the connection with the following error:
ORA-12519, TNS:no appropriate service handler found
 
06-Apr-2014 18:43: Error handling operation: Listener refused the connection with the following error:
ORA-12519, TNS:no appropriate service handler found
 
06-Apr-2014 18:43: Error handling operation: Listener refused the connection with the following error:
ORA-12519, TNS:no appropriate service handler found
 
06-Apr-2014 18:43: Error handling operation: Listener refused the connection with the following error:
ORA-12519, TNS:no appropriate service handler found
 
06-Apr-2014 18:43: Error handling operation: Listener refused the connection with the following error:
ORA-12519, TNS:no appropriate service handler found
 
06-Apr-2014 18:43: Error handling operation: Listener refused the connection with the following error:
ORA-12519, TNS:no appropriate service handler found
 
06-Apr-2014 18:43: Error handling operation: Listener refused the connection with the following error:
ORA-12519, TNS:no appropriate service handler found
 
06-Apr-2014 18:43: Error handling operation: Listener refused the connection with the following error:
ORA-12519, TNS:no appropriate service handler found
 
06-Apr-2014 18:43: Error handling operation: Listener refused the connection with the following error:
ORA-12519, TNS:no appropriate service handler found
 
06-Apr-2014 18:43: Error handling operation: Listener refused the connection with the following error:
ORA-12519, TNS:no appropriate service handler found
 
06-Apr-2014 18:43: Error handling operation: Listener refused the connection with the following error:
ORA-12519, TNS:no appropriate service handler found
 
06-Apr-2014 18:43: Error handling operation: Listener refused the connection with the following error:
ORA-12519, TNS:no appropriate service handler found
 
06-Apr-2014 18:43: Error handling operation: Listener refused the connection with the following error:
ORA-12519, TNS:no appropriate service handler found
 
06-Apr-2014 18:43: Error handling operation: Listener refused the connection with the following error:
ORA-12519, TNS:no appropriate service handler found
 
06-Apr-2014 18:43: Error handling operation: Listener refused the connection with the following error:
ORA-12519, TNS:no appropriate service handler found
 
06-Apr-2014 18:43: Error handling operation: Listener refused the connection with the following error:
ORA-12519, TNS:no appropriate service handler found
 
06-Apr-2014 18:43: Error handling operation: IO Error: The Network Adapter could not establish the connection
06-Apr-2014 18:43: Error handling operation: IO Error: The Network Adapter could not establish the connection
06-Apr-2014 18:43: Error handling operation: IO Error: The Network Adapter could not establish the connection
06-Apr-2014 18:43: Error handling operation: IO Error: The Network Adapter could not establish the connection
06-Apr-2014 18:43: Error handling operation: IO Error: The Network Adapter could not establish the connection
06-Apr-2014 18:43: Error handling operation: Listener refused the connection with the following error:
ORA-12519, TNS:no appropriate service handler found
 
06-Apr-2014 18:43: Error handling operation: IO Error: The Network Adapter could not establish the connection
06-Apr-2014 18:43: Error handling operation: IO Error: The Network Adapter could not establish the connection
06-Apr-2014 18:43: Error handling operation: IO Error: The Network Adapter could not establish the connection
06-Apr-2014 18:43: Error handling operation: IO Error: The Network Adapter could not establish the connection
06-Apr-2014 18:43: Error handling operation: IO Error: The Network Adapter could not establish the connection
06-Apr-2014 18:43: Error handling operation: Listener refused the connection with the following error:
ORA-12519, TNS:no appropriate service handler found
 
06-Apr-2014 18:43: Error handling operation: Listener refused the connection with the following error:
ORA-12519, TNS:no appropriate service handler found
 
06-Apr-2014 18:43: Error handling operation: Listener refused the connection with the following error:
ORA-12519, TNS:no appropriate service handler found
 
06-Apr-2014 18:43: Error handling operation: Listener refused the connection with the following error:
ORA-12519, TNS:no appropriate service handler found
 
06-Apr-2014 18:43: Error handling operation: Listener refused the connection with the following error:
ORA-12519, TNS:no appropriate service handler found
 
06-Apr-2014 18:43: Error handling operation: Listener refused the connection with the following error:
ORA-12519, TNS:no appropriate service handler found
 
06-Apr-2014 18:43: Error handling operation: IO Error: The Network Adapter could not establish the connection
06-Apr-2014 18:43: Error handling operation: IO Error: The Network Adapter could not establish the connection
06-Apr-2014 18:43: Error handling operation: IO Error: The Network Adapter could not establish the connection
06-Apr-2014 18:43: Error handling operation: IO Error: The Network Adapter could not establish the connection
06-Apr-2014 18:43: Error handling operation: IO Error: The Network Adapter could not establish the connection
06-Apr-2014 18:43: Error handling operation: IO Error: The Network Adapter could not establish the connection
06-Apr-2014 18:43: Error handling operation: IO Error: The Network Adapter could not establish the connection
06-Apr-2014 18:43: Error handling operation: IO Error: The Network Adapter could not establish the connection
06-Apr-2014 18:43: Error handling operation: IO Error: The Network Adapter could not establish the connection
06-Apr-2014 18:43: Error handling operation: IO Error: The Network Adapter could not establish the connection
06-Apr-2014 18:43: Error handling operation: IO Error: The Network Adapter could not establish the connection
06-Apr-2014 18:43: Error handling operation: IO Error: The Network Adapter could not establish the connection
06-Apr-2014 18:43: Error handling operation: IO Error: The Network Adapter could not establish the connection
06-Apr-2014 18:43: Error handling operation: IO Error: The Network Adapter could not establish the connection
06-Apr-2014 18:43: Error handling operation: IO Error: The Network Adapter could not establish the connection
06-Apr-2014 18:43: Error handling operation: IO Error: The Network Adapter could not establish the connection
06-Apr-2014 18:43: Error handling operation: IO Error: The Network Adapter could not establish the connection
06-Apr-2014 18:43: Error handling operation: IO Error: The Network Adapter could not establish the connection
06-Apr-2014 18:43: Error handling operation: IO Error: The Network Adapter could not establish the connection
06-Apr-2014 18:43: Error handling operation: IO Error: The Network Adapter could not establish the connection
06-Apr-2014 18:43: Error handling operation: IO Error: The Network Adapter could not establish the connection
06-Apr-2014 18:43: Error handling operation: IO Error: The Network Adapter could not establish the connection
06-Apr-2014 18:43: Error handling operation: IO Error: The Network Adapter could not establish the connection
06-Apr-2014 18:43: Error handling operation: IO Error: The Network Adapter could not establish the connection
06-Apr-2014 18:43: Error handling operation: IO Error: The Network Adapter could not establish the connection
06-Apr-2014 18:43: Error handling operation: IO Error: The Network Adapter could not establish the connection
06-Apr-2014 18:43: Error handling operation: IO Error: The Network Adapter could not establish the connection
06-Apr-2014 18:43: Error handling operation: IO Error: The Network Adapter could not establish the connection
06-Apr-2014 18:43: Error handling operation: Listener refused the connection with the following error:
ORA-12519, TNS:no appropriate service handler found
 
06-Apr-2014 18:43: Error handling operation: IO Error: The Network Adapter could not establish the connection
06-Apr-2014 18:43: Error handling operation: IO Error: The Network Adapter could not establish the connection
06-Apr-2014 18:43: Error handling operation: IO Error: The Network Adapter could not establish the connection
06-Apr-2014 18:43: Error handling operation: IO Error: The Network Adapter could not establish the connection
06-Apr-2014 18:43: Error handling operation: IO Error: The Network Adapter could not establish the connection
06-Apr-2014 18:43: Error handling operation: IO Error: The Network Adapter could not establish the connection
06-Apr-2014 18:43: Error handling operation: IO Error: The Network Adapter could not establish the connection
06-Apr-2014 18:43: Error handling operation: IO Error: The Network Adapter could not establish the connection
06-Apr-2014 18:43: Error handling operation: IO Error: The Network Adapter could not establish the connection
06-Apr-2014 18:43: Error handling operation: IO Error: The Network Adapter could not establish the connection
06-Apr-2014 18:43: Error handling operation: IO Error: The Network Adapter could not establish the connection
06-Apr-2014 18:43: Error handling operation: IO Error: The Network Adapter could not establish the connection
06-Apr-2014 18:43: Error handling operation: IO Error: The Network Adapter could not establish the connection
06-Apr-2014 18:43: Error handling operation: IO Error: The Network Adapter could not establish the connection
06-Apr-2014 18:43: Error handling operation: IO Error: The Network Adapter could not establish the connection
06-Apr-2014 18:43: Error handling operation: Listener refused the connection with the following error:
ORA-12519, TNS:no appropriate service handler found
 
06-Apr-2014 18:43: Error handling operation: IO Error: The Network Adapter could not establish the connection
06-Apr-2014 18:43: Error handling operation: IO Error: The Network Adapter could not establish the connection
06-Apr-2014 18:43: Error handling operation: IO Error: The Network Adapter could not establish the connection
06-Apr-2014 18:43: Error handling operation: IO Error: The Network Adapter could not establish the connection
06-Apr-2014 18:43: Error handling operation: IO Error: The Network Adapter could not establish the connection
06-Apr-2014 18:43: Error handling operation: IO Error: The Network Adapter could not establish the connection
06-Apr-2014 18:43: Error handling operation: IO Error: The Network Adapter could not establish the connection
06-Apr-2014 18:43: Error handling operation: IO Error: The Network Adapter could not establish the connection
06-Apr-2014 18:43: Error handling operation: IO Error: The Network Adapter could not establish the connection
06-Apr-2014 18:43: Error handling operation: IO Error: The Network Adapter could not establish the connection
06-Apr-2014 18:43: Error handling operation: IO Error: The Network Adapter could not establish the connection
06-Apr-2014 18:43: Error handling operation: IO Error: The Network Adapter could not establish the connection
06-Apr-2014 18:43: Error handling operation: IO Error: The Network Adapter could not establish the connection
06-Apr-2014 18:43: Error handling operation: IO Error: The Network Adapter could not establish the connection
06-Apr-2014 18:43: Error handling operation: IO Error: The Network Adapter could not establish the connection
06-Apr-2014 18:43: Error handling operation: IO Error: The Network Adapter could not establish the connection
06-Apr-2014 18:43: Error handling operation: IO Error: The Network Adapter could not establish the connection
06-Apr-2014 18:43: Error handling operation: IO Error: The Network Adapter could not establish the connection
06-Apr-2014 18:43: Error handling operation: IO Error: The Network Adapter could not establish the connection
06-Apr-2014 18:43: Error handling operation: IO Error: The Network Adapter could not establish the connection
06-Apr-2014 18:43: Error handling operation: IO Error: The Network Adapter could not establish the connection
06-Apr-2014 18:43: Error handling operation: IO Error: The Network Adapter could not establish the connection
06-Apr-2014 18:43: Error handling operation: IO Error: The Network Adapter could not establish the connection
06-Apr-2014 18:43: Error handling operation: IO Error: The Network Adapter could not establish the connection
06-Apr-2014 18:43: Error handling operation: IO Error: The Network Adapter could not establish the connection
06-Apr-2014 18:43: Error handling operation: IO Error: The Network Adapter could not establish the connection
06-Apr-2014 18:43: Error handling operation: IO Error: The Network Adapter could not establish the connection
06-Apr-2014 18:43: Error handling operation: IO Error: The Network Adapter could not establish the connection
06-Apr-2014 18:43: Error handling operation: IO Error: The Network Adapter could not establish the connection
06-Apr-2014 18:43: Error handling operation: IO Error: The Network Adapter could not establish the connection
06-Apr-2014 18:43: Error handling operation: IO Error: The Network Adapter could not establish the connection
06-Apr-2014 18:43: Error handling operation: IO Error: The Network Adapter could not establish the connection
06-Apr-2014 18:43: Error handling operation: IO Error: The Network Adapter could not establish the connection
06-Apr-2014 18:43: Error handling operation: IO Error: The Network Adapter could not establish the connection
06-Apr-2014 18:43: Error handling operation: IO Error: The Network Adapter could not establish the connection
06-Apr-2014 18:43: Error handling operation: Listener refused the connection with the following error:
ORA-12519, TNS:no appropriate service handler found
 
06-Apr-2014 18:43: Error handling operation: IO Error: The Network Adapter could not establish the connection
06-Apr-2014 18:43: Error handling operation: IO Error: The Network Adapter could not establish the connection
06-Apr-2014 18:43: Error handling operation: IO Error: The Network Adapter could not establish the connection
06-Apr-2014 18:43: Error handling operation: IO Error: The Network Adapter could not establish the connection
06-Apr-2014 18:43: Error handling operation: IO Error: The Network Adapter could not establish the connection
06-Apr-2014 18:43: Error handling operation: IO Error: The Network Adapter could not establish the connection
06-Apr-2014 18:43: Error handling operation: IO Error: The Network Adapter could not establish the connection
06-Apr-2014 18:43: Error handling operation: IO Error: The Network Adapter could not establish the connection
06-Apr-2014 18:43: Error handling operation: IO Error: The Network Adapter could not establish the connection
06-Apr-2014 18:43: Error handling operation: IO Error: The Network Adapter could not establish the connection
06-Apr-2014 18:43: Error handling operation: IO Error: The Network Adapter could not establish the connection
06-Apr-2014 18:43: Error handling operation: IO Error: The Network Adapter could not establish the connection
06-Apr-2014 18:43: Error handling operation: IO Error: The Network Adapter could not establish the connection
06-Apr-2014 18:43: Error handling operation: IO Error: The Network Adapter could not establish the connection
06-Apr-2014 18:43: Error handling operation: IO Error: The Network Adapter could not establish the connection
06-Apr-2014 18:43: Error handling operation: IO Error: The Network Adapter could not establish the connection
06-Apr-2014 18:43: Error handling operation: IO Error: The Network Adapter could not establish the connection
06-Apr-2014 18:43: Error handling operation: IO Error: The Network Adapter could not establish the connection
06-Apr-2014 18:43: Error handling operation: IO Error: The Network Adapter could not establish the connection
06-Apr-2014 18:43: Error handling operation: IO Error: The Network Adapter could not establish the connection
06-Apr-2014 18:43: Error handling operation: IO Error: The Network Adapter could not establish the connection
06-Apr-2014 18:43: Error handling operation: IO Error: The Network Adapter could not establish the connection
06-Apr-2014 18:43: Error handling operation: IO Error: The Network Adapter could not establish the connection
06-Apr-2014 18:43: Error handling operation: IO Error: The Network Adapter could not establish the connection
06-Apr-2014 18:43: Error handling operation: IO Error: The Network Adapter could not establish the connection
06-Apr-2014 18:43: Error handling operation: IO Error: The Network Adapter could not establish the connection
06-Apr-2014 18:43: Error handling operation: IO Error: The Network Adapter could not establish the connection
06-Apr-2014 18:43: Error handling operation: IO Error: The Network Adapter could not establish the connection
06-Apr-2014 18:43: Error handling operation: IO Error: The Network Adapter could not establish the connection
06-Apr-2014 18:43: Error handling operation: IO Error: The Network Adapter could not establish the connection
06-Apr-2014 18:43: Error handling operation: Listener refused the connection with the following error:
ORA-12519, TNS:no appropriate service handler found
 
06-Apr-2014 18:43: Error handling operation: IO Error: The Network Adapter could not establish the connection
06-Apr-2014 18:43: Error handling operation: IO Error: The Network Adapter could not establish the connection
06-Apr-2014 18:43: Error handling operation: IO Error: The Network Adapter could not establish the connection
06-Apr-2014 18:43: Error handling operation: IO Error: The Network Adapter could not establish the connection
06-Apr-2014 18:43: Error handling operation: IO Error: The Network Adapter could not establish the connection
06-Apr-2014 18:43: Error handling operation: IO Error: The Network Adapter could not establish the connection
06-Apr-2014 18:43: Error handling operation: IO Error: The Network Adapter could not establish the connection
06-Apr-2014 18:43: Error handling operation: IO Error: The Network Adapter could not establish the connection
06-Apr-2014 18:43: Error handling operation: IO Error: The Network Adapter could not establish the connection
06-Apr-2014 18:43: Error handling operation: IO Error: The Network Adapter could not establish the connection
06-Apr-2014 18:43: Error handling operation: IO Error: The Network Adapter could not establish the connection
06-Apr-2014 18:43: Error handling operation: IO Error: The Network Adapter could not establish the connection
06-Apr-2014 18:43: Error handling operation: IO Error: The Network Adapter could not establish the connection
06-Apr-2014 18:43: Error handling operation: IO Error: The Network Adapter could not establish the connection
06-Apr-2014 18:43: Error handling operation: IO Error: The Network Adapter could not establish the connection
06-Apr-2014 18:43: Error handling operation: IO Error: The Network Adapter could not establish the connection
06-Apr-2014 18:43: Error handling operation: IO Error: The Network Adapter could not establish the connection
06-Apr-2014 18:43: Error handling operation: IO Error: The Network Adapter could not establish the connection
06-Apr-2014 18:43: Error handling operation: IO Error: The Network Adapter could not establish the connection
06-Apr-2014 18:43: Error handling operation: IO Error: The Network Adapter could not establish the connection
06-Apr-2014 18:43: Error handling operation: IO Error: The Network Adapter could not establish the connection
06-Apr-2014 18:43: Error handling operation: Listener refused the connection with the following error:
ORA-12519, TNS:no appropriate service handler found
 
06-Apr-2014 18:43: Error handling operation: IO Error: The Network Adapter could not establish the connection
06-Apr-2014 18:43: Error handling operation: IO Error: The Network Adapter could not establish the connection
06-Apr-2014 18:43: Error handling operation: IO Error: The Network Adapter could not establish the connection
06-Apr-2014 18:43: Error handling operation: IO Error: The Network Adapter could not establish the connection
06-Apr-2014 18:43: Error handling operation: IO Error: The Network Adapter could not establish the connection
06-Apr-2014 18:43: Error handling operation: IO Error: The Network Adapter could not establish the connection
06-Apr-2014 18:43: Error handling operation: IO Error: The Network Adapter could not establish the connection
06-Apr-2014 18:43: Error handling operation: IO Error: The Network Adapter could not establish the connection
06-Apr-2014 18:43: Error handling operation: IO Error: The Network Adapter could not establish the connection
06-Apr-2014 18:43: Error handling operation: IO Error: The Network Adapter could not establish the connection
06-Apr-2014 18:43: Error handling operation: IO Error: The Network Adapter could not establish the connection
06-Apr-2014 18:43: Error handling operation: IO Error: The Network Adapter could not establish the connection
06-Apr-2014 18:43: Error handling operation: IO Error: The Network Adapter could not establish the connection
06-Apr-2014 18:43: Error handling operation: IO Error: The Network Adapter could not establish the connection
06-Apr-2014 18:43: Error handling operation: IO Error: The Network Adapter could not establish the connection
06-Apr-2014 18:43: Error handling operation: IO Error: The Network Adapter could not establish the connection
06-Apr-2014 18:43: Error handling operation: IO Error: The Network Adapter could not establish the connection
06-Apr-2014 18:43: Error handling operation: IO Error: The Network Adapter could not establish the connection
06-Apr-2014 18:43: Error handling operation: IO Error: The Network Adapter could not establish the connection
06-Apr-2014 18:43: Error handling operation: IO Error: The Network Adapter could not establish the connection
06-Apr-2014 18:43: Error handling operation: IO Error: The Network Adapter could not establish the connection
06-Apr-2014 18:43: Error handling operation: IO Error: The Network Adapter could not establish the connection
06-Apr-2014 18:43: Error handling operation: IO Error: The Network Adapter could not establish the connection
06-Apr-2014 18:43: Error handling operation: Listener refused the connection with the following error:
ORA-12519, TNS:no appropriate service handler found
 
06-Apr-2014 18:43: Error handling operation: IO Error: The Network Adapter could not establish the connection
06-Apr-2014 18:43: Error handling operation: IO Error: The Network Adapter could not establish the connection
06-Apr-2014 18:43: Error handling operation: IO Error: The Network Adapter could not establish the connection
06-Apr-2014 18:43: Error handling operation: IO Error: The Network Adapter could not establish the connection
06-Apr-2014 18:43: Error handling operation: IO Error: The Network Adapter could not establish the connection
06-Apr-2014 18:43: Error handling operation: IO Error: The Network Adapter could not establish the connection
06-Apr-2014 18:43: Error handling operation: IO Error: The Network Adapter could not establish the connection
06-Apr-2014 18:43: Error handling operation: IO Error: The Network Adapter could not establish the connection
06-Apr-2014 18:43: Error handling operation: IO Error: The Network Adapter could not establish the connection
06-Apr-2014 18:43: Error handling operation: IO Error: The Network Adapter could not establish the connection
06-Apr-2014 18:43: Error handling operation: IO Error: The Network Adapter could not establish the connection
06-Apr-2014 18:43: Error handling operation: IO Error: The Network Adapter could not establish the connection
06-Apr-2014 18:43: Error handling operation: IO Error: The Network Adapter could not establish the connection
06-Apr-2014 18:43: Error handling operation: IO Error: The Network Adapter could not establish the connection
06-Apr-2014 18:43: Error handling operation: IO Error: The Network Adapter could not establish the connection
06-Apr-2014 18:43: Error handling operation: IO Error: The Network Adapter could not establish the connection
06-Apr-2014 18:43: Error handling operation: IO Error: The Network Adapter could not establish the connection
06-Apr-2014 18:43: Error handling operation: IO Error: The Network Adapter could not establish the connection
06-Apr-2014 18:43: Error handling operation: IO Error: The Network Adapter could not establish the connection
06-Apr-2014 18:43: Error handling operation: IO Error: The Network Adapter could not establish the connection
06-Apr-2014 18:43: Error handling operation: IO Error: The Network Adapter could not establish the connection
06-Apr-2014 18:43: Error handling operation: IO Error: The Network Adapter could not establish the connection
06-Apr-2014 18:43: Error handling operation: IO Error: The Network Adapter could not establish the connection
06-Apr-2014 18:43: Error handling operation: IO Error: The Network Adapter could not establish the connection
06-Apr-2014 18:43: Error handling operation: IO Error: The Network Adapter could not establish the connection
06-Apr-2014 18:43: Error handling operation: IO Error: The Network Adapter could not establish the connection
06-Apr-2014 18:43: Error handling operation: IO Error: The Network Adapter could not establish the connection
06-Apr-2014 18:43: Error handling operation: IO Error: The Network Adapter could not establish the connection
06-Apr-2014 18:43: Error handling operation: IO Error: The Network Adapter could not establish the connection
06-Apr-2014 18:43: Error handling operation: IO Error: The Network Adapter could not establish the connection
06-Apr-2014 18:43: Error handling operation: IO Error: The Network Adapter could not establish the connection
06-Apr-2014 18:43: Error handling operation: IO Error: The Network Adapter could not establish the connection
06-Apr-2014 18:43: Error handling operation: IO Error: The Network Adapter could not establish the connection
06-Apr-2014 18:43: Error handling operation: IO Error: The Network Adapter could not establish the connection
06-Apr-2014 18:43: Error handling operation: Listener refused the connection with the following error:
ORA-12519, TNS:no appropriate service handler found
 
06-Apr-2014 18:43: Error handling operation: IO Error: The Network Adapter could not establish the connection
06-Apr-2014 18:43: Error handling operation: IO Error: The Network Adapter could not establish the connection
06-Apr-2014 18:43: Error handling operation: IO Error: The Network Adapter could not establish the connection
06-Apr-2014 18:43: Error handling operation: IO Error: The Network Adapter could not establish the connection
06-Apr-2014 18:43: Error handling operation: IO Error: The Network Adapter could not establish the connection
06-Apr-2014 18:43: Error handling operation: IO Error: The Network Adapter could not establish the connection
06-Apr-2014 18:43: Error handling operation: IO Error: The Network Adapter could not establish the connection
06-Apr-2014 18:43: Error handling operation: IO Error: The Network Adapter could not establish the connection
06-Apr-2014 18:43: Error handling operation: IO Error: The Network Adapter could not establish the connection
06-Apr-2014 18:43: Error handling operation: IO Error: The Network Adapter could not establish the connection
06-Apr-2014 18:43: Error handling operation: IO Error: The Network Adapter could not establish the connection
06-Apr-2014 18:43: Error handling operation: IO Error: The Network Adapter could not establish the connection
06-Apr-2014 18:43: Error handling operation: IO Error: The Network Adapter could not establish the connection
06-Apr-2014 18:43: Error handling operation: IO Error: The Network Adapter could not establish the connection
06-Apr-2014 18:43: Error handling operation: IO Error: The Network Adapter could not establish the connection
06-Apr-2014 18:43: Error handling operation: IO Error: The Network Adapter could not establish the connection
06-Apr-2014 18:43: Error handling operation: IO Error: The Network Adapter could not establish the connection
06-Apr-2014 18:43: Error handling operation: IO Error: The Network Adapter could not establish the connection
06-Apr-2014 18:43: Error handling operation: IO Error: The Network Adapter could not establish the connection
06-Apr-2014 18:43: Error handling operation: IO Error: The Network Adapter could not establish the connection
06-Apr-2014 18:43: Error handling operation: IO Error: The Network Adapter could not establish the connection
06-Apr-2014 18:43: Error handling operation: IO Error: The Network Adapter could not establish the connection
06-Apr-2014 18:43: Error handling operation: IO Error: The Network Adapter could not establish the connection
06-Apr-2014 18:43: Error handling operation: IO Error: The Network Adapter could not establish the connection
06-Apr-2014 18:43: Error handling operation: IO Error: The Network Adapter could not establish the connection
06-Apr-2014 18:43: Error handling operation: IO Error: The Network Adapter could not establish the connection
06-Apr-2014 18:43: Error handling operation: IO Error: The Network Adapter could not establish the connection
06-Apr-2014 18:43: Error handling operation: IO Error: The Network Adapter could not establish the connection
06-Apr-2014 18:43: Error handling operation: IO Error: The Network Adapter could not establish the connection
06-Apr-2014 18:43: Error handling operation: IO Error: The Network Adapter could not establish the connection
06-Apr-2014 18:43: Error handling operation: Listener refused the connection with the following error:
ORA-12519, TNS:no appropriate service handler found
 
06-Apr-2014 18:43: Error handling operation: IO Error: The Network Adapter could not establish the connection
06-Apr-2014 18:43: Error handling operation: IO Error: The Network Adapter could not establish the connection
06-Apr-2014 18:43: Error handling operation: IO Error: The Network Adapter could not establish the connection
06-Apr-2014 18:43: Error handling operation: IO Error: The Network Adapter could not establish the connection
06-Apr-2014 18:43: Error handling operation: IO Error: The Network Adapter could not establish the connection
06-Apr-2014 18:43: Error handling operation: IO Error: The Network Adapter could not establish the connection
06-Apr-2014 18:43: Error handling operation: IO Error: The Network Adapter could not establish the connection
06-Apr-2014 18:43: Error handling operation: IO Error: The Network Adapter could not establish the connection
06-Apr-2014 18:43: Error handling operation: IO Error: The Network Adapter could not establish the connection
06-Apr-2014 18:43: Error handling operation: IO Error: The Network Adapter could not establish the connection
06-Apr-2014 18:43: Error handling operation: IO Error: The Network Adapter could not establish the connection
06-Apr-2014 18:43: Error handling operation: IO Error: The Network Adapter could not establish the connection
06-Apr-2014 18:43: Error handling operation: IO Error: The Network Adapter could not establish the connection
06-Apr-2014 18:43: Error handling operation: IO Error: The Network Adapter could not establish the connection
06-Apr-2014 18:43: Error handling operation: IO Error: The Network Adapter could not establish the connection
06-Apr-2014 18:43: Error handling operation: IO Error: The Network Adapter could not establish the connection
06-Apr-2014 18:43: Error handling operation: IO Error: The Network Adapter could not establish the connection
06-Apr-2014 18:43: Error handling operation: IO Error: The Network Adapter could not establish the connection
06-Apr-2014 18:43: Error handling operation: IO Error: The Network Adapter could not establish the connection
06-Apr-2014 18:43: Error handling operation: Listener refused the connection with the following error:
ORA-12519, TNS:no appropriate service handler found
 
06-Apr-2014 18:43: Error handling operation: IO Error: The Network Adapter could not establish the connection
06-Apr-2014 18:43: Error handling operation: IO Error: The Network Adapter could not establish the connection
06-Apr-2014 18:43: Error handling operation: IO Error: The Network Adapter could not establish the connection
06-Apr-2014 18:43: Error handling operation: IO Error: The Network Adapter could not establish the connection
06-Apr-2014 18:43: Error handling operation: IO Error: The Network Adapter could not establish the connection
06-Apr-2014 18:43: Error handling operation: IO Error: The Network Adapter could not establish the connection
06-Apr-2014 18:43: Error handling operation: IO Error: The Network Adapter could not establish the connection
06-Apr-2014 18:43: Error handling operation: IO Error: The Network Adapter could not establish the connection
06-Apr-2014 18:43: Error handling operation: IO Error: The Network Adapter could not establish the connection
06-Apr-2014 18:43: Error handling operation: IO Error: The Network Adapter could not establish the connection
06-Apr-2014 18:43: Error handling operation: IO Error: The Network Adapter could not establish the connection
06-Apr-2014 18:43: Error handling operation: IO Error: The Network Adapter could not establish the connection
06-Apr-2014 18:43: Error handling operation: IO Error: The Network Adapter could not establish the connection
06-Apr-2014 18:43: Error handling operation: IO Error: The Network Adapter could not establish the connection
06-Apr-2014 18:43: Error handling operation: IO Error: The Network Adapter could not establish the connection
06-Apr-2014 18:43: Error handling operation: IO Error: The Network Adapter could not establish the connection
06-Apr-2014 18:43: Error handling operation: IO Error: The Network Adapter could not establish the connection
06-Apr-2014 18:43: Error handling operation: IO Error: The Network Adapter could not establish the connection
06-Apr-2014 18:43: Error handling operation: IO Error: The Network Adapter could not establish the connection
06-Apr-2014 18:43: Error handling operation: IO Error: The Network Adapter could not establish the connection
06-Apr-2014 18:43: Error handling operation: IO Error: The Network Adapter could not establish the connection
06-Apr-2014 18:43: Error handling operation: Listener refused the connection with the following error:
ORA-12519, TNS:no appropriate service handler found
 
06-Apr-2014 18:43: Error handling operation: IO Error: The Network Adapter could not establish the connection
06-Apr-2014 18:43: Error handling operation: IO Error: The Network Adapter could not establish the connection
06-Apr-2014 18:43: Error handling operation: IO Error: The Network Adapter could not establish the connection
06-Apr-2014 18:43: Error handling operation: IO Error: The Network Adapter could not establish the connection
06-Apr-2014 18:43: Error handling operation: IO Error: The Network Adapter could not establish the connection
06-Apr-2014 18:43: Error handling operation: IO Error: The Network Adapter could not establish the connection
06-Apr-2014 18:43: Error handling operation: IO Error: The Network Adapter could not establish the connection
06-Apr-2014 18:43: Error handling operation: IO Error: The Network Adapter could not establish the connection
06-Apr-2014 18:43: Error handling operation: IO Error: The Network Adapter could not establish the connection
06-Apr-2014 18:43: Error handling operation: IO Error: The Network Adapter could not establish the connection
06-Apr-2014 18:43: Error handling operation: IO Error: The Network Adapter could not establish the connection
06-Apr-2014 18:43: Error handling operation: IO Error: The Network Adapter could not establish the connection
06-Apr-2014 18:43: Error handling operation: IO Error: The Network Adapter could not establish the connection
06-Apr-2014 18:43: Error handling operation: IO Error: The Network Adapter could not establish the connection
06-Apr-2014 18:43: Error handling operation: IO Error: The Network Adapter could not establish the connection
06-Apr-2014 18:43: Error handling operation: IO Error: The Network Adapter could not establish the connection
06-Apr-2014 18:43: Error handling operation: IO Error: The Network Adapter could not establish the connection
06-Apr-2014 18:43: Error handling operation: IO Error: The Network Adapter could not establish the connection
06-Apr-2014 18:43: Error handling operation: IO Error: The Network Adapter could not establish the connection
06-Apr-2014 18:43: Error handling operation: IO Error: The Network Adapter could not establish the connection
06-Apr-2014 18:43: Error handling operation: IO Error: The Network Adapter could not establish the connection
06-Apr-2014 18:43: Error handling operation: IO Error: The Network Adapter could not establish the connection
06-Apr-2014 18:43: Error handling operation: IO Error: The Network Adapter could not establish the connection
06-Apr-2014 18:43: Error handling operation: IO Error: The Network Adapter could not establish the connection
06-Apr-2014 18:43: Error handling operation: IO Error: The Network Adapter could not establish the connection
06-Apr-2014 18:43: Error handling operation: IO Error: The Network Adapter could not establish the connection
06-Apr-2014 18:43: Error handling operation: IO Error: The Network Adapter could not establish the connection
06-Apr-2014 18:43: Error handling operation: IO Error: The Network Adapter could not establish the connection
06-Apr-2014 18:43: Error handling operation: Listener refused the connection with the following error:
ORA-12519, TNS:no appropriate service handler found
 
06-Apr-2014 18:43: Error handling operation: IO Error: The Network Adapter could not establish the connection
06-Apr-2014 18:43: Error handling operation: IO Error: The Network Adapter could not establish the connection
06-Apr-2014 18:43: Error handling operation: IO Error: The Network Adapter could not establish the connection
06-Apr-2014 18:43: Error handling operation: IO Error: The Network Adapter could not establish the connection
06-Apr-2014 18:43: Error handling operation: IO Error: The Network Adapter could not establish the connection
06-Apr-2014 18:43: Error handling operation: IO Error: The Network Adapter could not establish the connection
06-Apr-2014 18:43: Error handling operation: IO Error: The Network Adapter could not establish the connection
06-Apr-2014 18:43: Error handling operation: IO Error: The Network Adapter could not establish the connection
06-Apr-2014 18:43: Error handling operation: IO Error: The Network Adapter could not establish the connection
06-Apr-2014 18:43: Error handling operation: IO Error: The Network Adapter could not establish the connection
06-Apr-2014 18:43: Error handling operation: IO Error: The Network Adapter could not establish the connection
06-Apr-2014 18:43: Error handling operation: IO Error: The Network Adapter could not establish the connection
06-Apr-2014 18:43: Error handling operation: IO Error: The Network Adapter could not establish the connection
06-Apr-2014 18:43: Error handling operation: IO Error: The Network Adapter could not establish the connection
06-Apr-2014 18:43: Error handling operation: IO Error: The Network Adapter could not establish the connection
06-Apr-2014 18:43: Error handling operation: IO Error: The Network Adapter could not establish the connection
06-Apr-2014 18:43: Error handling operation: IO Error: The Network Adapter could not establish the connection
06-Apr-2014 18:43: Error handling operation: IO Error: The Network Adapter could not establish the connection
06-Apr-2014 18:43: Error handling operation: IO Error: The Network Adapter could not establish the connection
06-Apr-2014 18:43: Error handling operation: IO Error: The Network Adapter could not establish the connection
06-Apr-2014 18:43: Error handling operation: IO Error: The Network Adapter could not establish the connection
06-Apr-2014 18:43: Error handling operation: IO Error: The Network Adapter could not establish the connection
06-Apr-2014 18:43: Error handling operation: Listener refused the connection with the following error:
ORA-12519, TNS:no appropriate service handler found
 
06-Apr-2014 18:43: Error handling operation: IO Error: The Network Adapter could not establish the connection
06-Apr-2014 18:43: Error handling operation: IO Error: The Network Adapter could not establish the connection
06-Apr-2014 18:43: Error handling operation: IO Error: The Network Adapter could not establish the connection
06-Apr-2014 18:43: Error handling operation: IO Error: The Network Adapter could not establish the connection
06-Apr-2014 18:43: Error handling operation: IO Error: The Network Adapter could not establish the connection
06-Apr-2014 18:43: Error handling operation: IO Error: The Network Adapter could not establish the connection
06-Apr-2014 18:43: Error handling operation: IO Error: The Network Adapter could not establish the connection
06-Apr-2014 18:43: Error handling operation: IO Error: The Network Adapter could not establish the connection
06-Apr-2014 18:43: Error handling operation: IO Error: The Network Adapter could not establish the connection
06-Apr-2014 18:43: Error handling operation: IO Error: The Network Adapter could not establish the connection
06-Apr-2014 18:43: Error handling operation: IO Error: The Network Adapter could not establish the connection
06-Apr-2014 18:43: Error handling operation: IO Error: The Network Adapter could not establish the connection
06-Apr-2014 18:43: Error handling operation: IO Error: The Network Adapter could not establish the connection
06-Apr-2014 18:43: Error handling operation: IO Error: The Network Adapter could not establish the connection
06-Apr-2014 18:43: Error handling operation: IO Error: The Network Adapter could not establish the connection
06-Apr-2014 18:43: Error handling operation: IO Error: The Network Adapter could not establish the connection
06-Apr-2014 18:43: Error handling operation: IO Error: The Network Adapter could not establish the connection
06-Apr-2014 18:43: Error handling operation: IO Error: The Network Adapter could not establish the connection
06-Apr-2014 18:43: Error handling operation: IO Error: The Network Adapter could not establish the connection
06-Apr-2014 18:43: Error handling operation: IO Error: The Network Adapter could not establish the connection
06-Apr-2014 18:43: Error handling operation: IO Error: The Network Adapter could not establish the connection
06-Apr-2014 18:43: Error handling operation: IO Error: The Network Adapter could not establish the connection
06-Apr-2014 18:43: Error handling operation: IO Error: The Network Adapter could not establish the connection
06-Apr-2014 18:43: Error handling operation: IO Error: The Network Adapter could not establish the connection
06-Apr-2014 18:43: Error handling operation: Listener refused the connection with the following error:
ORA-12519, TNS:no appropriate service handler found
 
06-Apr-2014 18:43: Error handling operation: IO Error: The Network Adapter could not establish the connection
06-Apr-2014 18:43: Error handling operation: IO Error: The Network Adapter could not establish the connection
06-Apr-2014 18:43: Error handling operation: IO Error: The Network Adapter could not establish the connection
06-Apr-2014 18:43: Error handling operation: IO Error: The Network Adapter could not establish the connection
06-Apr-2014 18:43: Error handling operation: IO Error: The Network Adapter could not establish the connection
06-Apr-2014 18:43: Error handling operation: IO Error: The Network Adapter could not establish the connection
06-Apr-2014 18:43: Error handling operation: IO Error: The Network Adapter could not establish the connection
06-Apr-2014 18:43: Error handling operation: IO Error: The Network Adapter could not establish the connection
06-Apr-2014 18:43: Error handling operation: IO Error: The Network Adapter could not establish the connection
06-Apr-2014 18:43: Error handling operation: IO Error: The Network Adapter could not establish the connection
06-Apr-2014 18:43: Error handling operation: IO Error: The Network Adapter could not establish the connection
06-Apr-2014 18:43: Error handling operation: IO Error: The Network Adapter could not establish the connection
06-Apr-2014 18:43: Error handling operation: IO Error: The Network Adapter could not establish the connection
06-Apr-2014 18:43: Error handling operation: IO Error: The Network Adapter could not establish the connection
06-Apr-2014 18:43: Error handling operation: IO Error: The Network Adapter could not establish the connection
06-Apr-2014 18:43: Error handling operation: IO Error: The Network Adapter could not establish the connection
06-Apr-2014 18:43: Error handling operation: IO Error: The Network Adapter could not establish the connection
06-Apr-2014 18:43: Error handling operation: IO Error: The Network Adapter could not establish the connection
06-Apr-2014 18:43: Error handling operation: IO Error: The Network Adapter could not establish the connection
06-Apr-2014 18:43: Error handling operation: IO Error: The Network Adapter could not establish the connection
06-Apr-2014 18:43: Error handling operation: IO Error: The Network Adapter could not establish the connection
06-Apr-2014 18:43: Error handling operation: IO Error: The Network Adapter could not establish the connection
06-Apr-2014 18:43: Error handling operation: IO Error: The Network Adapter could not establish the connection
06-Apr-2014 18:43: Error handling operation: IO Error: The Network Adapter could not establish the connection
06-Apr-2014 18:43: Error handling operation: IO Error: The Network Adapter could not establish the connection
06-Apr-2014 18:43: Error handling operation: IO Error: The Network Adapter could not establish the connection
06-Apr-2014 18:43: Error handling operation: IO Error: The Network Adapter could not establish the connection
06-Apr-2014 18:43: Error handling operation: Listener refused the connection with the following error:
ORA-12519, TNS:no appropriate service handler found
 
06-Apr-2014 18:43: Error handling operation: IO Error: The Network Adapter could not establish the connection
06-Apr-2014 18:43: Error handling operation: IO Error: The Network Adapter could not establish the connection
06-Apr-2014 18:43: Error handling operation: IO Error: The Network Adapter could not establish the connection
06-Apr-2014 18:43: Error handling operation: IO Error: The Network Adapter could not establish the connection
06-Apr-2014 18:43: Error handling operation: IO Error: The Network Adapter could not establish the connection
06-Apr-2014 18:43: Error handling operation: IO Error: The Network Adapter could not establish the connection
06-Apr-2014 18:43: Error handling operation: IO Error: The Network Adapter could not establish the connection
06-Apr-2014 18:43: Error handling operation: IO Error: The Network Adapter could not establish the connection
06-Apr-2014 18:43: Error handling operation: IO Error: The Network Adapter could not establish the connection
06-Apr-2014 18:43: Error handling operation: IO Error: The Network Adapter could not establish the connection
06-Apr-2014 18:43: Error handling operation: IO Error: The Network Adapter could not establish the connection
06-Apr-2014 18:43: Error handling operation: IO Error: The Network Adapter could not establish the connection
06-Apr-2014 18:43: Error handling operation: IO Error: The Network Adapter could not establish the connection
06-Apr-2014 18:43: Error handling operation: IO Error: The Network Adapter could not establish the connection
06-Apr-2014 18:43: Error handling operation: IO Error: The Network Adapter could not establish the connection
06-Apr-2014 18:43: Error handling operation: IO Error: The Network Adapter could not establish the connection
06-Apr-2014 18:43: Error handling operation: IO Error: The Network Adapter could not establish the connection
06-Apr-2014 18:43: Error handling operation: IO Error: The Network Adapter could not establish the connection
06-Apr-2014 18:43: Error handling operation: IO Error: The Network Adapter could not establish the connection
06-Apr-2014 18:43: Error handling operation: IO Error: The Network Adapter could not establish the connection
06-Apr-2014 18:43: Error handling operation: IO Error: The Network Adapter could not establish the connection
06-Apr-2014 18:43: Error handling operation: Listener refused the connection with the following error:
ORA-12519, TNS:no appropriate service handler found
 
06-Apr-2014 18:43: Error handling operation: IO Error: The Network Adapter could not establish the connection
06-Apr-2014 18:43: Error handling operation: IO Error: The Network Adapter could not establish the connection
06-Apr-2014 18:43: Error handling operation: IO Error: The Network Adapter could not establish the connection
06-Apr-2014 18:43: Error handling operation: IO Error: The Network Adapter could not establish the connection
06-Apr-2014 18:43: Error handling operation: IO Error: The Network Adapter could not establish the connection
06-Apr-2014 18:43: Error handling operation: IO Error: The Network Adapter could not establish the connection
06-Apr-2014 18:43: Error handling operation: IO Error: The Network Adapter could not establish the connection
06-Apr-2014 18:43: Error handling operation: IO Error: The Network Adapter could not establish the connection
06-Apr-2014 18:43: Error handling operation: IO Error: The Network Adapter could not establish the connection
06-Apr-2014 18:43: Error handling operation: IO Error: The Network Adapter could not establish the connection
06-Apr-2014 18:43: Error handling operation: IO Error: The Network Adapter could not establish the connection
06-Apr-2014 18:43: Error handling operation: IO Error: The Network Adapter could not establish the connection
06-Apr-2014 18:43: Error handling operation: IO Error: The Network Adapter could not establish the connection
06-Apr-2014 18:43: Error handling operation: IO Error: The Network Adapter could not establish the connection
06-Apr-2014 18:43: Error handling operation: IO Error: The Network Adapter could not establish the connection
06-Apr-2014 18:43: Error handling operation: IO Error: The Network Adapter could not establish the connection
06-Apr-2014 18:43: Error handling operation: IO Error: The Network Adapter could not establish the connection
06-Apr-2014 18:43: Error handling operation: IO Error: The Network Adapter could not establish the connection
06-Apr-2014 18:43: Error handling operation: IO Error: The Network Adapter could not establish the connection
06-Apr-2014 18:43: Error handling operation: IO Error: The Network Adapter could not establish the connection
06-Apr-2014 18:43: Error handling operation: IO Error: The Network Adapter could not establish the connection
06-Apr-2014 18:43: Error handling operation: IO Error: The Network Adapter could not establish the connection
06-Apr-2014 18:43: Error handling operation: IO Error: The Network Adapter could not establish the connection
06-Apr-2014 18:43: Error handling operation: IO Error: The Network Adapter could not establish the connection
06-Apr-2014 18:43: Error handling operation: IO Error: The Network Adapter could not establish the connection
06-Apr-2014 18:43: Error handling operation: IO Error: The Network Adapter could not establish the connection
06-Apr-2014 18:43: Error handling operation: IO Error: The Network Adapter could not establish the connection
06-Apr-2014 18:43: Error handling operation: IO Error: The Network Adapter could not establish the connection
06-Apr-2014 18:43: Error handling operation: IO Error: The Network Adapter could not establish the connection
06-Apr-2014 18:43: Error handling operation: IO Error: The Network Adapter could not establish the connection
06-Apr-2014 18:43: Error handling operation: Listener refused the connection with the following error:
ORA-12519, TNS:no appropriate service handler found
 
06-Apr-2014 18:43: Error handling operation: IO Error: The Network Adapter could not establish the connection
06-Apr-2014 18:43: Error handling operation: IO Error: The Network Adapter could not establish the connection
06-Apr-2014 18:43: Error handling operation: IO Error: The Network Adapter could not establish the connection
06-Apr-2014 18:43: Error handling operation: IO Error: The Network Adapter could not establish the connection
06-Apr-2014 18:43: Error handling operation: IO Error: The Network Adapter could not establish the connection
06-Apr-2014 18:43: Error handling operation: IO Error: The Network Adapter could not establish the connection
06-Apr-2014 18:43: Error handling operation: IO Error: The Network Adapter could not establish the connection
06-Apr-2014 18:43: Error handling operation: IO Error: The Network Adapter could not establish the connection
06-Apr-2014 18:43: Error handling operation: IO Error: The Network Adapter could not establish the connection
06-Apr-2014 18:44: Error handling operation: Listener refused the connection with the following error:
ORA-12519, TNS:no appropriate service handler found
 
06-Apr-2014 18:44: Error handling operation: Listener refused the connection with the following error:
ORA-12519, TNS:no appropriate service handler found
 
06-Apr-2014 18:44: Error handling operation: Listener refused the connection with the following error:
ORA-12519, TNS:no appropriate service handler found
 
06-Apr-2014 18:44: Error handling operation: Listener refused the connection with the following error:
ORA-12519, TNS:no appropriate service handler found
 
06-Apr-2014 18:44: Error handling operation: Listener refused the connection with the following error:
ORA-12518, TNS:listener could not hand off client connection
 
06-Apr-2014 18:44: Error handling operation: Listener refused the connection with the following error:
ORA-12518, TNS:listener could not hand off client connection
 
06-Apr-2014 18:44: Error handling operation: Listener refused the connection with the following error:
ORA-12518, TNS:listener could not hand off client connection
 
06-Apr-2014 18:44: Error handling operation: Listener refused the connection with the following error:
ORA-12518, TNS:listener could not hand off client connection
 
06-Apr-2014 18:44: Error handling operation: Listener refused the connection with the following error:
ORA-12518, TNS:listener could not hand off client connection
 
06-Apr-2014 18:44: Error handling operation: Listener refused the connection with the following error:
ORA-12518, TNS:listener could not hand off client connection
 
06-Apr-2014 18:44: Error handling operation: Listener refused the connection with the following error:
ORA-12518, TNS:listener could not hand off client connection
 
06-Apr-2014 18:44: Error handling operation: Listener refused the connection with the following error:
ORA-12518, TNS:listener could not hand off client connection
 
06-Apr-2014 18:44: Error handling operation: Listener refused the connection with the following error:
ORA-12518, TNS:listener could not hand off client connection
 
06-Apr-2014 18:44: Error handling operation: Listener refused the connection with the following error:
ORA-12518, TNS:listener could not hand off client connection
 
06-Apr-2014 18:44: Error handling operation: Listener refused the connection with the following error:
ORA-12518, TNS:listener could not hand off client connection
 
06-Apr-2014 18:44: Error handling operation: Listener refused the connection with the following error:
ORA-12518, TNS:listener could not hand off client connection
 
06-Apr-2014 18:44: Error handling operation: Listener refused the connection with the following error:
ORA-12518, TNS:listener could not hand off client connection
 
06-Apr-2014 18:44: Error handling operation: Listener refused the connection with the following error:
ORA-12518, TNS:listener could not hand off client connection
 
06-Apr-2014 18:44: Error handling operation: Listener refused the connection with the following error:
ORA-12518, TNS:listener could not hand off client connection
 
06-Apr-2014 18:44: Error handling operation: Listener refused the connection with the following error:
ORA-12518, TNS:listener could not hand off client connection
 
06-Apr-2014 18:44: Error handling operation: Listener refused the connection with the following error:
ORA-12519, TNS:no appropriate service handler found
 
06-Apr-2014 18:44: Error handling operation: Listener refused the connection with the following error:
ORA-12519, TNS:no appropriate service handler found
 
06-Apr-2014 18:44: Error handling operation: Listener refused the connection with the following error:
ORA-12519, TNS:no appropriate service handler found
 
06-Apr-2014 18:44: Error handling operation: Listener refused the connection with the following error:
ORA-12519, TNS:no appropriate service handler found
 
06-Apr-2014 18:44: Error handling operation: Listener refused the connection with the following error:
ORA-12519, TNS:no appropriate service handler found
 
06-Apr-2014 18:44: Error handling operation: Listener refused the connection with the following error:
ORA-12519, TNS:no appropriate service handler found
 
06-Apr-2014 18:44: Error handling operation: Listener refused the connection with the following error:
ORA-12519, TNS:no appropriate service handler found
 
06-Apr-2014 18:44: Error handling operation: Listener refused the connection with the following error:
ORA-12519, TNS:no appropriate service handler found
 
06-Apr-2014 18:44: Error handling operation: Listener refused the connection with the following error:
ORA-12519, TNS:no appropriate service handler found
 
06-Apr-2014 18:44: Error handling operation: Listener refused the connection with the following error:
ORA-12519, TNS:no appropriate service handler found
 
06-Apr-2014 18:44: Error handling operation: Listener refused the connection with the following error:
ORA-12519, TNS:no appropriate service handler found
 
06-Apr-2014 18:44: Error handling operation: Listener refused the connection with the following error:
ORA-12519, TNS:no appropriate service handler found
 
06-Apr-2014 18:44: Error handling operation: Listener refused the connection with the following error:
ORA-12519, TNS:no appropriate service handler found
 
06-Apr-2014 18:44: Error handling operation: Listener refused the connection with the following error:
ORA-12519, TNS:no appropriate service handler found
 
06-Apr-2014 18:44: Error handling operation: Listener refused the connection with the following error:
ORA-12519, TNS:no appropriate service handler found
 
06-Apr-2014 18:44: Error handling operation: Listener refused the connection with the following error:
ORA-12519, TNS:no appropriate service handler found
 
06-Apr-2014 18:44: Error handling operation: Listener refused the connection with the following error:
ORA-12519, TNS:no appropriate service handler found
 
06-Apr-2014 18:44: Error handling operation: Listener refused the connection with the following error:
ORA-12519, TNS:no appropriate service handler found
 
06-Apr-2014 18:44: Error handling operation: Listener refused the connection with the following error:
ORA-12519, TNS:no appropriate service handler found
 
06-Apr-2014 18:44: Error handling operation: Listener refused the connection with the following error:
ORA-12519, TNS:no appropriate service handler found
 
06-Apr-2014 18:44: Error handling operation: Listener refused the connection with the following error:
ORA-12519, TNS:no appropriate service handler found
 
06-Apr-2014 18:44: Error handling operation: Listener refused the connection with the following error:
ORA-12519, TNS:no appropriate service handler found
 
06-Apr-2014 18:44: Error handling operation: Listener refused the connection with the following error:
ORA-12519, TNS:no appropriate service handler found
 
06-Apr-2014 18:44: Error handling operation: Listener refused the connection with the following error:
ORA-12519, TNS:no appropriate service handler found
 
06-Apr-2014 18:44: Error handling operation: Listener refused the connection with the following error:
ORA-12519, TNS:no appropriate service handler found
 
06-Apr-2014 18:44: Error handling operation: Listener refused the connection with the following error:
ORA-12519, TNS:no appropriate service handler found
 
06-Apr-2014 18:44: Error handling operation: Listener refused the connection with the following error:
ORA-12519, TNS:no appropriate service handler found
 
06-Apr-2014 18:44: Error handling operation: Listener refused the connection with the following error:
ORA-12519, TNS:no appropriate service handler found
 
06-Apr-2014 18:44: Error handling operation: Listener refused the connection with the following error:
ORA-12519, TNS:no appropriate service handler found
 
06-Apr-2014 18:44: Error handling operation: Listener refused the connection with the following error:
ORA-12519, TNS:no appropriate service handler found
 
06-Apr-2014 18:44: Error handling operation: Listener refused the connection with the following error:
ORA-12519, TNS:no appropriate service handler found
 
06-Apr-2014 18:44: Error handling operation: Listener refused the connection with the following error:
ORA-12519, TNS:no appropriate service handler found
 
06-Apr-2014 18:44: Error handling operation: Listener refused the connection with the following error:
ORA-12519, TNS:no appropriate service handler found
 
06-Apr-2014 18:44: Error handling operation: Listener refused the connection with the following error:
ORA-12519, TNS:no appropriate service handler found
 
06-Apr-2014 18:44: Error handling operation: Listener refused the connection with the following error:
ORA-12519, TNS:no appropriate service handler found
 
06-Apr-2014 18:44: Error handling operation: Listener refused the connection with the following error:
ORA-12519, TNS:no appropriate service handler found
 
06-Apr-2014 18:44: Error handling operation: Listener refused the connection with the following error:
ORA-12519, TNS:no appropriate service handler found
 
06-Apr-2014 18:44: Error handling operation: Listener refused the connection with the following error:
ORA-12519, TNS:no appropriate service handler found
 
06-Apr-2014 18:44: Error handling operation: Listener refused the connection with the following error:
ORA-12519, TNS:no appropriate service handler found
 
06-Apr-2014 18:44: Error handling operation: Listener refused the connection with the following error:
ORA-12519, TNS:no appropriate service handler found
 
06-Apr-2014 18:44: Error handling operation: Listener refused the connection with the following error:
ORA-12519, TNS:no appropriate service handler found
 
06-Apr-2014 18:44: Error handling operation: Listener refused the connection with the following error:
ORA-12519, TNS:no appropriate service handler found
 
06-Apr-2014 18:44: Error handling operation: Listener refused the connection with the following error:
ORA-12519, TNS:no appropriate service handler found
 
06-Apr-2014 18:44: Error handling operation: Listener refused the connection with the following error:
ORA-12519, TNS:no appropriate service handler found
 
06-Apr-2014 18:44: Error handling operation: Listener refused the connection with the following error:
ORA-12519, TNS:no appropriate service handler found
 
06-Apr-2014 18:44: Error handling operation: Listener refused the connection with the following error:
ORA-12519, TNS:no appropriate service handler found
 
06-Apr-2014 18:44: Error handling operation: Listener refused the connection with the following error:
ORA-12519, TNS:no appropriate service handler found
 
06-Apr-2014 18:44: Error handling operation: Listener refused the connection with the following error:
ORA-12519, TNS:no appropriate service handler found
 
06-Apr-2014 18:44: Error handling operation: Listener refused the connection with the following error:
ORA-12519, TNS:no appropriate service handler found
 
06-Apr-2014 18:44: Error handling operation: Listener refused the connection with the following error:
ORA-12519, TNS:no appropriate service handler found
 
06-Apr-2014 18:44: Error handling operation: Listener refused the connection with the following error:
ORA-12519, TNS:no appropriate service handler found
 
06-Apr-2014 18:44: Error handling operation: Listener refused the connection with the following error:
ORA-12519, TNS:no appropriate service handler found
 
06-Apr-2014 18:44: Error handling operation: Listener refused the connection with the following error:
ORA-12519, TNS:no appropriate service handler found
 
06-Apr-2014 18:44: Error handling operation: Listener refused the connection with the following error:
ORA-12519, TNS:no appropriate service handler found
 
06-Apr-2014 18:44: Error handling operation: Listener refused the connection with the following error:
ORA-12519, TNS:no appropriate service handler found
 
06-Apr-2014 18:44: Error handling operation: Listener refused the connection with the following error:
ORA-12519, TNS:no appropriate service handler found
 
06-Apr-2014 18:44: Error handling operation: Listener refused the connection with the following error:
ORA-12519, TNS:no appropriate service handler found
 
06-Apr-2014 18:44: Error handling operation: Listener refused the connection with the following error:
ORA-12519, TNS:no appropriate service handler found
 
06-Apr-2014 18:44: Error handling operation: Listener refused the connection with the following error:
ORA-12519, TNS:no appropriate service handler found
 
06-Apr-2014 18:44: Error handling operation: Listener refused the connection with the following error:
ORA-12519, TNS:no appropriate service handler found
 
06-Apr-2014 18:44: Error handling operation: Listener refused the connection with the following error:
ORA-12519, TNS:no appropriate service handler found
 
06-Apr-2014 18:44: Error handling operation: Listener refused the connection with the following error:
ORA-12519, TNS:no appropriate service handler found
 
06-Apr-2014 18:44: Error handling operation: Listener refused the connection with the following error:
ORA-12519, TNS:no appropriate service handler found
 
06-Apr-2014 18:44: Error handling operation: Listener refused the connection with the following error:
ORA-12519, TNS:no appropriate service handler found
 
06-Apr-2014 18:44: Error handling operation: Listener refused the connection with the following error:
ORA-12519, TNS:no appropriate service handler found
 
06-Apr-2014 18:44: Error handling operation: Listener refused the connection with the following error:
ORA-12519, TNS:no appropriate service handler found
 
06-Apr-2014 18:44: Error handling operation: Listener refused the connection with the following error:
ORA-12519, TNS:no appropriate service handler found
 
06-Apr-2014 18:44: Error handling operation: Listener refused the connection with the following error:
ORA-12519, TNS:no appropriate service handler found
 
06-Apr-2014 18:44: Error handling operation: Listener refused the connection with the following error:
ORA-12519, TNS:no appropriate service handler found
 
06-Apr-2014 18:44: Error handling operation: Listener refused the connection with the following error:
ORA-12519, TNS:no appropriate service handler found
 
06-Apr-2014 18:44: Error handling operation: Listener refused the connection with the following error:
ORA-12519, TNS:no appropriate service handler found
 
06-Apr-2014 18:44: Error handling operation: Listener refused the connection with the following error:
ORA-12519, TNS:no appropriate service handler found
 
06-Apr-2014 18:44: Error handling operation: Listener refused the connection with the following error:
ORA-12519, TNS:no appropriate service handler found
 
06-Apr-2014 18:44: Error handling operation: Listener refused the connection with the following error:
ORA-12519, TNS:no appropriate service handler found
 
06-Apr-2014 18:44: Error handling operation: Listener refused the connection with the following error:
ORA-12519, TNS:no appropriate service handler found
 
06-Apr-2014 18:44: Error handling operation: Listener refused the connection with the following error:
ORA-12519, TNS:no appropriate service handler found
 
06-Apr-2014 18:44: Error handling operation: Listener refused the connection with the following error:
ORA-12519, TNS:no appropriate service handler found
 
06-Apr-2014 18:44: Error handling operation: Listener refused the connection with the following error:
ORA-12519, TNS:no appropriate service handler found
 
06-Apr-2014 18:44: Error handling operation: Listener refused the connection with the following error:
ORA-12519, TNS:no appropriate service handler found
 
06-Apr-2014 18:44: Error handling operation: Listener refused the connection with the following error:
ORA-12519, TNS:no appropriate service handler found
 
06-Apr-2014 18:44: Error handling operation: Listener refused the connection with the following error:
ORA-12519, TNS:no appropriate service handler found
 
06-Apr-2014 18:44: Error handling operation: Listener refused the connection with the following error:
ORA-12519, TNS:no appropriate service handler found
 
06-Apr-2014 18:44: Error handling operation: Listener refused the connection with the following error:
ORA-12519, TNS:no appropriate service handler found
 
06-Apr-2014 18:44: Error handling operation: Listener refused the connection with the following error:
ORA-12519, TNS:no appropriate service handler found
 
06-Apr-2014 18:44: Error handling operation: Listener refused the connection with the following error:
ORA-12519, TNS:no appropriate service handler found
 
06-Apr-2014 18:44: Error handling operation: Listener refused the connection with the following error:
ORA-12519, TNS:no appropriate service handler found
 
06-Apr-2014 18:44: Error handling operation: Listener refused the connection with the following error:
ORA-12519, TNS:no appropriate service handler found
 
06-Apr-2014 18:45: Error handling operation: Listener refused the connection with the following error:
ORA-12519, TNS:no appropriate service handler found
 
06-Apr-2014 18:45: Error handling operation: Listener refused the connection with the following error:
ORA-12519, TNS:no appropriate service handler found
 
06-Apr-2014 18:45: Error handling operation: Listener refused the connection with the following error:
ORA-12519, TNS:no appropriate service handler found
 
06-Apr-2014 18:45: Error handling operation: Listener refused the connection with the following error:
ORA-12519, TNS:no appropriate service handler found
 
06-Apr-2014 18:45: Error handling operation: Listener refused the connection with the following error:
ORA-12519, TNS:no appropriate service handler found
 
06-Apr-2014 18:45: Error handling operation: Listener refused the connection with the following error:
ORA-12519, TNS:no appropriate service handler found
 
06-Apr-2014 18:45: Error handling operation: Listener refused the connection with the following error:
ORA-12519, TNS:no appropriate service handler found
 
06-Apr-2014 18:45: Error handling operation: Listener refused the connection with the following error:
ORA-12519, TNS:no appropriate service handler found
 
06-Apr-2014 18:45: Error handling operation: Listener refused the connection with the following error:
ORA-12519, TNS:no appropriate service handler found
 
06-Apr-2014 18:45: Error handling operation: Listener refused the connection with the following error:
ORA-12519, TNS:no appropriate service handler found
 
06-Apr-2014 18:45: Error handling operation: Listener refused the connection with the following error:
ORA-12519, TNS:no appropriate service handler found
 
06-Apr-2014 18:45: Error handling operation: Listener refused the connection with the following error:
ORA-12519, TNS:no appropriate service handler found
 
06-Apr-2014 18:45: Error handling operation: Listener refused the connection with the following error:
ORA-12519, TNS:no appropriate service handler found
 
06-Apr-2014 18:45: Error handling operation: Listener refused the connection with the following error:
ORA-12519, TNS:no appropriate service handler found
 
06-Apr-2014 18:45: Error handling operation: Listener refused the connection with the following error:
ORA-12519, TNS:no appropriate service handler found
 
06-Apr-2014 18:45: Error handling operation: Listener refused the connection with the following error:
ORA-12519, TNS:no appropriate service handler found
 
06-Apr-2014 18:45: Error handling operation: Listener refused the connection with the following error:
ORA-12519, TNS:no appropriate service handler found
 
06-Apr-2014 18:45: Error handling operation: IO Error: The Network Adapter could not establish the connection
06-Apr-2014 18:45: Error handling operation: IO Error: The Network Adapter could not establish the connection
06-Apr-2014 18:45: Error handling operation: IO Error: The Network Adapter could not establish the connection
06-Apr-2014 18:45: Error handling operation: IO Error: The Network Adapter could not establish the connection
06-Apr-2014 18:45: Error handling operation: IO Error: The Network Adapter could not establish the connection
06-Apr-2014 18:45: Error handling operation: IO Error: The Network Adapter could not establish the connection
06-Apr-2014 18:45: Error handling operation: IO Error: The Network Adapter could not establish the connection
06-Apr-2014 18:45: Error handling operation: Listener refused the connection with the following error:
ORA-12519, TNS:no appropriate service handler found
 
06-Apr-2014 18:45: Error handling operation: IO Error: The Network Adapter could not establish the connection
06-Apr-2014 18:45: Error handling operation: IO Error: The Network Adapter could not establish the connection
06-Apr-2014 18:45: Error handling operation: IO Error: The Network Adapter could not establish the connection
06-Apr-2014 18:45: Error handling operation: IO Error: The Network Adapter could not establish the connection
06-Apr-2014 18:45: Error handling operation: IO Error: The Network Adapter could not establish the connection
06-Apr-2014 18:45: Error handling operation: IO Error: The Network Adapter could not establish the connection
06-Apr-2014 18:45: Error handling operation: IO Error: The Network Adapter could not establish the connection
06-Apr-2014 18:45: Error handling operation: IO Error: The Network Adapter could not establish the connection
06-Apr-2014 18:45: Error handling operation: IO Error: The Network Adapter could not establish the connection
06-Apr-2014 18:45: Error handling operation: IO Error: The Network Adapter could not establish the connection
06-Apr-2014 18:45: Error handling operation: IO Error: The Network Adapter could not establish the connection
06-Apr-2014 18:45: Error handling operation: IO Error: The Network Adapter could not establish the connection
06-Apr-2014 18:45: Error handling operation: IO Error: The Network Adapter could not establish the connection
06-Apr-2014 18:45: Error handling operation: IO Error: The Network Adapter could not establish the connection
06-Apr-2014 18:45: Error handling operation: IO Error: The Network Adapter could not establish the connection
06-Apr-2014 18:45: Error handling operation: IO Error: The Network Adapter could not establish the connection
06-Apr-2014 18:45: Error handling operation: IO Error: The Network Adapter could not establish the connection
06-Apr-2014 18:45: Error handling operation: IO Error: The Network Adapter could not establish the connection
06-Apr-2014 18:45: Error handling operation: IO Error: The Network Adapter could not establish the connection
06-Apr-2014 18:45: Error handling operation: IO Error: The Network Adapter could not establish the connection
06-Apr-2014 18:45: Error handling operation: IO Error: The Network Adapter could not establish the connection
06-Apr-2014 18:45: Error handling operation: IO Error: The Network Adapter could not establish the connection
06-Apr-2014 18:45: Error handling operation: IO Error: The Network Adapter could not establish the connection
06-Apr-2014 18:45: Error handling operation: IO Error: The Network Adapter could not establish the connection
06-Apr-2014 18:45: Error handling operation: IO Error: The Network Adapter could not establish the connection
06-Apr-2014 18:45: Error handling operation: Listener refused the connection with the following error:
ORA-12519, TNS:no appropriate service handler found
 
06-Apr-2014 18:45: Error handling operation: IO Error: The Network Adapter could not establish the connection
06-Apr-2014 18:45: Error handling operation: IO Error: The Network Adapter could not establish the connection
06-Apr-2014 18:45: Error handling operation: IO Error: The Network Adapter could not establish the connection
06-Apr-2014 18:45: Error handling operation: IO Error: The Network Adapter could not establish the connection
06-Apr-2014 18:45: Error handling operation: IO Error: The Network Adapter could not establish the connection
06-Apr-2014 18:45: Error handling operation: IO Error: The Network Adapter could not establish the connection
06-Apr-2014 18:45: Error handling operation: IO Error: The Network Adapter could not establish the connection
06-Apr-2014 18:45: Error handling operation: IO Error: The Network Adapter could not establish the connection
06-Apr-2014 18:45: Error handling operation: IO Error: The Network Adapter could not establish the connection
06-Apr-2014 18:45: Error handling operation: IO Error: The Network Adapter could not establish the connection
06-Apr-2014 18:45: Error handling operation: IO Error: The Network Adapter could not establish the connection
06-Apr-2014 18:45: Error handling operation: IO Error: The Network Adapter could not establish the connection
06-Apr-2014 18:45: Error handling operation: IO Error: The Network Adapter could not establish the connection
06-Apr-2014 18:45: Error handling operation: IO Error: The Network Adapter could not establish the connection
06-Apr-2014 18:45: Error handling operation: IO Error: The Network Adapter could not establish the connection
06-Apr-2014 18:45: Error handling operation: IO Error: The Network Adapter could not establish the connection
06-Apr-2014 18:45: Error handling operation: IO Error: The Network Adapter could not establish the connection
06-Apr-2014 18:45: Error handling operation: IO Error: The Network Adapter could not establish the connection
06-Apr-2014 18:45: Error handling operation: IO Error: The Network Adapter could not establish the connection
06-Apr-2014 18:45: Error handling operation: IO Error: The Network Adapter could not establish the connection
06-Apr-2014 18:45: Error handling operation: IO Error: The Network Adapter could not establish the connection
06-Apr-2014 18:45: Error handling operation: IO Error: The Network Adapter could not establish the connection
06-Apr-2014 18:45: Error handling operation: IO Error: The Network Adapter could not establish the connection
06-Apr-2014 18:45: Error handling operation: IO Error: The Network Adapter could not establish the connection
06-Apr-2014 18:45: Error handling operation: IO Error: The Network Adapter could not establish the connection
06-Apr-2014 18:45: Error handling operation: IO Error: The Network Adapter could not establish the connection
06-Apr-2014 18:45: Error handling operation: IO Error: The Network Adapter could not establish the connection
06-Apr-2014 18:45: Error handling operation: IO Error: The Network Adapter could not establish the connection
06-Apr-2014 18:45: Error handling operation: IO Error: The Network Adapter could not establish the connection
06-Apr-2014 18:45: Error handling operation: Listener refused the connection with the following error:
ORA-12519, TNS:no appropriate service handler found
 
06-Apr-2014 18:45: Error handling operation: IO Error: The Network Adapter could not establish the connection
06-Apr-2014 18:45: Error handling operation: IO Error: The Network Adapter could not establish the connection
06-Apr-2014 18:45: Error handling operation: IO Error: The Network Adapter could not establish the connection
06-Apr-2014 18:45: Error handling operation: IO Error: The Network Adapter could not establish the connection
06-Apr-2014 18:45: Error handling operation: IO Error: The Network Adapter could not establish the connection
06-Apr-2014 18:45: Error handling operation: IO Error: The Network Adapter could not establish the connection
06-Apr-2014 18:45: Error handling operation: IO Error: The Network Adapter could not establish the connection
06-Apr-2014 18:45: Error handling operation: IO Error: The Network Adapter could not establish the connection
06-Apr-2014 18:45: Error handling operation: IO Error: The Network Adapter could not establish the connection
06-Apr-2014 18:45: Error handling operation: IO Error: The Network Adapter could not establish the connection
06-Apr-2014 18:45: Error handling operation: IO Error: The Network Adapter could not establish the connection
06-Apr-2014 18:45: Error handling operation: IO Error: The Network Adapter could not establish the connection
06-Apr-2014 18:45: Error handling operation: IO Error: The Network Adapter could not establish the connection
06-Apr-2014 18:45: Error handling operation: IO Error: The Network Adapter could not establish the connection
06-Apr-2014 18:45: Error handling operation: IO Error: The Network Adapter could not establish the connection
06-Apr-2014 18:45: Error handling operation: IO Error: The Network Adapter could not establish the connection
06-Apr-2014 18:45: Error handling operation: Listener refused the connection with the following error:
ORA-12519, TNS:no appropriate service handler found
 
06-Apr-2014 18:45: Error handling operation: IO Error: The Network Adapter could not establish the connection
06-Apr-2014 18:45: Error handling operation: IO Error: The Network Adapter could not establish the connection
06-Apr-2014 18:45: Error handling operation: IO Error: The Network Adapter could not establish the connection
06-Apr-2014 18:45: Error handling operation: IO Error: The Network Adapter could not establish the connection
06-Apr-2014 18:45: Error handling operation: IO Error: The Network Adapter could not establish the connection
06-Apr-2014 18:45: Error handling operation: IO Error: The Network Adapter could not establish the connection
06-Apr-2014 18:45: Error handling operation: IO Error: The Network Adapter could not establish the connection
06-Apr-2014 18:45: Error handling operation: IO Error: The Network Adapter could not establish the connection
06-Apr-2014 18:45: Error handling operation: IO Error: The Network Adapter could not establish the connection
06-Apr-2014 18:45: Error handling operation: IO Error: The Network Adapter could not establish the connection
06-Apr-2014 18:45: Error handling operation: IO Error: The Network Adapter could not establish the connection
06-Apr-2014 18:45: Error handling operation: IO Error: The Network Adapter could not establish the connection
06-Apr-2014 18:45: Error handling operation: IO Error: The Network Adapter could not establish the connection
06-Apr-2014 18:45: Error handling operation: IO Error: The Network Adapter could not establish the connection
06-Apr-2014 18:45: Error handling operation: IO Error: The Network Adapter could not establish the connection
06-Apr-2014 18:45: Error handling operation: IO Error: The Network Adapter could not establish the connection
06-Apr-2014 18:45: Error handling operation: IO Error: The Network Adapter could not establish the connection
06-Apr-2014 18:45: Error handling operation: IO Error: The Network Adapter could not establish the connection
06-Apr-2014 18:45: Error handling operation: IO Error: The Network Adapter could not establish the connection
06-Apr-2014 18:45: Error handling operation: IO Error: The Network Adapter could not establish the connection
06-Apr-2014 18:45: Error handling operation: IO Error: The Network Adapter could not establish the connection
06-Apr-2014 18:45: Error handling operation: IO Error: The Network Adapter could not establish the connection
06-Apr-2014 18:45: Error handling operation: IO Error: The Network Adapter could not establish the connection
06-Apr-2014 18:45: Error handling operation: IO Error: The Network Adapter could not establish the connection
06-Apr-2014 18:45: Error handling operation: IO Error: The Network Adapter could not establish the connection
06-Apr-2014 18:45: Error handling operation: IO Error: The Network Adapter could not establish the connection
06-Apr-2014 18:45: Error handling operation: IO Error: The Network Adapter could not establish the connection
06-Apr-2014 18:45: Error handling operation: IO Error: The Network Adapter could not establish the connection
06-Apr-2014 18:45: Error handling operation: IO Error: The Network Adapter could not establish the connection
06-Apr-2014 18:45: Error handling operation: IO Error: The Network Adapter could not establish the connection
06-Apr-2014 18:45: Error handling operation: Listener refused the connection with the following error:
ORA-12519, TNS:no appropriate service handler found
 
06-Apr-2014 18:45: Error handling operation: IO Error: The Network Adapter could not establish the connection
06-Apr-2014 18:45: Error handling operation: IO Error: The Network Adapter could not establish the connection
06-Apr-2014 18:45: Error handling operation: IO Error: The Network Adapter could not establish the connection
06-Apr-2014 18:45: Error handling operation: IO Error: The Network Adapter could not establish the connection
06-Apr-2014 18:45: Error handling operation: IO Error: The Network Adapter could not establish the connection
06-Apr-2014 18:45: Error handling operation: IO Error: The Network Adapter could not establish the connection
06-Apr-2014 18:45: Error handling operation: IO Error: The Network Adapter could not establish the connection
06-Apr-2014 18:45: Error handling operation: IO Error: The Network Adapter could not establish the connection
06-Apr-2014 18:45: Error handling operation: IO Error: The Network Adapter could not establish the connection
06-Apr-2014 18:45: Error handling operation: IO Error: The Network Adapter could not establish the connection
06-Apr-2014 18:45: Error handling operation: IO Error: The Network Adapter could not establish the connection
06-Apr-2014 18:45: Error handling operation: IO Error: The Network Adapter could not establish the connection
06-Apr-2014 18:45: Error handling operation: IO Error: The Network Adapter could not establish the connection
06-Apr-2014 18:45: Error handling operation: IO Error: The Network Adapter could not establish the connection
06-Apr-2014 18:45: Error handling operation: IO Error: The Network Adapter could not establish the connection
06-Apr-2014 18:45: Error handling operation: IO Error: The Network Adapter could not establish the connection
06-Apr-2014 18:45: Error handling operation: IO Error: The Network Adapter could not establish the connection
06-Apr-2014 18:45: Error handling operation: IO Error: The Network Adapter could not establish the connection
06-Apr-2014 18:45: Error handling operation: IO Error: The Network Adapter could not establish the connection
06-Apr-2014 18:45: Error handling operation: IO Error: The Network Adapter could not establish the connection
06-Apr-2014 18:45: Error handling operation: Listener refused the connection with the following error:
ORA-12519, TNS:no appropriate service handler found
 
06-Apr-2014 18:45: Error handling operation: IO Error: The Network Adapter could not establish the connection
06-Apr-2014 18:45: Error handling operation: IO Error: The Network Adapter could not establish the connection
06-Apr-2014 18:45: Error handling operation: IO Error: The Network Adapter could not establish the connection
06-Apr-2014 18:45: Error handling operation: IO Error: The Network Adapter could not establish the connection
06-Apr-2014 18:45: Error handling operation: IO Error: The Network Adapter could not establish the connection
06-Apr-2014 18:45: Error handling operation: IO Error: The Network Adapter could not establish the connection
06-Apr-2014 18:45: Error handling operation: IO Error: The Network Adapter could not establish the connection
06-Apr-2014 18:45: Error handling operation: IO Error: The Network Adapter could not establish the connection
06-Apr-2014 18:45: Error handling operation: IO Error: The Network Adapter could not establish the connection
06-Apr-2014 18:45: Error handling operation: IO Error: The Network Adapter could not establish the connection
06-Apr-2014 18:45: Error handling operation: IO Error: The Network Adapter could not establish the connection
06-Apr-2014 18:45: Error handling operation: IO Error: The Network Adapter could not establish the connection
06-Apr-2014 18:45: Error handling operation: IO Error: The Network Adapter could not establish the connection
06-Apr-2014 18:45: Error handling operation: IO Error: The Network Adapter could not establish the connection
06-Apr-2014 18:45: Error handling operation: IO Error: The Network Adapter could not establish the connection
06-Apr-2014 18:45: Error handling operation: IO Error: The Network Adapter could not establish the connection
06-Apr-2014 18:45: Error handling operation: IO Error: The Network Adapter could not establish the connection
06-Apr-2014 18:45: Error handling operation: IO Error: The Network Adapter could not establish the connection
06-Apr-2014 18:45: Error handling operation: IO Error: The Network Adapter could not establish the connection
06-Apr-2014 18:45: Error handling operation: IO Error: The Network Adapter could not establish the connection
06-Apr-2014 18:45: Error handling operation: IO Error: The Network Adapter could not establish the connection
06-Apr-2014 18:45: Error handling operation: IO Error: The Network Adapter could not establish the connection
06-Apr-2014 18:45: Error handling operation: IO Error: The Network Adapter could not establish the connection
06-Apr-2014 18:45: Error handling operation: IO Error: The Network Adapter could not establish the connection
06-Apr-2014 18:45: Error handling operation: IO Error: The Network Adapter could not establish the connection
06-Apr-2014 18:45: Error handling operation: IO Error: The Network Adapter could not establish the connection
06-Apr-2014 18:45: Error handling operation: IO Error: The Network Adapter could not establish the connection
06-Apr-2014 18:45: Error handling operation: IO Error: The Network Adapter could not establish the connection
06-Apr-2014 18:45: Error handling operation: IO Error: The Network Adapter could not establish the connection
06-Apr-2014 18:45: Error handling operation: IO Error: The Network Adapter could not establish the connection
06-Apr-2014 18:45: Error handling operation: Listener refused the connection with the following error:
ORA-12519, TNS:no appropriate service handler found
 
06-Apr-2014 18:45: Error handling operation: IO Error: The Network Adapter could not establish the connection
06-Apr-2014 18:45: Error handling operation: IO Error: The Network Adapter could not establish the connection
06-Apr-2014 18:45: Error handling operation: IO Error: The Network Adapter could not establish the connection
06-Apr-2014 18:45: Error handling operation: IO Error: The Network Adapter could not establish the connection
06-Apr-2014 18:45: Error handling operation: IO Error: The Network Adapter could not establish the connection
06-Apr-2014 18:45: Error handling operation: IO Error: The Network Adapter could not establish the connection
06-Apr-2014 18:45: Error handling operation: IO Error: The Network Adapter could not establish the connection
06-Apr-2014 18:45: Error handling operation: IO Error: The Network Adapter could not establish the connection
06-Apr-2014 18:45: Error handling operation: IO Error: The Network Adapter could not establish the connection
06-Apr-2014 18:45: Error handling operation: IO Error: The Network Adapter could not establish the connection
06-Apr-2014 18:45: Error handling operation: IO Error: The Network Adapter could not establish the connection
06-Apr-2014 18:45: Error handling operation: IO Error: The Network Adapter could not establish the connection
06-Apr-2014 18:45: Error handling operation: IO Error: The Network Adapter could not establish the connection
06-Apr-2014 18:45: Error handling operation: IO Error: The Network Adapter could not establish the connection
06-Apr-2014 18:45: Error handling operation: IO Error: The Network Adapter could not establish the connection
06-Apr-2014 18:45: Error handling operation: IO Error: The Network Adapter could not establish the connection
06-Apr-2014 18:45: Error handling operation: IO Error: The Network Adapter could not establish the connection
06-Apr-2014 18:45: Error handling operation: IO Error: The Network Adapter could not establish the connection
06-Apr-2014 18:45: Error handling operation: IO Error: The Network Adapter could not establish the connection
06-Apr-2014 18:45: Error handling operation: IO Error: The Network Adapter could not establish the connection
06-Apr-2014 18:45: Error handling operation: IO Error: The Network Adapter could not establish the connection
06-Apr-2014 18:45: Error handling operation: IO Error: The Network Adapter could not establish the connection
06-Apr-2014 18:45: Error handling operation: IO Error: The Network Adapter could not establish the connection
06-Apr-2014 18:45: Error handling operation: IO Error: The Network Adapter could not establish the connection
06-Apr-2014 18:45: Error handling operation: IO Error: The Network Adapter could not establish the connection
06-Apr-2014 18:45: Error handling operation: Listener refused the connection with the following error:
ORA-12519, TNS:no appropriate service handler found
 
06-Apr-2014 18:45: Error handling operation: IO Error: The Network Adapter could not establish the connection
06-Apr-2014 18:45: Error handling operation: IO Error: The Network Adapter could not establish the connection
06-Apr-2014 18:45: Error handling operation: IO Error: The Network Adapter could not establish the connection
06-Apr-2014 18:45: Error handling operation: IO Error: The Network Adapter could not establish the connection
06-Apr-2014 18:45: Error handling operation: IO Error: The Network Adapter could not establish the connection
06-Apr-2014 18:45: Error handling operation: IO Error: The Network Adapter could not establish the connection
06-Apr-2014 18:45: Error handling operation: IO Error: The Network Adapter could not establish the connection
06-Apr-2014 18:45: Error handling operation: IO Error: The Network Adapter could not establish the connection
06-Apr-2014 18:45: Error handling operation: IO Error: The Network Adapter could not establish the connection
06-Apr-2014 18:45: Error handling operation: IO Error: The Network Adapter could not establish the connection
06-Apr-2014 18:45: Error handling operation: IO Error: The Network Adapter could not establish the connection
06-Apr-2014 18:45: Error handling operation: IO Error: The Network Adapter could not establish the connection
06-Apr-2014 18:45: Error handling operation: IO Error: The Network Adapter could not establish the connection
06-Apr-2014 18:45: Error handling operation: IO Error: The Network Adapter could not establish the connection
06-Apr-2014 18:45: Error handling operation: IO Error: The Network Adapter could not establish the connection
06-Apr-2014 18:45: Error handling operation: IO Error: The Network Adapter could not establish the connection
06-Apr-2014 18:45: Error handling operation: IO Error: The Network Adapter could not establish the connection
06-Apr-2014 18:45: Error handling operation: IO Error: The Network Adapter could not establish the connection
06-Apr-2014 18:45: Error handling operation: IO Error: The Network Adapter could not establish the connection
06-Apr-2014 18:45: Error handling operation: IO Error: The Network Adapter could not establish the connection
06-Apr-2014 18:45: Error handling operation: IO Error: The Network Adapter could not establish the connection
06-Apr-2014 18:45: Error handling operation: IO Error: The Network Adapter could not establish the connection
06-Apr-2014 18:45: Error handling operation: IO Error: The Network Adapter could not establish the connection
06-Apr-2014 18:45: Error handling operation: IO Error: The Network Adapter could not establish the connection
06-Apr-2014 18:45: Error handling operation: IO Error: The Network Adapter could not establish the connection
06-Apr-2014 18:45: Error handling operation: IO Error: The Network Adapter could not establish the connection
06-Apr-2014 18:45: Error handling operation: IO Error: The Network Adapter could not establish the connection
06-Apr-2014 18:45: Error handling operation: Listener refused the connection with the following error:
ORA-12519, TNS:no appropriate service handler found
 
06-Apr-2014 18:45: Error handling operation: IO Error: The Network Adapter could not establish the connection
06-Apr-2014 18:45: Error handling operation: IO Error: The Network Adapter could not establish the connection
06-Apr-2014 18:45: Error handling operation: IO Error: The Network Adapter could not establish the connection
06-Apr-2014 18:45: Error handling operation: IO Error: The Network Adapter could not establish the connection
06-Apr-2014 18:45: Error handling operation: IO Error: The Network Adapter could not establish the connection
06-Apr-2014 18:45: Error handling operation: IO Error: The Network Adapter could not establish the connection
06-Apr-2014 18:45: Error handling operation: IO Error: The Network Adapter could not establish the connection
06-Apr-2014 18:45: Error handling operation: IO Error: The Network Adapter could not establish the connection
06-Apr-2014 18:45: Error handling operation: IO Error: The Network Adapter could not establish the connection
06-Apr-2014 18:45: Error handling operation: IO Error: The Network Adapter could not establish the connection
06-Apr-2014 18:45: Error handling operation: IO Error: The Network Adapter could not establish the connection
06-Apr-2014 18:45: Error handling operation: IO Error: The Network Adapter could not establish the connection
06-Apr-2014 18:45: Error handling operation: IO Error: The Network Adapter could not establish the connection
06-Apr-2014 18:45: Error handling operation: IO Error: The Network Adapter could not establish the connection
06-Apr-2014 18:45: Error handling operation: IO Error: The Network Adapter could not establish the connection
06-Apr-2014 18:45: Error handling operation: IO Error: The Network Adapter could not establish the connection
06-Apr-2014 18:45: Error handling operation: IO Error: The Network Adapter could not establish the connection
06-Apr-2014 18:45: Error handling operation: IO Error: The Network Adapter could not establish the connection
06-Apr-2014 18:45: Error handling operation: IO Error: The Network Adapter could not establish the connection
06-Apr-2014 18:45: Error handling operation: IO Error: The Network Adapter could not establish the connection
06-Apr-2014 18:45: Error handling operation: IO Error: The Network Adapter could not establish the connection
06-Apr-2014 18:45: Error handling operation: IO Error: The Network Adapter could not establish the connection
06-Apr-2014 18:45: Error handling operation: Listener refused the connection with the following error:
ORA-12519, TNS:no appropriate service handler found
 
06-Apr-2014 18:45: Error handling operation: IO Error: The Network Adapter could not establish the connection
06-Apr-2014 18:45: Error handling operation: IO Error: The Network Adapter could not establish the connection
06-Apr-2014 18:45: Error handling operation: IO Error: The Network Adapter could not establish the connection
06-Apr-2014 18:45: Error handling operation: IO Error: The Network Adapter could not establish the connection
06-Apr-2014 18:45: Error handling operation: IO Error: The Network Adapter could not establish the connection
06-Apr-2014 18:45: Error handling operation: IO Error: The Network Adapter could not establish the connection
06-Apr-2014 18:45: Error handling operation: IO Error: The Network Adapter could not establish the connection
06-Apr-2014 18:45: Error handling operation: IO Error: The Network Adapter could not establish the connection
06-Apr-2014 18:45: Error handling operation: IO Error: The Network Adapter could not establish the connection
06-Apr-2014 18:45: Error handling operation: IO Error: The Network Adapter could not establish the connection
06-Apr-2014 18:45: Error handling operation: IO Error: The Network Adapter could not establish the connection
06-Apr-2014 18:45: Error handling operation: IO Error: The Network Adapter could not establish the connection
06-Apr-2014 18:45: Error handling operation: IO Error: The Network Adapter could not establish the connection
06-Apr-2014 18:45: Error handling operation: IO Error: The Network Adapter could not establish the connection
06-Apr-2014 18:45: Error handling operation: IO Error: The Network Adapter could not establish the connection
06-Apr-2014 18:45: Error handling operation: IO Error: The Network Adapter could not establish the connection
06-Apr-2014 18:45: Error handling operation: IO Error: The Network Adapter could not establish the connection
06-Apr-2014 18:45: Error handling operation: IO Error: The Network Adapter could not establish the connection
06-Apr-2014 18:45: Error handling operation: IO Error: The Network Adapter could not establish the connection
06-Apr-2014 18:45: Error handling operation: IO Error: The Network Adapter could not establish the connection
06-Apr-2014 18:45: Error handling operation: IO Error: The Network Adapter could not establish the connection
06-Apr-2014 18:45: Error handling operation: IO Error: The Network Adapter could not establish the connection
06-Apr-2014 18:45: Error handling operation: IO Error: The Network Adapter could not establish the connection
06-Apr-2014 18:45: Error handling operation: IO Error: The Network Adapter could not establish the connection
06-Apr-2014 18:45: Error handling operation: IO Error: The Network Adapter could not establish the connection
06-Apr-2014 18:45: Error handling operation: IO Error: The Network Adapter could not establish the connection
06-Apr-2014 18:45: Error handling operation: IO Error: The Network Adapter could not establish the connection
06-Apr-2014 18:45: Error handling operation: IO Error: The Network Adapter could not establish the connection
06-Apr-2014 18:45: Error handling operation: IO Error: The Network Adapter could not establish the connection
06-Apr-2014 18:45: Error handling operation: Listener refused the connection with the following error:
ORA-12519, TNS:no appropriate service handler found
 
06-Apr-2014 18:45: Error handling operation: IO Error: The Network Adapter could not establish the connection
06-Apr-2014 18:45: Error handling operation: IO Error: The Network Adapter could not establish the connection
06-Apr-2014 18:45: Error handling operation: IO Error: The Network Adapter could not establish the connection
06-Apr-2014 18:45: Error handling operation: IO Error: The Network Adapter could not establish the connection
06-Apr-2014 18:45: Error handling operation: IO Error: The Network Adapter could not establish the connection
06-Apr-2014 18:45: Error handling operation: IO Error: The Network Adapter could not establish the connection
06-Apr-2014 18:45: Error handling operation: IO Error: The Network Adapter could not establish the connection
06-Apr-2014 18:45: Error handling operation: IO Error: The Network Adapter could not establish the connection
06-Apr-2014 18:45: Error handling operation: IO Error: The Network Adapter could not establish the connection
06-Apr-2014 18:45: Error handling operation: IO Error: The Network Adapter could not establish the connection
06-Apr-2014 18:45: Error handling operation: IO Error: The Network Adapter could not establish the connection
06-Apr-2014 18:45: Error handling operation: IO Error: The Network Adapter could not establish the connection
06-Apr-2014 18:45: Error handling operation: IO Error: The Network Adapter could not establish the connection
06-Apr-2014 18:45: Error handling operation: IO Error: The Network Adapter could not establish the connection
06-Apr-2014 18:45: Error handling operation: IO Error: The Network Adapter could not establish the connection
06-Apr-2014 18:45: Error handling operation: IO Error: The Network Adapter could not establish the connection
06-Apr-2014 18:45: Error handling operation: IO Error: The Network Adapter could not establish the connection
06-Apr-2014 18:45: Error handling operation: IO Error: The Network Adapter could not establish the connection
06-Apr-2014 18:45: Error handling operation: IO Error: The Network Adapter could not establish the connection
06-Apr-2014 18:45: Error handling operation: IO Error: The Network Adapter could not establish the connection
06-Apr-2014 18:45: Error handling operation: IO Error: The Network Adapter could not establish the connection
06-Apr-2014 18:45: Error handling operation: IO Error: The Network Adapter could not establish the connection
06-Apr-2014 18:45: Error handling operation: Listener refused the connection with the following error:
ORA-12519, TNS:no appropriate service handler found
 
06-Apr-2014 18:45: Error handling operation: IO Error: The Network Adapter could not establish the connection
06-Apr-2014 18:45: Error handling operation: IO Error: The Network Adapter could not establish the connection
06-Apr-2014 18:45: Error handling operation: IO Error: The Network Adapter could not establish the connection
06-Apr-2014 18:45: Error handling operation: IO Error: The Network Adapter could not establish the connection
06-Apr-2014 18:45: Error handling operation: IO Error: The Network Adapter could not establish the connection
06-Apr-2014 18:45: Error handling operation: IO Error: The Network Adapter could not establish the connection
06-Apr-2014 18:45: Error handling operation: IO Error: The Network Adapter could not establish the connection
06-Apr-2014 18:45: Error handling operation: IO Error: The Network Adapter could not establish the connection
06-Apr-2014 18:45: Error handling operation: IO Error: The Network Adapter could not establish the connection
06-Apr-2014 18:45: Error handling operation: IO Error: The Network Adapter could not establish the connection
06-Apr-2014 18:45: Error handling operation: IO Error: The Network Adapter could not establish the connection
06-Apr-2014 18:45: Error handling operation: IO Error: The Network Adapter could not establish the connection
06-Apr-2014 18:45: Error handling operation: IO Error: The Network Adapter could not establish the connection
06-Apr-2014 18:45: Error handling operation: IO Error: The Network Adapter could not establish the connection
06-Apr-2014 18:45: Error handling operation: IO Error: The Network Adapter could not establish the connection
06-Apr-2014 18:45: Error handling operation: IO Error: The Network Adapter could not establish the connection
06-Apr-2014 18:45: Error handling operation: IO Error: The Network Adapter could not establish the connection
06-Apr-2014 18:45: Error handling operation: IO Error: The Network Adapter could not establish the connection
06-Apr-2014 18:45: Error handling operation: IO Error: The Network Adapter could not establish the connection
06-Apr-2014 18:45: Error handling operation: IO Error: The Network Adapter could not establish the connection
06-Apr-2014 18:45: Error handling operation: IO Error: The Network Adapter could not establish the connection
06-Apr-2014 18:45: Error handling operation: IO Error: The Network Adapter could not establish the connection
06-Apr-2014 18:45: Error handling operation: IO Error: The Network Adapter could not establish the connection
06-Apr-2014 18:45: Error handling operation: IO Error: The Network Adapter could not establish the connection
06-Apr-2014 18:45: Error handling operation: IO Error: The Network Adapter could not establish the connection
06-Apr-2014 18:45: Error handling operation: IO Error: The Network Adapter could not establish the connection
06-Apr-2014 18:45: Error handling operation: IO Error: The Network Adapter could not establish the connection
06-Apr-2014 18:45: Error handling operation: IO Error: The Network Adapter could not establish the connection
06-Apr-2014 18:45: Error handling operation: IO Error: The Network Adapter could not establish the connection
06-Apr-2014 18:45: Error handling operation: IO Error: The Network Adapter could not establish the connection
06-Apr-2014 18:45: Error handling operation: Listener refused the connection with the following error:
ORA-12519, TNS:no appropriate service handler found
 
06-Apr-2014 18:45: Error handling operation: IO Error: The Network Adapter could not establish the connection
06-Apr-2014 18:45: Error handling operation: IO Error: The Network Adapter could not establish the connection
06-Apr-2014 18:45: Error handling operation: IO Error: The Network Adapter could not establish the connection
06-Apr-2014 18:45: Error handling operation: IO Error: The Network Adapter could not establish the connection
06-Apr-2014 18:45: Error handling operation: IO Error: The Network Adapter could not establish the connection
06-Apr-2014 18:45: Error handling operation: IO Error: The Network Adapter could not establish the connection
06-Apr-2014 18:45: Error handling operation: IO Error: The Network Adapter could not establish the connection
06-Apr-2014 18:45: Error handling operation: IO Error: The Network Adapter could not establish the connection
06-Apr-2014 18:45: Error handling operation: IO Error: The Network Adapter could not establish the connection
06-Apr-2014 18:45: Error handling operation: IO Error: The Network Adapter could not establish the connection
06-Apr-2014 18:45: Error handling operation: IO Error: The Network Adapter could not establish the connection
06-Apr-2014 18:45: Error handling operation: IO Error: The Network Adapter could not establish the connection
06-Apr-2014 18:45: Error handling operation: IO Error: The Network Adapter could not establish the connection
06-Apr-2014 18:45: Error handling operation: IO Error: The Network Adapter could not establish the connection
06-Apr-2014 18:45: Error handling operation: IO Error: The Network Adapter could not establish the connection
06-Apr-2014 18:45: Error handling operation: IO Error: The Network Adapter could not establish the connection
06-Apr-2014 18:45: Error handling operation: IO Error: The Network Adapter could not establish the connection
06-Apr-2014 18:45: Error handling operation: IO Error: The Network Adapter could not establish the connection
06-Apr-2014 18:45: Error handling operation: IO Error: The Network Adapter could not establish the connection
06-Apr-2014 18:45: Error handling operation: IO Error: The Network Adapter could not establish the connection
06-Apr-2014 18:45: Error handling operation: IO Error: The Network Adapter could not establish the connection
06-Apr-2014 18:45: Error handling operation: IO Error: The Network Adapter could not establish the connection
06-Apr-2014 18:45: Error handling operation: IO Error: The Network Adapter could not establish the connection
06-Apr-2014 18:45: Error handling operation: IO Error: The Network Adapter could not establish the connection
06-Apr-2014 18:45: Error handling operation: IO Error: The Network Adapter could not establish the connection
06-Apr-2014 18:45: Error handling operation: IO Error: The Network Adapter could not establish the connection
06-Apr-2014 18:45: Error handling operation: IO Error: The Network Adapter could not establish the connection
06-Apr-2014 18:45: Error handling operation: IO Error: The Network Adapter could not establish the connection
06-Apr-2014 18:45: Error handling operation: IO Error: The Network Adapter could not establish the connection
06-Apr-2014 18:45: Error handling operation: IO Error: The Network Adapter could not establish the connection
06-Apr-2014 18:45: Error handling operation: Listener refused the connection with the following error:
ORA-12519, TNS:no appropriate service handler found
 
06-Apr-2014 18:45: Error handling operation: IO Error: The Network Adapter could not establish the connection
06-Apr-2014 18:45: Error handling operation: IO Error: The Network Adapter could not establish the connection
06-Apr-2014 18:45: Error handling operation: IO Error: The Network Adapter could not establish the connection
06-Apr-2014 18:45: Error handling operation: IO Error: The Network Adapter could not establish the connection
06-Apr-2014 18:45: Error handling operation: IO Error: The Network Adapter could not establish the connection
06-Apr-2014 18:45: Error handling operation: IO Error: The Network Adapter could not establish the connection
06-Apr-2014 18:45: Error handling operation: IO Error: The Network Adapter could not establish the connection
06-Apr-2014 18:45: Error handling operation: IO Error: The Network Adapter could not establish the connection
06-Apr-2014 18:45: Error handling operation: IO Error: The Network Adapter could not establish the connection
06-Apr-2014 18:45: Error handling operation: IO Error: The Network Adapter could not establish the connection
06-Apr-2014 18:45: Error handling operation: IO Error: The Network Adapter could not establish the connection
06-Apr-2014 18:45: Error handling operation: IO Error: The Network Adapter could not establish the connection
06-Apr-2014 18:45: Error handling operation: IO Error: The Network Adapter could not establish the connection
06-Apr-2014 18:45: Error handling operation: IO Error: The Network Adapter could not establish the connection
06-Apr-2014 18:45: Error handling operation: IO Error: The Network Adapter could not establish the connection
06-Apr-2014 18:45: Error handling operation: IO Error: The Network Adapter could not establish the connection
06-Apr-2014 18:45: Error handling operation: IO Error: The Network Adapter could not establish the connection
06-Apr-2014 18:45: Error handling operation: IO Error: The Network Adapter could not establish the connection
06-Apr-2014 18:45: Error handling operation: IO Error: The Network Adapter could not establish the connection
06-Apr-2014 18:45: Error handling operation: IO Error: The Network Adapter could not establish the connection
06-Apr-2014 18:45: Error handling operation: IO Error: The Network Adapter could not establish the connection
06-Apr-2014 18:45: Error handling operation: IO Error: The Network Adapter could not establish the connection
06-Apr-2014 18:45: Error handling operation: IO Error: The Network Adapter could not establish the connection
06-Apr-2014 18:45: Error handling operation: IO Error: The Network Adapter could not establish the connection
06-Apr-2014 18:45: Error handling operation: IO Error: The Network Adapter could not establish the connection
06-Apr-2014 18:45: Error handling operation: IO Error: The Network Adapter could not establish the connection
06-Apr-2014 18:45: Error handling operation: IO Error: The Network Adapter could not establish the connection
06-Apr-2014 18:45: Error handling operation: IO Error: The Network Adapter could not establish the connection
06-Apr-2014 18:45: Error handling operation: Listener refused the connection with the following error:
ORA-12519, TNS:no appropriate service handler found
 
06-Apr-2014 18:45: Error handling operation: IO Error: The Network Adapter could not establish the connection
06-Apr-2014 18:45: Error handling operation: IO Error: The Network Adapter could not establish the connection
06-Apr-2014 18:45: Error handling operation: IO Error: The Network Adapter could not establish the connection
06-Apr-2014 18:45: Error handling operation: IO Error: The Network Adapter could not establish the connection
06-Apr-2014 18:45: Error handling operation: IO Error: The Network Adapter could not establish the connection
06-Apr-2014 18:45: Error handling operation: IO Error: The Network Adapter could not establish the connection
06-Apr-2014 18:45: Error handling operation: IO Error: The Network Adapter could not establish the connection
06-Apr-2014 18:45: Error handling operation: IO Error: The Network Adapter could not establish the connection
06-Apr-2014 18:45: Error handling operation: Listener refused the connection with the following error:
ORA-12519, TNS:no appropriate service handler found
 
06-Apr-2014 18:45: Error handling operation: IO Error: The Network Adapter could not establish the connection
06-Apr-2014 18:45: Error handling operation: IO Error: The Network Adapter could not establish the connection
06-Apr-2014 18:45: Error handling operation: IO Error: The Network Adapter could not establish the connection
06-Apr-2014 18:45: Error handling operation: IO Error: The Network Adapter could not establish the connection
06-Apr-2014 18:45: Error handling operation: IO Error: The Network Adapter could not establish the connection
06-Apr-2014 18:45: Error handling operation: IO Error: The Network Adapter could not establish the connection
06-Apr-2014 18:45: Error handling operation: IO Error: The Network Adapter could not establish the connection
06-Apr-2014 18:45: Error handling operation: IO Error: The Network Adapter could not establish the connection
06-Apr-2014 18:45: Error handling operation: IO Error: The Network Adapter could not establish the connection
06-Apr-2014 18:45: Error handling operation: IO Error: The Network Adapter could not establish the connection
06-Apr-2014 18:45: Error handling operation: IO Error: The Network Adapter could not establish the connection
06-Apr-2014 18:45: Error handling operation: IO Error: The Network Adapter could not establish the connection
06-Apr-2014 18:45: Error handling operation: IO Error: The Network Adapter could not establish the connection
06-Apr-2014 18:45: Error handling operation: IO Error: The Network Adapter could not establish the connection
06-Apr-2014 18:45: Error handling operation: IO Error: The Network Adapter could not establish the connection
06-Apr-2014 18:45: Error handling operation: IO Error: The Network Adapter could not establish the connection
06-Apr-2014 18:45: Error handling operation: IO Error: The Network Adapter could not establish the connection
06-Apr-2014 18:45: Error handling operation: IO Error: The Network Adapter could not establish the connection
06-Apr-2014 18:45: Error handling operation: IO Error: The Network Adapter could not establish the connection
06-Apr-2014 18:45: Error handling operation: Listener refused the connection with the following error:
ORA-12519, TNS:no appropriate service handler found
 
06-Apr-2014 18:45: Error handling operation: IO Error: The Network Adapter could not establish the connection
06-Apr-2014 18:45: Error handling operation: IO Error: The Network Adapter could not establish the connection
06-Apr-2014 18:45: Error handling operation: IO Error: The Network Adapter could not establish the connection
06-Apr-2014 18:45: Error handling operation: IO Error: The Network Adapter could not establish the connection
06-Apr-2014 18:45: Error handling operation: IO Error: The Network Adapter could not establish the connection
06-Apr-2014 18:45: Error handling operation: IO Error: The Network Adapter could not establish the connection
06-Apr-2014 18:45: Error handling operation: IO Error: The Network Adapter could not establish the connection
06-Apr-2014 18:45: Error handling operation: IO Error: The Network Adapter could not establish the connection
06-Apr-2014 18:45: Error handling operation: IO Error: The Network Adapter could not establish the connection
06-Apr-2014 18:45: Error handling operation: IO Error: The Network Adapter could not establish the connection
06-Apr-2014 18:45: Error handling operation: IO Error: The Network Adapter could not establish the connection
06-Apr-2014 18:45: Error handling operation: IO Error: The Network Adapter could not establish the connection
06-Apr-2014 18:45: Error handling operation: IO Error: The Network Adapter could not establish the connection
06-Apr-2014 18:45: Error handling operation: IO Error: The Network Adapter could not establish the connection
06-Apr-2014 18:45: Error handling operation: IO Error: The Network Adapter could not establish the connection
06-Apr-2014 18:45: Error handling operation: Listener refused the connection with the following error:
ORA-12519, TNS:no appropriate service handler found
 
06-Apr-2014 18:45: Error handling operation: Listener refused the connection with the following error:
ORA-12519, TNS:no appropriate service handler found
 
06-Apr-2014 18:45: Error handling operation: Listener refused the connection with the following error:
ORA-12519, TNS:no appropriate service handler found
 
06-Apr-2014 18:45: Error handling operation: IO Error: The Network Adapter could not establish the connection
06-Apr-2014 18:45: Error handling operation: IO Error: The Network Adapter could not establish the connection
06-Apr-2014 18:45: Error handling operation: Listener refused the connection with the following error:
ORA-12519, TNS:no appropriate service handler found
 
06-Apr-2014 18:45: Error handling operation: IO Error: The Network Adapter could not establish the connection
06-Apr-2014 18:45: Error handling operation: IO Error: The Network Adapter could not establish the connection
06-Apr-2014 18:45: Error handling operation: IO Error: The Network Adapter could not establish the connection
06-Apr-2014 18:45: Error handling operation: IO Error: The Network Adapter could not establish the connection
06-Apr-2014 18:45: Error handling operation: IO Error: The Network Adapter could not establish the connection
06-Apr-2014 18:45: Error handling operation: IO Error: The Network Adapter could not establish the connection
06-Apr-2014 18:45: Error handling operation: IO Error: The Network Adapter could not establish the connection
06-Apr-2014 18:45: Error handling operation: IO Error: The Network Adapter could not establish the connection
06-Apr-2014 18:45: Error handling operation: IO Error: The Network Adapter could not establish the connection
06-Apr-2014 18:45: Error handling operation: IO Error: The Network Adapter could not establish the connection
06-Apr-2014 18:45: Error handling operation: IO Error: The Network Adapter could not establish the connection
06-Apr-2014 18:45: Error handling operation: IO Error: The Network Adapter could not establish the connection
06-Apr-2014 18:45: Error handling operation: IO Error: The Network Adapter could not establish the connection
06-Apr-2014 18:45: Error handling operation: IO Error: The Network Adapter could not establish the connection
06-Apr-2014 18:45: Error handling operation: IO Error: The Network Adapter could not establish the connection
06-Apr-2014 18:45: Error handling operation: IO Error: The Network Adapter could not establish the connection
06-Apr-2014 18:45: Error handling operation: IO Error: The Network Adapter could not establish the connection
06-Apr-2014 18:45: Error handling operation: IO Error: The Network Adapter could not establish the connection
06-Apr-2014 18:45: Error handling operation: IO Error: The Network Adapter could not establish the connection
06-Apr-2014 18:45: Error handling operation: IO Error: The Network Adapter could not establish the connection
06-Apr-2014 18:45: Error handling operation: IO Error: The Network Adapter could not establish the connection
06-Apr-2014 18:45: Error handling operation: IO Error: The Network Adapter could not establish the connection
06-Apr-2014 18:45: Error handling operation: IO Error: The Network Adapter could not establish the connection
06-Apr-2014 18:45: Error handling operation: IO Error: The Network Adapter could not establish the connection
06-Apr-2014 18:45: Error handling operation: IO Error: The Network Adapter could not establish the connection
06-Apr-2014 18:45: Error handling operation: IO Error: The Network Adapter could not establish the connection
06-Apr-2014 18:45: Error handling operation: IO Error: The Network Adapter could not establish the connection
06-Apr-2014 18:45: Error handling operation: Listener refused the connection with the following error:
ORA-12519, TNS:no appropriate service handler found
 
06-Apr-2014 18:45: Error handling operation: IO Error: The Network Adapter could not establish the connection
06-Apr-2014 18:45: Error handling operation: IO Error: The Network Adapter could not establish the connection
06-Apr-2014 18:45: Error handling operation: IO Error: The Network Adapter could not establish the connection
06-Apr-2014 18:45: Error handling operation: IO Error: The Network Adapter could not establish the connection
06-Apr-2014 18:45: Error handling operation: IO Error: The Network Adapter could not establish the connection
06-Apr-2014 18:45: Error handling operation: IO Error: The Network Adapter could not establish the connection
06-Apr-2014 18:45: Error handling operation: IO Error: The Network Adapter could not establish the connection
06-Apr-2014 18:45: Error handling operation: IO Error: The Network Adapter could not establish the connection
06-Apr-2014 18:45: Error handling operation: IO Error: The Network Adapter could not establish the connection
06-Apr-2014 18:45: Error handling operation: IO Error: The Network Adapter could not establish the connection
06-Apr-2014 18:45: Error handling operation: IO Error: The Network Adapter could not establish the connection
06-Apr-2014 18:45: Error handling operation: IO Error: The Network Adapter could not establish the connection
06-Apr-2014 18:45: Error handling operation: IO Error: The Network Adapter could not establish the connection
06-Apr-2014 18:45: Error handling operation: IO Error: The Network Adapter could not establish the connection
06-Apr-2014 18:45: Error handling operation: IO Error: The Network Adapter could not establish the connection
06-Apr-2014 18:45: Error handling operation: IO Error: The Network Adapter could not establish the connection
06-Apr-2014 18:45: Error handling operation: IO Error: The Network Adapter could not establish the connection
06-Apr-2014 18:45: Error handling operation: IO Error: The Network Adapter could not establish the connection
06-Apr-2014 18:45: Error handling operation: IO Error: The Network Adapter could not establish the connection
06-Apr-2014 18:45: Error handling operation: IO Error: The Network Adapter could not establish the connection
06-Apr-2014 18:45: Error handling operation: IO Error: The Network Adapter could not establish the connection
06-Apr-2014 18:45: Error handling operation: IO Error: The Network Adapter could not establish the connection
06-Apr-2014 18:45: Error handling operation: IO Error: The Network Adapter could not establish the connection
06-Apr-2014 18:45: Error handling operation: IO Error: The Network Adapter could not establish the connection
06-Apr-2014 18:45: Error handling operation: IO Error: The Network Adapter could not establish the connection
06-Apr-2014 18:45: Error handling operation: IO Error: The Network Adapter could not establish the connection
06-Apr-2014 18:45: Error handling operation: IO Error: The Network Adapter could not establish the connection
06-Apr-2014 18:45: Error handling operation: IO Error: The Network Adapter could not establish the connection
06-Apr-2014 18:45: Error handling operation: Listener refused the connection with the following error:
ORA-12519, TNS:no appropriate service handler found
 
06-Apr-2014 18:45: Error handling operation: IO Error: The Network Adapter could not establish the connection
06-Apr-2014 18:45: Error handling operation: IO Error: The Network Adapter could not establish the connection
06-Apr-2014 18:45: Error handling operation: IO Error: The Network Adapter could not establish the connection
06-Apr-2014 18:45: Error handling operation: IO Error: The Network Adapter could not establish the connection
06-Apr-2014 18:45: Error handling operation: IO Error: The Network Adapter could not establish the connection
06-Apr-2014 18:45: Error handling operation: IO Error: The Network Adapter could not establish the connection
06-Apr-2014 18:45: Error handling operation: IO Error: The Network Adapter could not establish the connection
06-Apr-2014 18:45: Error handling operation: IO Error: The Network Adapter could not establish the connection
06-Apr-2014 18:45: Error handling operation: IO Error: The Network Adapter could not establish the connection
06-Apr-2014 18:45: Error handling operation: IO Error: The Network Adapter could not establish the connection
06-Apr-2014 18:45: Error handling operation: IO Error: The Network Adapter could not establish the connection
06-Apr-2014 18:45: Error handling operation: IO Error: The Network Adapter could not establish the connection
06-Apr-2014 18:45: Error handling operation: IO Error: The Network Adapter could not establish the connection
06-Apr-2014 18:45: Error handling operation: IO Error: The Network Adapter could not establish the connection
06-Apr-2014 18:45: Error handling operation: IO Error: The Network Adapter could not establish the connection
06-Apr-2014 18:45: Error handling operation: IO Error: The Network Adapter could not establish the connection
06-Apr-2014 18:45: Error handling operation: IO Error: The Network Adapter could not establish the connection
06-Apr-2014 18:45: Error handling operation: IO Error: The Network Adapter could not establish the connection
06-Apr-2014 18:45: Error handling operation: IO Error: The Network Adapter could not establish the connection
06-Apr-2014 18:45: Error handling operation: IO Error: The Network Adapter could not establish the connection
06-Apr-2014 18:45: Error handling operation: Listener refused the connection with the following error:
ORA-12519, TNS:no appropriate service handler found
 
06-Apr-2014 18:45: Error handling operation: IO Error: The Network Adapter could not establish the connection
06-Apr-2014 18:45: Error handling operation: IO Error: The Network Adapter could not establish the connection
06-Apr-2014 18:45: Error handling operation: IO Error: The Network Adapter could not establish the connection
06-Apr-2014 18:45: Error handling operation: Listener refused the connection with the following error:
ORA-12519, TNS:no appropriate service handler found
 
06-Apr-2014 18:45: Error handling operation: IO Error: The Network Adapter could not establish the connection
06-Apr-2014 18:45: Error handling operation: IO Error: The Network Adapter could not establish the connection
06-Apr-2014 18:45: Error handling operation: IO Error: The Network Adapter could not establish the connection
06-Apr-2014 18:45: Error handling operation: IO Error: The Network Adapter could not establish the connection
06-Apr-2014 18:45: Error handling operation: IO Error: The Network Adapter could not establish the connection
06-Apr-2014 18:45: Error handling operation: Listener refused the connection with the following error:
ORA-12519, TNS:no appropriate service handler found
 
06-Apr-2014 18:45: Error handling operation: IO Error: The Network Adapter could not establish the connection
06-Apr-2014 18:45: Error handling operation: IO Error: The Network Adapter could not establish the connection
06-Apr-2014 18:45: Error handling operation: IO Error: The Network Adapter could not establish the connection
06-Apr-2014 18:45: Error handling operation: IO Error: The Network Adapter could not establish the connection
06-Apr-2014 18:45: Error handling operation: IO Error: The Network Adapter could not establish the connection
06-Apr-2014 18:45: Error handling operation: IO Error: The Network Adapter could not establish the connection
06-Apr-2014 18:45: Error handling operation: IO Error: The Network Adapter could not establish the connection
06-Apr-2014 18:45: Error handling operation: IO Error: The Network Adapter could not establish the connection
06-Apr-2014 18:45: Error handling operation: IO Error: The Network Adapter could not establish the connection
06-Apr-2014 18:45: Error handling operation: IO Error: The Network Adapter could not establish the connection
06-Apr-2014 18:45: Error handling operation: IO Error: The Network Adapter could not establish the connection
06-Apr-2014 18:45: Error handling operation: IO Error: The Network Adapter could not establish the connection
06-Apr-2014 18:45: Error handling operation: Listener refused the connection with the following error:
ORA-12519, TNS:no appropriate service handler found
 
06-Apr-2014 18:45: Error handling operation: IO Error: The Network Adapter could not establish the connection
06-Apr-2014 18:45: Error handling operation: IO Error: The Network Adapter could not establish the connection
06-Apr-2014 18:45: Error handling operation: IO Error: The Network Adapter could not establish the connection
06-Apr-2014 18:45: Error handling operation: IO Error: The Network Adapter could not establish the connection
06-Apr-2014 18:45: Error handling operation: IO Error: The Network Adapter could not establish the connection
06-Apr-2014 18:45: Error handling operation: IO Error: The Network Adapter could not establish the connection
06-Apr-2014 18:45: Error handling operation: IO Error: The Network Adapter could not establish the connection
06-Apr-2014 18:45: Error handling operation: IO Error: The Network Adapter could not establish the connection
06-Apr-2014 18:45: Error handling operation: IO Error: The Network Adapter could not establish the connection
06-Apr-2014 18:45: Error handling operation: IO Error: The Network Adapter could not establish the connection
06-Apr-2014 18:45: Error handling operation: IO Error: The Network Adapter could not establish the connection
06-Apr-2014 18:45: Error handling operation: IO Error: The Network Adapter could not establish the connection
06-Apr-2014 18:45: Error handling operation: IO Error: The Network Adapter could not establish the connection
06-Apr-2014 18:45: Error handling operation: IO Error: The Network Adapter could not establish the connection
06-Apr-2014 18:45: Error handling operation: IO Error: The Network Adapter could not establish the connection
06-Apr-2014 18:45: Error handling operation: IO Error: The Network Adapter could not establish the connection
06-Apr-2014 18:45: Error handling operation: IO Error: The Network Adapter could not establish the connection
06-Apr-2014 18:45: Error handling operation: IO Error: The Network Adapter could not establish the connection
06-Apr-2014 18:45: Error handling operation: IO Error: The Network Adapter could not establish the connection
06-Apr-2014 18:45: Error handling operation: IO Error: The Network Adapter could not establish the connection
06-Apr-2014 18:45: Error handling operation: Listener refused the connection with the following error:
ORA-12519, TNS:no appropriate service handler found
 
06-Apr-2014 18:45: Error handling operation: IO Error: The Network Adapter could not establish the connection
06-Apr-2014 18:45: Error handling operation: IO Error: The Network Adapter could not establish the connection
06-Apr-2014 18:45: Error handling operation: IO Error: The Network Adapter could not establish the connection
06-Apr-2014 18:45: Error handling operation: IO Error: The Network Adapter could not establish the connection
06-Apr-2014 18:45: Error handling operation: IO Error: The Network Adapter could not establish the connection
06-Apr-2014 18:45: Error handling operation: IO Error: The Network Adapter could not establish the connection
06-Apr-2014 18:45: Error handling operation: IO Error: The Network Adapter could not establish the connection
06-Apr-2014 18:45: Error handling operation: IO Error: The Network Adapter could not establish the connection
06-Apr-2014 18:45: Error handling operation: IO Error: The Network Adapter could not establish the connection
06-Apr-2014 18:45: Error handling operation: IO Error: The Network Adapter could not establish the connection
06-Apr-2014 18:45: Error handling operation: IO Error: The Network Adapter could not establish the connection
06-Apr-2014 18:45: Error handling operation: IO Error: The Network Adapter could not establish the connection
06-Apr-2014 18:45: Error handling operation: IO Error: The Network Adapter could not establish the connection
06-Apr-2014 18:45: Error handling operation: IO Error: The Network Adapter could not establish the connection
06-Apr-2014 18:45: Error handling operation: IO Error: The Network Adapter could not establish the connection
06-Apr-2014 18:45: Error handling operation: IO Error: The Network Adapter could not establish the connection
06-Apr-2014 18:45: Error handling operation: IO Error: The Network Adapter could not establish the connection
06-Apr-2014 18:45: Error handling operation: IO Error: The Network Adapter could not establish the connection
06-Apr-2014 18:45: Error handling operation: IO Error: The Network Adapter could not establish the connection
06-Apr-2014 18:45: Error handling operation: IO Error: The Network Adapter could not establish the connection
06-Apr-2014 18:45: Error handling operation: IO Error: The Network Adapter could not establish the connection
06-Apr-2014 18:45: Error handling operation: IO Error: The Network Adapter could not establish the connection
06-Apr-2014 18:45: Error handling operation: IO Error: The Network Adapter could not establish the connection
06-Apr-2014 18:45: Error handling operation: IO Error: The Network Adapter could not establish the connection
06-Apr-2014 18:45: Error handling operation: IO Error: The Network Adapter could not establish the connection
06-Apr-2014 18:45: Error handling operation: IO Error: The Network Adapter could not establish the connection
06-Apr-2014 18:45: Error handling operation: IO Error: The Network Adapter could not establish the connection
06-Apr-2014 18:45: Error handling operation: IO Error: The Network Adapter could not establish the connection
06-Apr-2014 18:45: Error handling operation: IO Error: The Network Adapter could not establish the connection
06-Apr-2014 18:45: Error handling operation: IO Error: The Network Adapter could not establish the connection
06-Apr-2014 18:45: Error handling operation: IO Error: The Network Adapter could not establish the connection
06-Apr-2014 18:45: Error handling operation: IO Error: The Network Adapter could not establish the connection
06-Apr-2014 18:45: Error handling operation: IO Error: The Network Adapter could not establish the connection
06-Apr-2014 18:45: Error handling operation: IO Error: The Network Adapter could not establish the connection
06-Apr-2014 18:45: Error handling operation: IO Error: The Network Adapter could not establish the connection
06-Apr-2014 18:45: Error handling query: IO Error: The Network Adapter could not establish the connection
06-Apr-2014 18:45: Error handling operation: IO Error: The Network Adapter could not establish the connection
06-Apr-2014 18:45: Error handling operation: IO Error: The Network Adapter could not establish the connection
06-Apr-2014 18:45: Error handling operation: IO Error: The Network Adapter could not establish the connection
06-Apr-2014 18:45: Error handling operation: Listener refused the connection with the following error:
ORA-12519, TNS:no appropriate service handler found
 
06-Apr-2014 18:45: Error handling operation: Listener refused the connection with the following error:
ORA-12519, TNS:no appropriate service handler found
 
06-Apr-2014 18:45: Error handling operation: Listener refused the connection with the following error:
ORA-12519, TNS:no appropriate service handler found
 
06-Apr-2014 18:45: Error handling operation: Listener refused the connection with the following error:
ORA-12519, TNS:no appropriate service handler found
 
06-Apr-2014 18:45: Error handling operation: Listener refused the connection with the following error:
ORA-12519, TNS:no appropriate service handler found
 
06-Apr-2014 18:45: Error handling operation: Listener refused the connection with the following error:
ORA-12519, TNS:no appropriate service handler found
 
06-Apr-2014 18:45: Error handling operation: Listener refused the connection with the following error:
ORA-12519, TNS:no appropriate service handler found
 
06-Apr-2014 18:45: Error handling operation: Listener refused the connection with the following error:
ORA-12519, TNS:no appropriate service handler found
 
06-Apr-2014 18:45: Error handling operation: Listener refused the connection with the following error:
ORA-12519, TNS:no appropriate service handler found
 
06-Apr-2014 18:45: Error handling operation: Listener refused the connection with the following error:
ORA-12519, TNS:no appropriate service handler found
 
06-Apr-2014 18:45: Error handling operation: Listener refused the connection with the following error:
ORA-12519, TNS:no appropriate service handler found
 
06-Apr-2014 18:45: Error handling operation: Listener refused the connection with the following error:
ORA-12519, TNS:no appropriate service handler found
 
06-Apr-2014 18:45: Error handling operation: Listener refused the connection with the following error:
ORA-12519, TNS:no appropriate service handler found
 
06-Apr-2014 18:45: Error handling operation: Listener refused the connection with the following error:
ORA-12519, TNS:no appropriate service handler found
 
06-Apr-2014 18:45: Error handling operation: Listener refused the connection with the following error:
ORA-12519, TNS:no appropriate service handler found
 
06-Apr-2014 18:45: Error handling operation: Listener refused the connection with the following error:
ORA-12519, TNS:no appropriate service handler found
 
06-Apr-2014 18:45: Error handling operation: Listener refused the connection with the following error:
ORA-12519, TNS:no appropriate service handler found
 
06-Apr-2014 18:45: Error handling operation: Listener refused the connection with the following error:
ORA-12519, TNS:no appropriate service handler found
 
06-Apr-2014 18:45: Error handling operation: Listener refused the connection with the following error:
ORA-12519, TNS:no appropriate service handler found
 
06-Apr-2014 18:45: Error handling operation: Listener refused the connection with the following error:
ORA-12519, TNS:no appropriate service handler found
 
06-Apr-2014 18:45: Error handling operation: Listener refused the connection with the following error:
ORA-12519, TNS:no appropriate service handler found
 
06-Apr-2014 18:45: Error handling operation: Listener refused the connection with the following error:
ORA-12519, TNS:no appropriate service handler found
 
06-Apr-2014 18:45: Error handling operation: Listener refused the connection with the following error:
ORA-12519, TNS:no appropriate service handler found
 
06-Apr-2014 18:45: Error handling operation: Listener refused the connection with the following error:
ORA-12519, TNS:no appropriate service handler found
 
06-Apr-2014 18:45: Error handling operation: Listener refused the connection with the following error:
ORA-12519, TNS:no appropriate service handler found
 
06-Apr-2014 18:45: Error handling operation: Listener refused the connection with the following error:
ORA-12519, TNS:no appropriate service handler found
 
06-Apr-2014 18:45: Error handling operation: Listener refused the connection with the following error:
ORA-12519, TNS:no appropriate service handler found
 
06-Apr-2014 18:45: Error handling operation: Listener refused the connection with the following error:
ORA-12519, TNS:no appropriate service handler found
 
06-Apr-2014 18:45: Error handling operation: Listener refused the connection with the following error:
ORA-12519, TNS:no appropriate service handler found
 
06-Apr-2014 18:45: Error handling operation: Listener refused the connection with the following error:
ORA-12519, TNS:no appropriate service handler found
 
06-Apr-2014 18:45: Error handling operation: Listener refused the connection with the following error:
ORA-12519, TNS:no appropriate service handler found
 
06-Apr-2014 18:45: Error handling operation: Listener refused the connection with the following error:
ORA-12519, TNS:no appropriate service handler found
 
06-Apr-2014 18:45: Error handling operation: Listener refused the connection with the following error:
ORA-12519, TNS:no appropriate service handler found
 
06-Apr-2014 18:45: Error handling operation: Listener refused the connection with the following error:
ORA-12519, TNS:no appropriate service handler found
 
06-Apr-2014 18:45: Error handling operation: Listener refused the connection with the following error:
ORA-12519, TNS:no appropriate service handler found
 
06-Apr-2014 18:45: Error handling operation: Listener refused the connection with the following error:
ORA-12519, TNS:no appropriate service handler found
 
06-Apr-2014 18:45: Error handling operation: Listener refused the connection with the following error:
ORA-12519, TNS:no appropriate service handler found
 
06-Apr-2014 18:45: Error handling operation: Listener refused the connection with the following error:
ORA-12519, TNS:no appropriate service handler found
 
06-Apr-2014 18:45: Error handling operation: Listener refused the connection with the following error:
ORA-12519, TNS:no appropriate service handler found
 
06-Apr-2014 18:45: Error handling operation: Listener refused the connection with the following error:
ORA-12519, TNS:no appropriate service handler found
 
06-Apr-2014 18:45: Error handling operation: Listener refused the connection with the following error:
ORA-12519, TNS:no appropriate service handler found
 
06-Apr-2014 18:45: Error handling operation: Listener refused the connection with the following error:
ORA-12519, TNS:no appropriate service handler found
 
06-Apr-2014 18:45: Error handling operation: Listener refused the connection with the following error:
ORA-12519, TNS:no appropriate service handler found
 
06-Apr-2014 18:45: Error handling operation: Listener refused the connection with the following error:
ORA-12519, TNS:no appropriate service handler found
 
06-Apr-2014 18:45: Error handling operation: Listener refused the connection with the following error:
ORA-12519, TNS:no appropriate service handler found
 
06-Apr-2014 18:45: Error handling operation: Listener refused the connection with the following error:
ORA-12519, TNS:no appropriate service handler found
 
06-Apr-2014 18:45: Error handling operation: Listener refused the connection with the following error:
ORA-12519, TNS:no appropriate service handler found
 
06-Apr-2014 18:45: Error handling operation: Listener refused the connection with the following error:
ORA-12519, TNS:no appropriate service handler found
 
06-Apr-2014 18:45: Error handling operation: Listener refused the connection with the following error:
ORA-12519, TNS:no appropriate service handler found
 
06-Apr-2014 18:45: Error handling operation: Listener refused the connection with the following error:
ORA-12519, TNS:no appropriate service handler found
 
06-Apr-2014 18:45: Error handling operation: Listener refused the connection with the following error:
ORA-12519, TNS:no appropriate service handler found
 
06-Apr-2014 18:45: Error handling operation: Listener refused the connection with the following error:
ORA-12519, TNS:no appropriate service handler found
 
06-Apr-2014 18:45: Error handling operation: Listener refused the connection with the following error:
ORA-12519, TNS:no appropriate service handler found
 
06-Apr-2014 18:45: Error handling operation: Listener refused the connection with the following error:
ORA-12519, TNS:no appropriate service handler found
 
06-Apr-2014 18:45: Error handling operation: Listener refused the connection with the following error:
ORA-12519, TNS:no appropriate service handler found
 
06-Apr-2014 18:45: Error handling operation: Listener refused the connection with the following error:
ORA-12519, TNS:no appropriate service handler found
 
06-Apr-2014 18:45: Error handling operation: Listener refused the connection with the following error:
ORA-12519, TNS:no appropriate service handler found
 
06-Apr-2014 18:45: Error handling operation: Listener refused the connection with the following error:
ORA-12519, TNS:no appropriate service handler found
 
06-Apr-2014 18:45: Error handling operation: Listener refused the connection with the following error:
ORA-12519, TNS:no appropriate service handler found
 
06-Apr-2014 18:45: Error handling operation: Listener refused the connection with the following error:
ORA-12519, TNS:no appropriate service handler found
 
06-Apr-2014 18:45: Error handling operation: Listener refused the connection with the following error:
ORA-12519, TNS:no appropriate service handler found
 
06-Apr-2014 18:45: Error handling operation: Listener refused the connection with the following error:
ORA-12519, TNS:no appropriate service handler found
 
06-Apr-2014 18:45: Error handling operation: Listener refused the connection with the following error:
ORA-12519, TNS:no appropriate service handler found
 
06-Apr-2014 18:45: Error handling operation: Listener refused the connection with the following error:
ORA-12519, TNS:no appropriate service handler found
 
06-Apr-2014 18:45: Error handling operation: Listener refused the connection with the following error:
ORA-12519, TNS:no appropriate service handler found
 
06-Apr-2014 18:45: Error handling operation: Listener refused the connection with the following error:
ORA-12519, TNS:no appropriate service handler found
 
06-Apr-2014 18:45: Error handling operation: Listener refused the connection with the following error:
ORA-12519, TNS:no appropriate service handler found
 
06-Apr-2014 18:45: Error handling operation: Listener refused the connection with the following error:
ORA-12519, TNS:no appropriate service handler found
 
06-Apr-2014 18:45: Error handling operation: Listener refused the connection with the following error:
ORA-12519, TNS:no appropriate service handler found
 
06-Apr-2014 18:45: Error handling operation: Listener refused the connection with the following error:
ORA-12519, TNS:no appropriate service handler found
 
06-Apr-2014 18:45: Error handling operation: Listener refused the connection with the following error:
ORA-12519, TNS:no appropriate service handler found
 
06-Apr-2014 18:45: Error handling operation: Listener refused the connection with the following error:
ORA-12519, TNS:no appropriate service handler found
 
06-Apr-2014 18:45: Error handling operation: Listener refused the connection with the following error:
ORA-12519, TNS:no appropriate service handler found
 
06-Apr-2014 18:45: Error handling operation: Listener refused the connection with the following error:
ORA-12519, TNS:no appropriate service handler found
 
06-Apr-2014 18:45: Error handling operation: Listener refused the connection with the following error:
ORA-12519, TNS:no appropriate service handler found
 
06-Apr-2014 18:45: Error handling operation: Listener refused the connection with the following error:
ORA-12519, TNS:no appropriate service handler found
 
06-Apr-2014 18:45: Error handling operation: Listener refused the connection with the following error:
ORA-12519, TNS:no appropriate service handler found
 
06-Apr-2014 18:45: Error handling operation: Listener refused the connection with the following error:
ORA-12519, TNS:no appropriate service handler found
 
06-Apr-2014 18:45: Error handling operation: Listener refused the connection with the following error:
ORA-12519, TNS:no appropriate service handler found
 
06-Apr-2014 18:45: Error handling operation: Listener refused the connection with the following error:
ORA-12519, TNS:no appropriate service handler found
 
06-Apr-2014 18:45: Error handling operation: Listener refused the connection with the following error:
ORA-12519, TNS:no appropriate service handler found
 
06-Apr-2014 18:45: Error handling query: Listener refused the connection with the following error:
ORA-12519, TNS:no appropriate service handler found
 
06-Apr-2014 18:45: Error handling query: Listener refused the connection with the following error:
ORA-12519, TNS:no appropriate service handler found
 
06-Apr-2014 18:45: Error handling query: Listener refused the connection with the following error:
ORA-12519, TNS:no appropriate service handler found
 
06-Apr-2014 18:47: Error handling operation: Listener refused the connection with the following error:
ORA-12519, TNS:no appropriate service handler found
 
06-Apr-2014 18:47: Error handling operation: Listener refused the connection with the following error:
ORA-12519, TNS:no appropriate service handler found
 
06-Apr-2014 18:47: Error handling operation: Listener refused the connection with the following error:
ORA-12519, TNS:no appropriate service handler found
 
06-Apr-2014 18:47: Error handling operation: Listener refused the connection with the following error:
ORA-12519, TNS:no appropriate service handler found
 
06-Apr-2014 18:47: Error handling operation: Listener refused the connection with the following error:
ORA-12519, TNS:no appropriate service handler found
 
06-Apr-2014 18:47: Error handling operation: Listener refused the connection with the following error:
ORA-12519, TNS:no appropriate service handler found
 
06-Apr-2014 18:47: Error handling operation: Listener refused the connection with the following error:
ORA-12519, TNS:no appropriate service handler found
 
06-Apr-2014 18:47: Error handling operation: Listener refused the connection with the following error:
ORA-12519, TNS:no appropriate service handler found
 
06-Apr-2014 18:47: Error handling operation: Listener refused the connection with the following error:
ORA-12519, TNS:no appropriate service handler found
 
06-Apr-2014 18:47: Error handling operation: Listener refused the connection with the following error:
ORA-12519, TNS:no appropriate service handler found
 
06-Apr-2014 18:48: Error handling operation: Listener refused the connection with the following error:
ORA-12519, TNS:no appropriate service handler found
 
06-Apr-2014 18:48: Error handling operation: Listener refused the connection with the following error:
ORA-12519, TNS:no appropriate service handler found
 
06-Apr-2014 18:48: Error handling operation: Listener refused the connection with the following error:
ORA-12519, TNS:no appropriate service handler found
 
06-Apr-2014 18:48: Error handling operation: Listener refused the connection with the following error:
ORA-12519, TNS:no appropriate service handler found
 
06-Apr-2014 18:48: Error handling operation: Listener refused the connection with the following error:
ORA-12519, TNS:no appropriate service handler found
 
06-Apr-2014 18:48: Error handling operation: Listener refused the connection with the following error:
ORA-12519, TNS:no appropriate service handler found
 
06-Apr-2014 18:48: Error handling operation: Listener refused the connection with the following error:
ORA-12519, TNS:no appropriate service handler found
 
06-Apr-2014 18:48: Error handling operation: Listener refused the connection with the following error:
ORA-12519, TNS:no appropriate service handler found
 
06-Apr-2014 18:48: Error handling operation: Listener refused the connection with the following error:
ORA-12519, TNS:no appropriate service handler found
 
06-Apr-2014 18:48: Error handling operation: Listener refused the connection with the following error:
ORA-12519, TNS:no appropriate service handler found
 
06-Apr-2014 18:48: Error handling operation: Listener refused the connection with the following error:
ORA-12519, TNS:no appropriate service handler found
 
06-Apr-2014 18:48: Error handling operation: Listener refused the connection with the following error:
ORA-12519, TNS:no appropriate service handler found
 
06-Apr-2014 18:48: Error handling operation: Listener refused the connection with the following error:
ORA-12519, TNS:no appropriate service handler found
 
06-Apr-2014 18:48: Error handling operation: Listener refused the connection with the following error:
ORA-12519, TNS:no appropriate service handler found
 
06-Apr-2014 18:48: Error handling operation: Listener refused the connection with the following error:
ORA-12519, TNS:no appropriate service handler found
 
06-Apr-2014 18:48: Error handling operation: Listener refused the connection with the following error:
ORA-12519, TNS:no appropriate service handler found
 
06-Apr-2014 18:48: Error handling operation: Listener refused the connection with the following error:
ORA-12519, TNS:no appropriate service handler found
 
06-Apr-2014 18:48: Error handling operation: Listener refused the connection with the following error:
ORA-12519, TNS:no appropriate service handler found
 
06-Apr-2014 18:48: Error handling operation: Listener refused the connection with the following error:
ORA-12519, TNS:no appropriate service handler found
 
06-Apr-2014 19:05: Error handling operation: ORA-00933: SQL command not properly ended

06-Apr-2014 19:05: Error handling operation: ORA-00933: SQL command not properly ended

06-Apr-2014 19:05: Error handling operation: ORA-00933: SQL command not properly ended

06-Apr-2014 19:05: Error handling operation: ORA-00933: SQL command not properly ended

06-Apr-2014 19:05: Error handling operation: ORA-00933: SQL command not properly ended

06-Apr-2014 19:05: Error handling operation: ORA-00933: SQL command not properly ended

06-Apr-2014 19:05: Error handling operation: ORA-00933: SQL command not properly ended

06-Apr-2014 19:05: Error handling operation: ORA-00933: SQL command not properly ended

06-Apr-2014 19:05: Error handling operation: ORA-00933: SQL command not properly ended

06-Apr-2014 19:05: Error handling operation: ORA-00933: SQL command not properly ended

06-Apr-2014 19:05: Error handling operation: ORA-00933: SQL command not properly ended

06-Apr-2014 19:05: Error handling operation: ORA-00933: SQL command not properly ended

06-Apr-2014 19:05: Error handling operation: ORA-00933: SQL command not properly ended

06-Apr-2014 19:05: Error handling operation: ORA-00933: SQL command not properly ended

06-Apr-2014 19:05: Error handling operation: ORA-00933: SQL command not properly ended

06-Apr-2014 19:05: Error handling operation: ORA-00933: SQL command not properly ended

06-Apr-2014 19:05: Error handling operation: ORA-00933: SQL command not properly ended

06-Apr-2014 19:05: Error handling operation: ORA-00933: SQL command not properly ended

06-Apr-2014 19:05: Error handling operation: ORA-00933: SQL command not properly ended

06-Apr-2014 19:05: Error handling operation: ORA-00933: SQL command not properly ended

06-Apr-2014 19:05: Error handling operation: ORA-00933: SQL command not properly ended

06-Apr-2014 19:05: Error handling operation: ORA-00933: SQL command not properly ended

06-Apr-2014 19:05: Error handling operation: ORA-00933: SQL command not properly ended

06-Apr-2014 19:05: Error handling operation: ORA-00933: SQL command not properly ended

06-Apr-2014 19:05: Error handling operation: ORA-00933: SQL command not properly ended

06-Apr-2014 19:05: Error handling operation: ORA-00933: SQL command not properly ended

06-Apr-2014 19:05: Error handling operation: ORA-00933: SQL command not properly ended

06-Apr-2014 19:05: Error handling operation: ORA-00933: SQL command not properly ended

06-Apr-2014 19:05: Error handling operation: ORA-00933: SQL command not properly ended

06-Apr-2014 19:05: Error handling operation: ORA-00933: SQL command not properly ended

06-Apr-2014 19:05: Error handling operation: ORA-00933: SQL command not properly ended

06-Apr-2014 19:05: Error handling operation: ORA-00933: SQL command not properly ended

06-Apr-2014 19:05: Error handling operation: ORA-00933: SQL command not properly ended

06-Apr-2014 19:05: Error handling operation: ORA-00933: SQL command not properly ended

06-Apr-2014 19:05: Error handling operation: ORA-00933: SQL command not properly ended

06-Apr-2014 19:05: Error handling operation: ORA-00933: SQL command not properly ended

06-Apr-2014 19:05: Error handling operation: ORA-00933: SQL command not properly ended

06-Apr-2014 19:05: Error handling operation: ORA-00933: SQL command not properly ended

06-Apr-2014 19:05: Error handling operation: ORA-00933: SQL command not properly ended

06-Apr-2014 19:05: Error handling operation: ORA-00933: SQL command not properly ended

06-Apr-2014 19:05: Error handling operation: ORA-00933: SQL command not properly ended

06-Apr-2014 19:05: Error handling operation: ORA-00933: SQL command not properly ended

06-Apr-2014 19:05: Error handling operation: ORA-00933: SQL command not properly ended

06-Apr-2014 19:05: Error handling operation: ORA-00933: SQL command not properly ended

06-Apr-2014 19:05: Error handling operation: ORA-00933: SQL command not properly ended

06-Apr-2014 19:05: Error handling operation: ORA-00933: SQL command not properly ended

06-Apr-2014 19:05: Error handling operation: ORA-00933: SQL command not properly ended

06-Apr-2014 19:05: Error handling operation: ORA-00933: SQL command not properly ended

06-Apr-2014 19:05: Error handling operation: ORA-00933: SQL command not properly ended

06-Apr-2014 19:05: Error handling operation: ORA-00933: SQL command not properly ended

06-Apr-2014 19:05: Error handling operation: ORA-00933: SQL command not properly ended

06-Apr-2014 19:05: Error handling operation: ORA-00933: SQL command not properly ended

06-Apr-2014 19:05: Error handling operation: ORA-00933: SQL command not properly ended

06-Apr-2014 19:05: Error handling operation: ORA-00933: SQL command not properly ended

06-Apr-2014 19:05: Error handling operation: ORA-00933: SQL command not properly ended

06-Apr-2014 19:05: Error handling operation: ORA-00933: SQL command not properly ended

06-Apr-2014 19:05: Error handling operation: ORA-00933: SQL command not properly ended

06-Apr-2014 19:05: Error handling operation: ORA-00933: SQL command not properly ended

06-Apr-2014 19:05: Error handling operation: ORA-00933: SQL command not properly ended

06-Apr-2014 19:05: Error handling operation: ORA-00933: SQL command not properly ended

06-Apr-2014 19:05: Error handling operation: ORA-00933: SQL command not properly ended

06-Apr-2014 19:05: Error handling operation: ORA-00933: SQL command not properly ended

06-Apr-2014 19:05: Error handling operation: ORA-00933: SQL command not properly ended

06-Apr-2014 19:05: Error handling operation: ORA-00933: SQL command not properly ended

06-Apr-2014 19:05: Error handling operation: ORA-00933: SQL command not properly ended

06-Apr-2014 19:05: Error handling operation: ORA-00933: SQL command not properly ended

06-Apr-2014 19:05: Error handling operation: ORA-00933: SQL command not properly ended

06-Apr-2014 19:05: Error handling operation: ORA-00933: SQL command not properly ended

06-Apr-2014 19:05: Error handling operation: ORA-00933: SQL command not properly ended

06-Apr-2014 19:05: Error handling operation: ORA-00933: SQL command not properly ended

06-Apr-2014 19:05: Error handling operation: ORA-00933: SQL command not properly ended

06-Apr-2014 19:05: Error handling operation: ORA-00933: SQL command not properly ended

06-Apr-2014 19:05: Error handling operation: ORA-00933: SQL command not properly ended

06-Apr-2014 19:05: Error handling operation: ORA-00933: SQL command not properly ended

06-Apr-2014 19:05: Error handling operation: ORA-00933: SQL command not properly ended

06-Apr-2014 19:05: Error handling operation: ORA-00933: SQL command not properly ended

06-Apr-2014 19:05: Error handling operation: ORA-00933: SQL command not properly ended

06-Apr-2014 19:05: Error handling operation: ORA-00933: SQL command not properly ended

06-Apr-2014 19:05: Index: 0, Size: 0
06-Apr-2014 19:05: Index: 1, Size: 0
06-Apr-2014 19:05: Index: 2, Size: 0
06-Apr-2014 19:05: Index: 3, Size: 0
07-Apr-2014 15:05: Index: 1, Size: 1
07-Apr-2014 15:05: Index: 2, Size: 1
07-Apr-2014 15:05: Index: 3, Size: 1
07-Apr-2014 15:12: Index: 1, Size: 1
07-Apr-2014 15:12: Index: 2, Size: 1
07-Apr-2014 15:12: Index: 3, Size: 1
07-Apr-2014 15:12: Index: 4, Size: 2
07-Apr-2014 15:12: Index: 5, Size: 2
07-Apr-2014 15:12: Index: 6, Size: 2
07-Apr-2014 15:12: Index: 7, Size: 2
07-Apr-2014 15:14: Index: 3, Size: 3
07-Apr-2014 15:14: Index: 4, Size: 1
07-Apr-2014 15:14: Index: 5, Size: 1
07-Apr-2014 15:14: Index: 6, Size: 1
07-Apr-2014 15:14: Index: 7, Size: 1
07-Apr-2014 15:14: Error handling operation: ORA-00933: SQL command not properly ended

07-Apr-2014 15:16: Index: 2, Size: 2
07-Apr-2014 15:16: Index: 3, Size: 2
07-Apr-2014 15:16: Index: 4, Size: 1
07-Apr-2014 15:16: Index: 5, Size: 1
07-Apr-2014 15:16: Index: 6, Size: 1
07-Apr-2014 15:16: Index: 7, Size: 1
07-Apr-2014 15:16: Error handling operation: ORA-00933: SQL command not properly ended

07-Apr-2014 15:22: Index: 3, Size: 3
07-Apr-2014 15:23: Error handling operation: ORA-00933: SQL command not properly ended

07-Apr-2014 15:23: Index: 0, Size: 0
07-Apr-2014 15:23: Index: 1, Size: 0
07-Apr-2014 15:23: Index: 2, Size: 0
07-Apr-2014 15:23: Index: 3, Size: 0
07-Apr-2014 15:23: Index: 0, Size: 0
07-Apr-2014 15:23: Index: 1, Size: 0
07-Apr-2014 15:23: Index: 2, Size: 0
07-Apr-2014 15:23: Index: 3, Size: 0
07-Apr-2014 15:24: Index: 2, Size: 2
07-Apr-2014 15:24: Index: 3, Size: 2
07-Apr-2014 15:25: Index: 4, Size: 1
07-Apr-2014 15:25: Index: 5, Size: 1
07-Apr-2014 15:25: Index: 6, Size: 1
07-Apr-2014 15:25: Index: 7, Size: 1
07-Apr-2014 15:25: Error handling operation: ORA-00933: SQL command not properly ended

07-Apr-2014 15:25: Index: 0, Size: 0
07-Apr-2014 15:25: Index: 1, Size: 0
07-Apr-2014 15:25: Index: 2, Size: 0
07-Apr-2014 15:25: Index: 3, Size: 0
07-Apr-2014 15:25: Index: 1, Size: 1
07-Apr-2014 15:25: Index: 2, Size: 1
07-Apr-2014 15:25: Index: 3, Size: 1
07-Apr-2014 15:25: Index: 0, Size: 0
07-Apr-2014 15:25: Index: 1, Size: 0
07-Apr-2014 15:25: Index: 2, Size: 0
07-Apr-2014 15:25: Index: 3, Size: 0
07-Apr-2014 15:27: Index: 1, Size: 1
07-Apr-2014 15:27: Index: 2, Size: 1
07-Apr-2014 15:27: Index: 3, Size: 1
07-Apr-2014 15:28: -1
07-Apr-2014 15:28: Index: 1, Size: 1
07-Apr-2014 15:28: Index: 2, Size: 1
07-Apr-2014 15:28: null
07-Apr-2014 15:29: Index: 3, Size: 3
07-Apr-2014 15:29: Error handling operation: ORA-00933: SQL command not properly ended

07-Apr-2014 15:30: Index: 3, Size: 3
07-Apr-2014 15:30: Error handling operation: ORA-00933: SQL command not properly ended

07-Apr-2014 15:32: Index: 1, Size: 1
07-Apr-2014 15:32: Index: 2, Size: 1
07-Apr-2014 15:32: Index: 3, Size: 1
07-Apr-2014 15:46: Error handling operation: IO Error: Software caused connection abort: recv failed
07-Apr-2014 15:48: Error handling operation: ORA-00933: SQL command not properly ended

07-Apr-2014 15:48: Error handling operation: ORA-00933: SQL command not properly ended

07-Apr-2014 15:48: Error handling operation: ORA-00933: SQL command not properly ended

07-Apr-2014 15:48: Error handling operation: ORA-00933: SQL command not properly ended

07-Apr-2014 15:48: Error handling operation: ORA-00933: SQL command not properly ended

07-Apr-2014 15:48: Error handling operation: ORA-00933: SQL command not properly ended

07-Apr-2014 15:48: Error handling operation: ORA-00933: SQL command not properly ended

07-Apr-2014 15:48: Error handling operation: ORA-00933: SQL command not properly ended

07-Apr-2014 15:48: Error handling operation: ORA-00933: SQL command not properly ended

07-Apr-2014 15:48: Error handling operation: ORA-00933: SQL command not properly ended

07-Apr-2014 15:48: Error handling operation: ORA-00933: SQL command not properly ended

07-Apr-2014 15:49: Index: 1, Size: 1
07-Apr-2014 15:49: Index: 2, Size: 1
07-Apr-2014 15:49: Index: 3, Size: 1
07-Apr-2014 15:49: Index: 0, Size: 0
07-Apr-2014 15:49: Index: 1, Size: 0
07-Apr-2014 15:49: Index: 2, Size: 0
07-Apr-2014 15:49: Index: 3, Size: 0
07-Apr-2014 15:49: Index: 0, Size: 0
07-Apr-2014 15:49: Index: 1, Size: 0
07-Apr-2014 15:49: Index: 2, Size: 0
07-Apr-2014 15:49: Index: 3, Size: 0
07-Apr-2014 15:50: Index: 1, Size: 1
07-Apr-2014 15:50: Index: 2, Size: 1
07-Apr-2014 15:50: Index: 3, Size: 1
07-Apr-2014 15:55: -1
07-Apr-2014 15:55: -1
07-Apr-2014 15:55: -1
07-Apr-2014 15:55: -1
07-Apr-2014 15:55: null
07-Apr-2014 15:55: null
07-Apr-2014 15:55: null
07-Apr-2014 15:55: null
07-Apr-2014 15:55: null
07-Apr-2014 15:55: null
07-Apr-2014 15:55: null
07-Apr-2014 15:55: null
07-Apr-2014 16:16: Index: 2, Size: 2
07-Apr-2014 16:16: Index: 3, Size: 2
07-Apr-2014 16:18: Index: 2, Size: 2
07-Apr-2014 16:18: Index: 3, Size: 2
07-Apr-2014 16:18: Error handling operation: ORA-00933: SQL command not properly ended

07-Apr-2014 16:20: Index: 2, Size: 2
07-Apr-2014 16:20: Index: 3, Size: 2
07-Apr-2014 16:20: Error handling operation: ORA-00933: SQL command not properly ended

07-Apr-2014 16:20: Index: 2, Size: 2
07-Apr-2014 16:20: Index: 3, Size: 2
07-Apr-2014 16:22: Index: 2, Size: 2
07-Apr-2014 16:22: Index: 3, Size: 2
07-Apr-2014 16:23: Error handling operation: ORA-00933: SQL command not properly ended

07-Apr-2014 16:24: Error handling operation: ORA-00933: SQL command not properly ended

07-Apr-2014 16:24: Error handling operation: ORA-00933: SQL command not properly ended

07-Apr-2014 16:25: Error handling operation: ORA-00933: SQL command not properly ended

07-Apr-2014 16:25: Error handling operation: ORA-00933: SQL command not properly ended

07-Apr-2014 16:25: Error handling operation: ORA-00933: SQL command not properly ended

07-Apr-2014 16:26: Error handling operation: ORA-00933: SQL command not properly ended

07-Apr-2014 16:28: Error handling operation: ORA-00933: SQL command not properly ended

07-Apr-2014 16:28: Error handling operation: ORA-00933: SQL command not properly ended

07-Apr-2014 16:28: Error handling operation: ORA-00933: SQL command not properly ended

07-Apr-2014 16:29: Error handling operation: ORA-00933: SQL command not properly ended

07-Apr-2014 16:29: Error handling operation: ORA-00933: SQL command not properly ended

07-Apr-2014 16:29: Error handling operation: ORA-00933: SQL command not properly ended

07-Apr-2014 16:30: Error handling operation: ORA-00933: SQL command not properly ended

07-Apr-2014 16:31: Error handling operation: ORA-00933: SQL command not properly ended

07-Apr-2014 16:31: Index: 6, Size: 6
07-Apr-2014 16:31: Error handling operation: ORA-00933: SQL command not properly ended

07-Apr-2014 16:35: Error handling operation: ORA-00933: SQL command not properly ended

07-Apr-2014 16:35: Error handling operation: ORA-00933: SQL command not properly ended

07-Apr-2014 16:35: Error handling operation: ORA-00933: SQL command not properly ended

07-Apr-2014 16:35: Index: 5, Size: 4
07-Apr-2014 16:35: Error handling operation: ORA-00933: SQL command not properly ended

07-Apr-2014 16:35: Index: 1, Size: 1
07-Apr-2014 16:35: Index: 2, Size: 1
07-Apr-2014 16:35: Index: 3, Size: 1
07-Apr-2014 16:35: Index: 0, Size: 0
07-Apr-2014 16:35: Index: 1, Size: 0
07-Apr-2014 16:35: Index: 2, Size: 0
07-Apr-2014 16:35: Index: 3, Size: 0
07-Apr-2014 16:36: Error handling operation: ORA-00933: SQL command not properly ended

07-Apr-2014 16:36: Error handling operation: ORA-00933: SQL command not properly ended

07-Apr-2014 16:36: Error handling operation: ORA-00933: SQL command not properly ended

07-Apr-2014 16:36: Error handling operation: ORA-00933: SQL command not properly ended

07-Apr-2014 16:37: Error handling operation: ORA-00933: SQL command not properly ended

07-Apr-2014 16:37: Index: 3, Size: 3
07-Apr-2014 16:37: Error handling operation: ORA-00933: SQL command not properly ended

07-Apr-2014 16:37: Index: 2, Size: 2
07-Apr-2014 16:37: Index: 3, Size: 2
07-Apr-2014 16:37: Index: 0, Size: 0
07-Apr-2014 16:37: Index: 1, Size: 0
07-Apr-2014 16:37: Index: 2, Size: 0
07-Apr-2014 16:37: Index: 3, Size: 0
07-Apr-2014 16:43: Error handling operation: ORA-00933: SQL command not properly ended

07-Apr-2014 16:43: Error handling operation: ORA-00933: SQL command not properly ended

07-Apr-2014 16:43: Error handling operation: ORA-00933: SQL command not properly ended

07-Apr-2014 16:43: Error handling operation: ORA-00933: SQL command not properly ended

07-Apr-2014 16:43: Error handling operation: ORA-00933: SQL command not properly ended

07-Apr-2014 16:43: Index: 2, Size: 2
07-Apr-2014 16:43: Index: 3, Size: 2
07-Apr-2014 16:43: Error handling operation: ORA-00933: SQL command not properly ended

07-Apr-2014 16:43: Index: 1, Size: 1
07-Apr-2014 16:43: Index: 2, Size: 1
07-Apr-2014 16:43: Index: 3, Size: 1
07-Apr-2014 16:43: Index: 0, Size: 0
07-Apr-2014 16:43: Index: 1, Size: 0
07-Apr-2014 16:43: Index: 2, Size: 0
07-Apr-2014 16:43: Index: 3, Size: 0
07-Apr-2014 16:47: Error handling operation: ORA-00933: SQL command not properly ended

07-Apr-2014 16:48: Error handling operation: ORA-00933: SQL command not properly ended

07-Apr-2014 16:48: Error handling operation: ORA-00933: SQL command not properly ended

07-Apr-2014 16:48: Error handling operation: ORA-00933: SQL command not properly ended

07-Apr-2014 16:48: Error handling operation: ORA-00933: SQL command not properly ended

07-Apr-2014 16:48: Index: 4, Size: 4
07-Apr-2014 16:51: Index: 8, Size: 7
07-Apr-2014 16:52: Error handling operation: ORA-00933: SQL command not properly ended

07-Apr-2014 16:53: Error handling operation: ORA-00933: SQL command not properly ended

07-Apr-2014 16:54: Error handling operation: ORA-00933: SQL command not properly ended

07-Apr-2014 16:54: Error handling operation: ORA-00933: SQL command not properly ended

07-Apr-2014 16:54: Error handling operation: ORA-00933: SQL command not properly ended

07-Apr-2014 16:54: Index: 3, Size: 3
07-Apr-2014 16:54: Index: 0, Size: 0
07-Apr-2014 16:54: Index: 1, Size: 0
07-Apr-2014 16:54: Index: 2, Size: 0
07-Apr-2014 16:54: Index: 3, Size: 0
07-Apr-2014 16:56: Error handling operation: ORA-00933: SQL command not properly ended

07-Apr-2014 16:57: Error handling operation: ORA-00933: SQL command not properly ended

07-Apr-2014 16:57: Error handling operation: ORA-00933: SQL command not properly ended

07-Apr-2014 16:57: Error handling operation: ORA-00933: SQL command not properly ended

07-Apr-2014 16:57: Index: 1, Size: 1
07-Apr-2014 16:57: Index: 2, Size: 1
07-Apr-2014 16:57: Index: 3, Size: 1
07-Apr-2014 16:59: Error handling operation: ORA-00933: SQL command not properly ended

07-Apr-2014 17:02: Error handling operation: ORA-00933: SQL command not properly ended

07-Apr-2014 17:02: Error handling operation: ORA-00933: SQL command not properly ended

07-Apr-2014 17:02: Error handling operation: ORA-00933: SQL command not properly ended

07-Apr-2014 17:02: Error handling operation: ORA-00933: SQL command not properly ended

07-Apr-2014 17:02: Error handling operation: ORA-00933: SQL command not properly ended

07-Apr-2014 17:06: Error handling operation: ORA-00933: SQL command not properly ended

07-Apr-2014 17:06: Error handling operation: ORA-00933: SQL command not properly ended

07-Apr-2014 17:09: Error handling operation: ORA-00933: SQL command not properly ended

07-Apr-2014 17:10: Error handling operation: ORA-00933: SQL command not properly ended

07-Apr-2014 17:11: Error handling operation: ORA-00933: SQL command not properly ended

07-Apr-2014 17:11: Index: 2, Size: 2
07-Apr-2014 17:11: Index: 3, Size: 2
07-Apr-2014 17:11: Error handling operation: ORA-00933: SQL command not properly ended

07-Apr-2014 17:13: Index: 2, Size: 2
07-Apr-2014 17:13: Index: 3, Size: 2
07-Apr-2014 17:14: Index: 2, Size: 2
07-Apr-2014 17:14: Index: 3, Size: 2
07-Apr-2014 17:14: Index: 3, Size: 3
07-Apr-2014 17:14: Index: 3, Size: 3
07-Apr-2014 17:14: Index: 2, Size: 2
07-Apr-2014 17:14: Index: 3, Size: 2
07-Apr-2014 17:15: Index: 1, Size: 1
07-Apr-2014 17:15: Index: 2, Size: 1
07-Apr-2014 17:15: Index: 3, Size: 1
07-Apr-2014 17:15: Error handling operation: ORA-00933: SQL command not properly ended

07-Apr-2014 17:15: Index: 0, Size: 0
07-Apr-2014 17:15: Index: 1, Size: 0
07-Apr-2014 17:15: Index: 2, Size: 0
07-Apr-2014 17:15: Index: 3, Size: 0
07-Apr-2014 17:15: Error handling operation: ORA-00933: SQL command not properly ended

07-Apr-2014 17:51: Error handling query: IO Error: The Network Adapter could not establish the connection
07-Apr-2014 18:01: Index: 1, Size: 1
07-Apr-2014 18:01: Index: 2, Size: 1
07-Apr-2014 18:01: Index: 3, Size: 1
07-Apr-2014 18:01: Index: 2, Size: 2
07-Apr-2014 18:01: Index: 3, Size: 2
07-Apr-2014 18:01: Index: 1, Size: 1
07-Apr-2014 18:01: Index: 2, Size: 1
07-Apr-2014 18:01: Index: 3, Size: 1
07-Apr-2014 18:01: Error handling operation: ORA-00933: SQL command not properly ended

07-Apr-2014 18:01: Index: 0, Size: 0
07-Apr-2014 18:01: Index: 1, Size: 0
07-Apr-2014 18:01: Index: 2, Size: 0
07-Apr-2014 18:01: Index: 3, Size: 0
07-Apr-2014 18:01: Error handling operation: ORA-00933: SQL command not properly ended

07-Apr-2014 18:01: Index: 1, Size: 1
07-Apr-2014 18:01: Index: 2, Size: 1
07-Apr-2014 18:01: Index: 3, Size: 1
07-Apr-2014 18:01: Index: 0, Size: 0
07-Apr-2014 18:01: Index: 1, Size: 0
07-Apr-2014 18:01: Index: 2, Size: 0
07-Apr-2014 18:01: Index: 3, Size: 0
07-Apr-2014 18:01: Error handling operation: ORA-00933: SQL command not properly ended

07-Apr-2014 18:01: Index: 1, Size: 1
07-Apr-2014 18:01: Index: 2, Size: 1
07-Apr-2014 18:01: Index: 3, Size: 1
07-Apr-2014 18:01: Index: 2, Size: 2
07-Apr-2014 18:01: Index: 3, Size: 2
07-Apr-2014 18:01: Index: 3, Size: 3
07-Apr-2014 18:01: Index: 2, Size: 2
07-Apr-2014 18:01: Index: 3, Size: 2
07-Apr-2014 18:01: Error handling operation: ORA-00933: SQL command not properly ended

07-Apr-2014 18:01: Index: 1, Size: 1
07-Apr-2014 18:01: Index: 2, Size: 1
07-Apr-2014 18:01: Index: 3, Size: 1
07-Apr-2014 18:01: Index: 0, Size: 0
07-Apr-2014 18:01: Index: 1, Size: 0
07-Apr-2014 18:01: Index: 2, Size: 0
07-Apr-2014 18:01: Index: 3, Size: 0
07-Apr-2014 18:01: Error handling operation: ORA-00933: SQL command not properly ended

07-Apr-2014 18:01: Error handling operation: ORA-00933: SQL command not properly ended

07-Apr-2014 18:03: Error handling operation: ORA-00933: SQL command not properly ended

07-Apr-2014 18:03: Error handling operation: ORA-00933: SQL command not properly ended

07-Apr-2014 18:03: Index: 3, Size: 3
07-Apr-2014 18:03: Index: 2, Size: 2
07-Apr-2014 18:03: Index: 3, Size: 2
07-Apr-2014 18:03: Error handling operation: ORA-00933: SQL command not properly ended

07-Apr-2014 18:03: Index: 1, Size: 1
07-Apr-2014 18:03: Index: 2, Size: 1
07-Apr-2014 18:03: Index: 3, Size: 1
07-Apr-2014 18:03: Error handling operation: ORA-00933: SQL command not properly ended

07-Apr-2014 18:03: Index: 0, Size: 0
07-Apr-2014 18:03: Index: 1, Size: 0
07-Apr-2014 18:03: Index: 2, Size: 0
07-Apr-2014 18:03: Index: 3, Size: 0
07-Apr-2014 18:03: Error handling operation: ORA-00933: SQL command not properly ended

07-Apr-2014 18:03: Error handling operation: ORA-00933: SQL command not properly ended

07-Apr-2014 18:04: Index: 3, Size: 3
07-Apr-2014 18:04: Index: 2, Size: 2
07-Apr-2014 18:04: Index: 3, Size: 2
07-Apr-2014 18:04: Index: 1, Size: 1
07-Apr-2014 18:04: Index: 2, Size: 1
07-Apr-2014 18:04: Index: 3, Size: 1
07-Apr-2014 18:04: Index: 0, Size: 0
07-Apr-2014 18:04: Index: 1, Size: 0
07-Apr-2014 18:04: Index: 2, Size: 0
07-Apr-2014 18:04: Index: 3, Size: 0
07-Apr-2014 18:04: Index: 0, Size: 0
07-Apr-2014 18:04: Index: 1, Size: 0
07-Apr-2014 18:04: Index: 2, Size: 0
07-Apr-2014 18:04: Index: 3, Size: 0
07-Apr-2014 18:04: Index: 1, Size: 1
07-Apr-2014 18:04: Index: 2, Size: 1
07-Apr-2014 18:04: Index: 3, Size: 1
07-Apr-2014 18:04: Index: 2, Size: 2
07-Apr-2014 18:04: Index: 3, Size: 2
07-Apr-2014 18:04: Index: 3, Size: 3
07-Apr-2014 18:04: Error handling operation: ORA-01400: cannot insert NULL into ("PRCSE"."NOTES"."NOTE_BODY")

07-Apr-2014 18:04: Index: 2, Size: 2
07-Apr-2014 18:04: Index: 3, Size: 2
07-Apr-2014 18:04: Index: 1, Size: 1
07-Apr-2014 18:04: Index: 2, Size: 1
07-Apr-2014 18:04: Index: 3, Size: 1
07-Apr-2014 18:05: Index: 0, Size: 0
07-Apr-2014 18:05: Index: 1, Size: 0
07-Apr-2014 18:05: Index: 2, Size: 0
07-Apr-2014 18:05: Index: 3, Size: 0
07-Apr-2014 18:05: Index: 0, Size: 0
07-Apr-2014 18:05: Index: 1, Size: 0
07-Apr-2014 18:05: Index: 2, Size: 0
07-Apr-2014 18:05: Index: 3, Size: 0
07-Apr-2014 18:05: Index: 2, Size: 2
07-Apr-2014 18:05: Index: 3, Size: 2
07-Apr-2014 18:06: Index: 1, Size: 1
07-Apr-2014 18:06: Index: 2, Size: 1
07-Apr-2014 18:06: Index: 3, Size: 1
07-Apr-2014 18:06: Error handling operation: ORA-00917: missing comma

07-Apr-2014 18:07: Index: 1, Size: 1
07-Apr-2014 18:07: Index: 2, Size: 1
07-Apr-2014 18:07: Index: 3, Size: 1
07-Apr-2014 18:07: Index: 2, Size: 2
07-Apr-2014 18:07: Index: 3, Size: 2
07-Apr-2014 18:07: Error handling operation: ORA-00917: missing comma

07-Apr-2014 18:07: Index: 1, Size: 1
07-Apr-2014 18:07: Index: 2, Size: 1
07-Apr-2014 18:07: Index: 3, Size: 1
07-Apr-2014 18:07: Index: 0, Size: 0
07-Apr-2014 18:07: Index: 1, Size: 0
07-Apr-2014 18:07: Index: 2, Size: 0
07-Apr-2014 18:07: Index: 3, Size: 0
07-Apr-2014 18:23: Index: 1, Size: 1
07-Apr-2014 18:23: Index: 2, Size: 1
07-Apr-2014 18:23: Index: 3, Size: 1
07-Apr-2014 18:23: Index: 2, Size: 2
07-Apr-2014 18:23: Index: 3, Size: 2
07-Apr-2014 18:23: Index: 2, Size: 2
07-Apr-2014 18:23: Index: 3, Size: 2
07-Apr-2014 18:24: Index: 3, Size: 3
07-Apr-2014 18:25: Index: 3, Size: 3
07-Apr-2014 18:25: Index: 2, Size: 2
07-Apr-2014 18:25: Index: 3, Size: 2
07-Apr-2014 18:25: Index: 3, Size: 3
07-Apr-2014 18:31: Index: 3, Size: 3
07-Apr-2014 18:36: Index: 3, Size: 3
07-Apr-2014 18:36: Index: 2, Size: 2
07-Apr-2014 18:36: Index: 3, Size: 2
07-Apr-2014 18:36: Index: 1, Size: 1
07-Apr-2014 18:36: Index: 2, Size: 1
07-Apr-2014 18:36: Index: 3, Size: 1
07-Apr-2014 18:36: Index: 0, Size: 0
07-Apr-2014 18:36: Index: 1, Size: 0
07-Apr-2014 18:36: Index: 2, Size: 0
07-Apr-2014 18:36: Index: 3, Size: 0
07-Apr-2014 18:36: Index: 1, Size: 1
07-Apr-2014 18:36: Index: 2, Size: 1
07-Apr-2014 18:36: Index: 3, Size: 1
07-Apr-2014 18:36: Index: 0, Size: 0
07-Apr-2014 18:36: Index: 1, Size: 0
07-Apr-2014 18:36: Index: 2, Size: 0
07-Apr-2014 18:36: Index: 3, Size: 0
07-Apr-2014 18:36: Index: 0, Size: 0
07-Apr-2014 18:36: Index: 1, Size: 0
07-Apr-2014 18:36: Index: 2, Size: 0
07-Apr-2014 18:36: Index: 3, Size: 0
07-Apr-2014 18:36: Index: 1, Size: 1
07-Apr-2014 18:36: Index: 2, Size: 1
07-Apr-2014 18:36: Index: 3, Size: 1
07-Apr-2014 18:36: Index: 0, Size: 0
07-Apr-2014 18:36: Index: 1, Size: 0
07-Apr-2014 18:36: Index: 2, Size: 0
07-Apr-2014 18:36: Index: 3, Size: 0
07-Apr-2014 18:36: Index: 1, Size: 1
07-Apr-2014 18:36: Index: 2, Size: 1
07-Apr-2014 18:36: Index: 3, Size: 1
07-Apr-2014 18:38: Index: 3, Size: 3
07-Apr-2014 18:38: Index: 2, Size: 2
07-Apr-2014 18:38: Index: 3, Size: 2
07-Apr-2014 18:38: Index: 1, Size: 1
07-Apr-2014 18:38: Index: 2, Size: 1
07-Apr-2014 18:38: Index: 3, Size: 1
07-Apr-2014 18:38: Index: 0, Size: 0
07-Apr-2014 18:38: Index: 1, Size: 0
07-Apr-2014 18:38: Index: 2, Size: 0
07-Apr-2014 18:38: Index: 3, Size: 0
07-Apr-2014 18:38: Index: 1, Size: 1
07-Apr-2014 18:38: Index: 2, Size: 1
07-Apr-2014 18:38: Index: 3, Size: 1
07-Apr-2014 18:39: Index: 0, Size: 0
07-Apr-2014 18:39: Index: 1, Size: 0
07-Apr-2014 18:39: Index: 2, Size: 0
07-Apr-2014 18:39: Index: 3, Size: 0
07-Apr-2014 18:39: Index: 0, Size: 0
07-Apr-2014 18:39: Index: 1, Size: 0
07-Apr-2014 18:39: Index: 2, Size: 0
07-Apr-2014 18:39: Index: 3, Size: 0
07-Apr-2014 18:40: Index: 1, Size: 1
07-Apr-2014 18:40: Index: 2, Size: 1
07-Apr-2014 18:40: Index: 3, Size: 1
07-Apr-2014 18:40: Index: 0, Size: 0
07-Apr-2014 18:40: Index: 1, Size: 0
07-Apr-2014 18:40: Index: 2, Size: 0
07-Apr-2014 18:40: Index: 3, Size: 0
07-Apr-2014 18:40: Index: 1, Size: 1
07-Apr-2014 18:40: Index: 2, Size: 1
07-Apr-2014 18:40: Index: 3, Size: 1
07-Apr-2014 18:40: Index: 0, Size: 0
07-Apr-2014 18:40: Index: 1, Size: 0
07-Apr-2014 18:40: Index: 2, Size: 0
07-Apr-2014 18:40: Index: 3, Size: 0
07-Apr-2014 18:41: Index: 1, Size: 1
07-Apr-2014 18:41: Index: 2, Size: 1
07-Apr-2014 18:41: Index: 3, Size: 1
07-Apr-2014 18:41: Index: 0, Size: 0
07-Apr-2014 18:41: Index: 1, Size: 0
07-Apr-2014 18:41: Index: 2, Size: 0
07-Apr-2014 18:41: Index: 3, Size: 0
07-Apr-2014 18:41: Index: 1, Size: 1
07-Apr-2014 18:41: Index: 2, Size: 1
07-Apr-2014 18:41: Index: 3, Size: 1
07-Apr-2014 18:41: Index: 0, Size: 0
07-Apr-2014 18:41: Index: 1, Size: 0
07-Apr-2014 18:41: Index: 2, Size: 0
07-Apr-2014 18:41: Index: 3, Size: 0
07-Apr-2014 18:44: Index: 1, Size: 1
07-Apr-2014 18:44: Index: 2, Size: 1
07-Apr-2014 18:44: Index: 3, Size: 1
07-Apr-2014 18:44: Index: 0, Size: 0
07-Apr-2014 18:44: Index: 1, Size: 0
07-Apr-2014 18:44: Index: 2, Size: 0
07-Apr-2014 18:44: Index: 3, Size: 0
07-Apr-2014 18:44: Index: 1, Size: 1
07-Apr-2014 18:44: Index: 2, Size: 1
07-Apr-2014 18:44: Index: 3, Size: 1
07-Apr-2014 18:44: Index: 0, Size: 0
07-Apr-2014 18:44: Index: 1, Size: 0
07-Apr-2014 18:44: Index: 2, Size: 0
07-Apr-2014 18:44: Index: 3, Size: 0
07-Apr-2014 18:45: Index: 1, Size: 1
07-Apr-2014 18:45: Index: 2, Size: 1
07-Apr-2014 18:45: Index: 3, Size: 1
07-Apr-2014 18:46: Index: 0, Size: 0
07-Apr-2014 18:46: Index: 1, Size: 0
07-Apr-2014 18:46: Index: 2, Size: 0
07-Apr-2014 18:46: Index: 3, Size: 0
07-Apr-2014 18:52: Index: 1, Size: 1
07-Apr-2014 18:52: Index: 2, Size: 1
07-Apr-2014 18:52: Index: 3, Size: 1
07-Apr-2014 18:52: Index: 2, Size: 2
07-Apr-2014 18:52: Index: 3, Size: 2
07-Apr-2014 18:52: Index: 1, Size: 1
07-Apr-2014 18:52: Index: 2, Size: 1
07-Apr-2014 18:52: Index: 3, Size: 1
07-Apr-2014 18:52: Index: 0, Size: 0
07-Apr-2014 18:52: Index: 1, Size: 0
07-Apr-2014 18:52: Index: 2, Size: 0
07-Apr-2014 18:52: Index: 3, Size: 0
07-Apr-2014 19:36: Index: 2, Size: 2
07-Apr-2014 19:36: Index: 3, Size: 2
07-Apr-2014 19:36: Index: 1, Size: 1
07-Apr-2014 19:36: Index: 2, Size: 1
07-Apr-2014 19:36: Index: 3, Size: 1
07-Apr-2014 19:36: Index: 0, Size: 0
07-Apr-2014 19:36: Index: 1, Size: 0
07-Apr-2014 19:36: Index: 2, Size: 0
07-Apr-2014 19:36: Index: 3, Size: 0
07-Apr-2014 19:36: Index: 1, Size: 1
07-Apr-2014 19:36: Index: 2, Size: 1
07-Apr-2014 19:36: Index: 3, Size: 1
07-Apr-2014 19:38: Index: 0, Size: 0
07-Apr-2014 19:38: Index: 1, Size: 0
07-Apr-2014 19:38: Index: 2, Size: 0
07-Apr-2014 19:38: Index: 3, Size: 0
07-Apr-2014 19:42: Index: 1, Size: 1
07-Apr-2014 19:42: Index: 2, Size: 1
07-Apr-2014 19:42: Index: 3, Size: 1
07-Apr-2014 19:42: Index: 2, Size: 2
07-Apr-2014 19:42: Index: 3, Size: 2
07-Apr-2014 19:42: Index: 1, Size: 1
07-Apr-2014 19:42: Index: 2, Size: 1
07-Apr-2014 19:42: Index: 3, Size: 1
07-Apr-2014 19:42: Index: 0, Size: 0
07-Apr-2014 19:42: Index: 1, Size: 0
07-Apr-2014 19:42: Index: 2, Size: 0
07-Apr-2014 19:42: Index: 3, Size: 0
07-Apr-2014 19:42: Index: 1, Size: 1
07-Apr-2014 19:42: Index: 2, Size: 1
07-Apr-2014 19:42: Index: 3, Size: 1
07-Apr-2014 19:42: Index: 2, Size: 2
07-Apr-2014 19:42: Index: 3, Size: 2
07-Apr-2014 19:43: Index: 3, Size: 3
07-Apr-2014 19:43: Error handling operation: ORA-00917: missing comma

07-Apr-2014 19:43: Index: 3, Size: 3
07-Apr-2014 19:43: Error handling operation: ORA-00933: SQL command not properly ended

07-Apr-2014 19:43: Index: 2, Size: 2
07-Apr-2014 19:43: Index: 3, Size: 2
07-Apr-2014 19:43: Index: 1, Size: 1
07-Apr-2014 19:43: Index: 2, Size: 1
07-Apr-2014 19:43: Index: 3, Size: 1
07-Apr-2014 19:43: Index: 0, Size: 0
07-Apr-2014 19:43: Index: 1, Size: 0
07-Apr-2014 19:43: Index: 2, Size: 0
07-Apr-2014 19:43: Index: 3, Size: 0
07-Apr-2014 19:47: Index: 1, Size: 1
07-Apr-2014 19:47: Index: 2, Size: 1
07-Apr-2014 19:47: Index: 3, Size: 1
07-Apr-2014 19:47: Index: 2, Size: 2
07-Apr-2014 19:47: Index: 3, Size: 2
07-Apr-2014 19:47: Index: 1, Size: 1
07-Apr-2014 19:47: Index: 2, Size: 1
07-Apr-2014 19:47: Index: 3, Size: 1
07-Apr-2014 19:47: Index: 0, Size: 0
07-Apr-2014 19:47: Index: 1, Size: 0
07-Apr-2014 19:47: Index: 2, Size: 0
07-Apr-2014 19:47: Index: 3, Size: 0
07-Apr-2014 21:55: Index: 1, Size: 1
07-Apr-2014 21:55: Index: 2, Size: 1
07-Apr-2014 21:55: Index: 3, Size: 1
07-Apr-2014 21:55: Index: 2, Size: 2
07-Apr-2014 21:55: Index: 3, Size: 2
07-Apr-2014 21:57: Index: 2, Size: 2
07-Apr-2014 21:57: Index: 3, Size: 2
07-Apr-2014 21:58: Index: 1, Size: 1
07-Apr-2014 21:58: Index: 2, Size: 1
07-Apr-2014 21:58: Index: 3, Size: 1
07-Apr-2014 21:58: Index: 1, Size: 1
07-Apr-2014 21:58: Index: 2, Size: 1
07-Apr-2014 21:58: Index: 3, Size: 1
07-Apr-2014 21:58: Index: 0, Size: 0
07-Apr-2014 21:58: Index: 1, Size: 0
07-Apr-2014 21:58: Index: 2, Size: 0
07-Apr-2014 21:58: Index: 3, Size: 0
07-Apr-2014 21:59: Index: 1, Size: 1
07-Apr-2014 21:59: Index: 2, Size: 1
07-Apr-2014 21:59: Index: 3, Size: 1
07-Apr-2014 22:01: Index: 1, Size: 1
07-Apr-2014 22:01: Index: 2, Size: 1
07-Apr-2014 22:01: Index: 3, Size: 1
07-Apr-2014 22:01: Index: 0, Size: 0
07-Apr-2014 22:01: Index: 1, Size: 0
07-Apr-2014 22:01: Index: 2, Size: 0
07-Apr-2014 22:01: Index: 3, Size: 0
07-Apr-2014 22:01: Index: 1, Size: 1
07-Apr-2014 22:01: Index: 2, Size: 1
07-Apr-2014 22:01: Index: 3, Size: 1
07-Apr-2014 22:01: Index: 1, Size: 1
07-Apr-2014 22:01: Index: 2, Size: 1
07-Apr-2014 22:01: Index: 3, Size: 1
07-Apr-2014 22:01: Index: 0, Size: 0
07-Apr-2014 22:01: Index: 1, Size: 0
07-Apr-2014 22:01: Index: 2, Size: 0
07-Apr-2014 22:01: Index: 3, Size: 0
07-Apr-2014 22:03: Index: 1, Size: 1
07-Apr-2014 22:03: Index: 2, Size: 1
07-Apr-2014 22:03: Index: 3, Size: 1
07-Apr-2014 22:04: Index: 1, Size: 1
07-Apr-2014 22:04: Index: 2, Size: 1
07-Apr-2014 22:04: Index: 3, Size: 1
07-Apr-2014 22:04: Index: 2, Size: 2
07-Apr-2014 22:04: Index: 3, Size: 2
07-Apr-2014 22:04: Index: 2, Size: 2
07-Apr-2014 22:04: Index: 3, Size: 2
07-Apr-2014 22:08: Index: 2, Size: 2
07-Apr-2014 22:08: Index: 3, Size: 2
07-Apr-2014 22:10: Index: 2, Size: 2
07-Apr-2014 22:10: Index: 3, Size: 2
07-Apr-2014 22:12: Index: 2, Size: 2
07-Apr-2014 22:12: Index: 3, Size: 2
07-Apr-2014 22:14: Index: 2, Size: 2
07-Apr-2014 22:14: Index: 3, Size: 2
07-Apr-2014 22:17: Index: 2, Size: 2
07-Apr-2014 22:17: Index: 3, Size: 2
07-Apr-2014 22:18: Index: 2, Size: 2
07-Apr-2014 22:18: Index: 3, Size: 2
07-Apr-2014 22:19: Index: 2, Size: 2
07-Apr-2014 22:19: Index: 3, Size: 2
07-Apr-2014 22:20: Index: 3, Size: 3
07-Apr-2014 22:20: Error handling operation: ORA-00917: missing comma

07-Apr-2014 22:26: Index: 2, Size: 2
07-Apr-2014 22:26: Index: 3, Size: 2
07-Apr-2014 22:26: Index: 2, Size: 2
07-Apr-2014 22:26: Index: 3, Size: 2
07-Apr-2014 22:26: Index: 2, Size: 2
07-Apr-2014 22:26: Index: 3, Size: 2
07-Apr-2014 22:27: Index: 2, Size: 2
07-Apr-2014 22:27: Index: 3, Size: 2
07-Apr-2014 22:27: Index: 1, Size: 1
07-Apr-2014 22:27: Index: 2, Size: 1
07-Apr-2014 22:27: Index: 3, Size: 1
07-Apr-2014 22:27: Index: 0, Size: 0
07-Apr-2014 22:27: Index: 1, Size: 0
07-Apr-2014 22:27: Index: 2, Size: 0
07-Apr-2014 22:27: Index: 3, Size: 0
07-Apr-2014 22:28: Index: 2, Size: 2
07-Apr-2014 22:28: Index: 3, Size: 2
07-Apr-2014 22:29: Index: 1, Size: 1
07-Apr-2014 22:29: Index: 2, Size: 1
07-Apr-2014 22:29: Index: 3, Size: 1
07-Apr-2014 22:29: Index: 1, Size: 1
07-Apr-2014 22:29: Index: 2, Size: 1
07-Apr-2014 22:29: Index: 3, Size: 1
07-Apr-2014 22:31: Index: 1, Size: 1
07-Apr-2014 22:31: Index: 2, Size: 1
07-Apr-2014 22:31: Index: 3, Size: 1
07-Apr-2014 22:31: Index: 1, Size: 1
07-Apr-2014 22:31: Index: 2, Size: 1
07-Apr-2014 22:31: Index: 3, Size: 1
07-Apr-2014 22:31: Index: 2, Size: 2
07-Apr-2014 22:31: Index: 3, Size: 2
07-Apr-2014 22:32: Index: 2, Size: 2
07-Apr-2014 22:32: Index: 3, Size: 2
07-Apr-2014 22:32: Index: 3, Size: 3
07-Apr-2014 22:34: Index: 3, Size: 3
07-Apr-2014 22:35: Index: 5, Size: 5
07-Apr-2014 22:35: Index: 4, Size: 4
07-Apr-2014 22:35: Index: 3, Size: 3
07-Apr-2014 22:35: Index: 2, Size: 2
07-Apr-2014 22:35: Index: 3, Size: 2
07-Apr-2014 22:35: Index: 2, Size: 2
07-Apr-2014 22:35: Index: 3, Size: 2
07-Apr-2014 22:36: Index: 1, Size: 1
07-Apr-2014 22:36: Index: 2, Size: 1
07-Apr-2014 22:36: Index: 3, Size: 1
07-Apr-2014 22:36: Index: 2, Size: 2
07-Apr-2014 22:36: Index: 3, Size: 2
07-Apr-2014 22:36: Index: 2, Size: 2
07-Apr-2014 22:36: Index: 3, Size: 2
07-Apr-2014 22:36: Index: 3, Size: 3
07-Apr-2014 22:36: Index: 2, Size: 2
07-Apr-2014 22:36: Index: 3, Size: 2
07-Apr-2014 22:36: Index: 2, Size: 2
07-Apr-2014 22:36: Index: 3, Size: 2
07-Apr-2014 22:36: Index: 1, Size: 1
07-Apr-2014 22:36: Index: 2, Size: 1
07-Apr-2014 22:36: Index: 3, Size: 1
07-Apr-2014 22:36: Index: 0, Size: 0
07-Apr-2014 22:36: Index: 1, Size: 0
07-Apr-2014 22:36: Index: 2, Size: 0
07-Apr-2014 22:36: Index: 3, Size: 0
07-Apr-2014 22:37: Index: 1, Size: 1
07-Apr-2014 22:37: Index: 2, Size: 1
07-Apr-2014 22:37: Index: 3, Size: 1
07-Apr-2014 22:38: Index: 2, Size: 2
07-Apr-2014 22:38: Index: 3, Size: 2
07-Apr-2014 22:38: Error handling operation: ORA-01400: cannot insert NULL into ("PRCSE"."NOTES"."NOTE_BODY")

07-Apr-2014 22:38: Index: 1, Size: 1
07-Apr-2014 22:38: Index: 2, Size: 1
07-Apr-2014 22:38: Index: 3, Size: 1
07-Apr-2014 22:38: Index: 2, Size: 2
07-Apr-2014 22:38: Index: 3, Size: 2
07-Apr-2014 22:38: Index: 1, Size: 1
07-Apr-2014 22:38: Index: 2, Size: 1
07-Apr-2014 22:38: Index: 3, Size: 1
07-Apr-2014 22:38: There was an error handling the animation...
08-Apr-2014 00:41: Error: Not on FX application thread; currentThread = Thread-7
08-Apr-2014 00:42: Error: Not on FX application thread; currentThread = Thread-8
08-Apr-2014 00:43: Error: Not on FX application thread; currentThread = Thread-7
08-Apr-2014 00:46: Error: 1
08-Apr-2014 00:46: Error: 1
08-Apr-2014 00:46: Error: 1
08-Apr-2014 00:46: Error: 1
08-Apr-2014 00:46: Error: 1
08-Apr-2014 00:47: Error: 1
08-Apr-2014 00:47: Error: 1
08-Apr-2014 00:48: Error: 1
08-Apr-2014 00:48: Error: 1
08-Apr-2014 00:50: Error: 1
08-Apr-2014 00:51: Error: 1
08-Apr-2014 00:52: Error: 1
08-Apr-2014 00:52: Error: Not on FX application thread; currentThread = Thread-9
08-Apr-2014 00:52: Error: Not on FX application thread; currentThread = Thread-10
08-Apr-2014 00:52: Error: Not on FX application thread; currentThread = Thread-11
08-Apr-2014 00:53: Error: Not on FX application thread; currentThread = Thread-9
08-Apr-2014 16:09: Error: Not on FX application thread; currentThread = Thread-8
08-Apr-2014 16:09: Error: Not on FX application thread; currentThread = Thread-11
08-Apr-2014 16:10: Error: Not on FX application thread; currentThread = Thread-12
08-Apr-2014 16:30: Index: 1, Size: 1
08-Apr-2014 16:30: Index: 2, Size: 1
08-Apr-2014 16:30: Index: 3, Size: 1
08-Apr-2014 16:30: Index: 2, Size: 2
08-Apr-2014 16:30: Index: 3, Size: 2
08-Apr-2014 16:31: Index: 2, Size: 2
08-Apr-2014 16:31: Index: 3, Size: 2
08-Apr-2014 16:31: Index: 1, Size: 1
08-Apr-2014 16:31: Index: 2, Size: 1
08-Apr-2014 16:31: Index: 3, Size: 1
08-Apr-2014 16:31: Index: 0, Size: 0
08-Apr-2014 16:31: Index: 1, Size: 0
08-Apr-2014 16:31: Index: 2, Size: 0
08-Apr-2014 16:31: Index: 3, Size: 0
08-Apr-2014 16:32: Index: 0, Size: 0
08-Apr-2014 16:32: Index: 1, Size: 0
08-Apr-2014 16:32: Index: 2, Size: 0
08-Apr-2014 16:32: Index: 3, Size: 0
08-Apr-2014 17:00: Index: 0, Size: 0
08-Apr-2014 17:00: Index: 1, Size: 0
08-Apr-2014 17:00: Index: 2, Size: 0
08-Apr-2014 17:00: Index: 3, Size: 0
08-Apr-2014 17:00: Index: 4, Size: 0
08-Apr-2014 17:00: Index: 5, Size: 0
08-Apr-2014 17:00: Index: 6, Size: 0
08-Apr-2014 17:03: Index: 0, Size: 0
08-Apr-2014 17:03: Index: 1, Size: 0
08-Apr-2014 17:03: Index: 2, Size: 0
08-Apr-2014 17:03: Index: 3, Size: 0
08-Apr-2014 17:03: Index: 4, Size: 0
08-Apr-2014 17:03: Index: 5, Size: 0
08-Apr-2014 17:03: Index: 6, Size: 0
08-Apr-2014 17:05: Index: 0, Size: 0
08-Apr-2014 17:05: Index: 1, Size: 0
08-Apr-2014 17:05: Index: 2, Size: 0
08-Apr-2014 17:05: Index: 3, Size: 0
08-Apr-2014 17:05: Index: 4, Size: 0
08-Apr-2014 17:05: Index: 5, Size: 0
08-Apr-2014 17:05: Index: 6, Size: 0
08-Apr-2014 17:07: Index: 0, Size: 0
08-Apr-2014 17:07: Index: 1, Size: 0
08-Apr-2014 17:07: Index: 2, Size: 0
08-Apr-2014 17:07: Index: 3, Size: 0
08-Apr-2014 17:07: Index: 4, Size: 0
08-Apr-2014 17:07: Index: 5, Size: 0
08-Apr-2014 17:07: Index: 6, Size: 0
08-Apr-2014 17:21: Error: 1
08-Apr-2014 17:36: Error: 1
08-Apr-2014 17:47: Index: 7, Size: 7
08-Apr-2014 17:48: Error: Not on FX application thread; currentThread = Thread-8
08-Apr-2014 17:48: Error: Not on FX application thread; currentThread = Thread-9
08-Apr-2014 17:48: Error: Not on FX application thread; currentThread = Thread-10
08-Apr-2014 17:48: Error: Not on FX application thread; currentThread = Thread-11
08-Apr-2014 17:48: Error: Not on FX application thread; currentThread = Thread-12
08-Apr-2014 17:48: Error: Not on FX application thread; currentThread = Thread-13
08-Apr-2014 17:48: Error: Not on FX application thread; currentThread = Thread-14
08-Apr-2014 17:48: Error: Not on FX application thread; currentThread = Thread-15
08-Apr-2014 17:48: Error: Not on FX application thread; currentThread = Thread-16
08-Apr-2014 17:48: Error: Not on FX application thread; currentThread = Thread-17
08-Apr-2014 17:48: Error: 1
08-Apr-2014 17:48: Error: Not on FX application thread; currentThread = Thread-19
08-Apr-2014 17:48: Error: Not on FX application thread; currentThread = Thread-20
08-Apr-2014 17:48: Error: Not on FX application thread; currentThread = Thread-8
08-Apr-2014 17:48: Error: Not on FX application thread; currentThread = Thread-9
08-Apr-2014 17:48: Error: Not on FX application thread; currentThread = Thread-10
08-Apr-2014 17:48: Error: Not on FX application thread; currentThread = Thread-11
08-Apr-2014 17:48: Error: Not on FX application thread; currentThread = Thread-12
08-Apr-2014 17:48: Error: Not on FX application thread; currentThread = Thread-13
08-Apr-2014 17:51: Index: 7, Size: 7
08-Apr-2014 17:51: Error: Not on FX application thread; currentThread = Thread-8
08-Apr-2014 17:51: Error: Not on FX application thread; currentThread = Thread-9
08-Apr-2014 17:51: Error: Not on FX application thread; currentThread = Thread-10
08-Apr-2014 17:51: Error: Not on FX application thread; currentThread = Thread-11
08-Apr-2014 17:51: Error: Not on FX application thread; currentThread = Thread-12
08-Apr-2014 17:51: Error: Not on FX application thread; currentThread = Thread-13
08-Apr-2014 17:51: Error: Not on FX application thread; currentThread = Thread-15
08-Apr-2014 17:51: Error: Not on FX application thread; currentThread = Thread-16
08-Apr-2014 17:51: Error: Not on FX application thread; currentThread = Thread-17
08-Apr-2014 17:51: Error: Not on FX application thread; currentThread = Thread-18
08-Apr-2014 17:51: Error: Not on FX application thread; currentThread = Thread-19
08-Apr-2014 17:51: Error: Not on FX application thread; currentThread = Thread-20
08-Apr-2014 17:51: Error: Not on FX application thread; currentThread = Thread-21
08-Apr-2014 17:51: Error: Not on FX application thread; currentThread = Thread-22
08-Apr-2014 17:55: Index: 7, Size: 7
08-Apr-2014 17:55: Error: Not on FX application thread; currentThread = Thread-8
08-Apr-2014 17:55: Error: Not on FX application thread; currentThread = Thread-9
08-Apr-2014 17:55: Error: Not on FX application thread; currentThread = Thread-10
08-Apr-2014 17:55: Error: Not on FX application thread; currentThread = Thread-11
08-Apr-2014 17:55: Error: Not on FX application thread; currentThread = Thread-12
08-Apr-2014 17:55: Error: Not on FX application thread; currentThread = Thread-13
08-Apr-2014 17:56: Error handling query: ORA-00933: SQL command not properly ended

08-Apr-2014 17:56: Error handling query: ORA-00933: SQL command not properly ended

08-Apr-2014 18:18: Index: 5, Size: 5
08-Apr-2014 18:18: Index: 6, Size: 5
08-Apr-2014 18:20: Index: 5, Size: 5
08-Apr-2014 18:20: Index: 6, Size: 5
08-Apr-2014 18:21: Index: 5, Size: 5
08-Apr-2014 18:21: Index: 6, Size: 5
08-Apr-2014 18:22: Index: 1, Size: 1
08-Apr-2014 18:22: Index: 2, Size: 1
08-Apr-2014 18:22: Index: 3, Size: 1
08-Apr-2014 18:22: Index: 2, Size: 2
08-Apr-2014 18:22: Index: 3, Size: 2
08-Apr-2014 18:22: Index: 3, Size: 3
08-Apr-2014 18:22: Index: 2, Size: 2
08-Apr-2014 18:22: Index: 3, Size: 2
08-Apr-2014 18:22: Index: 1, Size: 1
08-Apr-2014 18:22: Index: 2, Size: 1
08-Apr-2014 18:22: Index: 3, Size: 1
08-Apr-2014 18:22: Index: 0, Size: 0
08-Apr-2014 18:22: Index: 1, Size: 0
08-Apr-2014 18:22: Index: 2, Size: 0
08-Apr-2014 18:22: Index: 3, Size: 0
08-Apr-2014 18:22: Index: 0, Size: 0
08-Apr-2014 18:22: Index: 1, Size: 0
08-Apr-2014 18:22: Index: 2, Size: 0
08-Apr-2014 18:22: Index: 3, Size: 0
08-Apr-2014 18:23: Index: 5, Size: 5
08-Apr-2014 18:23: Index: 6, Size: 5
08-Apr-2014 18:24: Index: 5, Size: 5
08-Apr-2014 18:24: Index: 6, Size: 5
08-Apr-2014 18:27: Index: 5, Size: 5
08-Apr-2014 18:27: Index: 6, Size: 5
08-Apr-2014 18:53: Index: 5, Size: 5
08-Apr-2014 18:53: Index: 6, Size: 5
08-Apr-2014 18:57: Index: 5, Size: 5
08-Apr-2014 18:57: Index: 6, Size: 5
08-Apr-2014 18:59: Index: 5, Size: 5
08-Apr-2014 18:59: Index: 6, Size: 5
08-Apr-2014 19:00: Index: 9, Size: 9
08-Apr-2014 19:04: Index: 5, Size: 5
08-Apr-2014 19:04: Index: 6, Size: 5
08-Apr-2014 19:05: Error: Not on FX application thread; currentThread = Thread-17
08-Apr-2014 19:05: Index: 5, Size: 5
08-Apr-2014 19:05: Index: 6, Size: 5
08-Apr-2014 19:08: Index: 5, Size: 5
08-Apr-2014 19:08: Index: 6, Size: 5
08-Apr-2014 19:11: Index: 5, Size: 5
08-Apr-2014 19:11: Index: 6, Size: 5
08-Apr-2014 19:14: Index: 5, Size: 5
08-Apr-2014 19:14: Index: 6, Size: 5
08-Apr-2014 19:15: Error: 1
08-Apr-2014 19:15: Index: 5, Size: 5
08-Apr-2014 19:15: Index: 6, Size: 5
08-Apr-2014 19:16: Index: 5, Size: 5
08-Apr-2014 19:16: Index: 6, Size: 5
08-Apr-2014 19:17: Index: 5, Size: 5
08-Apr-2014 19:17: Index: 6, Size: 5
08-Apr-2014 19:18: Index: 5, Size: 5
08-Apr-2014 19:18: Index: 6, Size: 5
08-Apr-2014 19:19: Index: 5, Size: 5
08-Apr-2014 19:19: Index: 6, Size: 5
08-Apr-2014 19:21: Index: 5, Size: 5
08-Apr-2014 19:21: Index: 6, Size: 5
08-Apr-2014 19:22: Index: 5, Size: 5
08-Apr-2014 19:22: Index: 6, Size: 5
08-Apr-2014 19:24: Index: 5, Size: 5
08-Apr-2014 19:24: Index: 6, Size: 5
08-Apr-2014 19:27: Index: 5, Size: 5
08-Apr-2014 19:27: Index: 6, Size: 5
08-Apr-2014 19:34: Index: 5, Size: 5
08-Apr-2014 19:34: Index: 6, Size: 5
08-Apr-2014 19:35: Index: 5, Size: 5
08-Apr-2014 19:35: Index: 6, Size: 5
08-Apr-2014 19:36: Index: 5, Size: 5
08-Apr-2014 19:36: Index: 6, Size: 5
08-Apr-2014 19:37: Index: 5, Size: 5
08-Apr-2014 19:37: Index: 6, Size: 5
08-Apr-2014 19:38: Index: 5, Size: 5
08-Apr-2014 19:38: Index: 6, Size: 5
08-Apr-2014 19:39: Index: 5, Size: 5
08-Apr-2014 19:39: Index: 6, Size: 5
08-Apr-2014 19:40: Index: 5, Size: 5
08-Apr-2014 19:40: Index: 6, Size: 5
08-Apr-2014 19:40: Index: 5, Size: 5
08-Apr-2014 19:40: Index: 6, Size: 5
08-Apr-2014 19:47: Index: 5, Size: 5
08-Apr-2014 19:47: Index: 6, Size: 5
08-Apr-2014 19:47: Index: 7, Size: 7
08-Apr-2014 19:48: Index: 5, Size: 5
08-Apr-2014 19:48: Index: 6, Size: 5
08-Apr-2014 19:49: Index: 7, Size: 7
08-Apr-2014 19:49: Index: 7, Size: 7
08-Apr-2014 19:49: Error: Not on FX application thread; currentThread = Thread-30
08-Apr-2014 19:49: Error: Not on FX application thread; currentThread = Thread-31
08-Apr-2014 19:49: Error: Not on FX application thread; currentThread = Thread-32
08-Apr-2014 19:49: Error: Not on FX application thread; currentThread = Thread-33
08-Apr-2014 19:52: Index: 5, Size: 5
08-Apr-2014 19:52: Index: 6, Size: 5
08-Apr-2014 19:52: Error: Not on FX application thread; currentThread = Thread-17
08-Apr-2014 19:52: Error: Not on FX application thread; currentThread = Thread-18
08-Apr-2014 19:52: Error: Not on FX application thread; currentThread = Thread-19
08-Apr-2014 19:52: Error: Not on FX application thread; currentThread = Thread-20
08-Apr-2014 19:52: Error: Not on FX application thread; currentThread = Thread-21
08-Apr-2014 19:52: Error: Not on FX application thread; currentThread = Thread-22
08-Apr-2014 19:52: Error: Not on FX application thread; currentThread = Thread-23
08-Apr-2014 19:52: Error: Not on FX application thread; currentThread = Thread-24
08-Apr-2014 19:52: Error: Not on FX application thread; currentThread = Thread-25
08-Apr-2014 19:52: Error: Not on FX application thread; currentThread = Thread-26
08-Apr-2014 19:54: Index: 5, Size: 5
08-Apr-2014 19:54: Index: 6, Size: 5
08-Apr-2014 19:54: Error: Not on FX application thread; currentThread = Thread-17
08-Apr-2014 19:54: Error: Not on FX application thread; currentThread = Thread-18
08-Apr-2014 19:55: Index: 5, Size: 5
08-Apr-2014 19:55: Index: 6, Size: 5
08-Apr-2014 19:55: Index: 5, Size: 5
08-Apr-2014 19:55: Index: 6, Size: 5
08-Apr-2014 19:55: Index: 5, Size: 5
08-Apr-2014 19:55: Index: 6, Size: 5
08-Apr-2014 19:56: Index: 5, Size: 5
08-Apr-2014 19:56: Index: 6, Size: 5
08-Apr-2014 19:56: Index: 5, Size: 5
08-Apr-2014 19:56: Index: 6, Size: 5
08-Apr-2014 19:57: Index: 5, Size: 5
08-Apr-2014 19:57: Index: 6, Size: 5
08-Apr-2014 19:57: Index: 5, Size: 5
08-Apr-2014 19:57: Index: 6, Size: 5
08-Apr-2014 19:57: Index: 7, Size: 7
08-Apr-2014 19:59: Index: 5, Size: 5
08-Apr-2014 19:59: Index: 6, Size: 5
08-Apr-2014 20:00: Index: 5, Size: 5
08-Apr-2014 20:00: Index: 6, Size: 5
08-Apr-2014 20:00: Index: 5, Size: 5
08-Apr-2014 20:00: Index: 6, Size: 5
08-Apr-2014 20:01: Index: 7, Size: 7
08-Apr-2014 20:01: Index: 5, Size: 5
08-Apr-2014 20:01: Index: 6, Size: 5
08-Apr-2014 20:01: Index: 5, Size: 5
08-Apr-2014 20:01: Index: 6, Size: 5
08-Apr-2014 20:01: Index: 5, Size: 5
08-Apr-2014 20:01: Index: 6, Size: 5
08-Apr-2014 20:01: Index: 5, Size: 5
08-Apr-2014 20:01: Index: 6, Size: 5
08-Apr-2014 20:01: Index: 5, Size: 5
08-Apr-2014 20:01: Index: 6, Size: 5
08-Apr-2014 20:01: Index: 5, Size: 5
08-Apr-2014 20:01: Index: 6, Size: 5
08-Apr-2014 20:01: Index: 5, Size: 5
08-Apr-2014 20:01: Index: 6, Size: 5
08-Apr-2014 20:01: Index: 5, Size: 5
08-Apr-2014 20:01: Index: 6, Size: 5
08-Apr-2014 20:01: Index: 5, Size: 5
08-Apr-2014 20:01: Index: 6, Size: 5
08-Apr-2014 20:01: Index: 5, Size: 5
08-Apr-2014 20:01: Index: 6, Size: 5
08-Apr-2014 20:01: Index: 5, Size: 5
08-Apr-2014 20:01: Index: 6, Size: 5
08-Apr-2014 20:01: Index: 5, Size: 5
08-Apr-2014 20:01: Index: 6, Size: 5
08-Apr-2014 20:01: Index: 5, Size: 5
08-Apr-2014 20:01: Index: 6, Size: 5
08-Apr-2014 20:01: Index: 5, Size: 5
08-Apr-2014 20:01: Index: 6, Size: 5
08-Apr-2014 20:01: Index: 5, Size: 5
08-Apr-2014 20:01: Index: 6, Size: 5
08-Apr-2014 20:01: Index: 5, Size: 5
08-Apr-2014 20:01: Index: 6, Size: 5
08-Apr-2014 20:01: Index: 5, Size: 5
08-Apr-2014 20:01: Index: 6, Size: 5
08-Apr-2014 20:01: Index: 5, Size: 5
08-Apr-2014 20:01: Index: 6, Size: 5
08-Apr-2014 20:01: Index: 5, Size: 5
08-Apr-2014 20:01: Index: 6, Size: 5
08-Apr-2014 20:01: Index: 5, Size: 5
08-Apr-2014 20:01: Index: 6, Size: 5
08-Apr-2014 20:01: Index: 5, Size: 5
08-Apr-2014 20:01: Index: 6, Size: 5
08-Apr-2014 20:01: Index: 5, Size: 5
08-Apr-2014 20:01: Index: 6, Size: 5
08-Apr-2014 20:01: Index: 5, Size: 5
08-Apr-2014 20:01: Index: 6, Size: 5
08-Apr-2014 20:01: Index: 5, Size: 5
08-Apr-2014 20:01: Index: 6, Size: 5
08-Apr-2014 20:01: Index: 5, Size: 5
08-Apr-2014 20:01: Index: 6, Size: 5
08-Apr-2014 20:01: Index: 5, Size: 5
08-Apr-2014 20:01: Index: 6, Size: 5
08-Apr-2014 20:01: Index: 5, Size: 5
08-Apr-2014 20:01: Index: 6, Size: 5
09-Apr-2014 12:25: Error handling query: IO Error: The Network Adapter could not establish the connection
09-Apr-2014 12:26: Index: 5, Size: 5
09-Apr-2014 12:26: Index: 6, Size: 5
09-Apr-2014 12:32: Index: 7, Size: 7
09-Apr-2014 12:33: Index: 5, Size: 5
09-Apr-2014 12:33: Index: 6, Size: 5
09-Apr-2014 12:33: Index: 5, Size: 5
09-Apr-2014 12:33: Index: 6, Size: 5
09-Apr-2014 12:33: Index: 5, Size: 5
09-Apr-2014 12:33: Index: 6, Size: 5
09-Apr-2014 12:33: Index: 5, Size: 5
09-Apr-2014 12:33: Index: 6, Size: 5
09-Apr-2014 12:34: Index: 5, Size: 5
09-Apr-2014 12:34: Index: 6, Size: 5
09-Apr-2014 12:37: Index: 5, Size: 5
09-Apr-2014 12:37: Index: 6, Size: 5
09-Apr-2014 12:37: Index: 5, Size: 5
09-Apr-2014 12:37: Index: 6, Size: 5
09-Apr-2014 12:37: Index: 5, Size: 5
09-Apr-2014 12:37: Index: 6, Size: 5
09-Apr-2014 13:09: Error: ResultSet.next was not called
09-Apr-2014 13:09: Error: ResultSet.next was not called
09-Apr-2014 13:09: Error: ResultSet.next was not called
09-Apr-2014 13:09: Error: ResultSet.next was not called
09-Apr-2014 13:09: Index: 5, Size: 5
09-Apr-2014 13:09: Index: 6, Size: 5
09-Apr-2014 13:09: Error: ResultSet.next was not called
09-Apr-2014 13:09: Error: ResultSet.next was not called
09-Apr-2014 13:09: Error: ResultSet.next was not called
09-Apr-2014 13:09: Error: ResultSet.next was not called
09-Apr-2014 13:11: Error: ResultSet.next was not called
09-Apr-2014 13:11: Error: ResultSet.next was not called
09-Apr-2014 13:11: Error: ResultSet.next was not called
09-Apr-2014 13:11: Error: ResultSet.next was not called
09-Apr-2014 13:11: Index: 5, Size: 5
09-Apr-2014 13:11: Index: 6, Size: 5
09-Apr-2014 13:12: null
09-Apr-2014 13:12: null
09-Apr-2014 13:12: null
09-Apr-2014 13:12: null
09-Apr-2014 13:12: Error: ResultSet.next was not called
09-Apr-2014 13:12: Index: 5, Size: 5
09-Apr-2014 13:12: Index: 6, Size: 5
09-Apr-2014 13:12: Error: ResultSet.next was not called
09-Apr-2014 13:12: Error: ResultSet.next was not called
09-Apr-2014 13:12: Error: ResultSet.next was not called
09-Apr-2014 13:12: Error: ResultSet.next was not called
09-Apr-2014 13:12: Error: ResultSet.next was not called
09-Apr-2014 13:12: Index: 5, Size: 5
09-Apr-2014 13:12: Index: 6, Size: 5
09-Apr-2014 13:19: Index: 5, Size: 5
09-Apr-2014 13:19: Index: 6, Size: 5
09-Apr-2014 13:19: Index: 5, Size: 5
09-Apr-2014 13:19: Index: 6, Size: 5
09-Apr-2014 13:19: Index: 5, Size: 5
09-Apr-2014 13:19: Index: 6, Size: 5
09-Apr-2014 14:47: Index: 5, Size: 5
09-Apr-2014 14:47: Index: 6, Size: 5
09-Apr-2014 14:48: Index: 5, Size: 5
09-Apr-2014 14:48: Index: 6, Size: 5
09-Apr-2014 14:57: Index: 5, Size: 5
09-Apr-2014 14:57: Index: 6, Size: 5
09-Apr-2014 14:58: Index: 5, Size: 5
09-Apr-2014 14:58: Index: 6, Size: 5
09-Apr-2014 15:10: Index: 5, Size: 5
09-Apr-2014 15:10: Index: 6, Size: 5
09-Apr-2014 15:10: Index: 5, Size: 5
09-Apr-2014 15:10: Index: 6, Size: 5
09-Apr-2014 15:11: Index: 5, Size: 5
09-Apr-2014 15:11: Index: 6, Size: 5
09-Apr-2014 15:12: Index: 5, Size: 5
09-Apr-2014 15:12: Index: 6, Size: 5
09-Apr-2014 15:12: Index: 5, Size: 5
09-Apr-2014 15:12: Index: 6, Size: 5
09-Apr-2014 15:14: Index: 5, Size: 5
09-Apr-2014 15:14: Index: 6, Size: 5
09-Apr-2014 16:02: Index: 5, Size: 5
09-Apr-2014 16:02: Index: 6, Size: 5
09-Apr-2014 16:21: Index: 5, Size: 5
09-Apr-2014 16:21: Index: 6, Size: 5
09-Apr-2014 16:39: null
09-Apr-2014 16:39: null
09-Apr-2014 16:39: null
09-Apr-2014 16:39: null
09-Apr-2014 16:39: null
09-Apr-2014 16:39: null
09-Apr-2014 16:39: null
09-Apr-2014 16:39: null
09-Apr-2014 16:39: null
09-Apr-2014 16:39: null
09-Apr-2014 16:39: null
09-Apr-2014 16:39: null
09-Apr-2014 16:39: null
09-Apr-2014 16:39: null
09-Apr-2014 16:39: null
09-Apr-2014 16:39: null
09-Apr-2014 16:40: null
09-Apr-2014 16:40: null
09-Apr-2014 16:40: null
09-Apr-2014 16:40: null
09-Apr-2014 16:40: null
09-Apr-2014 16:40: null
09-Apr-2014 16:40: null
09-Apr-2014 16:40: null
09-Apr-2014 16:40: null
09-Apr-2014 16:40: null
09-Apr-2014 16:40: null
09-Apr-2014 16:40: null
09-Apr-2014 16:40: null
09-Apr-2014 16:40: null
09-Apr-2014 16:41: Index: 5, Size: 5
09-Apr-2014 16:41: Index: 6, Size: 5
09-Apr-2014 16:41: Index: 5, Size: 5
09-Apr-2014 16:41: Index: 6, Size: 5
09-Apr-2014 17:38: Index: 5, Size: 5
09-Apr-2014 17:38: Index: 6, Size: 5
09-Apr-2014 17:44: Index: 5, Size: 5
09-Apr-2014 17:44: Index: 6, Size: 5
09-Apr-2014 17:57: Error: null
09-Apr-2014 17:57: Error: null
09-Apr-2014 17:57: Error: null
09-Apr-2014 17:57: Error: null
09-Apr-2014 17:58: Error: null
09-Apr-2014 17:58: Error: null
09-Apr-2014 17:58: Error: null
09-Apr-2014 17:58: Error: null
09-Apr-2014 17:58: Error: null
09-Apr-2014 17:58: Error: null
09-Apr-2014 17:58: Error: null
09-Apr-2014 17:58: Error: null
09-Apr-2014 17:58: Error: null
09-Apr-2014 17:58: Error: null
09-Apr-2014 17:58: Error: null
10-Apr-2014 18:07: Error handling operation: ORA-00933: SQL command not properly ended

10-Apr-2014 18:07: Error handling operation: ORA-00933: SQL command not properly ended

10-Apr-2014 18:11: Error handling operation: ORA-00933: SQL command not properly ended

10-Apr-2014 18:11: Error handling operation: ORA-00933: SQL command not properly ended

10-Apr-2014 18:11: Error handling operation: ORA-00933: SQL command not properly ended

10-Apr-2014 18:11: Error handling operation: ORA-00933: SQL command not properly ended

10-Apr-2014 18:15: Error handling operation: ORA-00933: SQL command not properly ended

10-Apr-2014 18:15: Error handling operation: ORA-00933: SQL command not properly ended

10-Apr-2014 18:16: Error handling operation: ORA-00933: SQL command not properly ended

10-Apr-2014 18:16: Error handling operation: ORA-00933: SQL command not properly ended

10-Apr-2014 18:19: Error handling operation: ORA-00933: SQL command not properly ended

10-Apr-2014 18:19: Error handling operation: ORA-00933: SQL command not properly ended

10-Apr-2014 18:22: Error handling operation: ORA-00933: SQL command not properly ended

10-Apr-2014 18:22: Error handling operation: ORA-00933: SQL command not properly ended

10-Apr-2014 18:29: Error handling operation: ORA-00933: SQL command not properly ended

10-Apr-2014 18:29: Error handling operation: ORA-00933: SQL command not properly ended

10-Apr-2014 18:32: Error handling operation: ORA-00933: SQL command not properly ended

10-Apr-2014 18:32: Error handling operation: ORA-00933: SQL command not properly ended

10-Apr-2014 18:34: Error handling operation: ORA-00933: SQL command not properly ended

10-Apr-2014 18:34: Error handling operation: ORA-00933: SQL command not properly ended

10-Apr-2014 18:34: Error handling operation: ORA-00933: SQL command not properly ended

10-Apr-2014 18:34: Error handling operation: ORA-00933: SQL command not properly ended

10-Apr-2014 18:34: Error handling operation: ORA-00933: SQL command not properly ended

10-Apr-2014 18:34: Error handling operation: ORA-00933: SQL command not properly ended

10-Apr-2014 18:34: Error handling operation: ORA-00933: SQL command not properly ended

10-Apr-2014 18:34: Error handling operation: ORA-00933: SQL command not properly ended

10-Apr-2014 18:34: Error handling operation: ORA-00933: SQL command not properly ended

10-Apr-2014 18:34: Error handling operation: ORA-00933: SQL command not properly ended

10-Apr-2014 18:34: Error handling operation: ORA-00933: SQL command not properly ended

10-Apr-2014 18:34: Error handling operation: ORA-00933: SQL command not properly ended

10-Apr-2014 18:34: Error handling operation: ORA-00933: SQL command not properly ended

10-Apr-2014 18:34: Error handling operation: ORA-00933: SQL command not properly ended

10-Apr-2014 18:34: Error handling operation: ORA-00933: SQL command not properly ended

10-Apr-2014 18:34: Error handling operation: ORA-00933: SQL command not properly ended

10-Apr-2014 18:36: Error handling operation: ORA-00933: SQL command not properly ended

10-Apr-2014 18:36: Error handling operation: ORA-00933: SQL command not properly ended

10-Apr-2014 18:36: Error handling operation: ORA-00933: SQL command not properly ended

10-Apr-2014 18:36: Error handling operation: ORA-00933: SQL command not properly ended

10-Apr-2014 18:36: Error handling operation: ORA-00933: SQL command not properly ended

10-Apr-2014 18:37: Error handling operation: ORA-00933: SQL command not properly ended

10-Apr-2014 18:39: Error handling operation: ORA-00933: SQL command not properly ended

10-Apr-2014 18:41: Error handling operation: ORA-00933: SQL command not properly ended

10-Apr-2014 18:41: Error handling operation: ORA-00933: SQL command not properly ended

10-Apr-2014 18:41: Error handling operation: ORA-00933: SQL command not properly ended

10-Apr-2014 18:41: Error handling operation: ORA-00933: SQL command not properly ended

10-Apr-2014 18:41: Error handling operation: ORA-00933: SQL command not properly ended

10-Apr-2014 18:41: Error handling operation: ORA-00933: SQL command not properly ended

10-Apr-2014 18:41: Error handling operation: ORA-00933: SQL command not properly ended

10-Apr-2014 18:41: Error handling operation: ORA-00933: SQL command not properly ended

10-Apr-2014 18:42: Error handling operation: ORA-00933: SQL command not properly ended

10-Apr-2014 18:42: Error handling operation: ORA-00933: SQL command not properly ended

10-Apr-2014 18:45: Error handling operation: ORA-00933: SQL command not properly ended

10-Apr-2014 18:45: Error handling operation: ORA-00933: SQL command not properly ended

10-Apr-2014 18:45: Error handling operation: ORA-00933: SQL command not properly ended

10-Apr-2014 18:45: Error handling operation: ORA-00933: SQL command not properly ended

10-Apr-2014 18:45: Error handling operation: ORA-00933: SQL command not properly ended

10-Apr-2014 18:45: Error handling operation: ORA-00933: SQL command not properly ended

10-Apr-2014 19:19: Cannot format given Object as a Date
10-Apr-2014 19:19: Cannot format given Object as a Date
10-Apr-2014 19:19: Cannot format given Object as a Date
10-Apr-2014 19:19: Cannot format given Object as a Date
10-Apr-2014 19:19: Cannot format given Object as a Date
10-Apr-2014 19:19: Cannot format given Object as a Date
10-Apr-2014 19:19: Cannot format given Object as a Date
10-Apr-2014 19:19: Cannot format given Object as a Date
10-Apr-2014 19:19: Cannot format given Object as a Date
10-Apr-2014 19:19: Cannot format given Object as a Date
10-Apr-2014 19:19: Cannot format given Object as a Date
10-Apr-2014 19:19: Cannot format given Object as a Date
10-Apr-2014 19:20: Cannot format given Object as a Date
10-Apr-2014 19:20: Cannot format given Object as a Date
10-Apr-2014 19:20: Cannot format given Object as a Date
10-Apr-2014 19:20: Cannot format given Object as a Date
10-Apr-2014 19:20: Cannot format given Object as a Date
10-Apr-2014 19:20: Cannot format given Object as a Date
10-Apr-2014 19:20: Cannot format given Object as a Date
10-Apr-2014 19:20: Cannot format given Object as a Date
10-Apr-2014 19:20: Cannot format given Object as a Date
10-Apr-2014 19:20: Cannot format given Object as a Date
10-Apr-2014 19:20: Cannot format given Object as a Date
10-Apr-2014 19:20: Cannot format given Object as a Date
10-Apr-2014 19:20: Cannot format given Object as a Date
10-Apr-2014 19:20: Cannot format given Object as a Date
10-Apr-2014 19:20: Cannot format given Object as a Date
10-Apr-2014 19:20: Cannot format given Object as a Date
10-Apr-2014 19:20: Cannot format given Object as a Date
10-Apr-2014 19:20: Cannot format given Object as a Date
10-Apr-2014 19:21: Cannot format given Object as a Date
10-Apr-2014 19:21: Cannot format given Object as a Date
10-Apr-2014 19:21: Cannot format given Object as a Date
10-Apr-2014 19:21: Cannot format given Object as a Date
10-Apr-2014 19:21: Cannot format given Object as a Date
10-Apr-2014 19:21: Cannot format given Object as a Date
10-Apr-2014 19:21: Cannot format given Object as a Date
10-Apr-2014 19:21: Cannot format given Object as a Date
10-Apr-2014 19:21: Cannot format given Object as a Date
10-Apr-2014 19:21: Cannot format given Object as a Date
10-Apr-2014 19:21: Cannot format given Object as a Date
10-Apr-2014 19:21: Cannot format given Object as a Date
10-Apr-2014 19:52: Index: 1, Size: 1
10-Apr-2014 19:52: Index: 2, Size: 1
10-Apr-2014 19:52: Index: 3, Size: 1
10-Apr-2014 19:52: Index: 1, Size: 1
10-Apr-2014 19:52: Index: 2, Size: 1
10-Apr-2014 19:52: Index: 3, Size: 1
10-Apr-2014 19:52: Index: 0, Size: 0
10-Apr-2014 19:52: Index: 1, Size: 0
10-Apr-2014 19:52: Index: 2, Size: 0
10-Apr-2014 19:52: Index: 3, Size: 0
10-Apr-2014 19:52: Index: 0, Size: 0
10-Apr-2014 19:52: Index: 1, Size: 0
10-Apr-2014 19:52: Index: 2, Size: 0
10-Apr-2014 19:52: Index: 3, Size: 0
10-Apr-2014 19:52: Index: 1, Size: 1
10-Apr-2014 19:52: Index: 2, Size: 1
10-Apr-2014 19:52: Index: 3, Size: 1
10-Apr-2014 19:52: Index: 2, Size: 2
10-Apr-2014 19:52: Index: 3, Size: 2
10-Apr-2014 19:52: Index: 2, Size: 2
10-Apr-2014 19:52: Index: 3, Size: 2
10-Apr-2014 19:53: Index: 2, Size: 2
10-Apr-2014 19:53: Index: 3, Size: 2
10-Apr-2014 20:27: Error handling operation: ORA-01858: a non-numeric character was found where a numeric was expected

10-Apr-2014 20:27: null
10-Apr-2014 20:27: Index: 1, Size: 1
10-Apr-2014 20:27: Index: 2, Size: 1
10-Apr-2014 20:27: Index: 3, Size: 1
10-Apr-2014 20:27: null
10-Apr-2014 20:27: Index: 1, Size: 1
10-Apr-2014 20:27: Index: 2, Size: 1
10-Apr-2014 20:27: Index: 3, Size: 1
10-Apr-2014 20:30: Error handling operation: ORA-01858: a non-numeric character was found where a numeric was expected

10-Apr-2014 20:30: null
10-Apr-2014 20:30: Index: 1, Size: 1
10-Apr-2014 20:30: Index: 2, Size: 1
10-Apr-2014 20:30: Index: 3, Size: 1
10-Apr-2014 20:36: Error handling operation: ORA-01858: a non-numeric character was found where a numeric was expected

10-Apr-2014 20:36: Index: 1, Size: 1
10-Apr-2014 20:36: Index: 2, Size: 1
10-Apr-2014 20:36: Index: 3, Size: 1
10-Apr-2014 20:38: Error handling operation: ORA-01858: a non-numeric character was found where a numeric was expected

10-Apr-2014 20:38: Index: 1, Size: 1
10-Apr-2014 20:38: Index: 2, Size: 1
10-Apr-2014 20:38: Index: 3, Size: 1
10-Apr-2014 20:38: Error handling operation: ORA-01858: a non-numeric character was found where a numeric was expected

10-Apr-2014 20:38: Index: 2, Size: 2
10-Apr-2014 20:38: Index: 3, Size: 2
10-Apr-2014 20:38: Index: 1, Size: 1
10-Apr-2014 20:38: Index: 2, Size: 1
10-Apr-2014 20:38: Index: 3, Size: 1
10-Apr-2014 20:38: Index: 0, Size: 0
10-Apr-2014 20:38: Index: 1, Size: 0
10-Apr-2014 20:38: Index: 2, Size: 0
10-Apr-2014 20:38: Index: 3, Size: 0
10-Apr-2014 20:38: Error handling operation: ORA-01858: a non-numeric character was found where a numeric was expected

10-Apr-2014 20:38: Index: 1, Size: 1
10-Apr-2014 20:38: Index: 2, Size: 1
10-Apr-2014 20:38: Index: 3, Size: 1
10-Apr-2014 20:40: Error handling operation: ORA-01858: a non-numeric character was found where a numeric was expected

10-Apr-2014 20:40: Index: 1, Size: 1
10-Apr-2014 20:40: Index: 2, Size: 1
10-Apr-2014 20:40: Index: 3, Size: 1
10-Apr-2014 20:40: Index: 1, Size: 1
10-Apr-2014 20:40: Index: 2, Size: 1
10-Apr-2014 20:40: Index: 3, Size: 1
10-Apr-2014 20:41: Index: 0, Size: 0
10-Apr-2014 20:41: Index: 1, Size: 0
10-Apr-2014 20:41: Index: 2, Size: 0
10-Apr-2014 20:41: Index: 3, Size: 0
10-Apr-2014 20:41: Index: 1, Size: 1
10-Apr-2014 20:41: Index: 2, Size: 1
10-Apr-2014 20:41: Index: 3, Size: 1
10-Apr-2014 20:41: Index: 0, Size: 0
10-Apr-2014 20:41: Index: 1, Size: 0
10-Apr-2014 20:41: Index: 2, Size: 0
10-Apr-2014 20:41: Index: 3, Size: 0
11-Apr-2014 13:31: Error handling query: IO Error: The Network Adapter could not establish the connection
11-Apr-2014 13:32: Index: 1, Size: 1
11-Apr-2014 13:32: Index: 2, Size: 1
11-Apr-2014 13:32: Index: 3, Size: 1
11-Apr-2014 13:32: Index: 2, Size: 2
11-Apr-2014 13:32: Index: 3, Size: 2
11-Apr-2014 13:32: Index: 1, Size: 1
11-Apr-2014 13:32: Index: 2, Size: 1
11-Apr-2014 13:32: Index: 3, Size: 1
11-Apr-2014 13:50: Error handling operation: ORA-00904: "USER_PERISSIONS": invalid identifier

11-Apr-2014 13:51: Error handling operation: ORA-00904: "USER_PERISSIONS": invalid identifier

11-Apr-2014 13:51: Error handling operation: ORA-00904: "USER_PERISSIONS": invalid identifier

11-Apr-2014 13:52: Error handling operation: ORA-00904: "USER_PERISSIONS": invalid identifier

11-Apr-2014 13:59: Error handling operation: ORA-00933: SQL command not properly ended

11-Apr-2014 13:59: Error: 1
11-Apr-2014 13:59: Error: null
11-Apr-2014 14:00: Error handling operation: ORA-00933: SQL command not properly ended

11-Apr-2014 14:01: Error handling operation: ORA-00933: SQL command not properly ended

11-Apr-2014 14:03: Error handling operation: ORA-00933: SQL command not properly ended

11-Apr-2014 14:03: Error handling operation: ORA-00904: "USERS"."USER_PERMISSION": invalid identifier

11-Apr-2014 14:04: Error: 1
11-Apr-2014 14:05: Error handling operation: ORA-00933: SQL command not properly ended

11-Apr-2014 14:05: Error handling operation: ORA-00904: "USERS"."USER_PERMISSION": invalid identifier

11-Apr-2014 14:06: Error handling operation: ORA-00933: SQL command not properly ended

11-Apr-2014 14:06: Error handling operation: ORA-00904: "USERS"."USER_PERMISSION": invalid identifier

11-Apr-2014 14:08: Error handling operation: ORA-00933: SQL command not properly ended

11-Apr-2014 14:09: Error handling operation: ORA-00933: SQL command not properly ended

11-Apr-2014 14:09: Error handling operation: ORA-00904: "USERS"."USER_PERMISSION": invalid identifier

11-Apr-2014 14:10: Error handling operation: ORA-00933: SQL command not properly ended

11-Apr-2014 14:11: Error handling operation: ORA-00933: SQL command not properly ended

11-Apr-2014 14:11: Error handling operation: ORA-00933: SQL command not properly ended

11-Apr-2014 14:26: Error handling operation: ORA-00933: SQL command not properly ended

11-Apr-2014 14:47: Error: 1
11-Apr-2014 17:00: Index: 1, Size: 1
11-Apr-2014 17:00: Index: 2, Size: 1
11-Apr-2014 17:00: Index: 3, Size: 1
12-Apr-2014 14:47: Error: String index out of range: 14
12-Apr-2014 14:47: Error: String index out of range: 15
12-Apr-2014 14:47: Error: String index out of range: 16
12-Apr-2014 14:47: Error: String index out of range: 17
12-Apr-2014 14:47: Error: String index out of range: 18
12-Apr-2014 14:47: Error: String index out of range: 19
12-Apr-2014 14:47: Error: String index out of range: 19
12-Apr-2014 14:47: Error: String index out of range: 14
12-Apr-2014 14:47: Error: String index out of range: 15
12-Apr-2014 14:47: Error: String index out of range: 16
12-Apr-2014 14:47: Error: String index out of range: 17
12-Apr-2014 14:47: Error: String index out of range: 18
12-Apr-2014 14:48: Error: String index out of range: 15
12-Apr-2014 14:48: Error: String index out of range: 16
12-Apr-2014 14:48: Error: String index out of range: 17
12-Apr-2014 14:48: Error: String index out of range: 18
12-Apr-2014 14:48: Error: String index out of range: 19
12-Apr-2014 14:48: Error: String index out of range: 20
12-Apr-2014 14:48: Error: String index out of range: 21
12-Apr-2014 14:48: Error: String index out of range: 22
12-Apr-2014 14:48: Error: String index out of range: 23
12-Apr-2014 14:48: Error: String index out of range: 24
12-Apr-2014 14:48: Error: String index out of range: 25
12-Apr-2014 14:48: Error: String index out of range: 26
12-Apr-2014 14:48: Error: String index out of range: 27
12-Apr-2014 14:48: Error: String index out of range: 28
12-Apr-2014 14:48: Error: String index out of range: 29
12-Apr-2014 14:48: Error: String index out of range: 30
12-Apr-2014 14:48: Error: String index out of range: 31
12-Apr-2014 14:48: Error: String index out of range: 32
12-Apr-2014 14:58: Error: String index out of range: 15
12-Apr-2014 14:58: Error: String index out of range: 16
12-Apr-2014 14:59: Error: String index out of range: 15
12-Apr-2014 14:59: Error: String index out of range: 15
12-Apr-2014 15:00: Error: String index out of range: 15
12-Apr-2014 15:00: Error: String index out of range: 16
12-Apr-2014 15:01: Error: String index out of range: 15
12-Apr-2014 15:01: Error: String index out of range: 16
12-Apr-2014 15:02: Error: String index out of range: 15
12-Apr-2014 15:02: Error: String index out of range: 16
12-Apr-2014 15:03: Error: String index out of range: 15
12-Apr-2014 15:03: Error: String index out of range: 16
12-Apr-2014 15:04: Error: String index out of range: 14
12-Apr-2014 15:04: Error: String index out of range: 15
12-Apr-2014 15:04: Error: String index out of range: 16
12-Apr-2014 15:04: Error: String index out of range: 16
12-Apr-2014 15:04: Error: String index out of range: 15
12-Apr-2014 15:04: Error: String index out of range: 15
12-Apr-2014 15:04: Error: String index out of range: 15
12-Apr-2014 15:04: Error: String index out of range: 15
12-Apr-2014 15:04: Error: String index out of range: 16
12-Apr-2014 15:04: Error: String index out of range: 14
12-Apr-2014 15:04: Error: String index out of range: 15
12-Apr-2014 15:04: Error: String index out of range: 16
12-Apr-2014 15:04: Error: String index out of range: 17
12-Apr-2014 15:04: Error: String index out of range: 18
12-Apr-2014 15:04: Error: String index out of range: 19
12-Apr-2014 15:04: Error: String index out of range: 20
12-Apr-2014 15:04: Error: String index out of range: 20
12-Apr-2014 15:04: Error: String index out of range: 19
12-Apr-2014 15:04: Error: String index out of range: 18
12-Apr-2014 15:04: Error: String index out of range: 17
12-Apr-2014 15:04: Error: String index out of range: 16
12-Apr-2014 15:04: Error: String index out of range: 15
12-Apr-2014 15:04: Error: String index out of range: 14
12-Apr-2014 15:04: Error: String index out of range: 14
12-Apr-2014 15:04: Error: String index out of range: 15
12-Apr-2014 15:04: Error: String index out of range: 16
12-Apr-2014 15:04: Error: String index out of range: 17
12-Apr-2014 15:04: Error: String index out of range: 18
12-Apr-2014 15:04: Error: String index out of range: 19
12-Apr-2014 15:04: Error: String index out of range: 20
12-Apr-2014 15:04: Error: String index out of range: 21
12-Apr-2014 15:04: Error: String index out of range: 22
12-Apr-2014 15:04: Error: String index out of range: 23
12-Apr-2014 15:04: Error: String index out of range: 24
12-Apr-2014 15:04: Error: String index out of range: 25
12-Apr-2014 15:04: Error: String index out of range: 26
12-Apr-2014 15:04: Error: String index out of range: 27
12-Apr-2014 15:07: Error: String index out of range: 14
12-Apr-2014 15:07: Error: String index out of range: 14
12-Apr-2014 15:07: Error: String index out of range: 14
12-Apr-2014 15:07: Error: String index out of range: 15
12-Apr-2014 15:09: Error: String index out of range: -1
12-Apr-2014 15:09: Error: String index out of range: -1
12-Apr-2014 15:09: Error: String index out of range: -1
12-Apr-2014 15:10: Error: String index out of range: 14
12-Apr-2014 15:10: Error: String index out of range: 15
12-Apr-2014 15:18: Error: String index out of range: 13
12-Apr-2014 15:18: Error: String index out of range: 14
12-Apr-2014 15:18: Error: String index out of range: 14
12-Apr-2014 15:18: Error: String index out of range: 15
12-Apr-2014 15:18: Error: String index out of range: 15
12-Apr-2014 15:18: Error: String index out of range: 16
12-Apr-2014 15:18: Error: String index out of range: 16
12-Apr-2014 15:18: Error: String index out of range: 16
12-Apr-2014 15:18: Error: String index out of range: 16
12-Apr-2014 15:18: Error: String index out of range: 16
12-Apr-2014 15:18: Error: String index out of range: 16
12-Apr-2014 15:18: Error: String index out of range: 16
12-Apr-2014 15:18: Error: String index out of range: 16
12-Apr-2014 15:19: Error: String index out of range: 13
12-Apr-2014 15:19: Error: String index out of range: 14
12-Apr-2014 15:19: Error: String index out of range: 14
12-Apr-2014 15:19: Error: String index out of range: 15
12-Apr-2014 15:19: Error: String index out of range: 15
12-Apr-2014 15:19: Error: String index out of range: 15
12-Apr-2014 15:19: Error: String index out of range: 15
12-Apr-2014 15:19: Error: String index out of range: 11
12-Apr-2014 15:19: Error: String index out of range: 12
12-Apr-2014 15:19: Error: String index out of range: 13
12-Apr-2014 15:19: Error: String index out of range: 14
12-Apr-2014 15:19: Error: String index out of range: 14
12-Apr-2014 15:19: Error: String index out of range: 15
12-Apr-2014 15:19: Error: String index out of range: 15
12-Apr-2014 15:19: Error: String index out of range: 16
12-Apr-2014 15:19: Error: String index out of range: 16
12-Apr-2014 15:19: Error: String index out of range: 17
12-Apr-2014 15:19: Error: String index out of range: 17
12-Apr-2014 15:19: Error: String index out of range: 18
12-Apr-2014 15:19: Error: String index out of range: 18
12-Apr-2014 15:19: Error: String index out of range: 19
12-Apr-2014 15:19: Error: String index out of range: 19
12-Apr-2014 15:19: Error: String index out of range: 20
12-Apr-2014 15:19: Error: String index out of range: 20
12-Apr-2014 15:19: Error: String index out of range: 21
12-Apr-2014 15:19: Error: String index out of range: 21
12-Apr-2014 15:19: Error: String index out of range: 22
12-Apr-2014 15:19: Error: String index out of range: 22
12-Apr-2014 15:20: Error: String index out of range: 13
12-Apr-2014 15:20: Error: String index out of range: 14
12-Apr-2014 15:20: Error: String index out of range: 14
12-Apr-2014 15:25: Error: String index out of range: 13
12-Apr-2014 15:25: Error: String index out of range: 13
12-Apr-2014 15:25: Error: String index out of range: 14
12-Apr-2014 15:25: Error: String index out of range: 14
12-Apr-2014 15:25: Error: String index out of range: 15
12-Apr-2014 15:25: Error: String index out of range: 15
12-Apr-2014 15:25: Error: String index out of range: 16
12-Apr-2014 15:25: Error: String index out of range: 16
12-Apr-2014 15:25: Error: String index out of range: 17
12-Apr-2014 15:25: Error: String index out of range: 17
12-Apr-2014 15:25: Error: String index out of range: 18
12-Apr-2014 15:25: Error: String index out of range: 18
12-Apr-2014 15:25: Error: String index out of range: 19
12-Apr-2014 15:25: Error: String index out of range: 19
12-Apr-2014 15:25: Error: String index out of range: 20
12-Apr-2014 15:25: Error: String index out of range: 20
12-Apr-2014 15:27: Error: String index out of range: -1
12-Apr-2014 15:27: Error: String index out of range: -1
12-Apr-2014 15:27: Error: String index out of range: -1
12-Apr-2014 15:27: Error: String index out of range: -1
12-Apr-2014 15:27: Error: String index out of range: -1
12-Apr-2014 15:27: Error: String index out of range: -1
12-Apr-2014 15:28: Error: String index out of range: 14
12-Apr-2014 15:28: Error: String index out of range: 15
12-Apr-2014 15:28: Error: String index out of range: 16
12-Apr-2014 15:28: Error: String index out of range: 17
12-Apr-2014 15:28: Error: String index out of range: 18
12-Apr-2014 15:28: Error: String index out of range: 19
12-Apr-2014 15:28: Error: String index out of range: 20
12-Apr-2014 15:28: Error: String index out of range: 21
12-Apr-2014 15:28: Error: String index out of range: 22
12-Apr-2014 15:28: Error: String index out of range: 23
12-Apr-2014 15:28: Error: String index out of range: 24
12-Apr-2014 15:28: Error: String index out of range: 25
12-Apr-2014 15:28: Error: String index out of range: 26
12-Apr-2014 15:29: Error: String index out of range: 14
12-Apr-2014 15:29: Error: String index out of range: 15
12-Apr-2014 15:29: Error: String index out of range: 16
12-Apr-2014 15:29: Error: String index out of range: 17
12-Apr-2014 15:31: Error: String index out of range: -1
12-Apr-2014 15:34: Error: String index out of range: -1
12-Apr-2014 15:34: Error: String index out of range: 14
12-Apr-2014 15:38: Error: String index out of range: -1
12-Apr-2014 15:38: Error: String index out of range: 14
12-Apr-2014 17:50: Error handling query: IO Error: The Network Adapter could not establish the connection
14-Apr-2014 12:31: Error handling query: IO Error: The Network Adapter could not establish the connection
14-Apr-2014 12:57: Error handling query: Listener refused the connection with the following error:
ORA-12519, TNS:no appropriate service handler found
 
14-Apr-2014 12:57: Error handling query: Listener refused the connection with the following error:
ORA-12519, TNS:no appropriate service handler found
 
14-Apr-2014 12:57: Error handling query: Listener refused the connection with the following error:
ORA-12519, TNS:no appropriate service handler found
 
14-Apr-2014 12:57: Error handling query: Listener refused the connection with the following error:
ORA-12519, TNS:no appropriate service handler found
 
14-Apr-2014 12:57: Error handling query: Listener refused the connection with the following error:
ORA-12519, TNS:no appropriate service handler found
 
14-Apr-2014 12:57: Error handling query: Listener refused the connection with the following error:
ORA-12519, TNS:no appropriate service handler found
 
14-Apr-2014 12:57: Error handling query: Listener refused the connection with the following error:
ORA-12519, TNS:no appropriate service handler found
 
14-Apr-2014 12:57: Error handling query: Listener refused the connection with the following error:
ORA-12519, TNS:no appropriate service handler found
 
14-Apr-2014 12:57: Error handling query: Listener refused the connection with the following error:
ORA-12519, TNS:no appropriate service handler found
 
14-Apr-2014 12:57: Error handling query: Listener refused the connection with the following error:
ORA-12519, TNS:no appropriate service handler found
 
14-Apr-2014 12:57: Error handling query: Listener refused the connection with the following error:
ORA-12519, TNS:no appropriate service handler found
 
14-Apr-2014 13:47: Error: String index out of range: -1
14-Apr-2014 13:47: Error: String index out of range: -1
14-Apr-2014 13:47: Error: String index out of range: -1
14-Apr-2014 14:00: Error: String index out of range: -1
14-Apr-2014 14:00: Error: String index out of range: 13
14-Apr-2014 14:00: Error: String index out of range: -1
14-Apr-2014 14:00: Error: String index out of range: 13
14-Apr-2014 14:00: Error handling operation: ORA-00917: missing comma

14-Apr-2014 14:00: Error handling operation: ORA-00917: missing comma

14-Apr-2014 14:00: Error handling operation: ORA-00917: missing comma

14-Apr-2014 14:00: Error handling operation: ORA-00917: missing comma

14-Apr-2014 14:00: Error handling operation: ORA-00917: missing comma

14-Apr-2014 14:00: Error handling operation: ORA-00917: missing comma

14-Apr-2014 14:00: Error handling operation: ORA-00917: missing comma

14-Apr-2014 14:01: Error handling operation: ORA-00917: missing comma

14-Apr-2014 14:01: Error handling operation: ORA-00917: missing comma

14-Apr-2014 14:01: Error handling operation: ORA-00917: missing comma

14-Apr-2014 14:01: Error handling operation: ORA-00917: missing comma

14-Apr-2014 14:02: Error handling operation: ORA-00917: missing comma

14-Apr-2014 14:03: Error handling operation: ORA-00917: missing comma

14-Apr-2014 14:04: Error: String index out of range: -1
14-Apr-2014 14:04: Error: String index out of range: 13
14-Apr-2014 14:04: Error: String index out of range: -1
14-Apr-2014 14:04: Error: String index out of range: 13
14-Apr-2014 14:04: Error handling operation: ORA-00917: missing comma

14-Apr-2014 14:14: Error handling operation: ORA-00917: missing comma

14-Apr-2014 14:14: Error handling operation: ORA-00917: missing comma

14-Apr-2014 14:15: Error handling operation: ORA-00917: missing comma

14-Apr-2014 14:15: Error handling operation: ORA-00917: missing comma

14-Apr-2014 14:16: Error handling operation: ORA-00917: missing comma

14-Apr-2014 14:16: Error handling operation: ORA-00917: missing comma

14-Apr-2014 14:16: Error handling operation: ORA-00917: missing comma

14-Apr-2014 14:16: Error handling operation: ORA-00917: missing comma

14-Apr-2014 14:17: Error handling operation: ORA-00917: missing comma

14-Apr-2014 17:09: String index out of range: -1
14-Apr-2014 17:09: String index out of range: -1
14-Apr-2014 17:09: String index out of range: -1
14-Apr-2014 17:09: String index out of range: -1
14-Apr-2014 17:09: String index out of range: -1
14-Apr-2014 17:09: String index out of range: -1
14-Apr-2014 17:09: String index out of range: -1
14-Apr-2014 17:09: String index out of range: -1
14-Apr-2014 17:09: String index out of range: -1
14-Apr-2014 17:09: String index out of range: -1
14-Apr-2014 17:09: String index out of range: -1
14-Apr-2014 17:09: String index out of range: -1
14-Apr-2014 17:09: String index out of range: -1
14-Apr-2014 17:09: String index out of range: -1
14-Apr-2014 17:09: String index out of range: -1
14-Apr-2014 17:09: String index out of range: -1
14-Apr-2014 17:09: String index out of range: -1
14-Apr-2014 17:09: String index out of range: -1
14-Apr-2014 17:09: String index out of range: -1
14-Apr-2014 17:09: String index out of range: -1
14-Apr-2014 17:09: String index out of range: -1
14-Apr-2014 17:09: String index out of range: -1
14-Apr-2014 17:09: String index out of range: -1
14-Apr-2014 17:09: String index out of range: -1
14-Apr-2014 17:09: String index out of range: -1
14-Apr-2014 17:29: String index out of range: -1
14-Apr-2014 17:29: String index out of range: -1
14-Apr-2014 17:29: String index out of range: -1
14-Apr-2014 17:29: String index out of range: -1
14-Apr-2014 17:29: String index out of range: -1
14-Apr-2014 17:29: String index out of range: -1
14-Apr-2014 17:29: String index out of range: -1
14-Apr-2014 17:31: String index out of range: -1
14-Apr-2014 17:31: String index out of range: -1
14-Apr-2014 17:31: String index out of range: -1
14-Apr-2014 17:31: String index out of range: -1
14-Apr-2014 17:31: String index out of range: -1
14-Apr-2014 17:31: String index out of range: -1
14-Apr-2014 17:31: String index out of range: -1
14-Apr-2014 17:31: String index out of range: -1
14-Apr-2014 17:31: String index out of range: -1
14-Apr-2014 17:31: String index out of range: -1
14-Apr-2014 17:31: String index out of range: -1
14-Apr-2014 17:31: String index out of range: -1
14-Apr-2014 17:31: String index out of range: -1
14-Apr-2014 17:31: String index out of range: -1
14-Apr-2014 17:31: String index out of range: -1
14-Apr-2014 17:31: String index out of range: -1
14-Apr-2014 17:31: String index out of range: -1
14-Apr-2014 17:31: String index out of range: -1
14-Apr-2014 17:31: String index out of range: -1
14-Apr-2014 17:31: String index out of range: -1
14-Apr-2014 17:31: String index out of range: -1
14-Apr-2014 17:31: String index out of range: -1
14-Apr-2014 17:32: String index out of range: -1
14-Apr-2014 17:32: String index out of range: -1
14-Apr-2014 17:32: String index out of range: -1
14-Apr-2014 17:32: String index out of range: -1
14-Apr-2014 17:32: String index out of range: -1
14-Apr-2014 17:32: String index out of range: -1
14-Apr-2014 17:32: String index out of range: -1
14-Apr-2014 17:34: Error: null
14-Apr-2014 17:35: Error: null
14-Apr-2014 17:38: Error: null
14-Apr-2014 17:38: Error: null
14-Apr-2014 17:41: Error: null
15-Apr-2014 13:23: Error handling query: IO Error: The Network Adapter could not establish the connection
15-Apr-2014 13:23: Error handling query: IO Error: The Network Adapter could not establish the connection
15-Apr-2014 13:58: Error handling query: Listener refused the connection with the following error:
ORA-12519, TNS:no appropriate service handler found
 
15-Apr-2014 13:58: Error handling query: Listener refused the connection with the following error:
ORA-12519, TNS:no appropriate service handler found
 
15-Apr-2014 13:58: Error handling query: Listener refused the connection with the following error:
ORA-12519, TNS:no appropriate service handler found
 
15-Apr-2014 13:58: Error handling query: Listener refused the connection with the following error:
ORA-12519, TNS:no appropriate service handler found
 
15-Apr-2014 13:58: Error handling query: Listener refused the connection with the following error:
ORA-12519, TNS:no appropriate service handler found
 
15-Apr-2014 13:58: Error handling query: Listener refused the connection with the following error:
ORA-12519, TNS:no appropriate service handler found
 
15-Apr-2014 13:58: Error handling operation: Listener refused the connection with the following error:
ORA-12519, TNS:no appropriate service handler found
 
15-Apr-2014 13:58: Error handling operation: Listener refused the connection with the following error:
ORA-12519, TNS:no appropriate service handler found
 
15-Apr-2014 13:58: Error handling operation: Listener refused the connection with the following error:
ORA-12519, TNS:no appropriate service handler found
 
15-Apr-2014 13:58: Error handling operation: Listener refused the connection with the following error:
ORA-12519, TNS:no appropriate service handler found
 
15-Apr-2014 13:58: Error handling operation: Listener refused the connection with the following error:
ORA-12519, TNS:no appropriate service handler found
 
15-Apr-2014 13:58: Error handling operation: Listener refused the connection with the following error:
ORA-12519, TNS:no appropriate service handler found
 
15-Apr-2014 13:58: Error handling operation: Listener refused the connection with the following error:
ORA-12519, TNS:no appropriate service handler found
 
15-Apr-2014 13:58: Error handling operation: Listener refused the connection with the following error:
ORA-12519, TNS:no appropriate service handler found
 
15-Apr-2014 13:58: Error handling operation: Listener refused the connection with the following error:
ORA-12519, TNS:no appropriate service handler found
 
15-Apr-2014 13:59: Error handling operation: Listener refused the connection with the following error:
ORA-12519, TNS:no appropriate service handler found
 
15-Apr-2014 14:00: Error handling operation: Listener refused the connection with the following error:
ORA-12519, TNS:no appropriate service handler found
 
15-Apr-2014 14:01: Error: null
15-Apr-2014 14:01: Error: null
15-Apr-2014 14:01: Error: null
15-Apr-2014 14:13: Error: null
15-Apr-2014 14:13: Error: null
15-Apr-2014 14:13: Error: null
15-Apr-2014 14:13: Error: null
15-Apr-2014 14:13: Error: null
15-Apr-2014 14:13: Error: null
15-Apr-2014 14:13: Error: null
15-Apr-2014 14:13: Error: null
15-Apr-2014 14:13: Error: null
15-Apr-2014 14:13: Error: null
15-Apr-2014 14:13: Error: null
15-Apr-2014 14:13: Error: null
15-Apr-2014 14:13: Error: null
15-Apr-2014 14:13: Error: null
15-Apr-2014 14:13: Error: null
15-Apr-2014 14:13: Error: null
15-Apr-2014 14:13: Error: null
15-Apr-2014 14:13: Error: null
15-Apr-2014 14:13: Error: null
15-Apr-2014 14:13: Error: null
15-Apr-2014 14:13: Error: null
15-Apr-2014 14:13: Error: null
15-Apr-2014 14:13: Error: null
15-Apr-2014 14:13: Error: null
15-Apr-2014 14:13: Error: null
15-Apr-2014 14:13: Error: null
15-Apr-2014 14:13: Error: null
15-Apr-2014 14:13: Error: null
15-Apr-2014 14:13: Error: null
15-Apr-2014 14:18: Error: null
15-Apr-2014 14:18: Error: null
15-Apr-2014 14:20: Error: null
15-Apr-2014 14:20: Error: null
15-Apr-2014 14:20: Error: null
15-Apr-2014 14:20: Error: null
15-Apr-2014 14:20: Error: null
15-Apr-2014 14:20: Error: null
15-Apr-2014 14:20: Error: null
15-Apr-2014 14:20: Error: null
15-Apr-2014 14:20: Error: null
15-Apr-2014 14:20: Error: null
15-Apr-2014 14:20: Error: null
15-Apr-2014 14:20: Error: null
15-Apr-2014 14:20: Error: null
15-Apr-2014 14:21: Error: null
15-Apr-2014 14:21: Error: null
15-Apr-2014 14:21: Error: null
15-Apr-2014 14:21: Error: null
15-Apr-2014 14:21: Error: null
15-Apr-2014 14:21: Error: null
15-Apr-2014 14:21: Error: null
15-Apr-2014 14:21: Error: null
15-Apr-2014 14:21: Error: null
15-Apr-2014 14:21: Error: null
15-Apr-2014 14:21: Error: null
15-Apr-2014 14:21: Error: null
15-Apr-2014 14:21: Error: null
15-Apr-2014 14:21: Error: null
15-Apr-2014 14:24: Error: null
15-Apr-2014 14:24: Error: null
15-Apr-2014 14:24: Error: null
15-Apr-2014 14:24: Error: null
15-Apr-2014 14:24: Error: null
15-Apr-2014 14:25: Error: null
15-Apr-2014 14:25: Error: null
15-Apr-2014 14:25: Error: null
15-Apr-2014 14:25: Error: null
15-Apr-2014 14:25: Error: null
15-Apr-2014 14:25: Error: null
15-Apr-2014 14:25: Error: null
15-Apr-2014 14:27: Error: null
15-Apr-2014 14:27: Error: null
15-Apr-2014 14:28: Error: null
15-Apr-2014 14:28: Error: null
15-Apr-2014 14:28: Error: null
15-Apr-2014 14:28: Error: null
15-Apr-2014 14:28: Error: null
15-Apr-2014 14:28: Error: null
15-Apr-2014 14:28: Error: null
15-Apr-2014 14:29: Error: null
15-Apr-2014 14:29: Error: null
15-Apr-2014 14:29: Error: null
15-Apr-2014 14:30: Error: null
15-Apr-2014 14:31: Error: null
15-Apr-2014 14:31: Error: null
15-Apr-2014 14:31: Error: null
15-Apr-2014 14:31: Error: null
15-Apr-2014 14:31: Error: null
15-Apr-2014 14:31: Error: null
15-Apr-2014 14:31: Error: null
15-Apr-2014 14:31: Error: null
15-Apr-2014 14:32: Error: null
15-Apr-2014 14:32: Error: null
15-Apr-2014 14:32: Error: null
15-Apr-2014 14:32: Error: null
15-Apr-2014 14:32: Error: null
15-Apr-2014 14:32: Error: null
15-Apr-2014 14:32: Error: null
15-Apr-2014 14:36: Error: null
15-Apr-2014 14:36: Error: null
15-Apr-2014 14:36: Error: null
15-Apr-2014 14:36: Error: null
15-Apr-2014 14:36: Error: null
15-Apr-2014 14:36: Error: null
15-Apr-2014 14:36: Error: null
15-Apr-2014 14:36: Error: null
15-Apr-2014 14:41: Error: null
15-Apr-2014 14:41: Error: null
15-Apr-2014 14:41: Error: null
15-Apr-2014 14:41: Error: null
15-Apr-2014 14:41: Error: null
15-Apr-2014 14:41: Error: null
15-Apr-2014 14:41: Error: null
15-Apr-2014 14:41: Error: null
15-Apr-2014 14:41: Error: null
15-Apr-2014 14:41: Error: null
15-Apr-2014 14:41: Error: null
15-Apr-2014 14:41: Error: null
15-Apr-2014 14:41: Error: null
15-Apr-2014 14:41: Error: null
15-Apr-2014 14:41: Error: null
15-Apr-2014 14:41: Error: null
15-Apr-2014 14:41: Error: null
15-Apr-2014 14:43: Error: null
15-Apr-2014 14:43: Error: null
15-Apr-2014 14:44: Error: null
15-Apr-2014 14:44: Error: null
15-Apr-2014 14:57: Error: null
15-Apr-2014 14:57: Error: null
15-Apr-2014 14:57: Index: 1, Size: 1
15-Apr-2014 14:57: Index: 2, Size: 1
15-Apr-2014 14:57: Index: 3, Size: 1
15-Apr-2014 14:59: Error: null
15-Apr-2014 14:59: Error: null
15-Apr-2014 14:59: Error: null
15-Apr-2014 14:59: Error: null
15-Apr-2014 14:59: Error: null
15-Apr-2014 14:59: Error: null
15-Apr-2014 15:00: Error: null
15-Apr-2014 15:00: Error: null
15-Apr-2014 15:00: Error: null
15-Apr-2014 15:00: Error: null
15-Apr-2014 15:00: Error: null
15-Apr-2014 15:00: Error: null
15-Apr-2014 15:00: Error: null
15-Apr-2014 15:00: Error: null
15-Apr-2014 15:00: Error: null
15-Apr-2014 15:00: Error: null
15-Apr-2014 15:00: Error: null
15-Apr-2014 15:00: Error: null
15-Apr-2014 15:00: Error: null
15-Apr-2014 15:00: Error: null
15-Apr-2014 17:10: Error: null
15-Apr-2014 17:10: Error: null
15-Apr-2014 17:10: Error: null
15-Apr-2014 17:10: Error: null
15-Apr-2014 17:10: Error: null
15-Apr-2014 17:10: Error: null
15-Apr-2014 17:10: Error: null
15-Apr-2014 17:10: Error: null
15-Apr-2014 17:10: Error: null
15-Apr-2014 17:10: Error: null
15-Apr-2014 17:10: Error: null
15-Apr-2014 17:10: Error: null
15-Apr-2014 17:10: Error: null
15-Apr-2014 17:10: Error: null
15-Apr-2014 17:10: Error: null
15-Apr-2014 17:10: Error: null
15-Apr-2014 17:10: Error: null
15-Apr-2014 17:10: Error: null
15-Apr-2014 17:10: Error: null
15-Apr-2014 17:10: Error: null
15-Apr-2014 17:10: Error: null
15-Apr-2014 17:10: Error: null
15-Apr-2014 17:10: Error: null
15-Apr-2014 17:10: Error: null
15-Apr-2014 17:10: Error: null
15-Apr-2014 17:10: Error: null
15-Apr-2014 17:11: Error: null
15-Apr-2014 17:11: Error: null
15-Apr-2014 17:11: Error: null
15-Apr-2014 17:11: Error: null
15-Apr-2014 17:11: Error: null
15-Apr-2014 17:11: Error: null
15-Apr-2014 17:11: Error: null
15-Apr-2014 17:12: Error: null
15-Apr-2014 17:12: Error: null
15-Apr-2014 17:12: Error: null
15-Apr-2014 17:12: Error: null
15-Apr-2014 17:12: Error: null
15-Apr-2014 17:12: Error: null
15-Apr-2014 17:12: Error: null
15-Apr-2014 17:12: Error: null
15-Apr-2014 17:12: Error: null
15-Apr-2014 17:12: Error: null
15-Apr-2014 17:12: Error: null
15-Apr-2014 17:12: Error: null
15-Apr-2014 17:12: Error: null
15-Apr-2014 17:12: Error: null
15-Apr-2014 17:12: Error: null
15-Apr-2014 17:12: Error: null
15-Apr-2014 17:12: Error: null
15-Apr-2014 17:17: Error: null
15-Apr-2014 17:17: Error: null
15-Apr-2014 17:18: Error: null
15-Apr-2014 17:18: Error: null
15-Apr-2014 17:24: Error: null
15-Apr-2014 17:24: Error: null
15-Apr-2014 17:27: Error: null
15-Apr-2014 17:27: Error: null
15-Apr-2014 17:28: Error: null
15-Apr-2014 17:28: Error: null
15-Apr-2014 17:28: Error: null
15-Apr-2014 17:28: Error: null
15-Apr-2014 17:28: Error: null
15-Apr-2014 17:29: Error: null
15-Apr-2014 17:29: Error: null
15-Apr-2014 17:29: Error: null
15-Apr-2014 17:31: Error: null
15-Apr-2014 17:31: Error: null
15-Apr-2014 17:31: Error: null
15-Apr-2014 17:31: Error: null
15-Apr-2014 17:31: Error: null
15-Apr-2014 17:31: Error: null
15-Apr-2014 17:31: Error: null
15-Apr-2014 17:31: Error: null
15-Apr-2014 17:31: Error: null
15-Apr-2014 17:31: Error: null
15-Apr-2014 17:31: Error: null
15-Apr-2014 17:34: Error: null
15-Apr-2014 17:37: Error: null
15-Apr-2014 17:37: Error: null
15-Apr-2014 17:39: Error: null
15-Apr-2014 17:41: Error: null
15-Apr-2014 17:41: Error: null
15-Apr-2014 17:42: Error: null
15-Apr-2014 17:42: Error: null
15-Apr-2014 17:42: Error: null
15-Apr-2014 17:42: Error: null
15-Apr-2014 17:42: Error: null
15-Apr-2014 17:42: Error: null
15-Apr-2014 17:42: Error: null
15-Apr-2014 17:42: Error: null
15-Apr-2014 17:42: Error: null
15-Apr-2014 17:43: Error: null
15-Apr-2014 17:43: Error: null
15-Apr-2014 17:43: Error: null
15-Apr-2014 17:43: Error: null
15-Apr-2014 17:43: Error: null
15-Apr-2014 17:43: Error: null
15-Apr-2014 17:45: Error: null
15-Apr-2014 17:45: Error: null
15-Apr-2014 17:45: Error: null
15-Apr-2014 17:45: Error: null
15-Apr-2014 17:45: Error: null
15-Apr-2014 17:45: Error: null
15-Apr-2014 17:45: Error: null
15-Apr-2014 17:59: Error: null
15-Apr-2014 17:59: Error: Not on FX application thread; currentThread = Thread-18
15-Apr-2014 17:59: Error: null
15-Apr-2014 17:59: Error: null
15-Apr-2014 17:59: Error: Not on FX application thread; currentThread = Thread-19
15-Apr-2014 17:59: Error: Not on FX application thread; currentThread = Thread-20
15-Apr-2014 17:59: Error: Not on FX application thread; currentThread = Thread-21
15-Apr-2014 17:59: Error: null
15-Apr-2014 17:59: Error: Not on FX application thread; currentThread = Thread-22
15-Apr-2014 17:59: Error: null
15-Apr-2014 17:59: Error: null
15-Apr-2014 17:59: Error: Not on FX application thread; currentThread = Thread-23
15-Apr-2014 17:59: Error: Not on FX application thread; currentThread = Thread-24
15-Apr-2014 17:59: Error: null
15-Apr-2014 17:59: Error: null
15-Apr-2014 17:59: Error: Not on FX application thread; currentThread = Thread-25
15-Apr-2014 17:59: Error: null
15-Apr-2014 17:59: Error: Not on FX application thread; currentThread = Thread-26
15-Apr-2014 17:59: Error: Not on FX application thread; currentThread = Thread-27
15-Apr-2014 17:59: Error: null
15-Apr-2014 17:59: Error: Not on FX application thread; currentThread = Thread-28
15-Apr-2014 17:59: Error: null
15-Apr-2014 17:59: Error: Not on FX application thread; currentThread = Thread-29
15-Apr-2014 17:59: Error: null
15-Apr-2014 17:59: Error: null
15-Apr-2014 17:59: Error: Not on FX application thread; currentThread = Thread-30
15-Apr-2014 17:59: Error: null
15-Apr-2014 17:59: Error: null
15-Apr-2014 17:59: Error: Not on FX application thread; currentThread = Thread-31
15-Apr-2014 18:00: Error: Not on FX application thread; currentThread = Thread-32
15-Apr-2014 18:00: Error: null
15-Apr-2014 18:00: Error: Not on FX application thread; currentThread = Thread-33
15-Apr-2014 18:00: Error: null
15-Apr-2014 18:00: Error: null
15-Apr-2014 18:00: Error: Not on FX application thread; currentThread = Thread-34
15-Apr-2014 18:00: Error: Not on FX application thread; currentThread = Thread-35
15-Apr-2014 18:00: Error: Not on FX application thread; currentThread = Thread-36
15-Apr-2014 18:03: Error: null
15-Apr-2014 18:03: Error: null
15-Apr-2014 18:03: Error: Not on FX application thread; currentThread = Thread-18
15-Apr-2014 18:03: Error: Not on FX application thread; currentThread = Thread-19
15-Apr-2014 18:04: Error: null
15-Apr-2014 18:04: Error: Not on FX application thread; currentThread = Thread-18
15-Apr-2014 18:05: Error: null
15-Apr-2014 18:05: Error: null
15-Apr-2014 18:05: Error: Not on FX application thread; currentThread = Thread-19
15-Apr-2014 18:17: Error: null
15-Apr-2014 18:17: Error: null
15-Apr-2014 18:17: Error: Not on FX application thread; currentThread = Thread-18
15-Apr-2014 18:17: Error: null
15-Apr-2014 18:17: Error: null
15-Apr-2014 18:17: Error: Not on FX application thread; currentThread = Thread-19
15-Apr-2014 18:17: Error: null
15-Apr-2014 18:17: Error: null
15-Apr-2014 18:17: Error: Not on FX application thread; currentThread = Thread-20
15-Apr-2014 18:17: Error: null
15-Apr-2014 18:17: Error: null
15-Apr-2014 18:17: Error: Not on FX application thread; currentThread = Thread-21
15-Apr-2014 18:17: Error: null
15-Apr-2014 18:17: Error: null
15-Apr-2014 18:17: Error: Not on FX application thread; currentThread = Thread-22
15-Apr-2014 18:17: Error: null
15-Apr-2014 18:17: Error: null
15-Apr-2014 18:17: Error: Not on FX application thread; currentThread = Thread-23
15-Apr-2014 18:27: Error: null
15-Apr-2014 18:27: Error: null
15-Apr-2014 18:27: Error handling operation: ORA-00904: "MESSAGE_SEEN": invalid identifier

15-Apr-2014 18:27: Error: Not on FX application thread; currentThread = Thread-20
15-Apr-2014 18:27: Error: null
15-Apr-2014 18:27: Error handling operation: ORA-00904: "MESSAGE_SEEN": invalid identifier

15-Apr-2014 18:28: Error: Not on FX application thread; currentThread = Thread-22
15-Apr-2014 18:28: Error: null
15-Apr-2014 18:28: Error: null
15-Apr-2014 18:28: Error handling operation: ORA-00904: "MESSAGE_SEEN": invalid identifier

15-Apr-2014 18:28: Error: Not on FX application thread; currentThread = Thread-24
15-Apr-2014 18:28: Error: null
15-Apr-2014 18:28: Error: null
15-Apr-2014 18:28: Error handling operation: ORA-00904: "MESSAGE_SEEN": invalid identifier

15-Apr-2014 18:28: Error: Not on FX application thread; currentThread = Thread-26
15-Apr-2014 18:28: Error: null
15-Apr-2014 18:28: Error: null
15-Apr-2014 18:28: Error handling operation: ORA-00904: "MESSAGE_SEEN": invalid identifier

15-Apr-2014 18:28: Error: Not on FX application thread; currentThread = Thread-28
15-Apr-2014 18:30: Error: null
15-Apr-2014 18:32: Error: null
15-Apr-2014 18:32: Error: null
15-Apr-2014 18:32: Error: Not on FX application thread; currentThread = Thread-19
15-Apr-2014 18:32: Error: null
15-Apr-2014 18:32: Error: Not on FX application thread; currentThread = Thread-21
15-Apr-2014 18:33: Error: null
15-Apr-2014 18:33: Error: null
15-Apr-2014 18:33: Error: Not on FX application thread; currentThread = Thread-22
15-Apr-2014 18:33: Error: null
15-Apr-2014 18:33: Error: null
15-Apr-2014 18:33: Error: Not on FX application thread; currentThread = Thread-24
15-Apr-2014 18:33: Error: null
15-Apr-2014 18:33: Error: null
15-Apr-2014 18:33: Error: Not on FX application thread; currentThread = Thread-26
15-Apr-2014 18:37: Error: null
15-Apr-2014 18:37: Error: null
15-Apr-2014 18:37: Error: Not on FX application thread; currentThread = Thread-19
15-Apr-2014 18:37: Error: null
15-Apr-2014 18:37: Error: null
15-Apr-2014 18:37: Error: Not on FX application thread; currentThread = Thread-22
15-Apr-2014 18:37: Error: null
15-Apr-2014 18:37: Error: null
15-Apr-2014 18:37: Error: Not on FX application thread; currentThread = Thread-24
15-Apr-2014 18:37: Error: null
15-Apr-2014 18:37: Error: null
15-Apr-2014 18:37: Error: Not on FX application thread; currentThread = Thread-27
15-Apr-2014 18:37: Error: null
15-Apr-2014 18:37: Error: Not on FX application thread; currentThread = Thread-29
15-Apr-2014 18:37: Error: null
15-Apr-2014 18:37: Error: null
15-Apr-2014 18:37: Error: Not on FX application thread; currentThread = Thread-31
15-Apr-2014 18:37: Error: null
15-Apr-2014 18:37: Error: null
15-Apr-2014 18:37: Error: Not on FX application thread; currentThread = Thread-33
15-Apr-2014 18:37: Error: null
15-Apr-2014 18:37: Error: null
15-Apr-2014 18:37: Error: Not on FX application thread; currentThread = Thread-36
15-Apr-2014 18:37: Error: null
15-Apr-2014 18:37: Error: Not on FX application thread; currentThread = Thread-38
15-Apr-2014 18:37: Error: null
15-Apr-2014 18:37: Error: null
15-Apr-2014 18:37: Error: Not on FX application thread; currentThread = Thread-40
15-Apr-2014 18:39: Error: null
15-Apr-2014 18:39: Error: null
15-Apr-2014 18:39: Error: Not on FX application thread; currentThread = Thread-19
15-Apr-2014 18:39: Error: null
15-Apr-2014 18:39: Error: null
15-Apr-2014 18:39: Error: Not on FX application thread; currentThread = Thread-21
15-Apr-2014 18:39: Error: null
15-Apr-2014 18:39: Error: Not on FX application thread; currentThread = Thread-23
15-Apr-2014 18:39: Error: null
15-Apr-2014 18:39: Error: null
15-Apr-2014 18:39: Error: Not on FX application thread; currentThread = Thread-25
15-Apr-2014 18:39: Error: null
15-Apr-2014 18:39: Error: null
15-Apr-2014 18:39: Error: Not on FX application thread; currentThread = Thread-27
15-Apr-2014 18:39: Error: null
15-Apr-2014 18:39: Error: null
15-Apr-2014 18:39: Error: Not on FX application thread; currentThread = Thread-29
15-Apr-2014 18:39: Error: null
15-Apr-2014 18:39: Error: Not on FX application thread; currentThread = Thread-31
15-Apr-2014 18:41: Error: null
15-Apr-2014 18:41: Error: Not on FX application thread; currentThread = Thread-19
15-Apr-2014 18:41: Error: null
15-Apr-2014 18:41: Error: null
15-Apr-2014 18:41: Error: Not on FX application thread; currentThread = Thread-21
15-Apr-2014 18:41: Error: null
15-Apr-2014 18:41: Error: null
15-Apr-2014 18:41: Error: null
15-Apr-2014 18:41: Error: Not on FX application thread; currentThread = Thread-24
15-Apr-2014 18:41: Error: null
15-Apr-2014 18:41: Error: null
15-Apr-2014 18:41: Error: Not on FX application thread; currentThread = Thread-26
15-Apr-2014 18:41: Error: null
15-Apr-2014 18:41: Error: null
15-Apr-2014 18:41: Error: Not on FX application thread; currentThread = Thread-28
15-Apr-2014 18:41: Error: null
15-Apr-2014 18:41: Error: null
15-Apr-2014 18:41: Error: Not on FX application thread; currentThread = Thread-30
15-Apr-2014 18:41: Error: null
15-Apr-2014 18:41: Error: null
15-Apr-2014 18:41: Error: Not on FX application thread; currentThread = Thread-32
15-Apr-2014 18:41: Error: null
15-Apr-2014 18:41: Error: null
15-Apr-2014 18:41: Error: null
15-Apr-2014 18:41: Error: null
15-Apr-2014 18:45: Error: null
15-Apr-2014 18:45: Error: null
15-Apr-2014 18:45: Error: Not on FX application thread; currentThread = Thread-38
15-Apr-2014 18:45: Error: null
15-Apr-2014 18:45: Error: null
15-Apr-2014 18:45: Error: Not on FX application thread; currentThread = Thread-19
15-Apr-2014 18:45: Error: null
15-Apr-2014 18:46: Error: null
15-Apr-2014 18:46: Error: Not on FX application thread; currentThread = Thread-22
15-Apr-2014 18:46: Error: null
15-Apr-2014 18:46: Error: null
15-Apr-2014 18:46: Error: Not on FX application thread; currentThread = Thread-24
15-Apr-2014 18:46: Error: Not on FX application thread; currentThread = Thread-26
15-Apr-2014 18:46: Error: null
15-Apr-2014 18:46: Error: Not on FX application thread; currentThread = Thread-28
15-Apr-2014 18:46: Error: Not on FX application thread; currentThread = Thread-30
15-Apr-2014 18:46: Error: null
15-Apr-2014 18:46: Error: null
15-Apr-2014 18:46: Error: Not on FX application thread; currentThread = Thread-32
15-Apr-2014 18:46: Error: Not on FX application thread; currentThread = Thread-34
15-Apr-2014 18:46: Error: null
15-Apr-2014 18:46: Error: null
15-Apr-2014 18:47: Error: Not on FX application thread; currentThread = Thread-36
15-Apr-2014 18:51: Error: null
15-Apr-2014 18:51: Error: Not on FX application thread; currentThread = Thread-19
15-Apr-2014 18:51: Error: null
15-Apr-2014 18:51: Error: null
15-Apr-2014 18:51: Error: Not on FX application thread; currentThread = Thread-21
15-Apr-2014 18:55: Error: null
15-Apr-2014 18:57: Error: null
15-Apr-2014 18:57: Error: null
15-Apr-2014 18:57: Error: Not on FX application thread; currentThread = Thread-21
15-Apr-2014 18:57: Error: null
15-Apr-2014 18:57: Error: null
15-Apr-2014 18:57: Error: Not on FX application thread; currentThread = Thread-23
15-Apr-2014 18:57: Error: null
15-Apr-2014 18:57: Error: null
15-Apr-2014 19:04: Error: Not on FX application thread; currentThread = Thread-25
15-Apr-2014 19:04: Error: null
15-Apr-2014 19:04: Error: null
15-Apr-2014 19:04: Error: Not on FX application thread; currentThread = Thread-19
16-Apr-2014 13:13: Error: null
16-Apr-2014 13:13: Error: null
16-Apr-2014 13:14: Error: null
16-Apr-2014 13:14: Error: null
16-Apr-2014 13:15: Error: null
16-Apr-2014 13:16: Error: null
16-Apr-2014 13:16: Error: null
16-Apr-2014 13:17: Error: null
16-Apr-2014 13:17: Error: null
16-Apr-2014 13:18: Error: Not on FX application thread; currentThread = Thread-18
16-Apr-2014 13:19: Error: null
16-Apr-2014 13:19: Error: null
16-Apr-2014 13:31: Error: null
16-Apr-2014 13:31: Error: null
16-Apr-2014 13:33: Error: null
16-Apr-2014 13:33: Error: null
16-Apr-2014 13:34: Error: null
16-Apr-2014 13:34: Error: null
16-Apr-2014 13:39: Error: null
16-Apr-2014 13:39: Error: null
16-Apr-2014 13:39: Error: Not on FX application thread; currentThread = Thread-19
16-Apr-2014 13:39: Error: null
16-Apr-2014 13:39: Error: null
16-Apr-2014 13:39: Error: Not on FX application thread; currentThread = Thread-21
16-Apr-2014 13:39: Error: null
16-Apr-2014 13:39: Error: null
16-Apr-2014 13:39: Error: Not on FX application thread; currentThread = Thread-24
16-Apr-2014 13:55: Error: null
16-Apr-2014 13:55: Error: null
16-Apr-2014 13:55: Error: Not on FX application thread; currentThread = Thread-19
16-Apr-2014 14:00: Error: null
16-Apr-2014 14:00: Error: null
16-Apr-2014 14:01: Error: null
16-Apr-2014 14:01: Error: null
16-Apr-2014 14:01: Error: Not on FX application thread; currentThread = Thread-19
16-Apr-2014 14:01: Error: null
16-Apr-2014 14:02: Error: null
16-Apr-2014 14:02: Error: null
16-Apr-2014 14:03: Error: null
16-Apr-2014 14:03: Error: null
16-Apr-2014 14:07: Error: null
16-Apr-2014 14:07: Error: null
16-Apr-2014 14:08: Error: null
16-Apr-2014 14:08: Error: null
16-Apr-2014 14:11: Error: null
16-Apr-2014 14:11: Error: null
16-Apr-2014 14:11: Error: Not on FX application thread; currentThread = Thread-20
16-Apr-2014 14:11: Error: null
16-Apr-2014 14:11: Error: Not on FX application thread; currentThread = Thread-23
16-Apr-2014 14:11: Error: null
16-Apr-2014 14:11: Error: null
16-Apr-2014 14:11: Error: Not on FX application thread; currentThread = Thread-26
16-Apr-2014 14:11: Error: null
16-Apr-2014 14:11: Error: null
16-Apr-2014 14:11: Error: Not on FX application thread; currentThread = Thread-27
16-Apr-2014 14:11: Error: null
16-Apr-2014 14:11: Error: null
16-Apr-2014 14:11: Error: Not on FX application thread; currentThread = Thread-30
16-Apr-2014 14:11: Error: null
16-Apr-2014 14:11: Error: null
16-Apr-2014 14:11: Error: Not on FX application thread; currentThread = Thread-31
16-Apr-2014 14:11: Error: null
16-Apr-2014 14:11: Error: null
16-Apr-2014 14:11: Error: Not on FX application thread; currentThread = Thread-35
16-Apr-2014 14:11: Error: null
16-Apr-2014 14:11: Error: null
16-Apr-2014 14:11: Error: Not on FX application thread; currentThread = Thread-36
16-Apr-2014 14:11: Error: null
16-Apr-2014 14:11: Error: null
16-Apr-2014 14:12: Error: null
16-Apr-2014 14:12: Error: null
16-Apr-2014 14:12: Error: Not on FX application thread; currentThread = Thread-43
16-Apr-2014 14:12: Error: null
16-Apr-2014 14:12: Error: null
16-Apr-2014 14:12: Error: Not on FX application thread; currentThread = Thread-46
16-Apr-2014 14:12: Error: null
16-Apr-2014 14:12: Error: null
16-Apr-2014 14:12: Error: Not on FX application thread; currentThread = Thread-49
16-Apr-2014 14:12: Error: null
16-Apr-2014 14:12: Error: null
16-Apr-2014 14:12: Error: null
16-Apr-2014 14:12: Error: Not on FX application thread; currentThread = Thread-51
16-Apr-2014 14:12: Error: null
16-Apr-2014 14:12: Error: Not on FX application thread; currentThread = Thread-55
16-Apr-2014 14:12: Error: null
16-Apr-2014 14:12: Error: null
16-Apr-2014 14:12: Error: Not on FX application thread; currentThread = Thread-57
16-Apr-2014 14:12: Error: null
16-Apr-2014 14:12: Error: null
16-Apr-2014 14:12: Error: Not on FX application thread; currentThread = Thread-60
16-Apr-2014 14:12: Error: null
16-Apr-2014 14:12: Error: Not on FX application thread; currentThread = Thread-64
16-Apr-2014 14:14: Error: null
16-Apr-2014 14:14: Error: Not on FX application thread; currentThread = Thread-23
16-Apr-2014 14:14: Error: null
16-Apr-2014 14:14: Error: null
16-Apr-2014 14:14: Error: Not on FX application thread; currentThread = Thread-28
16-Apr-2014 14:14: Error: null
16-Apr-2014 14:14: Error: null
16-Apr-2014 14:14: Error: Not on FX application thread; currentThread = Thread-35
16-Apr-2014 14:16: Error: null
16-Apr-2014 14:16: Error: null
16-Apr-2014 14:16: Error: Not on FX application thread; currentThread = Thread-21
16-Apr-2014 14:16: Error: null
16-Apr-2014 14:16: Error: null
16-Apr-2014 14:16: Error: Not on FX application thread; currentThread = Thread-22
16-Apr-2014 14:17: Error: null
16-Apr-2014 14:17: Error: null
16-Apr-2014 14:17: Error: Not on FX application thread; currentThread = Thread-25
16-Apr-2014 14:17: Error: null
16-Apr-2014 14:17: Error: null
16-Apr-2014 14:17: Error: Not on FX application thread; currentThread = Thread-26
16-Apr-2014 14:17: Error: null
16-Apr-2014 14:17: Error: null
16-Apr-2014 14:17: Error: null
16-Apr-2014 14:17: Error: Not on FX application thread; currentThread = Thread-28
16-Apr-2014 14:17: Error: null
16-Apr-2014 14:17: Error: null
16-Apr-2014 14:17: Error: null
16-Apr-2014 14:17: Error: Not on FX application thread; currentThread = Thread-33
16-Apr-2014 14:17: Error: null
16-Apr-2014 14:17: Error: null
16-Apr-2014 14:17: Error: Not on FX application thread; currentThread = Thread-34
16-Apr-2014 14:17: Error: null
16-Apr-2014 14:17: Error: null
16-Apr-2014 14:17: Error: null
16-Apr-2014 14:17: Error: Not on FX application thread; currentThread = Thread-36
16-Apr-2014 14:18: Error: null
16-Apr-2014 14:18: Error: null
16-Apr-2014 14:18: Error: Not on FX application thread; currentThread = Thread-37
16-Apr-2014 14:18: Error: null
16-Apr-2014 14:18: Error: null
16-Apr-2014 14:18: Error: Not on FX application thread; currentThread = Thread-38
16-Apr-2014 14:18: Error: null
16-Apr-2014 14:18: Error: null
16-Apr-2014 14:22: Error: Not on FX application thread; currentThread = Thread-39
16-Apr-2014 14:22: Error: null
16-Apr-2014 14:22: Error: null
16-Apr-2014 14:22: Error: Not on FX application thread; currentThread = Thread-42
16-Apr-2014 14:22: Error: null
16-Apr-2014 14:22: Error: null
16-Apr-2014 14:22: Error: Not on FX application thread; currentThread = Thread-45
16-Apr-2014 14:22: Error: null
16-Apr-2014 14:22: Error: null
16-Apr-2014 14:22: Error: Not on FX application thread; currentThread = Thread-47
16-Apr-2014 14:22: Error: null
16-Apr-2014 14:22: Error: null
16-Apr-2014 14:22: Error: Not on FX application thread; currentThread = Thread-48
16-Apr-2014 14:24: Error: null
16-Apr-2014 14:24: Error: Not on FX application thread; currentThread = Thread-21
16-Apr-2014 14:24: Error: null
16-Apr-2014 14:24: Error: null
16-Apr-2014 14:24: Error: Not on FX application thread; currentThread = Thread-24
16-Apr-2014 14:26: Error: null
16-Apr-2014 14:26: Error: null
16-Apr-2014 14:26: Error: Not on FX application thread; currentThread = Thread-21
16-Apr-2014 14:26: Error: null
16-Apr-2014 14:26: Error: Not on FX application thread; currentThread = Thread-24
16-Apr-2014 14:26: Error: null
16-Apr-2014 14:26: Error: null
16-Apr-2014 14:26: Error: Not on FX application thread; currentThread = Thread-27
16-Apr-2014 14:26: Error: null
16-Apr-2014 14:26: Error: null
16-Apr-2014 14:27: Error: Not on FX application thread; currentThread = Thread-28
16-Apr-2014 14:27: Error: null
16-Apr-2014 14:27: Error: null
16-Apr-2014 14:27: Error: Not on FX application thread; currentThread = Thread-31
16-Apr-2014 14:36: Error: null
16-Apr-2014 14:37: Error: Not on FX application thread; currentThread = Thread-21
16-Apr-2014 14:37: Error: null
16-Apr-2014 14:37: Error: null
16-Apr-2014 14:37: Error: Not on FX application thread; currentThread = Thread-22
16-Apr-2014 14:37: Error: null
16-Apr-2014 14:37: Error: null
16-Apr-2014 14:37: Error: null
16-Apr-2014 14:37: Error: Not on FX application thread; currentThread = Thread-25
16-Apr-2014 14:37: Error: null
16-Apr-2014 14:37: Error: null
16-Apr-2014 14:37: Error: Not on FX application thread; currentThread = Thread-28
16-Apr-2014 14:37: Error: null
16-Apr-2014 14:37: Error: null
16-Apr-2014 14:37: Error: Not on FX application thread; currentThread = Thread-29
16-Apr-2014 14:37: Error: null
16-Apr-2014 14:37: Error: null
16-Apr-2014 14:37: Error: null
16-Apr-2014 14:37: Error: Not on FX application thread; currentThread = Thread-30
16-Apr-2014 14:37: Error: null
16-Apr-2014 14:37: Error: null
16-Apr-2014 14:37: Error: null
16-Apr-2014 14:37: Error: Not on FX application thread; currentThread = Thread-33
16-Apr-2014 14:37: Error: null
16-Apr-2014 14:37: Error: null
16-Apr-2014 14:37: Error: null
16-Apr-2014 14:37: Error: Not on FX application thread; currentThread = Thread-34
16-Apr-2014 14:37: Error: null
16-Apr-2014 14:37: Error: null
16-Apr-2014 14:37: Error: null
16-Apr-2014 14:37: Error: Not on FX application thread; currentThread = Thread-35
16-Apr-2014 14:37: Error: null
16-Apr-2014 14:37: Error: null
16-Apr-2014 14:37: Error: null
16-Apr-2014 14:37: Error: Not on FX application thread; currentThread = Thread-38
16-Apr-2014 14:37: Error: null
16-Apr-2014 14:37: Error: null
16-Apr-2014 14:37: Error: Not on FX application thread; currentThread = Thread-39
16-Apr-2014 14:39: Error: null
16-Apr-2014 14:39: Error: Not on FX application thread; currentThread = Thread-21
16-Apr-2014 14:39: Error: null
16-Apr-2014 14:39: Error: null
16-Apr-2014 14:40: Error: null
16-Apr-2014 14:40: Error: Not on FX application thread; currentThread = Thread-21
16-Apr-2014 14:40: Error: null
16-Apr-2014 14:40: Error: null
16-Apr-2014 14:42: Error: null
16-Apr-2014 14:42: Error: Not on FX application thread; currentThread = Thread-21
16-Apr-2014 14:45: Error: null
16-Apr-2014 14:46: Error: Not on FX application thread; currentThread = Thread-22
16-Apr-2014 14:54: Error: String index out of range: -1
16-Apr-2014 14:54: Error: String index out of range: 13
16-Apr-2014 14:54: Error: String index out of range: -1
16-Apr-2014 14:54: Error: String index out of range: 13
16-Apr-2014 14:54: Error: String index out of range: -1
16-Apr-2014 14:54: Error: String index out of range: 13
16-Apr-2014 14:54: Error: String index out of range: -1
16-Apr-2014 14:54: Error: String index out of range: 13
16-Apr-2014 14:54: Error: String index out of range: 12
16-Apr-2014 14:54: Error: String index out of range: 11
16-Apr-2014 14:54: Error: String index out of range: 11
16-Apr-2014 14:54: Error: String index out of range: 11
16-Apr-2014 14:54: Error: String index out of range: -1
16-Apr-2014 14:54: Error: String index out of range: 13
16-Apr-2014 14:54: Error: String index out of range: -1
16-Apr-2014 14:54: Error: String index out of range: 13
16-Apr-2014 14:55: Error: Not on FX application thread; currentThread = Thread-19
16-Apr-2014 14:55: Error: null
16-Apr-2014 14:55: Error: Not on FX application thread; currentThread = Thread-22
16-Apr-2014 14:55: Error: null
16-Apr-2014 14:55: Error: null
16-Apr-2014 14:56: Error: Not on FX application thread; currentThread = Thread-19
16-Apr-2014 14:57: Error: null
16-Apr-2014 14:57: Error: Not on FX application thread; currentThread = Thread-21
16-Apr-2014 14:57: Error: null
16-Apr-2014 14:57: Error: null
16-Apr-2014 14:57: Error: Not on FX application thread; currentThread = Thread-22
16-Apr-2014 14:57: Error: Not on FX application thread; currentThread = Thread-23
16-Apr-2014 14:58: Error: Not on FX application thread; currentThread = Thread-19
16-Apr-2014 14:59: Error: String index out of range: 12
16-Apr-2014 14:59: Error: Not on FX application thread; currentThread = Thread-19
16-Apr-2014 15:00: Error: null
16-Apr-2014 15:00: Error: Not on FX application thread; currentThread = Thread-22
16-Apr-2014 15:02: Error: null
16-Apr-2014 15:02: Error: Not on FX application thread; currentThread = Thread-21
16-Apr-2014 15:02: Error: null
16-Apr-2014 15:02: Error: null
16-Apr-2014 15:02: Error: Not on FX application thread; currentThread = Thread-22
16-Apr-2014 15:03: Error: String index out of range: -1
16-Apr-2014 15:03: Error: String index out of range: 13
16-Apr-2014 15:03: Error: String index out of range: -1
16-Apr-2014 15:03: Error: String index out of range: 13
16-Apr-2014 15:03: Error: Not on FX application thread; currentThread = Thread-19
16-Apr-2014 15:12: Error: null
16-Apr-2014 15:12: Error: Not on FX application thread; currentThread = Thread-21
16-Apr-2014 15:12: Error: null
16-Apr-2014 15:12: Error: null
16-Apr-2014 15:12: Error: Not on FX application thread; currentThread = Thread-22
16-Apr-2014 15:13: Error: String index out of range: -1
16-Apr-2014 15:13: Error: String index out of range: 13
16-Apr-2014 15:13: Error: String index out of range: -1
16-Apr-2014 15:13: Error: String index out of range: 13
16-Apr-2014 15:13: Error: String index out of range: -1
16-Apr-2014 15:13: Error: String index out of range: 13
16-Apr-2014 15:13: Error: String index out of range: -1
16-Apr-2014 15:13: Error: String index out of range: 13
16-Apr-2014 15:13: Error: Not on FX application thread; currentThread = Thread-23
16-Apr-2014 15:18: Error: null
16-Apr-2014 15:18: Error: Not on FX application thread; currentThread = Thread-21
16-Apr-2014 15:18: Error: Not on FX application thread; currentThread = Thread-22
16-Apr-2014 15:18: Error: null
16-Apr-2014 15:18: Error: null
16-Apr-2014 15:18: Error: Not on FX application thread; currentThread = Thread-25
16-Apr-2014 15:18: Error: String index out of range: -1
16-Apr-2014 15:18: Error: String index out of range: 13
16-Apr-2014 15:18: Error: String index out of range: 14
16-Apr-2014 15:18: Error: String index out of range: 14
16-Apr-2014 15:18: Error: String index out of range: 15
16-Apr-2014 15:18: Error: String index out of range: 15
16-Apr-2014 15:18: Error: String index out of range: 16
16-Apr-2014 15:18: Error: String index out of range: 16
16-Apr-2014 15:18: Error: String index out of range: 17
16-Apr-2014 15:18: Error: String index out of range: 17
16-Apr-2014 15:18: Error: String index out of range: 17
16-Apr-2014 15:18: Error: String index out of range: 17
16-Apr-2014 15:18: Error: String index out of range: -1
16-Apr-2014 15:18: Error: String index out of range: 13
16-Apr-2014 15:18: Error: String index out of range: -1
16-Apr-2014 15:18: Error: String index out of range: 13
16-Apr-2014 15:19: Error: String index out of range: -1
16-Apr-2014 15:19: Error: String index out of range: 13
16-Apr-2014 15:20: Error: String index out of range: -1
16-Apr-2014 15:20: Error: String index out of range: 13
16-Apr-2014 15:20: Error: String index out of range: -1
16-Apr-2014 15:20: Error: String index out of range: 13
16-Apr-2014 15:20: Error: Not on FX application thread; currentThread = Thread-19
16-Apr-2014 15:22: Error: Not on FX application thread; currentThread = Thread-19
16-Apr-2014 15:23: Error: Not on FX application thread; currentThread = Thread-19
16-Apr-2014 15:25: Error: Not on FX application thread; currentThread = Thread-19
16-Apr-2014 15:26: Error: Not on FX application thread; currentThread = Thread-19
16-Apr-2014 15:26: Error: String index out of range: -1
16-Apr-2014 15:26: Error: String index out of range: 13
16-Apr-2014 15:26: Error: Not on FX application thread; currentThread = Thread-19
16-Apr-2014 15:27: Error: String index out of range: -1
16-Apr-2014 15:27: Error: String index out of range: 13
16-Apr-2014 15:27: Error: Not on FX application thread; currentThread = Thread-20
16-Apr-2014 15:28: Error: Not on FX application thread; currentThread = Thread-19
16-Apr-2014 15:29: Error: Not on FX application thread; currentThread = Thread-19
16-Apr-2014 15:57: Error: Not on FX application thread; currentThread = Thread-19
16-Apr-2014 15:58: Error: Not on FX application thread; currentThread = Thread-19
16-Apr-2014 16:01: Error: Not on FX application thread; currentThread = Thread-19
16-Apr-2014 16:02: Error: Not on FX application thread; currentThread = Thread-19
16-Apr-2014 16:04: Error: Not on FX application thread; currentThread = Thread-19
16-Apr-2014 16:04: Error: Not on FX application thread; currentThread = Thread-19
16-Apr-2014 16:05: Error: null
16-Apr-2014 16:05: Error: null
16-Apr-2014 16:05: Error: Not on FX application thread; currentThread = Thread-21
16-Apr-2014 16:05: Error: null
16-Apr-2014 16:05: Error: null
16-Apr-2014 16:05: Error: Not on FX application thread; currentThread = Thread-24
16-Apr-2014 16:05: Error: null
16-Apr-2014 16:05: Error: Not on FX application thread; currentThread = Thread-27
16-Apr-2014 16:07: Error: null
16-Apr-2014 16:07: Error: null
16-Apr-2014 16:07: Error: Not on FX application thread; currentThread = Thread-28
16-Apr-2014 16:21: Error: null
16-Apr-2014 16:21: Error: null
16-Apr-2014 16:21: Error: null
16-Apr-2014 16:22: Error: Not on FX application thread; currentThread = Thread-21
16-Apr-2014 16:22: Error: null
16-Apr-2014 16:22: Error: null
16-Apr-2014 16:22: Error: Not on FX application thread; currentThread = Thread-22
16-Apr-2014 16:22: Error: Not on FX application thread; currentThread = Thread-23
16-Apr-2014 16:22: Error: Not on FX application thread; currentThread = Thread-24
16-Apr-2014 16:23: Error: null
16-Apr-2014 16:23: Error: null
16-Apr-2014 16:23: Error: Not on FX application thread; currentThread = Thread-21
16-Apr-2014 16:23: Error: null
16-Apr-2014 16:23: Error: null
16-Apr-2014 16:23: Error: Not on FX application thread; currentThread = Thread-24
16-Apr-2014 16:23: Error: null
16-Apr-2014 16:23: Error: null
16-Apr-2014 16:23: Error: Not on FX application thread; currentThread = Thread-27
16-Apr-2014 16:23: Error: null
16-Apr-2014 16:23: Error: null
16-Apr-2014 16:23: Error: Not on FX application thread; currentThread = Thread-30
16-Apr-2014 16:23: Error: null
16-Apr-2014 16:23: Error: Not on FX application thread; currentThread = Thread-31
16-Apr-2014 16:24: Error: null
16-Apr-2014 16:24: Error: null
16-Apr-2014 16:24: Error: null
16-Apr-2014 16:24: Error: Not on FX application thread; currentThread = Thread-34
16-Apr-2014 16:24: Error: null
16-Apr-2014 16:24: Error: null
16-Apr-2014 16:24: Error: Not on FX application thread; currentThread = Thread-35
16-Apr-2014 16:24: Error: null
16-Apr-2014 16:24: Error: Not on FX application thread; currentThread = Thread-36
16-Apr-2014 16:25: Error: Not on FX application thread; currentThread = Thread-39
16-Apr-2014 16:25: Error: null
16-Apr-2014 16:25: Error: null
16-Apr-2014 16:25: Error: Not on FX application thread; currentThread = Thread-40
16-Apr-2014 16:33: Index: 1, Size: 1
16-Apr-2014 16:33: Index: 2, Size: 1
16-Apr-2014 16:33: Index: 3, Size: 1
16-Apr-2014 16:33: Index: 1, Size: 1
16-Apr-2014 16:33: Index: 2, Size: 1
16-Apr-2014 16:33: Index: 3, Size: 1
16-Apr-2014 16:43: Error: null
16-Apr-2014 16:43: Error: null
16-Apr-2014 16:44: Error: Not on FX application thread; currentThread = Thread-22
16-Apr-2014 18:16: Error: null
16-Apr-2014 18:16: Error: null
16-Apr-2014 18:16: Error: Not on FX application thread; currentThread = Thread-19
16-Apr-2014 18:19: Error: Not on FX application thread; currentThread = Thread-23
16-Apr-2014 18:19: Error: Not on FX application thread; currentThread = Thread-25
16-Apr-2014 18:19: Error: Not on FX application thread; currentThread = Thread-27
16-Apr-2014 18:19: Error: Not on FX application thread; currentThread = Thread-29
16-Apr-2014 18:19: Error: Not on FX application thread; currentThread = Thread-31
16-Apr-2014 18:19: Error: Not on FX application thread; currentThread = Thread-33
16-Apr-2014 18:19: Error: Not on FX application thread; currentThread = Thread-35
16-Apr-2014 18:20: Error: Not on FX application thread; currentThread = Thread-37
16-Apr-2014 18:20: Error: null
16-Apr-2014 18:20: Error: null
16-Apr-2014 18:20: Error: Not on FX application thread; currentThread = Thread-39
16-Apr-2014 18:20: Error: null
16-Apr-2014 18:20: Error: null
16-Apr-2014 18:20: Error: Not on FX application thread; currentThread = Thread-40
16-Apr-2014 18:20: Error: null
16-Apr-2014 18:20: Error: null
16-Apr-2014 18:20: Error: Not on FX application thread; currentThread = Thread-41
16-Apr-2014 18:20: Error: null
16-Apr-2014 18:20: Error: null
16-Apr-2014 18:20: Error: null
16-Apr-2014 18:20: Error: null
16-Apr-2014 18:20: Error: null
16-Apr-2014 18:20: Error: Not on FX application thread; currentThread = Thread-43
16-Apr-2014 18:20: Error: null
16-Apr-2014 18:20: Error: null
16-Apr-2014 18:20: Error: null
16-Apr-2014 18:20: Error: null
16-Apr-2014 18:20: Error: null
16-Apr-2014 18:20: Error: Not on FX application thread; currentThread = Thread-45
16-Apr-2014 18:20: Error: null
16-Apr-2014 18:20: Error: null
16-Apr-2014 18:20: Error: null
16-Apr-2014 18:20: Error: null
16-Apr-2014 18:20: Error: null
16-Apr-2014 18:20: Error: Not on FX application thread; currentThread = Thread-47
16-Apr-2014 18:20: Error: null
16-Apr-2014 18:20: Error: null
16-Apr-2014 18:20: Error: Not on FX application thread; currentThread = Thread-48
17-Apr-2014 16:24: Error: null
17-Apr-2014 16:24: Error: null
17-Apr-2014 16:24: Error: Not on FX application thread; currentThread = Thread-19
17-Apr-2014 18:12: Error: the user could not be added to the system as errors are present.
17-Apr-2014 18:18: Error: the user could not be added to the system as errors are present.
17-Apr-2014 18:18: Error: the user could not be added to the system as errors are present.
17-Apr-2014 18:20: Error handling operation: ORA-12899: value too large for column "PRCSE"."USERS"."USER_TITLE" (actual: 127, maximum: 12)

17-Apr-2014 18:21: Error handling operation: ORA-12899: value too large for column "PRCSE"."USERS"."USER_TITLE" (actual: 125, maximum: 12)

17-Apr-2014 18:21: Error handling operation: ORA-12899: value too large for column "PRCSE"."USERS"."USER_TITLE" (actual: 125, maximum: 12)

17-Apr-2014 18:21: Error handling operation: ORA-12899: value too large for column "PRCSE"."USERS"."USER_TITLE" (actual: 125, maximum: 12)

17-Apr-2014 18:21: Error handling operation: ORA-12899: value too large for column "PRCSE"."USERS"."USER_TITLE" (actual: 125, maximum: 12)

17-Apr-2014 18:21: Error handling operation: ORA-12899: value too large for column "PRCSE"."USERS"."USER_TITLE" (actual: 125, maximum: 12)

17-Apr-2014 18:26: Error handling operation: ORA-02290: check constraint (PRCSE.USERS_USER_PASS_CHK) violated

17-Apr-2014 18:54: Index: 1, Size: 1
17-Apr-2014 18:54: Index: 2, Size: 1
17-Apr-2014 18:54: Index: 3, Size: 1
17-Apr-2014 18:54: Index: 0, Size: 0
17-Apr-2014 18:54: Index: 1, Size: 0
17-Apr-2014 18:54: Index: 2, Size: 0
17-Apr-2014 18:54: Index: 3, Size: 0
17-Apr-2014 19:01: Error handling operation: ORA-00060: deadlock detected while waiting for resource
ORA-06512: at "PRCSE.TRG_USERS_AFTER", line 42
ORA-04088: error during execution of trigger 'PRCSE.TRG_USERS_AFTER'

17-Apr-2014 19:01: Error: null
17-Apr-2014 19:10: Error: null
17-Apr-2014 19:21: Error: null
17-Apr-2014 19:25: Error: null
17-Apr-2014 19:28: Index: 1, Size: 1
17-Apr-2014 19:28: Index: 2, Size: 1
17-Apr-2014 19:28: Index: 3, Size: 1
17-Apr-2014 19:28: Index: 0, Size: 0
17-Apr-2014 19:28: Index: 1, Size: 0
17-Apr-2014 19:28: Index: 2, Size: 0
17-Apr-2014 19:28: Index: 3, Size: 0
17-Apr-2014 19:29: Index: 0, Size: 0
17-Apr-2014 19:29: Index: 1, Size: 0
17-Apr-2014 19:29: Index: 2, Size: 0
17-Apr-2014 19:29: Index: 3, Size: 0
17-Apr-2014 19:29: Index: 0, Size: 0
17-Apr-2014 19:29: Index: 1, Size: 0
17-Apr-2014 19:29: Index: 2, Size: 0
17-Apr-2014 19:29: Index: 3, Size: 0
17-Apr-2014 19:53: Error: null
17-Apr-2014 19:53: Error: null
17-Apr-2014 19:54: Error: Not on FX application thread; currentThread = Thread-40
17-Apr-2014 19:54: Error: Not on FX application thread; currentThread = Thread-41
17-Apr-2014 19:54: Error: Not on FX application thread; currentThread = Thread-43
17-Apr-2014 19:54: Error: null
17-Apr-2014 19:54: Error: null
17-Apr-2014 19:54: Error: null
17-Apr-2014 19:54: Error: null
17-Apr-2014 19:54: Error: null
17-Apr-2014 19:54: Error: Not on FX application thread; currentThread = Thread-46
17-Apr-2014 19:54: Error: null
17-Apr-2014 19:54: Error: null
17-Apr-2014 19:54: Error: null
17-Apr-2014 20:11: Error: Not on FX application thread; currentThread = Thread-44
17-Apr-2014 20:11: Error: Not on FX application thread; currentThread = Thread-46
17-Apr-2014 20:11: Error: 1
17-Apr-2014 20:11: Error: null
17-Apr-2014 20:14: Error: null
17-Apr-2014 20:14: Error: Not on FX application thread; currentThread = Thread-135
17-Apr-2014 20:14: Error: null
17-Apr-2014 20:14: Error: null
17-Apr-2014 20:14: Error: Not on FX application thread; currentThread = Thread-136
17-Apr-2014 20:14: Error: null
17-Apr-2014 20:14: Error: Not on FX application thread; currentThread = Thread-137
17-Apr-2014 20:14: Error: null
17-Apr-2014 20:14: Error: null
17-Apr-2014 20:14: Error: Not on FX application thread; currentThread = Thread-138
17-Apr-2014 20:14: Error: null
17-Apr-2014 20:14: Error: null
17-Apr-2014 20:14: Error: Not on FX application thread; currentThread = Thread-139
17-Apr-2014 20:14: Error: null
17-Apr-2014 20:14: Error: null
17-Apr-2014 20:14: Error: null
17-Apr-2014 20:14: Error: null
17-Apr-2014 20:14: Error: null
17-Apr-2014 20:14: Error: null
17-Apr-2014 20:14: Error: Not on FX application thread; currentThread = Thread-142
17-Apr-2014 20:15: Error: Not on FX application thread; currentThread = Thread-149
17-Apr-2014 20:15: Error: Not on FX application thread; currentThread = Thread-152
17-Apr-2014 20:15: Error: Not on FX application thread; currentThread = Thread-156
17-Apr-2014 20:15: Error: Not on FX application thread; currentThread = Thread-158
17-Apr-2014 20:15: Error: Not on FX application thread; currentThread = Thread-160
17-Apr-2014 20:24: Error handling operation: ORA-00917: missing comma

17-Apr-2014 20:25: Error handling operation: ORA-00917: missing comma

17-Apr-2014 20:25: Error handling operation: ORA-00917: missing comma

17-Apr-2014 20:27: Index: 1, Size: 1
17-Apr-2014 20:27: Index: 2, Size: 1
17-Apr-2014 20:27: Index: 3, Size: 1
17-Apr-2014 20:27: Error handling operation: ORA-00917: missing comma

17-Apr-2014 20:27: Index: 2, Size: 2
17-Apr-2014 20:27: Index: 3, Size: 2
17-Apr-2014 20:29: Error: Not on FX application thread; currentThread = Thread-48
18-Apr-2014 11:04: Error: String index out of range: 11
18-Apr-2014 11:04: Error: String index out of range: 12
18-Apr-2014 11:04: Error: String index out of range: 13
18-Apr-2014 11:04: Error: Not on FX application thread; currentThread = Thread-41
18-Apr-2014 11:04: Error: Not on FX application thread; currentThread = Thread-42
18-Apr-2014 11:11: Error: Not on FX application thread; currentThread = Thread-40
18-Apr-2014 11:16: Error: Not on FX application thread; currentThread = Thread-40
18-Apr-2014 11:19: Error: Not on FX application thread; currentThread = Thread-40
18-Apr-2014 11:21: Error: Not on FX application thread; currentThread = Thread-40
18-Apr-2014 11:25: Error: Not on FX application thread; currentThread = Thread-40
18-Apr-2014 11:26: Error: Not on FX application thread; currentThread = Thread-40
18-Apr-2014 11:28: Error: Not on FX application thread; currentThread = Thread-40
18-Apr-2014 11:28: Error: Not on FX application thread; currentThread = Thread-41
18-Apr-2014 11:28: Error: Not on FX application thread; currentThread = Thread-42
18-Apr-2014 11:29: Error: Not on FX application thread; currentThread = Thread-40
18-Apr-2014 11:29: Error: Not on FX application thread; currentThread = Thread-41
18-Apr-2014 13:25: Error: null
18-Apr-2014 13:25: Error: null
18-Apr-2014 13:25: Error: Not on FX application thread; currentThread = Thread-40
18-Apr-2014 13:25: Error: null
18-Apr-2014 13:25: Error: null
18-Apr-2014 13:25: Error: Not on FX application thread; currentThread = Thread-41
18-Apr-2014 13:27: Error: null
18-Apr-2014 13:27: Error: null
18-Apr-2014 13:27: Error: Not on FX application thread; currentThread = Thread-42
18-Apr-2014 13:28: Error: null
18-Apr-2014 13:28: Error: null
18-Apr-2014 13:28: Error: Not on FX application thread; currentThread = Thread-43
18-Apr-2014 13:28: Error: null
18-Apr-2014 13:28: Error: null
18-Apr-2014 13:28: Error: Not on FX application thread; currentThread = Thread-45
18-Apr-2014 13:28: Error: null
18-Apr-2014 13:28: Error: null
18-Apr-2014 13:28: Error: Not on FX application thread; currentThread = Thread-46
18-Apr-2014 13:28: Error: null
18-Apr-2014 13:28: Error: null
18-Apr-2014 13:28: Error: Not on FX application thread; currentThread = Thread-49
18-Apr-2014 13:33: Error: null
18-Apr-2014 13:33: Error: null
18-Apr-2014 13:33: Error: Not on FX application thread; currentThread = Thread-42
18-Apr-2014 13:34: Error: null
18-Apr-2014 13:34: Error: null
18-Apr-2014 13:34: Error: null
18-Apr-2014 13:34: Error: null
18-Apr-2014 13:34: Error: null
18-Apr-2014 13:34: Error: null
18-Apr-2014 13:35: Error: Not on FX application thread; currentThread = Thread-43
18-Apr-2014 13:36: Error: null
18-Apr-2014 13:36: Error: null
18-Apr-2014 13:37: Error: Not on FX application thread; currentThread = Thread-40
18-Apr-2014 13:37: Error: null
18-Apr-2014 13:37: Error: null
18-Apr-2014 13:37: Error: null
18-Apr-2014 13:37: Error: null
18-Apr-2014 13:39: Error: null
18-Apr-2014 13:39: Error: null
18-Apr-2014 13:39: Error: null
18-Apr-2014 13:39: Error: null
18-Apr-2014 13:40: Error: null
18-Apr-2014 13:40: Error: null
18-Apr-2014 13:40: Error: null
18-Apr-2014 13:40: Error: null
18-Apr-2014 13:45: Error: null
18-Apr-2014 13:45: Error: null
18-Apr-2014 13:45: Error: Not on FX application thread; currentThread = Thread-41
18-Apr-2014 13:45: Error: null
18-Apr-2014 13:45: Error: null
18-Apr-2014 13:45: Error: Not on FX application thread; currentThread = Thread-42
18-Apr-2014 13:46: Error: null
18-Apr-2014 13:46: Error: null
18-Apr-2014 13:46: Error: Not on FX application thread; currentThread = Thread-42
18-Apr-2014 13:46: Error: null
18-Apr-2014 13:46: Error: null
18-Apr-2014 13:46: Error: Not on FX application thread; currentThread = Thread-45
18-Apr-2014 13:46: Error: null
18-Apr-2014 13:46: Error: null
18-Apr-2014 13:46: Error: Not on FX application thread; currentThread = Thread-49
18-Apr-2014 13:47: Error: null
18-Apr-2014 13:47: Error: null
18-Apr-2014 13:47: Error: Not on FX application thread; currentThread = Thread-42
18-Apr-2014 13:49: Error: null
18-Apr-2014 13:49: Error: null
18-Apr-2014 13:55: Error: null
18-Apr-2014 13:55: Error: null
18-Apr-2014 14:00: Error: null
18-Apr-2014 14:00: Error: null
18-Apr-2014 14:01: Error: null
18-Apr-2014 14:05: Error: null
18-Apr-2014 14:05: Error: null
18-Apr-2014 14:06: Error: Not on FX application thread; currentThread = Thread-40
18-Apr-2014 14:07: Error: null
18-Apr-2014 14:07: Error: null
18-Apr-2014 14:13: Error handling operation: IO Error: Got minus one from a read call
18-Apr-2014 14:14: Error: null
18-Apr-2014 14:14: Error: null
18-Apr-2014 14:29: Error: null
18-Apr-2014 14:29: Error: null
18-Apr-2014 14:29: Error: ResultSet.next was not called
18-Apr-2014 14:29: Error: Not on FX application thread; currentThread = Thread-44
18-Apr-2014 14:30: Error: null
18-Apr-2014 14:30: Error: null
18-Apr-2014 14:30: Error: ResultSet.next was not called
18-Apr-2014 14:31: Error: Not on FX application thread; currentThread = Thread-43
18-Apr-2014 14:31: Error: null
18-Apr-2014 14:31: Error: null
18-Apr-2014 14:32: Error: ResultSet.next was not called
18-Apr-2014 14:32: Error: Not on FX application thread; currentThread = Thread-47
18-Apr-2014 14:32: Error: null
18-Apr-2014 14:32: Error: null
18-Apr-2014 14:32: Error: ResultSet.next was not called
18-Apr-2014 14:32: Error: Not on FX application thread; currentThread = Thread-51
18-Apr-2014 14:32: Error: null
18-Apr-2014 14:32: Error: null
18-Apr-2014 14:37: Error: null
18-Apr-2014 14:37: Error: null
18-Apr-2014 14:40: Error: null
18-Apr-2014 14:40: Error: null
18-Apr-2014 14:40: Error: Not on FX application thread; currentThread = Thread-44
18-Apr-2014 14:51: Error: null
18-Apr-2014 14:51: Error: null
18-Apr-2014 14:51: Error handling operation: ORA-00933: SQL command not properly ended

18-Apr-2014 14:51: Error: Not on FX application thread; currentThread = Thread-46
18-Apr-2014 14:52: Error: null
18-Apr-2014 14:52: Error: null
18-Apr-2014 14:53: Error handling operation: ORA-00933: SQL command not properly ended

18-Apr-2014 14:53: Error: Not on FX application thread; currentThread = Thread-46
18-Apr-2014 14:54: Error: null
18-Apr-2014 14:54: Error: null
18-Apr-2014 14:54: Error handling operation: ORA-00933: SQL command not properly ended

18-Apr-2014 14:56: Error: null
18-Apr-2014 14:56: Error: null
18-Apr-2014 14:56: Error handling operation: ORA-00933: SQL command not properly ended

18-Apr-2014 14:56: Error: Not on FX application thread; currentThread = Thread-46
18-Apr-2014 14:56: Error: null
18-Apr-2014 14:56: Error: null
18-Apr-2014 14:57: Error: Not on FX application thread; currentThread = Thread-42
18-Apr-2014 14:57: Error handling operation: ORA-00933: SQL command not properly ended

18-Apr-2014 14:57: Error: null
18-Apr-2014 14:57: Error: null
18-Apr-2014 14:57: Error: Not on FX application thread; currentThread = Thread-48
18-Apr-2014 14:57: Error handling operation: ORA-00933: SQL command not properly ended

18-Apr-2014 14:57: Error: null
18-Apr-2014 14:57: Error: null
18-Apr-2014 14:57: Error: Not on FX application thread; currentThread = Thread-45
18-Apr-2014 15:00: Error: null
18-Apr-2014 15:00: Error: null
18-Apr-2014 15:04: Error: null
18-Apr-2014 15:04: Error: null
18-Apr-2014 15:08: Error: null
18-Apr-2014 15:08: Error: null
18-Apr-2014 15:08: Error: Not on FX application thread; currentThread = Thread-46
18-Apr-2014 15:08: Error: null
18-Apr-2014 15:08: Error: null
18-Apr-2014 15:08: Error: Not on FX application thread; currentThread = Thread-53
18-Apr-2014 15:08: Error: null
18-Apr-2014 15:08: Error: null
18-Apr-2014 15:08: Error: Not on FX application thread; currentThread = Thread-56
18-Apr-2014 15:08: Error: null
18-Apr-2014 15:08: Error: null
18-Apr-2014 15:08: Error: Not on FX application thread; currentThread = Thread-63
18-Apr-2014 15:08: Error: null
18-Apr-2014 15:08: Error: null
18-Apr-2014 15:09: Error: Not on FX application thread; currentThread = Thread-71
18-Apr-2014 15:09: Error: null
18-Apr-2014 15:09: Error: null
18-Apr-2014 15:09: Error: Not on FX application thread; currentThread = Thread-76
18-Apr-2014 15:09: Error: null
18-Apr-2014 15:09: Error: null
18-Apr-2014 15:09: Error: Not on FX application thread; currentThread = Thread-79
18-Apr-2014 15:09: Error: null
18-Apr-2014 15:09: Error: null
18-Apr-2014 15:09: Error: Not on FX application thread; currentThread = Thread-82
18-Apr-2014 15:09: Error: null
18-Apr-2014 15:09: Error: null
18-Apr-2014 15:09: Error: Not on FX application thread; currentThread = Thread-85
18-Apr-2014 15:09: Error: null
18-Apr-2014 15:09: Error: null
18-Apr-2014 15:09: Error: Not on FX application thread; currentThread = Thread-86
18-Apr-2014 15:09: Error: null
18-Apr-2014 15:09: Error: null
18-Apr-2014 15:09: Error: Not on FX application thread; currentThread = Thread-94
18-Apr-2014 15:09: Error: null
18-Apr-2014 15:09: Error: null
18-Apr-2014 15:09: Error: Not on FX application thread; currentThread = Thread-101
18-Apr-2014 15:09: Error: null
18-Apr-2014 15:09: Error: null
18-Apr-2014 15:09: Error: Not on FX application thread; currentThread = Thread-108
18-Apr-2014 15:10: Error: null
18-Apr-2014 15:10: Error: null
18-Apr-2014 15:10: Error: Not on FX application thread; currentThread = Thread-46
18-Apr-2014 15:26: Error: null
18-Apr-2014 15:26: Error: null
18-Apr-2014 15:26: Error: Not on FX application thread; currentThread = Thread-42
18-Apr-2014 15:26: Error: null
18-Apr-2014 15:26: Error: null
18-Apr-2014 15:26: Error: Not on FX application thread; currentThread = Thread-49
18-Apr-2014 15:26: Error: null
18-Apr-2014 15:26: Error: null
18-Apr-2014 15:26: Error: Not on FX application thread; currentThread = Thread-56
18-Apr-2014 15:26: Error: null
18-Apr-2014 15:26: Error: null
18-Apr-2014 15:29: Error: null
18-Apr-2014 15:29: Error: null
18-Apr-2014 15:30: Error: null
18-Apr-2014 15:30: Error: null
18-Apr-2014 15:37: Error: null
18-Apr-2014 15:37: Error: null
18-Apr-2014 15:40: Error: null
18-Apr-2014 15:40: Error: null
18-Apr-2014 15:42: Error: null
18-Apr-2014 15:42: Error: null
18-Apr-2014 15:42: Error: Not on FX application thread; currentThread = Thread-45
18-Apr-2014 15:43: Error: null
18-Apr-2014 15:43: Error: null
18-Apr-2014 15:48: Error: null
18-Apr-2014 15:48: Error: null
18-Apr-2014 15:48: Error: Not on FX application thread; currentThread = Thread-43
18-Apr-2014 15:50: Error: Not on FX application thread; currentThread = Thread-46
18-Apr-2014 15:50: Error: null
18-Apr-2014 15:50: Error: null
18-Apr-2014 15:50: Error: Not on FX application thread; currentThread = Thread-47
18-Apr-2014 16:14: Error: null
18-Apr-2014 16:14: Error: null
18-Apr-2014 16:14: Error handling operation: ORA-01722: invalid number

18-Apr-2014 16:14: Error: Not on FX application thread; currentThread = Thread-46
18-Apr-2014 16:14: Error: null
18-Apr-2014 16:14: Error: null
18-Apr-2014 16:14: Error handling operation: ORA-01722: invalid number

18-Apr-2014 16:14: Error: Not on FX application thread; currentThread = Thread-54
18-Apr-2014 16:14: Error: null
18-Apr-2014 16:14: Error: null
18-Apr-2014 16:14: Error handling operation: ORA-01722: invalid number

18-Apr-2014 16:15: Error: Not on FX application thread; currentThread = Thread-62
18-Apr-2014 19:39: Error: java.lang.Double cannot be cast to java.lang.String
19-Apr-2014 16:27: Error handling query: IO Error: The Network Adapter could not establish the connection
19-Apr-2014 16:27: Error handling query: IO Error: The Network Adapter could not establish the connection
19-Apr-2014 17:07: null
19-Apr-2014 17:07: null
19-Apr-2014 17:07: null
19-Apr-2014 17:07: null
19-Apr-2014 17:07: null
19-Apr-2014 17:07: null
19-Apr-2014 17:07: null
19-Apr-2014 17:07: null
19-Apr-2014 17:07: Error: java.lang.Double cannot be cast to java.lang.String
19-Apr-2014 17:07: Error: java.lang.Double cannot be cast to java.lang.String
19-Apr-2014 17:07: Error: java.lang.Double cannot be cast to java.lang.String
19-Apr-2014 17:07: Error: java.lang.Double cannot be cast to java.lang.String
19-Apr-2014 17:08: null
19-Apr-2014 17:08: null
19-Apr-2014 17:08: null
19-Apr-2014 17:08: null
19-Apr-2014 17:08: null
19-Apr-2014 17:08: null
19-Apr-2014 17:08: null
19-Apr-2014 17:08: null
19-Apr-2014 17:09: Error: java.lang.Double cannot be cast to java.lang.String
19-Apr-2014 17:11: null
19-Apr-2014 17:11: null
19-Apr-2014 17:11: null
19-Apr-2014 17:11: null
19-Apr-2014 17:11: null
19-Apr-2014 17:11: null
19-Apr-2014 17:11: null
19-Apr-2014 17:11: null
19-Apr-2014 17:11: Error: java.lang.Double cannot be cast to java.lang.String
19-Apr-2014 17:12: Error: java.lang.Double cannot be cast to java.lang.String
19-Apr-2014 17:12: Error: java.lang.Double cannot be cast to java.lang.String
19-Apr-2014 17:12: Error: java.lang.Double cannot be cast to java.lang.String
19-Apr-2014 17:12: Error: java.lang.Double cannot be cast to java.lang.String
19-Apr-2014 17:12: Error: java.lang.Double cannot be cast to java.lang.String
19-Apr-2014 17:12: Error: java.lang.Double cannot be cast to java.lang.String
19-Apr-2014 17:14: Error: java.lang.Double cannot be cast to java.lang.String
19-Apr-2014 17:14: null
19-Apr-2014 17:14: null
19-Apr-2014 17:14: null
19-Apr-2014 17:14: null
19-Apr-2014 17:14: null
19-Apr-2014 17:14: null
19-Apr-2014 17:14: null
19-Apr-2014 17:14: null
19-Apr-2014 17:16: Error: java.lang.Double cannot be cast to java.lang.String
19-Apr-2014 17:22: null
19-Apr-2014 17:22: null
19-Apr-2014 17:22: null
19-Apr-2014 17:22: null
19-Apr-2014 17:22: null
19-Apr-2014 17:22: null
19-Apr-2014 17:22: null
19-Apr-2014 17:22: null
19-Apr-2014 17:22: Error: java.lang.Double cannot be cast to java.lang.String.
Dev info:[Ljava.lang.StackTraceElement;@1732c8d
19-Apr-2014 17:34: null
19-Apr-2014 17:34: null
19-Apr-2014 17:34: null
19-Apr-2014 17:34: null
19-Apr-2014 17:34: null
19-Apr-2014 17:34: null
19-Apr-2014 17:34: null
19-Apr-2014 17:34: null
19-Apr-2014 17:34: Error: java.lang.Double cannot be cast to java.lang.String
19-Apr-2014 17:35: null
19-Apr-2014 17:35: null
19-Apr-2014 17:35: null
19-Apr-2014 17:35: null
19-Apr-2014 17:35: null
19-Apr-2014 17:35: null
19-Apr-2014 17:35: null
19-Apr-2014 17:35: null
19-Apr-2014 17:37: null
19-Apr-2014 17:37: null
19-Apr-2014 17:37: null
19-Apr-2014 17:37: null
19-Apr-2014 17:37: null
19-Apr-2014 17:37: null
19-Apr-2014 17:37: null
19-Apr-2014 17:37: null
19-Apr-2014 17:43: null
19-Apr-2014 17:43: null
19-Apr-2014 17:43: null
19-Apr-2014 17:43: null
19-Apr-2014 17:43: null
19-Apr-2014 17:43: null
19-Apr-2014 17:43: null
19-Apr-2014 17:43: null
19-Apr-2014 17:43: Error: java.lang.Double cannot be cast to java.lang.String
19-Apr-2014 17:44: null
19-Apr-2014 17:44: null
19-Apr-2014 17:44: null
19-Apr-2014 17:44: null
19-Apr-2014 17:44: null
19-Apr-2014 17:44: null
19-Apr-2014 17:44: null
19-Apr-2014 17:44: null
19-Apr-2014 17:44: Error: null
19-Apr-2014 18:06: null
19-Apr-2014 18:06: null
19-Apr-2014 18:06: null
19-Apr-2014 18:06: null
19-Apr-2014 18:06: null
19-Apr-2014 18:06: null
19-Apr-2014 18:06: null
19-Apr-2014 18:06: null
19-Apr-2014 18:06: Error: null
19-Apr-2014 18:06: Error: null
19-Apr-2014 18:06: Error: null
19-Apr-2014 18:06: Error: null
19-Apr-2014 18:07: Error: null
19-Apr-2014 18:07: Error: null
19-Apr-2014 18:07: Error: null
19-Apr-2014 18:07: Error: null
19-Apr-2014 18:07: Error: null
19-Apr-2014 18:07: Error: null
19-Apr-2014 18:07: Error: null
19-Apr-2014 18:07: Error: null
19-Apr-2014 18:07: Error: null
19-Apr-2014 18:07: Error: null
19-Apr-2014 18:07: Error: null
19-Apr-2014 18:07: Error: null
19-Apr-2014 18:11: null
19-Apr-2014 18:11: null
19-Apr-2014 18:11: null
19-Apr-2014 18:11: null
19-Apr-2014 18:11: null
19-Apr-2014 18:11: null
19-Apr-2014 18:11: null
19-Apr-2014 18:11: null
19-Apr-2014 18:11: Error: null
19-Apr-2014 18:27: null
19-Apr-2014 18:27: null
19-Apr-2014 18:27: null
19-Apr-2014 18:27: null
19-Apr-2014 18:27: null
19-Apr-2014 18:27: null
19-Apr-2014 18:27: null
19-Apr-2014 18:27: null
19-Apr-2014 22:46: Error handling query: IO Error: The Network Adapter could not establish the connection
19-Apr-2014 22:47: null
19-Apr-2014 22:47: null
19-Apr-2014 22:47: null
19-Apr-2014 22:47: null
19-Apr-2014 22:47: null
19-Apr-2014 22:47: null
19-Apr-2014 22:47: null
19-Apr-2014 22:47: null
19-Apr-2014 22:52: null
19-Apr-2014 22:52: null
19-Apr-2014 22:52: null
19-Apr-2014 22:52: null
19-Apr-2014 22:52: null
19-Apr-2014 22:52: null
19-Apr-2014 22:52: null
19-Apr-2014 22:52: null
19-Apr-2014 22:54: null
19-Apr-2014 22:54: null
19-Apr-2014 22:54: null
19-Apr-2014 22:54: null
19-Apr-2014 22:54: null
19-Apr-2014 22:54: null
19-Apr-2014 23:02: null
19-Apr-2014 23:02: null
19-Apr-2014 23:02: null
19-Apr-2014 23:02: null
19-Apr-2014 23:02: null
19-Apr-2014 23:02: null
19-Apr-2014 23:39: null
19-Apr-2014 23:39: null
19-Apr-2014 23:39: null
19-Apr-2014 23:39: null
19-Apr-2014 23:39: null
19-Apr-2014 23:39: null
19-Apr-2014 23:40: null
19-Apr-2014 23:40: null
19-Apr-2014 23:40: null
19-Apr-2014 23:40: null
19-Apr-2014 23:40: null
19-Apr-2014 23:40: null
19-Apr-2014 23:42: null
19-Apr-2014 23:42: null
19-Apr-2014 23:42: null
19-Apr-2014 23:42: null
19-Apr-2014 23:42: null
19-Apr-2014 23:42: null
19-Apr-2014 23:44: null
19-Apr-2014 23:44: null
19-Apr-2014 23:44: null
19-Apr-2014 23:44: null
19-Apr-2014 23:44: null
19-Apr-2014 23:44: null
19-Apr-2014 23:46: null
19-Apr-2014 23:46: null
19-Apr-2014 23:46: null
19-Apr-2014 23:46: null
19-Apr-2014 23:46: null
19-Apr-2014 23:46: null
19-Apr-2014 23:47: null
19-Apr-2014 23:47: null
19-Apr-2014 23:47: null
19-Apr-2014 23:47: null
19-Apr-2014 23:47: null
19-Apr-2014 23:47: null
19-Apr-2014 23:49: null
19-Apr-2014 23:49: null
19-Apr-2014 23:49: null
19-Apr-2014 23:49: null
19-Apr-2014 23:49: null
19-Apr-2014 23:49: null
19-Apr-2014 23:49: null
19-Apr-2014 23:49: null
19-Apr-2014 23:49: null
19-Apr-2014 23:49: null
19-Apr-2014 23:49: null
19-Apr-2014 23:49: null
20-Apr-2014 00:27: null
20-Apr-2014 00:27: null
20-Apr-2014 00:27: null
20-Apr-2014 00:27: null
20-Apr-2014 00:27: null
20-Apr-2014 00:27: null
20-Apr-2014 00:29: null
20-Apr-2014 00:29: null
20-Apr-2014 00:29: null
20-Apr-2014 00:29: null
20-Apr-2014 00:29: null
20-Apr-2014 00:29: null
20-Apr-2014 00:30: null
20-Apr-2014 00:30: null
20-Apr-2014 00:30: null
20-Apr-2014 00:30: null
20-Apr-2014 00:30: null
20-Apr-2014 00:30: null
20-Apr-2014 22:16: Error handling query: IO Error: The Network Adapter could not establish the connection
20-Apr-2014 22:16: null
20-Apr-2014 22:16: null
20-Apr-2014 22:16: null
20-Apr-2014 22:16: null
20-Apr-2014 22:16: null
20-Apr-2014 22:16: null
20-Apr-2014 22:51: Error handling query: ORA-00904: "USERS"."USER_ID": invalid identifier

20-Apr-2014 22:51: Error handling query: ORA-00904: "USERS"."USER_ID": invalid identifier

20-Apr-2014 22:51: Error handling query: ORA-00904: "USERS"."USER_ID": invalid identifier

20-Apr-2014 22:51: Error handling query: ORA-00904: "USERS"."USER_ID": invalid identifier

20-Apr-2014 22:51: Error handling query: ORA-00904: "USERS"."USER_ID": invalid identifier

20-Apr-2014 22:51: null
20-Apr-2014 22:51: null
20-Apr-2014 22:51: null
20-Apr-2014 22:51: null
20-Apr-2014 22:51: null
20-Apr-2014 22:51: null
20-Apr-2014 22:52: Error handling query: ORA-00904: "USERS"."USER_ID": invalid identifier

20-Apr-2014 22:52: Error handling query: ORA-00904: "USERS"."USER_ID": invalid identifier

20-Apr-2014 22:52: Error handling query: ORA-00904: "USERS"."USER_ID": invalid identifier

20-Apr-2014 22:52: Error handling query: ORA-00904: "USERS"."USER_ID": invalid identifier

20-Apr-2014 22:52: Error handling query: ORA-00904: "USERS"."USER_ID": invalid identifier

20-Apr-2014 22:53: null
20-Apr-2014 22:53: null
20-Apr-2014 22:53: null
20-Apr-2014 22:53: null
20-Apr-2014 22:53: null
20-Apr-2014 22:53: null
20-Apr-2014 22:53: Error handling query: ORA-00904: "USERS"."USER_ID": invalid identifier

20-Apr-2014 22:53: Error handling query: ORA-00904: "USERS"."USER_ID": invalid identifier

20-Apr-2014 22:53: Error handling query: ORA-00904: "USERS"."USER_ID": invalid identifier

20-Apr-2014 22:53: Error handling query: ORA-00904: "USERS"."USER_ID": invalid identifier

20-Apr-2014 22:53: Error handling query: ORA-00904: "USERS"."USER_ID": invalid identifier

20-Apr-2014 22:54: null
20-Apr-2014 22:54: null
20-Apr-2014 22:54: null
20-Apr-2014 22:54: null
20-Apr-2014 22:54: null
20-Apr-2014 22:54: null
20-Apr-2014 22:54: Error handling query: ORA-00904: "USERS"."USER_ID": invalid identifier

20-Apr-2014 22:54: Error handling query: ORA-00904: "USERS"."USER_ID": invalid identifier

20-Apr-2014 22:54: Error handling query: ORA-00904: "USERS"."USER_ID": invalid identifier

20-Apr-2014 22:54: Error handling query: ORA-00904: "USERS"."USER_ID": invalid identifier

20-Apr-2014 22:54: Error handling query: ORA-00904: "USERS"."USER_ID": invalid identifier

20-Apr-2014 22:57: null
20-Apr-2014 22:57: null
20-Apr-2014 22:57: null
20-Apr-2014 22:57: null
20-Apr-2014 22:57: null
20-Apr-2014 22:57: null
20-Apr-2014 22:58: Index: 1, Size: 1
20-Apr-2014 22:58: Index: 2, Size: 1
20-Apr-2014 22:58: Index: 3, Size: 1
20-Apr-2014 22:58: Index: 0, Size: 0
20-Apr-2014 22:58: Index: 1, Size: 0
20-Apr-2014 22:58: Index: 2, Size: 0
20-Apr-2014 22:58: Index: 3, Size: 0
20-Apr-2014 22:58: Index: 0, Size: 0
20-Apr-2014 22:58: Index: 1, Size: 0
20-Apr-2014 22:58: Index: 2, Size: 0
20-Apr-2014 22:58: Index: 3, Size: 0
21-Apr-2014 00:13: Index: 0, Size: 0
21-Apr-2014 00:13: Index: 1, Size: 0
21-Apr-2014 00:13: Index: 2, Size: 0
21-Apr-2014 00:13: Index: 3, Size: 0
21-Apr-2014 00:13: Index: 0, Size: 0
21-Apr-2014 00:13: Index: 1, Size: 0
21-Apr-2014 00:13: Index: 2, Size: 0
21-Apr-2014 00:13: Index: 3, Size: 0
21-Apr-2014 00:13: Index: 0, Size: 0
21-Apr-2014 00:13: Index: 1, Size: 0
21-Apr-2014 00:13: Index: 2, Size: 0
21-Apr-2014 00:13: Index: 3, Size: 0
21-Apr-2014 00:13: Index: 0, Size: 0
21-Apr-2014 00:13: Index: 1, Size: 0
21-Apr-2014 00:13: Index: 2, Size: 0
21-Apr-2014 00:13: Index: 3, Size: 0
21-Apr-2014 00:13: Index: 0, Size: 0
21-Apr-2014 00:13: Index: 1, Size: 0
21-Apr-2014 00:13: Index: 2, Size: 0
21-Apr-2014 00:13: Index: 3, Size: 0
21-Apr-2014 01:08: Error: panther-logo-large.png (The system cannot find the file specified)
21-Apr-2014 01:29: Error: ..\controller\test.txt (The system cannot find the path specified)
21-Apr-2014 01:29: Error: ..\test.txt (The system cannot find the file specified)
21-Apr-2014 01:29: Error: test.txt (The system cannot find the file specified)
21-Apr-2014 01:30: Error: ..\controller\test.txt (The system cannot find the path specified)
21-Apr-2014 01:34: Error: properties\test.txt (The system cannot find the path specified)
21-Apr-2014 01:34: Error: properties\test.txt (The system cannot find the path specified)
21-Apr-2014 01:34: Error: properties\test.txt (The system cannot find the path specified)
21-Apr-2014 01:35: Error: properties\test.txt (The system cannot find the path specified)
21-Apr-2014 01:36: Error: .\properties\test.txt (The system cannot find the path specified)
21-Apr-2014 01:36: Error: \properties\test.txt (The system cannot find the path specified)
21-Apr-2014 01:39: Error: ..\view\img\properties (The system cannot find the path specified)
21-Apr-2014 01:40: Error: \prcse\pp\view\img\properties (The system cannot find the path specified)
21-Apr-2014 01:41: Error: C:\Users\Alex\Desktop\desktop-application\src\prcse\pp\view\img\properties (Access is denied)
21-Apr-2014 01:42: Error: C:\Users\Alex\Desktop\desktop-application\src\prcse\pp\view\img\properties (Access is denied)
21-Apr-2014 01:48: Error: ..\view\img\properties\test.txt (The system cannot find the path specified)
21-Apr-2014 01:49: Error: \view\img\properties\test.txt (The system cannot find the path specified)
21-Apr-2014 01:49: Error: view\img\properties\test.txt (The system cannot find the path specified)
21-Apr-2014 01:49: Error: \view\img\properties\test.txt (The system cannot find the path specified)
21-Apr-2014 01:54: Error: C:\Users\Alex\Desktop\desktop-application\desktop-application\src\prcse\pp\view\img\properties\test.txt (The system cannot find the path specified)
21-Apr-2014 01:54: Error: C:\Users\Alex\Desktop\desktop-application\desktop-application\src\prcse\pp\view\img\properties\test.txt (The system cannot find the path specified)
21-Apr-2014 01:59: null
21-Apr-2014 01:59: null
21-Apr-2014 01:59: null
21-Apr-2014 01:59: null
21-Apr-2014 01:59: null
21-Apr-2014 01:59: null
21-Apr-2014 02:01: null
21-Apr-2014 02:01: null
21-Apr-2014 02:01: null
21-Apr-2014 02:01: null
21-Apr-2014 02:01: null
21-Apr-2014 02:01: null
21-Apr-2014 02:04: null
21-Apr-2014 02:04: null
21-Apr-2014 02:04: null
21-Apr-2014 02:04: null
21-Apr-2014 02:04: null
21-Apr-2014 02:04: null
21-Apr-2014 02:08: null
21-Apr-2014 02:08: null
21-Apr-2014 02:08: null
21-Apr-2014 02:08: null
21-Apr-2014 02:08: null
21-Apr-2014 02:08: null
21-Apr-2014 02:10: null
21-Apr-2014 02:10: null
21-Apr-2014 02:10: null
21-Apr-2014 02:10: null
21-Apr-2014 02:10: null
21-Apr-2014 02:10: null
21-Apr-2014 02:12: null
21-Apr-2014 02:12: null
21-Apr-2014 02:12: null
21-Apr-2014 02:12: null
21-Apr-2014 02:12: null
21-Apr-2014 02:12: null
21-Apr-2014 02:24: null
21-Apr-2014 02:24: null
21-Apr-2014 02:24: null
21-Apr-2014 02:24: null
21-Apr-2014 02:24: Error: null
21-Apr-2014 02:24: Error: null
21-Apr-2014 02:25: Error: null
21-Apr-2014 02:25: Error: null
21-Apr-2014 02:25: Error: null
21-Apr-2014 02:25: Error: null
21-Apr-2014 02:26: null
21-Apr-2014 02:26: null
21-Apr-2014 02:26: null
21-Apr-2014 02:26: null
21-Apr-2014 02:26: Error: null
21-Apr-2014 02:26: Error: null
21-Apr-2014 02:26: Error: null
21-Apr-2014 02:26: Error: null
21-Apr-2014 02:26: Error: null
21-Apr-2014 02:26: Error: null
21-Apr-2014 02:26: Error: null
21-Apr-2014 02:26: Error: null
21-Apr-2014 02:27: Error: null
21-Apr-2014 02:27: Error: null
21-Apr-2014 02:27: null
21-Apr-2014 02:27: null
21-Apr-2014 02:27: null
21-Apr-2014 02:27: null
21-Apr-2014 02:27: null
21-Apr-2014 02:27: null
21-Apr-2014 02:27: Error: null
21-Apr-2014 02:28: Error: null
21-Apr-2014 02:28: Error: null
21-Apr-2014 02:28: Error: null
21-Apr-2014 02:28: Error: null
21-Apr-2014 02:28: Error: null
21-Apr-2014 02:29: Error: null
21-Apr-2014 02:29: Error: null
21-Apr-2014 02:30: null
21-Apr-2014 02:30: null
21-Apr-2014 02:30: null
21-Apr-2014 02:30: null
21-Apr-2014 02:30: null
21-Apr-2014 02:30: null
21-Apr-2014 02:31: Error: null
21-Apr-2014 02:31: Error: null
21-Apr-2014 02:31: Error: null
21-Apr-2014 02:32: null
21-Apr-2014 02:32: null
21-Apr-2014 02:32: null
21-Apr-2014 02:32: null
21-Apr-2014 02:32: null
21-Apr-2014 02:32: null
21-Apr-2014 02:33: Error: null
21-Apr-2014 02:34: Error: null
21-Apr-2014 02:35: null
21-Apr-2014 02:35: null
21-Apr-2014 02:35: null
21-Apr-2014 02:35: null
21-Apr-2014 02:35: null
21-Apr-2014 02:35: null
21-Apr-2014 02:36: Error: null
21-Apr-2014 02:36: Error: null
21-Apr-2014 02:36: Error: null
21-Apr-2014 02:40: null
21-Apr-2014 02:40: null
21-Apr-2014 02:40: null
21-Apr-2014 02:40: null
21-Apr-2014 02:40: null
21-Apr-2014 02:40: null
21-Apr-2014 02:42: null
21-Apr-2014 02:42: null
21-Apr-2014 02:42: null
21-Apr-2014 02:42: null
21-Apr-2014 02:42: null
21-Apr-2014 02:42: null
21-Apr-2014 02:43: null
21-Apr-2014 02:43: null
21-Apr-2014 02:43: null
21-Apr-2014 02:43: null
21-Apr-2014 02:43: null
21-Apr-2014 02:43: null
21-Apr-2014 02:44: null
21-Apr-2014 02:44: null
21-Apr-2014 02:44: null
21-Apr-2014 02:44: null
21-Apr-2014 02:44: null
21-Apr-2014 02:44: null
21-Apr-2014 02:47: null
21-Apr-2014 02:47: null
21-Apr-2014 02:47: null
21-Apr-2014 02:47: null
21-Apr-2014 02:49: null
21-Apr-2014 02:49: null
21-Apr-2014 02:49: null
21-Apr-2014 02:49: null
21-Apr-2014 02:49: null
21-Apr-2014 02:49: null
21-Apr-2014 02:49: null
21-Apr-2014 02:49: null
21-Apr-2014 02:49: null
21-Apr-2014 02:50: null
21-Apr-2014 02:50: null
21-Apr-2014 02:50: null
21-Apr-2014 02:50: null
21-Apr-2014 02:52: null
21-Apr-2014 02:52: null
21-Apr-2014 02:52: null
21-Apr-2014 02:52: null
21-Apr-2014 02:56: null
21-Apr-2014 02:56: null
21-Apr-2014 02:56: null
21-Apr-2014 02:56: null
21-Apr-2014 02:58: null
21-Apr-2014 02:58: null
21-Apr-2014 02:58: null
21-Apr-2014 02:58: null
21-Apr-2014 02:59: null
21-Apr-2014 02:59: null
21-Apr-2014 02:59: null
21-Apr-2014 02:59: null
21-Apr-2014 03:01: null
21-Apr-2014 03:01: null
21-Apr-2014 03:01: null
21-Apr-2014 03:01: null
21-Apr-2014 03:02: null
21-Apr-2014 03:02: null
21-Apr-2014 03:02: null
21-Apr-2014 03:02: null
21-Apr-2014 03:05: null
21-Apr-2014 03:05: null
21-Apr-2014 03:05: null
21-Apr-2014 03:05: null
21-Apr-2014 03:12: null
21-Apr-2014 03:12: null
21-Apr-2014 03:12: null
21-Apr-2014 03:12: null
21-Apr-2014 03:25: null
21-Apr-2014 03:25: null
21-Apr-2014 03:25: null
21-Apr-2014 03:25: null
21-Apr-2014 03:37: null
21-Apr-2014 03:37: null
21-Apr-2014 03:37: null
21-Apr-2014 03:37: null
21-Apr-2014 03:38: null
21-Apr-2014 03:38: null
21-Apr-2014 03:38: null
21-Apr-2014 03:38: null
21-Apr-2014 03:39: null
21-Apr-2014 03:39: null
21-Apr-2014 03:39: null
21-Apr-2014 03:39: null
21-Apr-2014 03:41: null
21-Apr-2014 03:41: null
21-Apr-2014 03:41: null
21-Apr-2014 03:41: null
21-Apr-2014 03:44: null
21-Apr-2014 03:44: null
21-Apr-2014 03:44: null
21-Apr-2014 03:44: null
21-Apr-2014 03:46: null
21-Apr-2014 03:46: null
21-Apr-2014 03:46: null
21-Apr-2014 03:46: null
21-Apr-2014 03:49: null
21-Apr-2014 03:49: null
21-Apr-2014 03:49: null
21-Apr-2014 03:49: null
21-Apr-2014 04:12: null
21-Apr-2014 04:12: null
21-Apr-2014 04:12: null
21-Apr-2014 04:12: null
21-Apr-2014 04:15: null
21-Apr-2014 04:15: null
21-Apr-2014 04:15: null
21-Apr-2014 04:15: null
21-Apr-2014 04:15: Error: null
21-Apr-2014 04:15: Error: null
21-Apr-2014 04:15: Error: Not on FX application thread; currentThread = Thread-71
21-Apr-2014 04:15: Error: null
21-Apr-2014 04:15: Error: null
21-Apr-2014 04:16: Error: Not on FX application thread; currentThread = Thread-74
21-Apr-2014 04:16: Error: null
21-Apr-2014 04:16: Error: Not on FX application thread; currentThread = Thread-77
21-Apr-2014 04:16: Error: null
21-Apr-2014 04:16: Error: null
21-Apr-2014 04:16: Error: Not on FX application thread; currentThread = Thread-80
21-Apr-2014 04:16: Error: null
21-Apr-2014 04:16: Error: null
21-Apr-2014 04:16: Error handling operation: ORA-01722: invalid number

21-Apr-2014 04:16: Error: Not on FX application thread; currentThread = Thread-89
21-Apr-2014 04:20: null
21-Apr-2014 04:20: null
21-Apr-2014 04:20: null
21-Apr-2014 04:20: null
21-Apr-2014 04:23: null
21-Apr-2014 04:23: null
21-Apr-2014 04:23: null
21-Apr-2014 04:23: null
21-Apr-2014 04:32: null
21-Apr-2014 04:32: null
21-Apr-2014 04:32: null
21-Apr-2014 04:32: null
21-Apr-2014 04:32: Error: ORA-00933: SQL command not properly ended

21-Apr-2014 04:34: Error: ORA-00933: SQL command not properly ended

21-Apr-2014 04:34: Error: ORA-00933: SQL command not properly ended

